05-05 12:15:39.953072   979  1899 I am_schedule_service_restart: [0,com.facebook.katana/com.facebook.mqttlite.MqttService,50354]
05-05 12:15:40.448755   979  1890 I force_gc: Binder
05-05 12:15:40.570000  9369  9369 I auditd  : type=1400 audit(0.0:677): avc: denied { read } for comm="Binder:9357_2" name="/" dev="tmpfs" ino=28 scontext=u:r:priv_app:s0:c512,c768 tcontext=u:object_r:device:s0 tclass=dir permissive=0
05-05 12:15:41.300000  9369  9369 I auditd  : type=1400 audit(0.0:678): avc: denied { read } for comm="Binder:9357_2" name="bin" dev="mmcblk0p20" ino=608401 scontext=u:r:priv_app:s0:c512,c768 tcontext=u:object_r:adbd_data_file:s0 tclass=dir permissive=0
05-05 12:15:42.270000   272   272 I auditd  : type=1400 audit(0.0:679): avc: denied { read open } for comm="sn" path="/data/media/0" dev="mmcblk0p20" ino=454275 scontext=u:r:sn:s0 tcontext=u:object_r:media_rw_data_file:s0 tclass=dir permissive=0
05-05 12:15:42.270000   272   272 I auditd  : type=1400 audit(0.0:680): avc: denied { read open } for comm="sn" path="/data/media/0" dev="mmcblk0p20" ino=454275 scontext=u:r:sn:s0 tcontext=u:object_r:media_rw_data_file:s0 tclass=dir permissive=0
05-05 12:15:42.270000   272   272 I auditd  : type=1400 audit(0.0:681): avc: denied { read open } for comm="sn" path="/mnt/media_rw/B2E2-3B8A" dev="mmcblk1p1" ino=1 scontext=u:r:sn:s0 tcontext=u:object_r:vfat:s0 tclass=dir permissive=0
05-05 12:15:43.301327  9205  9271 I [70220] : [5,1493937143882,1493957637559,15,159,78,0,86,140,0,18,0,4171,9,0,18,1,25,579]
05-05 12:15:43.848768   979  1893 I am_proc_start: [0,9606,10117,com.tencent.mm:push,service,com.tencent.mm/.booter.CoreService]
05-05 12:15:43.879467   979  1896 I am_proc_bound: [0,9606,com.tencent.mm:push]
05-05 12:15:44.330000  9606  9606 I auditd  : type=1400 audit(0.0:682): avc: denied { read } for comm="tencent.mm:push" name="anr" dev="mmcblk0p20" ino=567841 scontext=u:r:untrusted_app:s0:c512,c768 tcontext=u:object_r:anr_data_file:s0 tclass=dir permissive=0
05-05 12:15:46.899386   979  1326 I am_proc_start: [0,9738,10003,android.process.acore,content provider,com.android.providers.contacts/.ContactsProvider2]
05-05 12:15:46.900838   979   979 I notification_cancel: [10118,9453,com.viber.voip,-1003,message,0,0,1088,8,NULL]
05-05 12:15:46.902783   979   979 I notification_cancel: [10118,9453,com.viber.voip,-1013,missed_call,0,0,1088,8,NULL]
05-05 12:15:46.903987   979   979 I notification_cancel: [10118,9453,com.viber.voip,-1012,hidden_message,0,0,1088,8,NULL]
05-05 12:15:46.915221   979   979 I notification_cancel: [10118,9453,com.viber.voip,-1011,like,0,0,1088,8,NULL]
05-05 12:15:46.916468   979   979 I notification_cancel: [10118,9453,com.viber.voip,-1011,hidden_like,0,0,1088,8,NULL]
05-05 12:15:46.935581   979  1900 I am_proc_bound: [0,9738,android.process.acore]
05-05 12:15:47.104005   979   979 I notification_cancel: [10117,9413,com.tencent.mm,40,NULL,0,0,1088,8,NULL]
05-05 12:15:47.519960   979  1448 I am_proc_start: [0,9760,1000,com.android.deskclock,broadcast,com.android.deskclock/com.android.alarmclock.NewDigitalAppWidgetProvider]
05-05 12:15:47.557053   979  1450 I am_proc_bound: [0,9760,com.android.deskclock]
05-05 12:15:47.703858   979  1892 I am_proc_died: [0,9440,com.tencent.mm:recovery]
05-05 12:15:48.049479   979  1089 I am_proc_died: [0,9413,com.tencent.mm]
05-05 12:15:48.050561   979  1089 I am_schedule_service_restart: [0,com.tencent.mm/.booter.NotifyReceiver$NotifyService,12256]
05-05 12:15:48.124478   979  1896 I force_gc: Binder
05-05 12:15:48.137570   979   995 I am_proc_start: [0,9780,10117,com.tencent.mm,broadcast,com.tencent.mm/.booter.NotifyReceiver]
05-05 12:15:48.188509   979  1325 I am_proc_bound: [0,9780,com.tencent.mm]
05-05 12:15:48.487230   979  1888 I am_proc_start: [0,9803,10117,com.tencent.mm:recovery,service,com.tencent.mm/com.tencent.recovery.service.RecoveryReportService]
05-05 12:15:48.512614   979  1890 I am_proc_bound: [0,9803,com.tencent.mm:recovery]
05-05 12:15:50.325182   979  1900 I am_proc_start: [0,9862,10050,com.google.android.gm,broadcast,com.google.android.gm/.widget.GmailWidgetProvider]
05-05 12:15:50.349741   979   995 I am_proc_start: [0,9876,10085,org.simalliance.openmobileapi.service:remote,service,org.simalliance.openmobileapi.service/.SmartcardService]
05-05 12:15:50.360681   979  1899 I am_proc_bound: [0,9862,com.google.android.gm]
05-05 12:15:50.388014   979  1089 I am_proc_bound: [0,9876,org.simalliance.openmobileapi.service:remote]
05-05 12:15:50.484772   979   989 I am_proc_died: [0,9803,com.tencent.mm:recovery]
05-05 12:15:50.602196   979  1899 I am_proc_start: [0,9889,10087,org.simalliance.openmobileapi.uicc1terminal,service,org.simalliance.openmobileapi.uicc1terminal/.Uicc1Terminal]
05-05 12:15:50.637598   979  1896 I am_proc_start: [0,9902,10088,org.simalliance.openmobileapi.uicc2terminal,service,org.simalliance.openmobileapi.uicc2terminal/.Uicc2Terminal]
05-05 12:15:50.638897   979  1325 I am_proc_bound: [0,9889,org.simalliance.openmobileapi.uicc1terminal]
05-05 12:15:50.677518   979  1888 I am_proc_start: [0,9915,10089,org.simalliance.openmobileapi.eseterminal,service,org.simalliance.openmobileapi.eseterminal/.eSETerminal]
05-05 12:15:50.683243   979  1893 I am_proc_bound: [0,9902,org.simalliance.openmobileapi.uicc2terminal]
05-05 12:15:50.719945   979  1273 I am_proc_bound: [0,9915,org.simalliance.openmobileapi.eseterminal]
05-05 12:15:50.785320   979  1326 I am_proc_died: [0,9453,com.viber.voip]
05-05 12:15:50.787296   979  1326 I am_schedule_service_restart: [0,com.viber.voip/com.viber.service.VoipConnectorService,1000]
05-05 12:15:50.787523   979  1326 I am_schedule_service_restart: [0,com.viber.voip/com.viber.service.contacts.authentication.AccountAuthenticatorService,10999]
05-05 12:15:52.270000   272   272 I auditd  : type=1400 audit(0.0:683): avc: denied { read open } for comm="sn" path="/data/media/0" dev="mmcblk0p20" ino=454275 scontext=u:r:sn:s0 tcontext=u:object_r:media_rw_data_file:s0 tclass=dir permissive=0
05-05 12:15:52.270000   272   272 I auditd  : type=1400 audit(0.0:684): avc: denied { read open } for comm="sn" path="/data/media/0" dev="mmcblk0p20" ino=454275 scontext=u:r:sn:s0 tcontext=u:object_r:media_rw_data_file:s0 tclass=dir permissive=0
05-05 12:15:52.270000   272   272 I auditd  : type=1400 audit(0.0:685): avc: denied { read open } for comm="sn" path="/mnt/media_rw/B2E2-3B8A" dev="mmcblk1p1" ino=1 scontext=u:r:sn:s0 tcontext=u:object_r:vfat:s0 tclass=dir permissive=0
05-05 12:15:52.435690   979   995 I am_proc_start: [0,9952,10118,com.viber.voip,service,com.viber.voip/com.viber.service.VoipConnectorService]
05-05 12:15:52.476473   979  1892 I am_proc_bound: [0,9952,com.viber.voip]
05-05 12:15:52.588723   979  1450 I am_proc_died: [0,9357,com.google.android.gms.unstable]
05-05 12:15:52.589264   979  1450 I am_schedule_service_restart: [0,com.google.android.gms/.droidguard.DroidGuardService,147718]
05-05 12:15:52.864638   979  1450 I am_proc_died: [0,9606,com.tencent.mm:push]
05-05 12:15:52.865061   979  1450 I am_schedule_service_restart: [0,com.tencent.mm/.booter.CoreService,1000]
05-05 12:15:53.148864   979  1448 I force_gc: Binder
05-05 12:15:53.531894   979   989 I am_proc_start: [0,10005,10117,com.tencent.mm:push,service,com.tencent.mm/.booter.CoreService]
05-05 12:15:53.554250   979  1450 I am_proc_bound: [0,10005,com.tencent.mm:push]
05-05 12:15:53.754671   979  1273 I am_proc_died: [0,9862,com.google.android.gm]
05-05 12:15:53.874944   979  1273 I am_proc_start: [0,10027,10117,com.tencent.mm:recovery,service,com.tencent.mm/com.tencent.recovery.service.RecoveryReportService]
05-05 12:15:53.915063   979  1448 I am_proc_bound: [0,10027,com.tencent.mm:recovery]
05-05 12:15:54.070000 10005 10005 I auditd  : type=1400 audit(0.0:686): avc: denied { read } for comm="tencent.mm:push" name="anr" dev="mmcblk0p20" ino=567841 scontext=u:r:untrusted_app:s0:c512,c768 tcontext=u:object_r:anr_data_file:s0 tclass=dir permissive=0
05-05 12:15:54.124669   979   990 I am_proc_died: [0,9760,com.android.deskclock]
05-05 12:15:54.464392   979   990 I am_proc_died: [0,10027,com.tencent.mm:recovery]
05-05 12:15:54.644983   979  1448 I am_proc_died: [0,9876,org.simalliance.openmobileapi.service:remote]
05-05 12:15:54.648372   979  1448 I am_schedule_service_restart: [0,org.simalliance.openmobileapi.service/.SmartcardService,1000]
05-05 12:15:54.669086   979  1897 I am_mem_factor: [2,3]
05-05 12:15:54.753436   979   994 I am_pss  : [9205,10015,com.google.android.gms,21231616,17240064,142336]
05-05 12:15:55.314479   979  1273 I am_proc_died: [0,9889,org.simalliance.openmobileapi.uicc1terminal]
05-05 12:15:55.316559   979  1273 I am_mem_factor: [3,2]
05-05 12:15:55.665540   979   995 I am_proc_start: [0,10101,10085,org.simalliance.openmobileapi.service:remote,service,org.simalliance.openmobileapi.service/.SmartcardService]
05-05 12:15:55.698282   979  1326 I am_proc_bound: [0,10101,org.simalliance.openmobileapi.service:remote]
05-05 12:15:55.829066   979  1892 I am_proc_start: [0,10114,10087,org.simalliance.openmobileapi.uicc1terminal,service,org.simalliance.openmobileapi.uicc1terminal/.Uicc1Terminal]
05-05 12:15:55.860249   979  1897 I am_proc_bound: [0,10114,org.simalliance.openmobileapi.uicc1terminal]
05-05 12:15:55.994451   979  1199 I am_proc_died: [0,9339,com.afmobi.boomplayer]
05-05 12:15:55.996244   979  1199 I am_schedule_service_restart: [0,com.afmobi.boomplayer/.service.PlayerService,1000]
05-05 12:15:56.309086   979   979 I notification_cancel: [10117,9780,com.tencent.mm,40,NULL,0,0,1088,8,NULL]
05-05 12:15:56.798097   979  1897 I am_proc_start: [0,10139,1000,com.android.calendar,broadcast,com.android.calendar/.widget.CalendarAppWidgetProvider]
05-05 12:15:56.825910   979  1896 I am_proc_bound: [0,10139,com.android.calendar]
05-05 12:15:57.017029   979   995 I am_proc_start: [0,10155,10037,com.afmobi.boomplayer,service,com.afmobi.boomplayer/.service.PlayerService]
05-05 12:15:57.045905   979  1896 I am_proc_bound: [0,10155,com.afmobi.boomplayer]
05-05 12:15:57.075106   979  1900 I am_proc_died: [0,9205,com.google.android.gms]
05-05 12:15:57.077700   979  1900 I am_schedule_service_restart: [0,com.google.android.gms/.checkin.CheckinService,1000]
05-05 12:15:57.077941   979  1900 I am_schedule_service_restart: [0,com.google.android.gms/.ads.social.GcmSchedulerWakeupService,11000]
05-05 12:15:57.309311   979  1089 I am_proc_start: [0,10174,10004,com.android.providers.calendar,content provider,com.android.providers.calendar/.CalendarProvider2]
05-05 12:15:57.331761   979  1448 I am_proc_bound: [0,10174,com.android.providers.calendar]
05-05 12:15:57.526812   979  1890 I am_proc_died: [0,10005,com.tencent.mm:push]
05-05 12:15:57.527230   979  1890 I am_schedule_service_restart: [0,com.tencent.mm/.booter.CoreService,10551]
05-05 12:15:57.656996   979  1450 I am_proc_start: [0,10206,10015,com.google.android.gms,broadcast,com.google.android.gms/.stats.service.DropBoxEntryAddedReceiver]
05-05 12:15:57.688485   979  1273 I am_proc_bound: [0,10206,com.google.android.gms]
05-05 12:15:57.751181   979  1325 I am_wtf  : [0,979,system_server,-1,ActivityManager,Sending non-protected broadcast com.android.calendar.APPWIDGET_UPDATE from system 10139:com.android.calendar/1000 pkg com.android.calendar]
05-05 12:15:57.828968   979  1450 I force_gc: Binder
05-05 12:15:57.906189   979  1089 I am_proc_start: [0,10244,10096,com.facebook.katana,content provider,com.facebook.katana/com.facebook.platform.common.provider.PlatformProviderBase]
05-05 12:15:57.941806   979  1892 I am_proc_bound: [0,10244,com.facebook.katana]
05-05 12:15:58.354266   979  1325 I am_proc_died: [0,10101,org.simalliance.openmobileapi.service:remote]
05-05 12:15:58.357214   979  1325 I am_schedule_service_restart: [0,org.simalliance.openmobileapi.service/.SmartcardService,31950]
05-05 12:15:58.373683   979  1892 I am_mem_factor: [2,3]
05-05 12:15:58.574117   979  1326 I am_proc_died: [0,9902,org.simalliance.openmobileapi.uicc2terminal]
05-05 12:15:58.576286   979  1326 I am_mem_factor: [3,2]
05-05 12:15:58.824345   979  1899 I am_proc_died: [0,10114,org.simalliance.openmobileapi.uicc1terminal]
05-05 12:15:58.895283   979   979 I notification_cancel: [10015,10206,com.google.android.gms,10436,NOT_MNC,0,0,1088,8,NULL]
05-05 12:15:58.897440   979   979 I notification_cancel: [10015,10206,com.google.android.gms,39789,NOT_MNC,0,0,1088,8,NULL]
05-05 12:15:58.975826   979  1273 I am_proc_died: [0,9915,org.simalliance.openmobileapi.eseterminal]
05-05 12:15:59.335806   979  1273 I am_proc_died: [0,9780,com.tencent.mm]
05-05 12:15:59.336273   979  1273 I am_schedule_service_restart: [0,com.tencent.mm/.booter.NotifyReceiver$NotifyService,160972]
05-05 12:15:59.336618   979  1273 I am_broadcast_discard_app: [0,242199296,NULL,0,ResolveInfo{da5ff39 com.tencent.mm/.booter.NotifyReceiver m=0x0}]
05-05 12:15:59.364720   979   995 I am_proc_start: [0,10301,10114,com.whatsapp,broadcast,com.whatsapp/.AlarmBroadcastReceiver]
05-05 12:15:59.397516   979  1890 I am_proc_bound: [0,10301,com.whatsapp]
05-05 12:15:59.848414   979   979 I notification_cancel: [10015,10206,com.google.android.gms,10436,NULL,0,0,1088,8,NULL]
05-05 12:16:00.122059 10206 10316 I aggregation: 1493957760121
05-05 12:16:00.411763 10206 10316 I [70220] : [4,636]
05-05 12:16:00.509899   979  1893 I am_proc_died: [0,9952,com.viber.voip]
05-05 12:16:00.512977   979  1893 I am_schedule_service_restart: [0,com.viber.voip/com.viber.service.VoipConnectorService,69794]
05-05 12:16:00.513195   979  1893 I am_schedule_service_restart: [0,com.viber.voip/com.viber.service.contacts.authentication.AccountAuthenticatorService,149794]
05-05 12:16:00.762283   979   979 I notification_cancel: [10114,10301,com.whatsapp,2,NULL,0,0,1088,8,NULL]
05-05 12:16:00.793261   979  1899 I am_proc_start: [0,10380,10117,com.tencent.mm,broadcast,com.tencent.mm/.booter.NotifyReceiver]
05-05 12:16:00.826367   979  1450 I am_proc_bound: [0,10380,com.tencent.mm]
05-05 12:16:01.059932   979   990 I am_proc_died: [0,10206,com.google.android.gms]
05-05 12:16:01.061753   979   990 I am_schedule_service_restart: [0,com.google.android.gms/.checkin.CheckinService,159245]
05-05 12:16:01.061967   979   990 I am_schedule_service_restart: [0,com.google.android.gms/.stats.service.DropBoxEntryAddedService,169245]
05-05 12:16:01.062299   979   990 I am_schedule_service_restart: [0,com.google.android.gms/.measurement.service.MeasurementBrokerService,169245]
05-05 12:16:01.074610   979   979 I notification_cancel: [10114,10301,com.whatsapp,7,NULL,0,0,1088,8,NULL]
05-05 12:16:01.092742   979  1890 I am_proc_start: [0,10404,10015,com.google.android.gms,service,com.google.android.gms/.measurement.service.MeasurementBrokerService]
05-05 12:16:01.119900   979  1448 I am_proc_bound: [0,10404,com.google.android.gms]
05-05 12:16:01.220000 10420 10420 I auditd  : type=1400 audit(0.0:687): avc: denied { search } for comm=576861747341707020576F726B6572 name="bin" dev="mmcblk0p20" ino=608401 scontext=u:r:untrusted_app:s0:c512,c768 tcontext=u:object_r:adbd_data_file:s0 tclass=dir permissive=0
05-05 12:16:01.225168   979  1199 I am_proc_start: [0,10421,10117,com.tencent.mm:recovery,service,com.tencent.mm/com.tencent.recovery.service.RecoveryReportService]
05-05 12:16:01.263902   979  1900 I am_proc_bound: [0,10421,com.tencent.mm:recovery]
05-05 12:16:01.265025   979   979 I notification_cancel: [10114,10301,com.whatsapp,1,NULL,0,0,1088,8,NULL]
05-05 12:16:01.393471   979  1899 I force_gc: Binder
05-05 12:16:01.451757   979  1273 I am_proc_died: [0,10301,com.whatsapp]
05-05 12:16:01.452277   979  1273 I am_schedule_service_restart: [0,com.whatsapp/.gcm.RegistrationIntentService,158855]
05-05 12:16:01.452556   979  1273 I am_schedule_service_restart: [0,com.whatsapp/.AlarmService,168855]
05-05 12:16:01.452844   979  1273 I am_schedule_service_restart: [0,com.whatsapp/.messaging.MessageService,168854]
05-05 12:16:01.664989   979   979 I notification_cancel: [10015,10404,com.google.android.gms,10436,NOT_MNC,0,0,1088,8,NULL]
05-05 12:16:01.665822   979   979 I notification_cancel: [10015,10404,com.google.android.gms,39789,NOT_MNC,0,0,1088,8,NULL]
05-05 12:16:01.694219   979  1896 I am_proc_died: [0,9738,android.process.acore]
05-05 12:16:02.012587   979   979 I notification_cancel: [10015,10404,com.google.android.gms,10436,NULL,0,0,1088,8,NULL]
05-05 12:16:02.143798   979  1326 I am_proc_died: [0,10421,com.tencent.mm:recovery]
05-05 12:16:02.167048 10404 10459 I aggregation: 1493957762166
05-05 12:16:02.228996 10404 10459 I [70220] : [4,273]
05-05 12:16:02.280000   272   272 I auditd  : type=1400 audit(0.0:688): avc: denied { read open } for comm="sn" path="/data/media/0" dev="mmcblk0p20" ino=454275 scontext=u:r:sn:s0 tcontext=u:object_r:media_rw_data_file:s0 tclass=dir permissive=0
05-05 12:16:02.280000   272   272 I auditd  : type=1400 audit(0.0:689): avc: denied { read open } for comm="sn" path="/data/media/0" dev="mmcblk0p20" ino=454275 scontext=u:r:sn:s0 tcontext=u:object_r:media_rw_data_file:s0 tclass=dir permissive=0
05-05 12:16:02.280000   272   272 I auditd  : type=1400 audit(0.0:690): avc: denied { read open } for comm="sn" path="/mnt/media_rw/B2E2-3B8A" dev="mmcblk1p1" ino=1 scontext=u:r:sn:s0 tcontext=u:object_r:vfat:s0 tclass=dir permissive=0
05-05 12:16:02.375117   979  1450 I am_proc_died: [0,10404,com.google.android.gms]
05-05 12:16:02.377491   979  1450 I am_schedule_service_restart: [0,com.google.android.gms/.checkin.CheckinService,177930]
05-05 12:16:02.377732   979  1450 I am_schedule_service_restart: [0,com.google.android.gms/.measurement.service.MeasurementBrokerService,187929]
05-05 12:16:02.404618   979  1896 I am_proc_start: [0,10478,10015,com.google.android.gms,service,com.google.android.gms/.measurement.service.MeasurementBrokerService]
05-05 12:16:02.427198   979  1893 I am_proc_bound: [0,10478,com.google.android.gms]
05-05 12:16:02.821537   979   979 I notification_cancel: [10015,10478,com.google.android.gms,10436,NOT_MNC,0,0,1088,8,NULL]
05-05 12:16:02.822767   979   979 I notification_cancel: [10015,10478,com.google.android.gms,39789,NOT_MNC,0,0,1088,8,NULL]
05-05 12:16:03.450875   979   979 I notification_cancel: [10015,10478,com.google.android.gms,10436,NULL,0,0,1088,8,NULL]
05-05 12:16:03.474368   979  1899 I am_proc_died: [0,10139,com.android.calendar]
05-05 12:16:03.625434 10478 10511 I aggregation: 1493957763625
05-05 12:16:03.664996   979   990 I am_proc_start: [0,10524,10114,com.whatsapp,broadcast,com.whatsapp/.AlarmBroadcastReceiver]
05-05 12:16:03.721320   979  1448 I am_proc_bound: [0,10524,com.whatsapp]
05-05 12:16:03.783502 10478 10511 I [70220] : [4,389]
05-05 12:16:03.974721   979  1273 I am_proc_died: [0,10478,com.google.android.gms]
05-05 12:16:03.977200   979  1273 I am_schedule_service_restart: [0,com.google.android.gms/.checkin.CheckinService,156330]
05-05 12:16:03.977435   979  1273 I am_schedule_service_restart: [0,com.google.android.gms/.measurement.service.MeasurementBrokerService,166330]
05-05 12:16:04.004570   979  1199 I am_proc_start: [0,10545,10015,com.google.android.gms,service,com.google.android.gms/.measurement.service.MeasurementBrokerService]
05-05 12:16:04.028286   979  1890 I am_proc_bound: [0,10545,com.google.android.gms]
05-05 12:16:04.286394   979  1900 I am_proc_died: [0,9380,com.google.process.gapps]
05-05 12:16:04.414602   979  1326 I am_proc_start: [0,10586,10015,com.google.process.gapps,content provider,com.google.android.gsf/.gservices.GservicesProvider]
05-05 12:16:04.437405   979  1893 I am_proc_bound: [0,10586,com.google.process.gapps]
05-05 12:16:04.464731   979  1448 I am_proc_died: [0,9399,android.process.media]
05-05 12:16:04.643711   979  1888 I am_proc_died: [0,10174,com.android.providers.calendar]
05-05 12:16:04.802766   979   979 I notification_cancel: [10114,10524,com.whatsapp,2,NULL,0,0,1088,8,NULL]
05-05 12:16:04.805493   979   979 I notification_cancel: [10114,10524,com.whatsapp,7,NULL,0,0,1088,8,NULL]
05-05 12:16:05.014236   979  1448 I am_proc_died: [0,10155,com.afmobi.boomplayer]
05-05 12:16:05.015535   979  1448 I am_schedule_service_restart: [0,com.afmobi.boomplayer/.service.PlayerService,155292]
05-05 12:16:05.043451   979   979 I notification_cancel: [10114,10524,com.whatsapp,1,NULL,0,0,1088,8,NULL]
05-05 12:16:05.140000 10630 10630 I auditd  : type=1400 audit(0.0:691): avc: denied { search } for comm=576861747341707020576F726B6572 name="bin" dev="mmcblk0p20" ino=608401 scontext=u:r:untrusted_app:s0:c512,c768 tcontext=u:object_r:adbd_data_file:s0 tclass=dir permissive=0
05-05 12:16:05.185614   979   979 I notification_cancel: [10015,10545,com.google.android.gms,10436,NOT_MNC,0,0,1088,8,NULL]
05-05 12:16:05.188471   979   979 I notification_cancel: [10015,10545,com.google.android.gms,39789,NOT_MNC,0,0,1088,8,NULL]
05-05 12:16:05.495557   979  1273 I am_proc_died: [0,10524,com.whatsapp]
05-05 12:16:05.496075   979  1273 I am_schedule_service_restart: [0,com.whatsapp/.gcm.RegistrationIntentService,164812]
05-05 12:16:05.496349   979  1273 I am_schedule_service_restart: [0,com.whatsapp/.messaging.MessageService,174812]
05-05 12:16:05.496591   979  1273 I am_schedule_service_restart: [0,com.whatsapp/.AlarmService,184811]
05-05 12:16:05.529758   979  1896 I force_gc: Binder
05-05 12:16:05.734696   979  1900 I am_proc_start: [0,10652,10117,com.tencent.mm:push,service,com.tencent.mm/.booter.CoreService]
05-05 12:16:05.774289   979   989 I am_proc_bound: [0,10652,com.tencent.mm:push]
05-05 12:16:05.971873   979   979 I notification_cancel: [10015,10545,com.google.android.gms,10436,NULL,0,0,1088,8,NULL]
05-05 12:16:06.103443   979  1893 I am_proc_start: [0,10678,10117,com.tencent.mm:recovery,service,com.tencent.mm/com.tencent.recovery.service.RecoveryReportService]
05-05 12:16:06.161089   979   989 I am_proc_bound: [0,10678,com.tencent.mm:recovery]
05-05 12:16:06.244686   979  1900 I am_proc_died: [0,10545,com.google.android.gms]
05-05 12:16:06.246292   979  1900 I am_schedule_service_restart: [0,com.google.android.gms/.checkin.CheckinService,1000]
05-05 12:16:06.320000 10652 10652 I auditd  : type=1400 audit(0.0:692): avc: denied { read } for comm="tencent.mm:push" name="anr" dev="mmcblk0p20" ino=567841 scontext=u:r:untrusted_app:s0:c512,c768 tcontext=u:object_r:anr_data_file:s0 tclass=dir permissive=0
05-05 12:16:06.654187   979   979 I free_storage_changed: 8630104064
05-05 12:16:06.774783   979  1326 I am_proc_died: [0,10678,com.tencent.mm:recovery]
05-05 12:16:06.944293   979  1892 I am_proc_died: [0,10586,com.google.process.gapps]
05-05 12:16:07.275065   979   995 I am_proc_start: [0,10715,10015,com.google.android.gms,service,com.google.android.gms/.checkin.CheckinService]
05-05 12:16:07.304004   979   989 I am_proc_bound: [0,10715,com.google.android.gms]
05-05 12:16:07.641608   979  1273 I am_proc_start: [0,10734,10015,com.google.process.gapps,content provider,com.google.android.gsf/.gservices.GservicesProvider]
05-05 12:16:07.687914   979   989 I am_proc_bound: [0,10734,com.google.process.gapps]
05-05 12:16:08.220086   979   979 I notification_cancel: [10015,10715,com.google.android.gms,10436,NOT_MNC,0,0,1088,8,NULL]
05-05 12:16:08.222157   979   979 I notification_cancel: [10015,10715,com.google.android.gms,39789,NOT_MNC,0,0,1088,8,NULL]
05-05 12:16:08.413843   979   979 I notification_cancel: [10117,10380,com.tencent.mm,40,NULL,0,0,1088,8,NULL]
05-05 12:16:08.565383   979  1893 I am_proc_died: [0,10734,com.google.process.gapps]
05-05 12:16:08.603209   979   989 I am_proc_start: [0,10773,10015,com.google.process.gapps,content provider,com.google.android.gsf/.gservices.GservicesProvider]
05-05 12:16:08.646106   979  1899 I am_proc_bound: [0,10773,com.google.process.gapps]
05-05 12:16:08.735357   979  1325 I am_proc_start: [0,10786,10118,com.viber.voip,broadcast,com.viber.voip/com.viber.service.KeepAliveReceiver]
05-05 12:16:08.763607   979  1896 I am_proc_bound: [0,10786,com.viber.voip]
05-05 12:16:08.953589   979  1890 I am_proc_died: [0,10773,com.google.process.gapps]
05-05 12:16:08.972823   979  1890 I am_proc_start: [0,10802,10015,com.google.process.gapps,restart,com.google.process.gapps]
05-05 12:16:09.001070   979  1450 I am_proc_bound: [0,10802,com.google.process.gapps]
05-05 12:16:09.143564   979  1199 I am_proc_died: [0,10802,com.google.process.gapps]
05-05 12:16:09.162485   979  1199 I am_proc_start: [0,10816,10015,com.google.process.gapps,restart,com.google.process.gapps]
05-05 12:16:09.192813   979  1450 I am_proc_bound: [0,10816,com.google.process.gapps]
05-05 12:16:09.417032   979  1450 I am_proc_died: [0,10380,com.tencent.mm]
05-05 12:16:09.418165   979  1450 I am_schedule_service_restart: [0,com.tencent.mm/.booter.NotifyReceiver$NotifyService,60889]
05-05 12:16:09.625511   979   979 I notification_cancel: [10015,10715,com.google.android.gms,10436,NULL,0,0,1088,8,NULL]
05-05 12:16:09.628033  1494  1507 I force_gc: Binder
05-05 12:16:09.761464 10715 10769 I aggregation: 1493957769761
05-05 12:16:09.848948 10715 10769 I [70220] : [4,294]
05-05 12:16:10.023648   979  1326 I force_gc: Binder
05-05 12:16:10.625584   979  1450 I am_proc_start: [0,10860,10015,com.google.android.gms.unstable,service,com.google.android.gms/.droidguard.DroidGuardService]
05-05 12:16:10.645621   979   990 I am_proc_bound: [0,10860,com.google.android.gms.unstable]
05-05 12:16:11.022691   979   979 I notification_cancel: [10015,10860,com.google.android.gms,10436,NOT_MNC,0,0,1088,8,NULL]
05-05 12:16:11.023718   979   979 I notification_cancel: [10015,10860,com.google.android.gms,39789,NOT_MNC,0,0,1088,8,NULL]
05-05 12:16:12.220000 10872 10872 I auditd  : type=1400 audit(0.0:693): avc: denied { read } for comm="Binder:10860_2" name="/" dev="tmpfs" ino=28 scontext=u:r:priv_app:s0:c512,c768 tcontext=u:object_r:device:s0 tclass=dir permissive=0
05-05 12:16:12.280000   272   272 I auditd  : type=1400 audit(0.0:694): avc: denied { read open } for comm="sn" path="/data/media/0" dev="mmcblk0p20" ino=454275 scontext=u:r:sn:s0 tcontext=u:object_r:media_rw_data_file:s0 tclass=dir permissive=0
05-05 12:16:12.280000   272   272 I auditd  : type=1400 audit(0.0:695): avc: denied { read open } for comm="sn" path="/data/media/0" dev="mmcblk0p20" ino=454275 scontext=u:r:sn:s0 tcontext=u:object_r:media_rw_data_file:s0 tclass=dir permissive=0
05-05 12:16:12.280000   272   272 I auditd  : type=1400 audit(0.0:696): avc: denied { read open } for comm="sn" path="/mnt/media_rw/B2E2-3B8A" dev="mmcblk1p1" ino=1 scontext=u:r:sn:s0 tcontext=u:object_r:vfat:s0 tclass=dir permissive=0
05-05 12:16:12.735462   979   995 I am_proc_start: [0,10901,10037,com.afmobi.boomplayer,broadcast,com.afmobi.boomplayer/com.tecno.boomplayer.service.BoomWidget_tower]
05-05 12:16:12.802914   979   994 I am_proc_start: [0,10914,10070,com.android.printspooler,service,com.android.printspooler/.model.PrintSpoolerService]
05-05 12:16:12.805054   979   989 I am_proc_bound: [0,10901,com.afmobi.boomplayer]
05-05 12:16:12.827313   979  1199 I am_proc_bound: [0,10914,com.android.printspooler]
05-05 12:16:13.050000 10872 10872 I auditd  : type=1400 audit(0.0:697): avc: denied { read } for comm="Binder:10860_2" name="bin" dev="mmcblk0p20" ino=608401 scontext=u:r:priv_app:s0:c512,c768 tcontext=u:object_r:adbd_data_file:s0 tclass=dir permissive=0
05-05 12:16:13.717647   979  1448 I am_proc_start: [0,10948,10011,android.process.media,content provider,com.android.providers.media/.MediaProvider]
05-05 12:16:13.751612   979   990 I am_proc_bound: [0,10948,android.process.media]
05-05 12:16:13.994024   979  1199 I am_proc_start: [0,10965,10117,com.tencent.mm,broadcast,com.tencent.mm/.booter.NotifyReceiver]
05-05 12:16:14.029876   979  1892 I am_proc_bound: [0,10965,com.tencent.mm]
05-05 12:16:14.469075   979  1897 I am_proc_start: [0,11007,10117,com.tencent.mm:recovery,service,com.tencent.mm/com.tencent.recovery.service.RecoveryReportService]
05-05 12:16:14.515668   979  1199 I am_proc_bound: [0,11007,com.tencent.mm:recovery]
05-05 12:16:15.307211 10715 10769 I [70220] : [5,1493937143882,1493957637559,14,201,176,0,76,119,0,52,0,4158,25,0,26,2,48,513]
05-05 12:16:16.809335   979  1900 I am_proc_start: [0,11129,10003,android.process.acore,content provider,com.android.providers.contacts/.ContactsProvider2]
05-05 12:16:16.834327   979  1450 I am_proc_bound: [0,11129,android.process.acore]
05-05 12:16:16.851072   979   979 I notification_cancel: [10118,10786,com.viber.voip,-1003,message,0,0,1088,8,NULL]
05-05 12:16:16.852147   979   979 I notification_cancel: [10118,10786,com.viber.voip,-1013,missed_call,0,0,1088,8,NULL]
05-05 12:16:16.853611   979   979 I notification_cancel: [10118,10786,com.viber.voip,-1012,hidden_message,0,0,1088,8,NULL]
05-05 12:16:16.865071   979   979 I notification_cancel: [10118,10786,com.viber.voip,-1011,like,0,0,1088,8,NULL]
05-05 12:16:16.865820   979   979 I notification_cancel: [10118,10786,com.viber.voip,-1011,hidden_like,0,0,1088,8,NULL]
05-05 12:16:18.041570   979   994 I am_pss  : [10244,10096,com.facebook.katana,74608640,72867840,169984]
05-05 12:16:20.326517   979   995 I am_proc_start: [0,11203,10023,com.android.vending,service,com.android.vending/com.google.android.finsky.wear.WearSupportService]
05-05 12:16:20.380218   979   989 I am_proc_bound: [0,11203,com.android.vending]
05-05 12:16:20.491195   979   979 I notification_cancel: [10117,10965,com.tencent.mm,40,NULL,0,0,1088,8,NULL]
05-05 12:16:20.698858   979   995 I am_proc_start: [0,11222,10050,com.google.android.gm,broadcast,com.google.android.gm/.widget.GmailWidgetProvider]
05-05 12:16:20.717015   979  1450 I am_proc_bound: [0,11222,com.google.android.gm]
05-05 12:16:20.731439   979  1325 I force_gc: Binder
05-05 12:16:21.328716   979   979 I notification_cancel: [10023,11203,com.android.vending,-1050172287,NULL,0,0,1088,8,NULL]
05-05 12:16:21.684779   979   979 I notification_cancel: [10023,11203,com.android.vending,-555892993,NULL,0,0,1088,8,NULL]
05-05 12:16:21.693809   979  1890 I am_mem_factor: [2,3]
05-05 12:16:22.006686   979   989 I am_proc_start: [0,11296,1000,com.android.calendar,broadcast,com.android.calendar/.widget.CalendarAppWidgetProvider]
05-05 12:16:22.012657   979   989 I am_mem_factor: [0,2]
05-05 12:16:22.046755   979  1199 I am_proc_bound: [0,11296,com.android.calendar]
05-05 12:16:22.237130   979  1273 I am_proc_start: [0,11314,10004,com.android.providers.calendar,content provider,com.android.providers.calendar/.CalendarProvider2]
05-05 12:16:22.262640   979  1900 I am_proc_bound: [0,11314,com.android.providers.calendar]
05-05 12:16:22.280000   272   272 I auditd  : type=1400 audit(0.0:698): avc: denied { read open } for comm="sn" path="/data/media/0" dev="mmcblk0p20" ino=454275 scontext=u:r:sn:s0 tcontext=u:object_r:media_rw_data_file:s0 tclass=dir permissive=0
05-05 12:16:22.280000   272   272 I auditd  : type=1400 audit(0.0:699): avc: denied { read open } for comm="sn" path="/data/media/0" dev="mmcblk0p20" ino=454275 scontext=u:r:sn:s0 tcontext=u:object_r:media_rw_data_file:s0 tclass=dir permissive=0
05-05 12:16:22.280000   272   272 I auditd  : type=1400 audit(0.0:700): avc: denied { read open } for comm="sn" path="/mnt/media_rw/B2E2-3B8A" dev="mmcblk1p1" ino=1 scontext=u:r:sn:s0 tcontext=u:object_r:vfat:s0 tclass=dir permissive=0
05-05 12:16:22.680323   979  1450 I am_wtf  : [0,979,system_server,-1,ActivityManager,Sending non-protected broadcast com.android.calendar.APPWIDGET_UPDATE from system 11296:com.android.calendar/1000 pkg com.android.calendar]
05-05 12:16:25.775558   979  1325 I force_gc: Binder
05-05 12:16:26.672596   979   994 I am_pss  : [10652,10117,com.tencent.mm:push,15763456,11472896,116736]
05-05 12:16:27.923626   979   994 I am_pss  : [10715,10015,com.google.android.gms,18457600,13246464,114688]
05-05 12:16:29.140000 10889 10889 I auditd  : type=1400 audit(0.0:701): avc: denied { read } for comm="IntentService[D" name="bin" dev="mmcblk0p20" ino=608401 scontext=u:r:priv_app:s0:c512,c768 tcontext=u:object_r:adbd_data_file:s0 tclass=dir permissive=0
05-05 12:16:29.820000 10889 10889 I auditd  : type=1400 audit(0.0:702): avc: denied { read } for comm="IntentService[D" name="/" dev="tmpfs" ino=28 scontext=u:r:priv_app:s0:c512,c768 tcontext=u:object_r:device:s0 tclass=dir permissive=0
05-05 12:16:30.024429   979   979 I notification_cancel: [10096,10244,com.facebook.katana,714499313,X.07Y,0,0,1088,8,NULL]
05-05 12:16:30.055432   979   979 I notification_cancel: [10096,10244,com.facebook.katana,714499313,X.07Y,0,0,1088,8,NULL]
05-05 12:16:30.333163   979   995 I am_proc_start: [0,11411,10085,org.simalliance.openmobileapi.service:remote,service,org.simalliance.openmobileapi.service/.SmartcardService]
05-05 12:16:30.353158   979  1900 I am_proc_bound: [0,11411,org.simalliance.openmobileapi.service:remote]
05-05 12:16:30.470547   979  1896 I am_proc_start: [0,11424,10087,org.simalliance.openmobileapi.uicc1terminal,service,org.simalliance.openmobileapi.uicc1terminal/.Uicc1Terminal]
05-05 12:16:30.471326   979   994 I am_pss  : [10786,10118,com.viber.voip,41407488,37154816,101376]
05-05 12:16:30.496562   979  1450 I am_proc_start: [0,11437,10088,org.simalliance.openmobileapi.uicc2terminal,service,org.simalliance.openmobileapi.uicc2terminal/.Uicc2Terminal]
05-05 12:16:30.497796   979  1199 I am_proc_bound: [0,11424,org.simalliance.openmobileapi.uicc1terminal]
05-05 12:16:30.533738   979  1448 I am_proc_start: [0,11448,10089,org.simalliance.openmobileapi.eseterminal,service,org.simalliance.openmobileapi.eseterminal/.eSETerminal]
05-05 12:16:30.539865   979  1890 I am_proc_bound: [0,11437,org.simalliance.openmobileapi.uicc2terminal]
05-05 12:16:30.560746   979  1273 I am_proc_bound: [0,11448,org.simalliance.openmobileapi.eseterminal]
05-05 12:16:30.990476   979   994 I am_pss  : [10860,10015,com.google.android.gms.unstable,22331392,16715776,95232]
05-05 12:16:32.280000   272   272 I auditd  : type=1400 audit(0.0:703): avc: denied { read open } for comm="sn" path="/data/media/0" dev="mmcblk0p20" ino=454275 scontext=u:r:sn:s0 tcontext=u:object_r:media_rw_data_file:s0 tclass=dir permissive=0
05-05 12:16:32.280000   272   272 I auditd  : type=1400 audit(0.0:704): avc: denied { read open } for comm="sn" path="/data/media/0" dev="mmcblk0p20" ino=454275 scontext=u:r:sn:s0 tcontext=u:object_r:media_rw_data_file:s0 tclass=dir permissive=0
05-05 12:16:32.280000   272   272 I auditd  : type=1400 audit(0.0:705): avc: denied { read open } for comm="sn" path="/mnt/media_rw/B2E2-3B8A" dev="mmcblk1p1" ino=1 scontext=u:r:sn:s0 tcontext=u:object_r:vfat:s0 tclass=dir permissive=0
05-05 12:16:34.109444   979   994 I am_pss  : [10901,10037,com.afmobi.boomplayer,14499840,12795904,101376]
05-05 12:16:34.829880   979   979 I notification_cancel: [10096,10244,com.facebook.katana,10436,NULL,0,0,1088,8,NULL]
05-05 12:16:35.072323   979   979 I am_proc_start: [0,11497,10069,com.google.android.apps.photos,service,com.google.android.apps.photos/.mediamonitor.MediaMonitorJobSchedulerService]
05-05 12:16:35.101714   979   979 I am_proc_start: [0,11510,1000,com.mediatek.providers.drm,service,com.mediatek.providers.drm/.ConnectionChangeJobService]
05-05 12:16:35.103465   979  1089 I am_proc_bound: [0,11497,com.google.android.apps.photos]
05-05 12:16:35.132746   979   994 I sync    : [com.android.contacts,0,1,-1130513226]
05-05 12:16:35.173823   979   994 I am_proc_start: [0,11523,10053,com.google.process.gapps,service,com.google.android.syncadapters.contacts/.ContactsSyncAdapterService]
05-05 12:16:35.175187   979  1890 I am_proc_bound: [0,11510,com.mediatek.providers.drm]
05-05 12:16:35.210000   979  1450 I am_proc_bound: [0,11523,com.google.process.gapps]
05-05 12:16:36.024304   979   979 I notification_cancel: [1000,979,android,2,NULL,0,0,0,8,NULL]
05-05 12:16:36.171629   979  1896 I am_proc_start: [0,11552,10069,com.google.android.apps.photos:CameraShortcut,service,com.google.android.apps.photos/.camerashortcut.CameraShortcutServiceImpl]
05-05 12:16:36.199347   979  1893 I am_proc_bound: [0,11552,com.google.android.apps.photos:CameraShortcut]
05-05 12:16:36.243633 11523 11542 I sync_details: [Sync,0,0,]
05-05 12:16:36.275099   979  1325 I am_kill : [0,2942,com.android.mms,906,empty #9]
05-05 12:16:36.304523   979   994 I sync    : [com.android.contacts,1,1,-1130513226]
05-05 12:16:36.305035   979   979 I notification_cancel: [1000,979,android,-958380898,NULL,0,0,0,8,NULL]
05-05 12:16:36.313291   979  1273 I am_proc_died: [0,2942,com.android.mms]
05-05 12:16:36.478255   979  1199 I am_proc_start: [0,11574,10097,com.facebook.orca,content provider,com.facebook.orca/com.facebook.messenger.app.MessengerLoggedInUserProvider]
05-05 12:16:36.511736   979  1450 I am_proc_bound: [0,11574,com.facebook.orca]
05-05 12:16:36.561432   979   979 I notification_cancel: [10069,11497,com.google.android.apps.photos,10436,NULL,0,0,1088,8,NULL]
05-05 12:16:36.656123   979   979 I free_storage_changed: 8640741376
05-05 12:16:36.800677   979  1900 I am_kill : [0,11007,com.tencent.mm:recovery,906,empty #9]
05-05 12:16:36.861787   979  1890 I am_kill : [0,10860,com.google.android.gms.unstable,906,empty #9]
05-05 12:16:36.897603   979  1899 I am_proc_died: [0,11007,com.tencent.mm:recovery]
05-05 12:16:36.935223   979  1326 I am_proc_died: [0,10860,com.google.android.gms.unstable]
05-05 12:16:36.989848   979   979 I notification_cancel: [10069,11552,com.google.android.apps.photos,10436,NULL,0,0,1088,8,NULL]
05-05 12:16:37.593619   979   994 I am_pss  : [10965,10117,com.tencent.mm,58777600,52662272,88064]
05-05 12:16:39.231120   979   979 I notification_cancel: [10096,10244,com.facebook.katana,200,NULL,0,0,1088,8,NULL]
05-05 12:16:41.334720   979  1899 I force_gc: Binder
05-05 12:16:42.280000   272   272 I auditd  : type=1400 audit(0.0:706): avc: denied { read open } for comm="sn" path="/data/media/0" dev="mmcblk0p20" ino=454275 scontext=u:r:sn:s0 tcontext=u:object_r:media_rw_data_file:s0 tclass=dir permissive=0
05-05 12:16:42.280000   272   272 I auditd  : type=1400 audit(0.0:707): avc: denied { read open } for comm="sn" path="/data/media/0" dev="mmcblk0p20" ino=454275 scontext=u:r:sn:s0 tcontext=u:object_r:media_rw_data_file:s0 tclass=dir permissive=0
05-05 12:16:42.280000   272   272 I auditd  : type=1400 audit(0.0:708): avc: denied { read open } for comm="sn" path="/mnt/media_rw/B2E2-3B8A" dev="mmcblk1p1" ino=1 scontext=u:r:sn:s0 tcontext=u:object_r:vfat:s0 tclass=dir permissive=0
05-05 12:16:42.774419   979  1089 I am_kill : [0,11203,com.android.vending,906,empty #9]
05-05 12:16:42.834933   979  1450 I am_proc_died: [0,11203,com.android.vending]
05-05 12:16:43.020160   979   979 I notification_cancel: [10097,11574,com.facebook.orca,200,NULL,0,0,1088,8,NULL]
05-05 12:16:43.091897   979   979 I notification_cancel: [10097,11574,com.facebook.orca,10011,NULL,0,0,1088,8,NULL]
05-05 12:16:50.278435   979  1900 I am_kill : [0,11314,com.android.providers.calendar,906,empty #9]
05-05 12:16:50.327562   979   995 I am_proc_start: [0,11713,10029,com.google.android.googlequicksearchbox:search,service,com.google.android.googlequicksearchbox/com.google.android.apps.gsa.tasks.VelvetBackgroundTasksIntentService]
05-05 12:16:50.328545   979  1893 I am_proc_died: [0,11314,com.android.providers.calendar]
05-05 12:16:50.368937   979  1890 I am_proc_bound: [0,11713,com.google.android.googlequicksearchbox:search]
05-05 12:16:50.446985   979   994 I am_pss  : [11411,10085,org.simalliance.openmobileapi.service:remote,3255296,2433024,107520]
05-05 12:16:51.495920   979   979 I power_screen_state: [1,0,0,0]
05-05 12:16:51.496099   979   979 I screen_toggled: 1
05-05 12:16:51.501425   979   979 I power_screen_broadcast_send: 1
05-05 12:16:51.616556   979   994 I am_pss  : [11448,10089,org.simalliance.openmobileapi.eseterminal,2837504,2048000,108544]
05-05 12:16:51.629595  1132  1132 I sysui_histogram: [note_load,4]
05-05 12:16:51.630196   979  1896 I notification_panel_revealed: 4
05-05 12:16:51.634523   979  1890 I notification_visibility: [0|tran.com.android.taplaota|305420169|null|1000,1,170331,170331,0,2]
05-05 12:16:51.634630   979  1890 I notification_visibility: [0|com.android.mms|0|com.android.mms:sms:|10076,1,200069,200069,0,1]
05-05 12:16:51.634695   979  1890 I notification_visibility: [0|com.android.deskclock|2|null|1000,1,202922,202922,0,0]
05-05 12:16:51.679976   979   994 I am_pss  : [11437,10088,org.simalliance.openmobileapi.uicc2terminal,2838528,2060288,108544]
05-05 12:16:51.759244   979   994 I am_pss  : [11424,10087,org.simalliance.openmobileapi.uicc1terminal,3017728,2195456,107520]
05-05 12:16:51.763285   979   979 I device_idle: [0,screen]
05-05 12:16:51.763357   979   979 I device_idle_light: [0,screen]
05-05 12:16:51.764877   979   994 I device_idle_off_start: screen
05-05 12:16:51.902248   979   994 I device_idle_off_complete: []
05-05 12:16:52.168625   223   223 I sf_frame_dur: [ColorFade,29,11,0,2,0,0,0]
05-05 12:16:52.280000   272   272 I auditd  : type=1400 audit(0.0:709): avc: denied { read open } for comm="sn" path="/data/media/0" dev="mmcblk0p20" ino=454275 scontext=u:r:sn:s0 tcontext=u:object_r:media_rw_data_file:s0 tclass=dir permissive=0
05-05 12:16:52.280000   272   272 I auditd  : type=1400 audit(0.0:710): avc: denied { read open } for comm="sn" path="/data/media/0" dev="mmcblk0p20" ino=454275 scontext=u:r:sn:s0 tcontext=u:object_r:media_rw_data_file:s0 tclass=dir permissive=0
05-05 12:16:52.280000   272   272 I auditd  : type=1400 audit(0.0:711): avc: denied { read open } for comm="sn" path="/mnt/media_rw/B2E2-3B8A" dev="mmcblk1p1" ino=1 scontext=u:r:sn:s0 tcontext=u:object_r:vfat:s0 tclass=dir permissive=0
05-05 12:16:52.847188   979   979 I power_screen_broadcast_done: [1,1345,1]
05-05 12:16:52.883445  1132  1132 I sysui_lockscreen_gesture: [1,0,2884]
05-05 12:16:52.945297  1132  1132 I sysui_status_bar_state: [1,1,0,1,1,0]
05-05 12:16:53.186554   979   994 I am_pss  : [11222,10050,com.google.android.gm,11901952,9826304,98304]
05-05 12:16:53.226863   979  1326 I notification_visibility: [0|tran.com.android.taplaota|305420169|null|1000,0,171923,171923,0,2]
05-05 12:16:53.227012   979  1326 I notification_visibility: [0|com.android.mms|0|com.android.mms:sms:|10076,0,201661,201661,0,1]
05-05 12:16:53.227088   979  1326 I notification_visibility: [0|com.android.deskclock|2|null|1000,0,204515,204515,0,0]
05-05 12:16:53.228214   979  1325 I notification_panel_hidden: []
05-05 12:16:53.383535   979  1900 I am_proc_start: [0,11739,10020,com.google.android.partnersetup,content provider,com.google.android.partnersetup/.RlzAppProvider]
05-05 12:16:53.406621   979  1896 I am_proc_bound: [0,11739,com.google.android.partnersetup]
05-05 12:16:53.734280   979   979 I notification_cancel: [10029,11713,com.google.android.googlequicksearchbox,10436,NULL,0,0,1088,8,NULL]
05-05 12:16:54.392027  1132  1132 I screen_toggled: 2
05-05 12:16:54.664003   979   990 I am_resume_activity: [0,156734956,387,com.android.launcher3/.Launcher]
05-05 12:16:54.858155  1132  1132 I sysui_view_visibility: [111,0]
05-05 12:16:54.924520   979  1450 I notification_expansion: [0|com.android.deskclock|2|null|1000,0,1,206212,206212,3290]
05-05 12:16:54.996700  1132  1132 I sysui_status_bar_state: [0,0,0,0,1,0]
05-05 12:16:55.131345   979  1273 I am_proc_start: [0,11787,10066,com.hzay.market,broadcast,com.hzay.market/com.afmobi.palmplay.receivers.BootReceiver]
05-05 12:16:55.229340   979  1893 I am_proc_bound: [0,11787,com.hzay.market]
05-05 12:16:55.254552  6208  6208 I am_on_resume_called: [0,com.android.launcher3.Launcher,RESUME_ACTIVITY]
05-05 12:16:55.280000  1448  1448 I auditd  : type=1400 audit(0.0:712): avc: denied { read open } for comm="Binder:979_8" path="/data/media/0" dev="mmcblk0p20" ino=454275 scontext=u:r:system_server:s0 tcontext=u:object_r:media_rw_data_file:s0 tclass=dir permissive=0
05-05 12:16:55.524217   979  1273 I am_proc_died: [0,11222,com.google.android.gm]
05-05 12:16:56.040000 11822 11822 I auditd  : type=1400 audit(0.0:713): avc: denied { search } for comm="sh" name="bin" dev="mmcblk0p20" ino=608401 scontext=u:r:untrusted_app:s0:c512,c768 tcontext=u:object_r:adbd_data_file:s0 tclass=dir permissive=0
05-05 12:16:56.190000 11826 11826 I auditd  : type=1400 audit(0.0:714): avc: denied { search } for comm="sh" name="bin" dev="mmcblk0p20" ino=608401 scontext=u:r:untrusted_app:s0:c512,c768 tcontext=u:object_r:adbd_data_file:s0 tclass=dir permissive=0
05-05 12:16:56.240000 11820 11820 I auditd  : type=1400 audit(0.0:715): avc: denied { read } for comm="BUGLY_THREAD" name="type" dev="sysfs" ino=9944 scontext=u:r:untrusted_app:s0:c512,c768 tcontext=u:object_r:sysfs:s0 tclass=file permissive=0
05-05 12:16:56.240000 11820 11820 I auditd  : type=1400 audit(0.0:716): avc: denied { read } for comm="BUGLY_THREAD" name="online" dev="sysfs" ino=13055 scontext=u:r:untrusted_app:s0:c512,c768 tcontext=u:object_r:sysfs:s0 tclass=file permissive=0
05-05 12:16:56.363265   979  1326 I am_create_task: [0,392]
05-05 12:16:56.363382   979  1326 I am_create_activity: [0,220657280,392,com.mediatek.camera/com.android.camera.CameraLauncher,android.intent.action.MAIN,NULL,NULL,270532608]
05-05 12:16:56.364298   979  1326 I wm_task_created: [392,1]
05-05 12:16:56.365631   979  1326 I wm_task_moved: [392,1,1]
05-05 12:16:56.366014   979  1326 I am_focused_stack: [0,1,0,startedActivity setFocusedActivity]
05-05 12:16:56.366395   979  1326 I wm_task_moved: [392,1,1]
05-05 12:16:56.377987   979  1326 I am_focused_activity: [0,com.mediatek.camera/com.android.camera.CameraLauncher,startedActivity]
05-05 12:16:56.378284   979  1326 I am_pause_activity: [0,156734956,com.android.launcher3/.Launcher]
05-05 12:16:56.381467   979  1326 I sysui_action: [323,com.mediatek.camera/com.android.camera.CameraLauncher]
05-05 12:16:56.381525   979  1326 I sysui_action: [324,false]
05-05 12:16:56.381569   979  1326 I sysui_action: [325,552]
05-05 12:16:56.394149   979   990 I am_wtf  : [0,979,system_server,-1,ActivityManager,Sending non-protected broadcast com.android.launcher3.action.LAUNCH from system 6208:com.android.launcher3/1000 pkg com.android.launcher3]
05-05 12:16:56.435995  6208  6208 I am_on_paused_called: [0,com.android.launcher3.Launcher,handlePauseActivity]
05-05 12:16:56.459317   979  1897 I am_proc_start: [0,11840,10080,com.mediatek.camera,activity,com.mediatek.camera/com.android.camera.CameraLauncher]
05-05 12:16:56.498765   979  1893 I am_proc_bound: [0,11840,com.mediatek.camera]
05-05 12:16:56.505792   979  1893 I am_restart_activity: [0,220657280,392,com.mediatek.camera/com.android.camera.CameraLauncher]
05-05 12:16:56.829620   979  1089 I am_proc_start: [0,11868,1000,com.itel.freezer,broadcast,com.itel.freezer/.MBootBroadcastReceiver]
05-05 12:16:56.856888   979  1900 I am_proc_bound: [0,11868,com.itel.freezer]
05-05 12:16:57.054950   979  1893 I am_proc_died: [0,3668,com.android.defcontainer]
05-05 12:16:57.303658   979  1890 I am_proc_died: [0,11510,com.mediatek.providers.drm]
05-05 12:16:57.496651   979  1325 I am_proc_died: [0,11552,com.google.android.apps.photos:CameraShortcut]
05-05 12:16:57.525314   979  1010 I am_proc_start: [0,11914,10009,com.android.defcontainer,service,com.android.defcontainer/.DefaultContainerService]
05-05 12:16:57.561452   979  1892 I am_proc_bound: [0,11914,com.android.defcontainer]
05-05 12:16:57.590926 10816 10827 I force_gc: Binder
05-05 12:16:57.675033   979  1896 I am_proc_died: [0,11129,android.process.acore]
05-05 12:16:57.678257   979  1896 I am_mem_factor: [2,0]
05-05 12:16:57.896642   979  1448 I am_proc_died: [0,11523,com.google.process.gapps]
05-05 12:16:57.898716   979  1448 I am_mem_factor: [3,2]
05-05 12:16:58.021487   979   994 I am_pss  : [10244,10096,com.facebook.katana,121125888,118476800,98304]
05-05 12:16:58.306513   979  1326 I am_proc_died: [0,11497,com.google.android.apps.photos]
05-05 12:16:58.475989 11840 11840 I am_on_resume_called: [0,com.android.camera.CameraLauncher,LAUNCH_ACTIVITY]
05-05 12:16:58.579778   979  1892 I am_proc_died: [0,10914,com.android.printspooler]
05-05 12:16:58.621572   979  1897 I am_wtf  : [0,979,system_server,-1,ActivityManager,Sending non-protected broadcast Init_memory from system 11868:com.itel.freezer/1000 pkg com.itel.freezer]
05-05 12:16:58.680000 11965 11965 I auditd  : type=1400 audit(0.0:717): avc: denied { add_name } for comm="cameraserver" name="bshaders" scontext=u:r:cameraserver:s0 tcontext=u:object_r:system_data_file:s0 tclass=dir permissive=0
05-05 12:16:58.690000  1890  1890 I auditd  : type=1400 audit(0.0:718): avc: denied { read open } for comm="Binder:979_B" path="/data/media/0" dev="mmcblk0p20" ino=454275 scontext=u:r:system_server:s0 tcontext=u:object_r:media_rw_data_file:s0 tclass=dir permissive=0
05-05 12:16:58.690000 11965 11965 I auditd  : type=1400 audit(0.0:719): avc: denied { add_name } for comm="cameraserver" name="bshaders" scontext=u:r:cameraserver:s0 tcontext=u:object_r:system_data_file:s0 tclass=dir permissive=0
05-05 12:16:58.704702   979  1325 I am_proc_died: [0,11868,com.itel.freezer]
05-05 12:16:58.706413   979  1325 I am_low_memory: 32
05-05 12:16:58.700000 11965 11965 I auditd  : type=1400 audit(0.0:720): avc: denied { add_name } for comm="cameraserver" name="bshaders" scontext=u:r:cameraserver:s0 tcontext=u:object_r:system_data_file:s0 tclass=dir permissive=0
05-05 12:16:58.710000 11965 11965 I auditd  : type=1400 audit(0.0:721): avc: denied { add_name } for comm="cameraserver" name="bshaders" scontext=u:r:cameraserver:s0 tcontext=u:object_r:system_data_file:s0 tclass=dir permissive=0
05-05 12:16:58.720000 11965 11965 I auditd  : type=1400 audit(0.0:722): avc: denied { add_name } for comm="cameraserver" name="bshaders" scontext=u:r:cameraserver:s0 tcontext=u:object_r:system_data_file:s0 tclass=dir permissive=0
05-05 12:16:58.720000 11965 11965 I auditd  : type=1400 audit(0.0:723): avc: denied { add_name } for comm="cameraserver" name="bshaders" scontext=u:r:cameraserver:s0 tcontext=u:object_r:system_data_file:s0 tclass=dir permissive=0
