05-05 12:16:58.850000 11965 11965 I auditd  : type=1400 audit(0.0:724): avc: denied { add_name } for comm="cameraserver" name="bshaders" scontext=u:r:cameraserver:s0 tcontext=u:object_r:system_data_file:s0 tclass=dir permissive=0
05-05 12:16:59.010000 11965 11965 I auditd  : type=1400 audit(0.0:725): avc: denied { add_name } for comm="cameraserver" name="bshaders" scontext=u:r:cameraserver:s0 tcontext=u:object_r:system_data_file:s0 tclass=dir permissive=0
05-05 12:16:59.043122   979  1897 I am_proc_died: [0,10244,com.facebook.katana]
05-05 12:16:59.043780   979  1897 I am_schedule_service_restart: [0,com.facebook.katana/com.facebook.mqttlite.MqttService,1000]
05-05 12:16:59.043980   979  1897 I am_schedule_service_restart: [0,com.facebook.katana/com.facebook.backgroundlocation.reporting.BackgroundLocationReportingService,11000]
05-05 12:16:59.046648   979  1897 I am_low_memory: 31
05-05 12:16:59.150000 11965 11965 I auditd  : type=1400 audit(0.0:726): avc: denied { add_name } for comm="cameraserver" name="bshaders" scontext=u:r:cameraserver:s0 tcontext=u:object_r:system_data_file:s0 tclass=dir permissive=0
05-05 12:16:59.290000 11965 11965 I auditd  : type=1400 audit(0.0:727): avc: denied { add_name } for comm="cameraserver" name="bshaders" scontext=u:r:cameraserver:s0 tcontext=u:object_r:system_data_file:s0 tclass=dir permissive=0
05-05 12:16:59.430000 11965 11965 I auditd  : type=1400 audit(0.0:728): avc: denied { add_name } for comm="cameraserver" name="bshaders" scontext=u:r:cameraserver:s0 tcontext=u:object_r:system_data_file:s0 tclass=dir permissive=0
05-05 12:16:59.430000 11965 11965 I auditd  : type=1400 audit(0.0:729): avc: denied { add_name } for comm="cameraserver" name="bshaders" scontext=u:r:cameraserver:s0 tcontext=u:object_r:system_data_file:s0 tclass=dir permissive=0
05-05 12:16:59.460000 11965 11965 I auditd  : type=1400 audit(0.0:730): avc: denied { add_name } for comm="cameraserver" name="bshaders" scontext=u:r:cameraserver:s0 tcontext=u:object_r:system_data_file:s0 tclass=dir permissive=0
05-05 12:16:59.470000 11965 11965 I auditd  : type=1400 audit(0.0:731): avc: denied { add_name } for comm="cameraserver" name="bshaders" scontext=u:r:cameraserver:s0 tcontext=u:object_r:system_data_file:s0 tclass=dir permissive=0
05-05 12:16:59.480000 11965 11965 I auditd  : type=1400 audit(0.0:732): avc: denied { add_name } for comm="cameraserver" name="bshaders" scontext=u:r:cameraserver:s0 tcontext=u:object_r:system_data_file:s0 tclass=dir permissive=0
05-05 12:16:59.490000 11965 11965 I auditd  : type=1400 audit(0.0:733): avc: denied { add_name } for comm="cameraserver" name="bshaders" scontext=u:r:cameraserver:s0 tcontext=u:object_r:system_data_file:s0 tclass=dir permissive=0
05-05 12:16:59.568632   979  1002 I sysui_action: [320,2]
05-05 12:16:59.568711   979  1002 I sysui_action: [319,3252]
05-05 12:16:59.576977   979  1002 I sysui_action: [322,3260]
05-05 12:16:59.577151   979  1002 I am_activity_launch_time: [0,220657280,com.mediatek.camera/com.android.camera.CameraLauncher,3137,3137]
05-05 12:16:59.580000 11965 11965 I auditd  : type=1400 audit(0.0:734): avc: denied { add_name } for comm="cameraserver" name="bshaders" scontext=u:r:cameraserver:s0 tcontext=u:object_r:system_data_file:s0 tclass=dir permissive=0
05-05 12:16:59.600000 11965 11965 I auditd  : type=1400 audit(0.0:735): avc: denied { add_name } for comm="cameraserver" name="bshaders" scontext=u:r:cameraserver:s0 tcontext=u:object_r:system_data_file:s0 tclass=dir permissive=0
05-05 12:16:59.610000 11965 11965 I auditd  : type=1400 audit(0.0:736): avc: denied { add_name } for comm="cameraserver" name="bshaders" scontext=u:r:cameraserver:s0 tcontext=u:object_r:system_data_file:s0 tclass=dir permissive=0
05-05 12:16:59.770000 11965 11965 I auditd  : type=1400 audit(0.0:737): avc: denied { add_name } for comm="cameraserver" name="bshaders" scontext=u:r:cameraserver:s0 tcontext=u:object_r:system_data_file:s0 tclass=dir permissive=0
05-05 12:16:59.910000 11965 11965 I auditd  : type=1400 audit(0.0:738): avc: denied { add_name } for comm="cameraserver" name="bshaders" scontext=u:r:cameraserver:s0 tcontext=u:object_r:system_data_file:s0 tclass=dir permissive=0
05-05 12:16:59.990000 11965 11965 I auditd  : type=1400 audit(0.0:739): avc: denied { add_name } for comm="cameraserver" name="bshaders" scontext=u:r:cameraserver:s0 tcontext=u:object_r:system_data_file:s0 tclass=dir permissive=0
05-05 12:17:00.000000 11965 11965 I auditd  : type=1400 audit(0.0:740): avc: denied { add_name } for comm="cameraserver" name="bshaders" scontext=u:r:cameraserver:s0 tcontext=u:object_r:system_data_file:s0 tclass=dir permissive=0
05-05 12:17:00.020000 11965 11965 I auditd  : type=1400 audit(0.0:741): avc: denied { add_name } for comm="cameraserver" name="bshaders" scontext=u:r:cameraserver:s0 tcontext=u:object_r:system_data_file:s0 tclass=dir permissive=0
05-05 12:17:00.090353   979   995 I am_proc_start: [0,11990,10096,com.facebook.katana,service,com.facebook.katana/com.facebook.mqttlite.MqttService]
05-05 12:17:00.150214   979  1896 I am_proc_bound: [0,11990,com.facebook.katana]
05-05 12:17:00.330000 12005 12005 I auditd  : type=1400 audit(0.0:742): avc: denied { add_name } for comm="cameraserver" name="lshaders" scontext=u:r:cameraserver:s0 tcontext=u:object_r:system_data_file:s0 tclass=dir permissive=0
05-05 12:17:00.350000 12005 12005 I auditd  : type=1400 audit(0.0:743): avc: denied { add_name } for comm="cameraserver" name="lshaders" scontext=u:r:cameraserver:s0 tcontext=u:object_r:system_data_file:s0 tclass=dir permissive=0
05-05 12:17:00.390000 12005 12005 I auditd  : type=1400 audit(0.0:744): avc: denied { add_name } for comm="cameraserver" name="lshaders" scontext=u:r:cameraserver:s0 tcontext=u:object_r:system_data_file:s0 tclass=dir permissive=0
05-05 12:17:00.400000 12005 12005 I auditd  : type=1400 audit(0.0:745): avc: denied { add_name } for comm="cameraserver" name="lshaders" scontext=u:r:cameraserver:s0 tcontext=u:object_r:system_data_file:s0 tclass=dir permissive=0
05-05 12:17:00.420000 12005 12005 I auditd  : type=1400 audit(0.0:746): avc: denied { add_name } for comm="cameraserver" name="lshaders" scontext=u:r:cameraserver:s0 tcontext=u:object_r:system_data_file:s0 tclass=dir permissive=0
05-05 12:17:00.430000 12005 12005 I auditd  : type=1400 audit(0.0:747): avc: denied { add_name } for comm="cameraserver" name="lshaders" scontext=u:r:cameraserver:s0 tcontext=u:object_r:system_data_file:s0 tclass=dir permissive=0
05-05 12:17:00.440000 12005 12005 I auditd  : type=1400 audit(0.0:748): avc: denied { add_name } for comm="cameraserver" name="lshaders" scontext=u:r:cameraserver:s0 tcontext=u:object_r:system_data_file:s0 tclass=dir permissive=0
05-05 12:17:00.470000 12005 12005 I auditd  : type=1400 audit(0.0:749): avc: denied { add_name } for comm="cameraserver" name="lshaders" scontext=u:r:cameraserver:s0 tcontext=u:object_r:system_data_file:s0 tclass=dir permissive=0
05-05 12:17:00.480000 12005 12005 I auditd  : type=1400 audit(0.0:750): avc: denied { add_name } for comm="cameraserver" name="lshaders" scontext=u:r:cameraserver:s0 tcontext=u:object_r:system_data_file:s0 tclass=dir permissive=0
05-05 12:17:00.500000 12005 12005 I auditd  : type=1400 audit(0.0:751): avc: denied { add_name } for comm="cameraserver" name="lshaders" scontext=u:r:cameraserver:s0 tcontext=u:object_r:system_data_file:s0 tclass=dir permissive=0
05-05 12:17:00.520000 12005 12005 I auditd  : type=1400 audit(0.0:752): avc: denied { add_name } for comm="cameraserver" name="lshaders" scontext=u:r:cameraserver:s0 tcontext=u:object_r:system_data_file:s0 tclass=dir permissive=0
05-05 12:17:00.530000 12005 12005 I auditd  : type=1400 audit(0.0:753): avc: denied { add_name } for comm="cameraserver" name="lshaders" scontext=u:r:cameraserver:s0 tcontext=u:object_r:system_data_file:s0 tclass=dir permissive=0
05-05 12:17:00.550000 12005 12005 I auditd  : type=1400 audit(0.0:754): avc: denied { add_name } for comm="cameraserver" name="lshaders" scontext=u:r:cameraserver:s0 tcontext=u:object_r:system_data_file:s0 tclass=dir permissive=0
05-05 12:17:00.560000 12005 12005 I auditd  : type=1400 audit(0.0:755): avc: denied { add_name } for comm="cameraserver" name="lshaders" scontext=u:r:cameraserver:s0 tcontext=u:object_r:system_data_file:s0 tclass=dir permissive=0
05-05 12:17:00.580000 12005 12005 I auditd  : type=1400 audit(0.0:756): avc: denied { add_name } for comm="cameraserver" name="lshaders" scontext=u:r:cameraserver:s0 tcontext=u:object_r:system_data_file:s0 tclass=dir permissive=0
05-05 12:17:00.590000 12005 12005 I auditd  : type=1400 audit(0.0:757): avc: denied { add_name } for comm="cameraserver" name="lshaders" scontext=u:r:cameraserver:s0 tcontext=u:object_r:system_data_file:s0 tclass=dir permissive=0
05-05 12:17:00.610000 12005 12005 I auditd  : type=1400 audit(0.0:758): avc: denied { add_name } for comm="cameraserver" name="lshaders" scontext=u:r:cameraserver:s0 tcontext=u:object_r:system_data_file:s0 tclass=dir permissive=0
05-05 12:17:00.630000 12005 12005 I auditd  : type=1400 audit(0.0:759): avc: denied { add_name } for comm="cameraserver" name="lshaders" scontext=u:r:cameraserver:s0 tcontext=u:object_r:system_data_file:s0 tclass=dir permissive=0
05-05 12:17:00.640000 12005 12005 I auditd  : type=1400 audit(0.0:760): avc: denied { add_name } for comm="cameraserver" name="lshaders" scontext=u:r:cameraserver:s0 tcontext=u:object_r:system_data_file:s0 tclass=dir permissive=0
05-05 12:17:00.660000 12005 12005 I auditd  : type=1400 audit(0.0:761): avc: denied { add_name } for comm="cameraserver" name="lshaders" scontext=u:r:cameraserver:s0 tcontext=u:object_r:system_data_file:s0 tclass=dir permissive=0
05-05 12:17:00.660000 12005 12005 I auditd  : type=1400 audit(0.0:762): avc: denied { add_name } for comm="cameraserver" name="lshaders" scontext=u:r:cameraserver:s0 tcontext=u:object_r:system_data_file:s0 tclass=dir permissive=0
05-05 12:17:00.660000 12005 12005 I auditd  : type=1400 audit(0.0:763): avc: denied { add_name } for comm="cameraserver" name="lshaders" scontext=u:r:cameraserver:s0 tcontext=u:object_r:system_data_file:s0 tclass=dir permissive=0
05-05 12:17:01.224984   979  1892 I am_proc_start: [0,12015,10114,com.whatsapp,broadcast,com.whatsapp/.AlarmBroadcastReceiver]
05-05 12:17:01.298946   979  1448 I am_proc_bound: [0,12015,com.whatsapp]
05-05 12:17:02.113986   979  1199 I am_proc_died: [0,11296,com.android.calendar]
05-05 12:17:02.115527   979  1199 I am_low_memory: 32
05-05 12:17:02.280000   272   272 I auditd  : type=1400 audit(0.0:764): avc: denied { read open } for comm="sn" path="/data/media/0" dev="mmcblk0p20" ino=454275 scontext=u:r:sn:s0 tcontext=u:object_r:media_rw_data_file:s0 tclass=dir permissive=0
05-05 12:17:02.280000   272   272 I auditd  : type=1400 audit(0.0:765): avc: denied { read open } for comm="sn" path="/data/media/0" dev="mmcblk0p20" ino=454275 scontext=u:r:sn:s0 tcontext=u:object_r:media_rw_data_file:s0 tclass=dir permissive=0
05-05 12:17:02.280000   272   272 I auditd  : type=1400 audit(0.0:766): avc: denied { read open } for comm="sn" path="/mnt/media_rw/B2E2-3B8A" dev="mmcblk1p1" ino=1 scontext=u:r:sn:s0 tcontext=u:object_r:vfat:s0 tclass=dir permissive=0
05-05 12:17:02.701707   979   990 I am_proc_died: [0,10965,com.tencent.mm]
05-05 12:17:02.702182   979   990 I am_schedule_service_restart: [0,com.tencent.mm/.booter.NotifyReceiver$NotifyService,1000]
05-05 12:17:02.705117   979   990 I am_low_memory: 31
05-05 12:17:03.874434   979   994 I am_pss  : [11574,10097,com.facebook.orca,37689344,35377152,120832]
05-05 12:17:05.124601   979   979 I notification_cancel: [10114,12015,com.whatsapp,2,NULL,0,0,1088,8,NULL]
05-05 12:17:05.187882   979   979 I notification_cancel: [10114,12015,com.whatsapp,7,NULL,0,0,1088,8,NULL]
05-05 12:17:05.779598   979   979 I notification_cancel: [10114,12015,com.whatsapp,1,NULL,0,0,1088,8,NULL]
05-05 12:17:05.860000 12127 12127 I auditd  : type=1400 audit(0.0:767): avc: denied { search } for comm=576861747341707020576F726B6572 name="bin" dev="mmcblk0p20" ino=608401 scontext=u:r:untrusted_app:s0:c512,c768 tcontext=u:object_r:adbd_data_file:s0 tclass=dir permissive=0
05-05 12:17:06.084016 10715 10715 I force_gc: Binder
05-05 12:17:06.509235   979   995 I am_stop_activity: [0,156734956,com.android.launcher3/.Launcher]
05-05 12:17:06.598245  6208  6208 I am_on_stop_called: [0,com.android.launcher3.Launcher,handleStopActivity]
05-05 12:17:06.656459   979   979 I free_storage_changed: 8637407232
05-05 12:17:06.672942   979   994 I am_pss  : [11840,10080,com.mediatek.camera,66642944,61954048,105472]
05-05 12:17:06.872535   979   995 I am_destroy_activity: [0,156734956,387,com.android.launcher3/.Launcher,always-finish]
05-05 12:17:06.879188   223   223 I sf_frame_dur: [com.android.launcher3/com.android.launcher3.Launcher,17,5,1,4,1,6,4]
05-05 12:17:07.176420 10715 12162 I aggregation: 1493957827176
05-05 12:17:07.700000 12113 12113 I auditd  : type=1400 audit(0.0:768): avc: denied { read } for comm="IntentService[A" name="gpu_memory" dev="debugfs" ino=7053 scontext=u:r:untrusted_app:s0:c512,c768 tcontext=u:object_r:debugfs:s0 tclass=file permissive=0
05-05 12:17:07.700000 12113 12113 I auditd  : type=1400 audit(0.0:769): avc: denied { read } for comm="IntentService[A" name="clients" dev="debugfs" ino=6905 scontext=u:r:untrusted_app:s0:c512,c768 tcontext=u:object_r:debugfs:s0 tclass=dir permissive=0
05-05 12:17:08.471247   979   994 I am_pss  : [979,1000,system,59986944,50188288,7498752]
05-05 12:17:08.811034   979   979 I notification_cancel: [10114,12015,com.whatsapp,13,NULL,0,0,1088,8,NULL]
05-05 12:17:08.919057   979  1450 I am_proc_start: [0,12184,10003,android.process.acore,content provider,com.android.providers.contacts/.ContactsProvider2]
05-05 12:17:08.963939   979  1900 I am_proc_bound: [0,12184,android.process.acore]
05-05 12:17:09.043286   979   994 I am_pss  : [10948,10011,android.process.media,8399872,6885376,112640]
05-05 12:17:09.103053   979   994 I am_pss  : [1573,1000,shared.itel.phonemanager,18770944,9654272,7970816]
05-05 12:17:09.179623   979   994 I am_pss  : [1247,1001,com.android.phone,19880960,11284480,7119872]
05-05 12:17:09.254772   979   994 I am_pss  : [1132,10028,com.android.systemui,48816128,21684224,24696832]
05-05 12:17:11.963417   979   994 I am_proc_start: [0,12208,10070,com.android.printspooler,service,com.android.printspooler/.model.PrintSpoolerService]
05-05 12:17:12.036812   979  1892 I am_proc_bound: [0,12208,com.android.printspooler]
05-05 12:17:12.280000   272   272 I auditd  : type=1400 audit(0.0:770): avc: denied { read open } for comm="sn" path="/data/media/0" dev="mmcblk0p20" ino=454275 scontext=u:r:sn:s0 tcontext=u:object_r:media_rw_data_file:s0 tclass=dir permissive=0
05-05 12:17:12.290000   272   272 I auditd  : type=1400 audit(0.0:771): avc: denied { read open } for comm="sn" path="/data/media/0" dev="mmcblk0p20" ino=454275 scontext=u:r:sn:s0 tcontext=u:object_r:media_rw_data_file:s0 tclass=dir permissive=0
05-05 12:17:12.290000   272   272 I auditd  : type=1400 audit(0.0:772): avc: denied { read open } for comm="sn" path="/mnt/media_rw/B2E2-3B8A" dev="mmcblk1p1" ino=1 scontext=u:r:sn:s0 tcontext=u:object_r:vfat:s0 tclass=dir permissive=0
05-05 12:17:12.484150  1494  1507 I force_gc: Binder
05-05 12:17:14.333850   979   994 I am_pss  : [11713,10029,com.google.android.googlequicksearchbox:search,32856064,31207424,113664]
05-05 12:17:15.323734   979   994 I am_pss  : [11787,10066,com.hzay.market,10730496,8392704,111616]
05-05 12:17:15.425159   979   979 I notification_cancel: [10096,11990,com.facebook.katana,714499313,X.07Y,0,0,1088,8,NULL]
05-05 12:17:15.538341   979   979 I notification_cancel: [10096,11990,com.facebook.katana,714499313,X.07Y,0,0,1088,8,NULL]
05-05 12:17:15.791040 10816 10828 I force_gc: Binder
05-05 12:17:16.884060  1494  1494 I force_gc: Binder
05-05 12:17:17.408841   979   979 I notification_cancel: [10096,11990,com.facebook.katana,10436,NULL,0,0,1088,8,NULL]
05-05 12:17:20.264490   979  1273 I force_gc: Binder
05-05 12:17:20.369135   979   994 I am_pss  : [11990,10096,com.facebook.katana,51477504,48504832,109568]
05-05 12:17:20.407625   979   979 I notification_cancel: [10096,11990,com.facebook.katana,200,NULL,0,0,1088,8,NULL]
05-05 12:17:21.247093   979  1899 I am_proc_died: [0,11739,com.google.android.partnersetup]
05-05 12:17:22.290000   272   272 I auditd  : type=1400 audit(0.0:773): avc: denied { read open } for comm="sn" path="/data/media/0" dev="mmcblk0p20" ino=454275 scontext=u:r:sn:s0 tcontext=u:object_r:media_rw_data_file:s0 tclass=dir permissive=0
05-05 12:17:22.290000   272   272 I auditd  : type=1400 audit(0.0:774): avc: denied { read open } for comm="sn" path="/data/media/0" dev="mmcblk0p20" ino=454275 scontext=u:r:sn:s0 tcontext=u:object_r:media_rw_data_file:s0 tclass=dir permissive=0
05-05 12:17:22.290000   272   272 I auditd  : type=1400 audit(0.0:775): avc: denied { read open } for comm="sn" path="/mnt/media_rw/B2E2-3B8A" dev="mmcblk1p1" ino=1 scontext=u:r:sn:s0 tcontext=u:object_r:vfat:s0 tclass=dir permissive=0
05-05 12:17:22.387981   979   994 I am_pss  : [12015,10114,com.whatsapp,13878272,10637312,113664]
05-05 12:17:23.657712   979   979 I notification_cancel: [10097,11574,com.facebook.orca,10011,NULL,0,0,1088,8,NULL]
05-05 12:17:26.925592   979   979 I notification_cancel: [10028,1132,com.android.systemui,2132017197,low_battery,-1,0,1088,8,NULL]
05-05 12:17:29.674123   979  1025 I am_new_intent: [0,169570535,387,com.android.launcher3/.Launcher,android.intent.action.MAIN,NULL,NULL,278921216]
05-05 12:17:29.675225   979  1025 I am_focused_stack: [0,0,1,bringingFoundTaskToFront setFocusedActivity]
05-05 12:17:29.675685   979  1025 I wm_task_moved: [387,1,0]
05-05 12:17:29.733741   979  1025 I am_focused_activity: [0,com.android.launcher3/.Launcher,bringingFoundTaskToFront]
05-05 12:17:29.734137   979  1025 I am_pause_activity: [0,220657280,com.mediatek.camera/com.android.camera.CameraLauncher]
05-05 12:17:29.746664   979  1025 I am_restart_activity: [0,156734956,387,com.android.launcher3/.Launcher]
05-05 12:17:29.804421   979  1025 I am_pause_activity: [0,156734956,com.android.launcher3/.Launcher]
05-05 12:17:29.813490   979  1025 I am_resume_activity: [0,156734956,387,com.android.launcher3/.Launcher]
05-05 12:17:29.814272   979  1025 I am_task_to_front: [0,387]
05-05 12:17:29.816960   979  1025 I sysui_action: [323,com.android.launcher3/.Launcher]
05-05 12:17:29.817033   979  1025 I sysui_action: [324,true]
05-05 12:17:29.817088   979  1025 I sysui_action: [325,586]
05-05 12:17:29.817763   979   995 I sysui_count: [window_time_0,190]
05-05 12:17:29.819412   979   995 I am_stop_activity: [0,220657280,com.mediatek.camera/com.android.camera.CameraLauncher]
05-05 12:17:29.826701   979   995 I sysui_count: [window_time_0,0]
05-05 12:17:29.998902 11840 11840 I am_on_paused_called: [0,com.android.camera.CameraLauncher,handlePauseActivity]
05-05 12:17:30.071204 11840 11840 I am_on_stop_called: [0,com.android.camera.CameraLauncher,handleStopActivity]
05-05 12:17:30.130702   979   995 I am_destroy_activity: [0,220657280,392,com.mediatek.camera/com.android.camera.CameraLauncher,always-finish]
05-05 12:17:30.332521   979   995 I am_proc_start: [0,12364,10060,com.cooyiqi.itel,service,com.cooyiqi.itel/com.iekie.lovelyfonts.fonts.service.StartService]
05-05 12:17:30.357670   979  1896 I am_proc_bound: [0,12364,com.cooyiqi.itel]
05-05 12:17:30.520055   979  1896 I am_proc_start: [0,12379,1000,com.android.deskclock,service,com.android.deskclock/com.android.alarmclock.DigitalAppWidgetService]
05-05 12:17:30.547109   979  1900 I am_proc_bound: [0,12379,com.android.deskclock]
05-05 12:17:31.094146   979  1450 I am_mem_factor: [2,3]
05-05 12:17:31.147472  6208  6208 I am_on_resume_called: [0,com.android.launcher3.Launcher,LAUNCH_ACTIVITY]
05-05 12:17:31.180000  1890  1890 I auditd  : type=1400 audit(0.0:776): avc: denied { read open } for comm="Binder:979_B" path="/data/media/0" dev="mmcblk0p20" ino=454275 scontext=u:r:system_server:s0 tcontext=u:object_r:media_rw_data_file:s0 tclass=dir permissive=0
05-05 12:17:31.194418  6208  6208 I am_on_paused_called: [0,com.android.launcher3.Launcher,handlePauseActivity]
05-05 12:17:31.196875  6208  6208 I am_on_resume_called: [0,com.android.launcher3.Launcher,RESUME_ACTIVITY]
05-05 12:17:31.673171   979   994 I am_meminfo: [182423552,21430272,51322880,86163456,137952256]
05-05 12:17:31.768291   979   994 I am_pss  : [6208,1000,com.android.launcher3,54845440,38834176,12559360]
05-05 12:17:31.826942   979   994 I am_pss  : [10715,10015,com.google.android.gms,16153600,9797632,2250752]
05-05 12:17:31.876695   979   994 I am_pss  : [12379,1000,com.android.deskclock,6180864,4886528,286720]
05-05 12:17:31.937138   979  1002 I sysui_action: [320,2]
05-05 12:17:31.937249   979  1002 I sysui_action: [319,2327]
05-05 12:17:31.948221   979   994 I am_pss  : [1494,10015,com.google.android.gms.persistent,33815552,23277568,6475776]
05-05 12:17:31.963702   223   223 I sf_frame_dur: [SurfaceView - com.mediatek.camera/com.android.camera.CameraLauncher,250,494,50,11,11,1,1]
05-05 12:17:31.964271   223   223 I sf_frame_dur: [com.mediatek.camera/com.android.camera.CameraLauncher,486,478,16,11,4,2,1]
05-05 12:17:31.969506   979  1002 I sysui_action: [322,2359]
05-05 12:17:32.003462   979   994 I am_pss  : [12364,10060,com.cooyiqi.itel,8460288,7049216,290816]
05-05 12:17:32.077948   979   994 I am_pss  : [11840,10080,com.mediatek.camera,41740288,37048320,91136]
05-05 12:17:32.134640   979   994 I am_pss  : [6332,1000,tran.com.android.taplacollect,4657152,2965504,906240]
05-05 12:17:32.186559   979   994 I am_pss  : [12208,10070,com.android.printspooler,3571712,2711552,118784]
05-05 12:17:32.275782   979   994 I am_pss  : [11990,10096,com.facebook.katana,58267648,54521856,104448]
05-05 12:17:32.290000   272   272 I auditd  : type=1400 audit(0.0:777): avc: denied { read open } for comm="sn" path="/data/media/0" dev="mmcblk0p20" ino=454275 scontext=u:r:sn:s0 tcontext=u:object_r:media_rw_data_file:s0 tclass=dir permissive=0
05-05 12:17:32.290000   272   272 I auditd  : type=1400 audit(0.0:778): avc: denied { read open } for comm="sn" path="/data/media/0" dev="mmcblk0p20" ino=454275 scontext=u:r:sn:s0 tcontext=u:object_r:media_rw_data_file:s0 tclass=dir permissive=0
05-05 12:17:32.290000   272   272 I auditd  : type=1400 audit(0.0:779): avc: denied { read open } for comm="sn" path="/mnt/media_rw/B2E2-3B8A" dev="mmcblk1p1" ino=1 scontext=u:r:sn:s0 tcontext=u:object_r:vfat:s0 tclass=dir permissive=0
05-05 12:17:32.324900   979   994 I am_pss  : [10816,10015,com.google.process.gapps,4665344,2494464,1257472]
05-05 12:17:32.375281   979  1089 I am_proc_start: [0,12416,1000,com.android.calendar,service,com.android.calendar/.widget.CalendarAppWidgetService]
05-05 12:17:32.395393   979   994 I am_pss  : [12015,10114,com.whatsapp,14619648,11497472,105472]
05-05 12:17:32.403256   979  1199 I am_proc_bound: [0,12416,com.android.calendar]
05-05 12:17:32.447687   979   990 I am_proc_start: [0,12430,10041,com.android.chrome,service,com.android.chrome/org.chromium.chrome.browser.bookmarkswidget.BookmarkWidgetService]
05-05 12:17:32.458482   979   994 I am_pss  : [12184,10003,android.process.acore,27531264,23908352,108544]
05-05 12:17:32.483866   979  1900 I am_proc_bound: [0,12430,com.android.chrome]
05-05 12:17:32.519008   979   994 I am_pss  : [11914,10009,com.android.defcontainer,2922496,2121728,111616]
05-05 12:17:32.596936   979   994 I am_pss  : [11574,10097,com.facebook.orca,25310208,23592960,102400]
05-05 12:17:32.662118   979  1326 I am_proc_start: [0,12451,10004,com.android.providers.calendar,content provider,com.android.providers.calendar/.CalendarProvider2]
05-05 12:17:32.664335   979   994 I am_pss  : [10948,10011,android.process.media,8265728,6295552,698368]
05-05 12:17:32.693048   979  1089 I am_proc_start: [0,12464,10049,com.android.gallery3d:widgetservice,service,com.android.gallery3d/.gadget.WidgetService]
05-05 12:17:32.695525   979  1897 I am_proc_bound: [0,12451,com.android.providers.calendar]
05-05 12:17:32.723539   979  1450 I am_proc_bound: [0,12464,com.android.gallery3d:widgetservice]
05-05 12:17:32.732291   979   994 I am_pss  : [11787,10066,com.hzay.market,8110080,6184960,90112]
05-05 12:17:32.800224   979   994 I am_pss  : [11713,10029,com.google.android.googlequicksearchbox:search,26824704,25096192,92160]
05-05 12:17:32.858531   979   994 I am_pss  : [10652,10117,com.tencent.mm:push,12240896,3899392,7312384]
05-05 12:17:32.950856   979  1888 I am_mem_factor: [0,2]
05-05 12:17:32.966700   979   994 I am_pss  : [10786,10118,com.viber.voip,23836672,7254016,14093312]
05-05 12:17:33.027975   979   994 I am_pss  : [11448,10089,org.simalliance.openmobileapi.eseterminal,2702336,1982464,109568]
05-05 12:17:33.077214   979   994 I am_pss  : [11437,10088,org.simalliance.openmobileapi.uicc2terminal,2692096,1982464,102400]
05-05 12:17:33.128468   979   994 I am_pss  : [11424,10087,org.simalliance.openmobileapi.uicc1terminal,2793472,1978368,175104]
05-05 12:17:33.184212   979   994 I am_pss  : [11411,10085,org.simalliance.openmobileapi.service:remote,2822144,1191936,980992]
05-05 12:17:33.240693   979   994 I am_pss  : [10901,10037,com.afmobi.boomplayer,5885952,1253376,3511296]
05-05 12:17:33.294649   979   994 I am_pss  : [1120,10058,com.google.android.inputmethod.latin,7302144,1515520,4887552]
05-05 12:17:33.321148   979  1089 I am_wtf  : [0,979,system_server,-1,ActivityManager,Sending non-protected broadcast com.android.calendar.APPWIDGET_UPDATE from system 12416:com.android.calendar/1000 pkg com.android.calendar]
05-05 12:17:33.376247   979   994 I am_pss  : [4099,10082,com.mediatek.mtklogger,5415936,995328,3727360]
05-05 12:17:33.440838   979   994 I am_pss  : [1294,1002,com.android.bluetooth,8101888,2494464,4798464]
05-05 12:17:33.498288   979   994 I am_pss  : [1783,10078,com.baidu.map.location,3448832,331776,2455552]
05-05 12:17:33.562474   979   994 I am_pss  : [1573,1000,shared.itel.phonemanager,18537472,6438912,11131904]
05-05 12:17:33.617031   979   994 I am_pss  : [1558,10029,com.google.android.googlequicksearchbox:interactor,4742144,868352,3193856]
05-05 12:17:33.669728   979   994 I am_pss  : [1311,10016,com.google.android.ext.services,3308544,323584,2348032]
05-05 12:17:33.742288   979   994 I am_pss  : [1247,1001,com.android.phone,22440960,13729792,7078912]
05-05 12:17:33.814978   979   994 I am_pss  : [1132,10028,com.android.systemui,47992832,21391360,24382464]
05-05 12:17:33.860000 12476 12476 I auditd  : type=1400 audit(0.0:780): avc: denied { write } for comm="Binder:12464_2" name="property_service" dev="tmpfs" ino=1103 scontext=u:r:platform_app:s0:c512,c768 tcontext=u:object_r:property_socket:s0 tclass=sock_file permissive=0
05-05 12:17:33.860000 12476 12476 I auditd  : type=1400 audit(0.0:781): avc: denied { write } for comm="Binder:12464_2" name="property_service" dev="tmpfs" ino=1103 scontext=u:r:platform_app:s0:c512,c768 tcontext=u:object_r:property_socket:s0 tclass=sock_file permissive=0
05-05 12:17:33.860000 12476 12476 I auditd  : type=1400 audit(0.0:782): avc: denied { write } for comm="Binder:12464_2" name="property_service" dev="tmpfs" ino=1103 scontext=u:r:platform_app:s0:c512,c768 tcontext=u:object_r:property_socket:s0 tclass=sock_file permissive=0
05-05 12:17:33.860000 12476 12476 I auditd  : type=1400 audit(0.0:783): avc: denied { write } for comm="Binder:12464_2" name="property_service" dev="tmpfs" ino=1103 scontext=u:r:platform_app:s0:c512,c768 tcontext=u:object_r:property_socket:s0 tclass=sock_file permissive=0
05-05 12:17:33.860000 12476 12476 I auditd  : type=1400 audit(0.0:784): avc: denied { write } for comm="Binder:12464_2" name="property_service" dev="tmpfs" ino=1103 scontext=u:r:platform_app:s0:c512,c768 tcontext=u:object_r:property_socket:s0 tclass=sock_file permissive=0
05-05 12:17:33.860000 12476 12476 I auditd  : type=1400 audit(0.0:785): avc: denied { write } for comm="Binder:12464_2" name="property_service" dev="tmpfs" ino=1103 scontext=u:r:platform_app:s0:c512,c768 tcontext=u:object_r:property_socket:s0 tclass=sock_file permissive=0
05-05 12:17:33.860000 12476 12476 I auditd  : type=1400 audit(0.0:786): avc: denied { write } for comm="Binder:12464_2" name="property_service" dev="tmpfs" ino=1103 scontext=u:r:platform_app:s0:c512,c768 tcontext=u:object_r:property_socket:s0 tclass=sock_file permissive=0
05-05 12:17:33.927593   979   994 I am_pss  : [979,1000,system,61778944,52596736,6850560]
05-05 12:17:34.751299   979  1892 I force_gc: Binder
05-05 12:17:34.791027   979  1893 I am_proc_start: [0,12524,10041,com.android.chrome:privileged_process0,service,com.android.chrome/org.chromium.content.app.PrivilegedProcessService0]
05-05 12:17:34.824039   979  1893 I am_proc_bound: [0,12524,com.android.chrome:privileged_process0]
05-05 12:17:35.033363   979  1326 I am_proc_start: [0,12542,10067,com.android.providers.partnerbookmarks,content provider,com.android.providers.partnerbookmarks/.PartnerBookmarksProvider]
05-05 12:17:35.051198   979  1448 I am_proc_bound: [0,12542,com.android.providers.partnerbookmarks]
05-05 12:17:35.722882   979   979 I notification_cancel: [10041,12430,com.android.chrome,10436,NULL,0,0,1088,8,NULL]
05-05 12:17:36.229183 10948 11593 I force_gc: Binder
05-05 12:17:36.658225   979   979 I free_storage_changed: 8631083008
05-05 12:17:37.618018   979  1448 I force_gc: Binder
05-05 12:17:38.802444 10948 11667 I force_gc: Binder
05-05 12:17:40.366160   979  1273 I am_kill : [0,11713,com.google.android.googlequicksearchbox:search,906,empty #9]
05-05 12:17:40.455314   979  1325 I am_proc_died: [0,11713,com.google.android.googlequicksearchbox:search]
05-05 12:17:41.995542   979  1005 I auto_brightness_adj: [0.419922,-1.000000,86,0.630444,0.419922,21.000000,47,0.630444]
05-05 12:17:42.290000   272   272 I auditd  : type=1400 audit(0.0:787): avc: denied { read open } for comm="sn" path="/data/media/0" dev="mmcblk0p20" ino=454275 scontext=u:r:sn:s0 tcontext=u:object_r:media_rw_data_file:s0 tclass=dir permissive=0
05-05 12:17:42.290000   272   272 I auditd  : type=1400 audit(0.0:788): avc: denied { read open } for comm="sn" path="/data/media/0" dev="mmcblk0p20" ino=454275 scontext=u:r:sn:s0 tcontext=u:object_r:media_rw_data_file:s0 tclass=dir permissive=0
05-05 12:17:42.290000   272   272 I auditd  : type=1400 audit(0.0:789): avc: denied { read open } for comm="sn" path="/mnt/media_rw/B2E2-3B8A" dev="mmcblk1p1" ino=1 scontext=u:r:sn:s0 tcontext=u:object_r:vfat:s0 tclass=dir permissive=0
05-05 12:17:44.892204   979  1893 I am_kill : [0,11914,com.android.defcontainer,906,empty #9]
05-05 12:17:44.966400   979  1897 I am_proc_died: [0,11914,com.android.defcontainer]
05-05 12:17:44.985708   979   994 I am_pss  : [6208,1000,com.android.launcher3,84654080,68726784,11077632]
05-05 12:17:45.036664   979   994 I am_pss  : [6332,1000,tran.com.android.taplacollect,4465664,2875392,883712]
05-05 12:17:50.326386   979   995 I am_proc_start: [0,12588,10120,com.tencent.mobileqq:MSF,service,com.tencent.mobileqq/.msf.service.MsfService]
05-05 12:17:50.358393   979  1890 I am_proc_bound: [0,12588,com.tencent.mobileqq:MSF]
05-05 12:17:50.457259   979   995 I am_proc_start: [0,12601,10102,com.instagram.android,broadcast,com.instagram.android/com.instagram.common.analytics.AnalyticsUploadAlarmReceiver]
05-05 12:17:50.486116   979  1448 I am_proc_bound: [0,12601,com.instagram.android]
05-05 12:17:51.040000 12630 12630 I auditd  : type=1400 audit(0.0:790): avc: denied { read } for comm="pool-1-thread-3" name="address" dev="sysfs" ino=13593 scontext=u:r:untrusted_app:s0:c512,c768 tcontext=u:object_r:sysfs:s0 tclass=file permissive=0
05-05 12:17:51.050000 12630 12630 I auditd  : type=1400 audit(0.0:791): avc: denied { read } for comm="pool-1-thread-3" name="type" dev="sysfs" ino=9944 scontext=u:r:untrusted_app:s0:c512,c768 tcontext=u:object_r:sysfs:s0 tclass=file permissive=0
05-05 12:17:51.050000 12630 12630 I auditd  : type=1400 audit(0.0:792): avc: denied { read } for comm="pool-1-thread-3" name="name" dev="sysfs" ino=9936 scontext=u:r:untrusted_app:s0:c512,c768 tcontext=u:object_r:sysfs:s0 tclass=file permissive=0
05-05 12:17:51.050000 12630 12630 I auditd  : type=1400 audit(0.0:793): avc: denied { read } for comm="pool-1-thread-3" name="cid" dev="sysfs" ino=9927 scontext=u:r:untrusted_app:s0:c512,c768 tcontext=u:object_r:sysfs:s0 tclass=file permissive=0
05-05 12:17:51.490515   979   989 I am_create_task: [0,393]
05-05 12:17:51.490627   979   989 I am_create_activity: [0,199846770,393,com.android.dialer/.DialtactsActivity,android.intent.action.MAIN,NULL,NULL,270532608]
05-05 12:17:51.491044   979   989 I wm_task_created: [393,1]
05-05 12:17:51.491687   979   989 I wm_task_moved: [393,1,2]
05-05 12:17:51.493082   979   989 I am_focused_stack: [0,1,0,startedActivity setFocusedActivity]
05-05 12:17:51.493771   979   989 I wm_task_moved: [393,1,2]
05-05 12:17:51.500240   979   989 I am_focused_activity: [0,com.android.dialer/.DialtactsActivity,startedActivity]
05-05 12:17:51.500511   979   989 I am_pause_activity: [0,156734956,com.android.launcher3/.Launcher]
05-05 12:17:51.503943   979   989 I sysui_action: [323,com.android.dialer/.DialtactsActivity]
05-05 12:17:51.504002   979   989 I sysui_action: [324,false]
05-05 12:17:51.504049   979   989 I sysui_action: [325,607]
05-05 12:17:51.522333   979  1893 I am_wtf  : [0,979,system_server,-1,ActivityManager,Sending non-protected broadcast com.android.launcher3.action.LAUNCH from system 6208:com.android.launcher3/1000 pkg com.android.launcher3]
05-05 12:17:51.551968  6208  6208 I am_on_paused_called: [0,com.android.launcher3.Launcher,handlePauseActivity]
05-05 12:17:51.559849   979  1326 I am_kill : [0,12184,android.process.acore,906,empty #9]
05-05 12:17:51.589659   979  1900 I am_proc_start: [0,12648,10003,com.android.dialer,activity,com.android.dialer/.DialtactsActivity]
05-05 12:17:51.618035   979  1888 I am_proc_bound: [0,12648,com.android.dialer]
05-05 12:17:51.625630   979  1888 I am_restart_activity: [0,199846770,393,com.android.dialer/.DialtactsActivity]
05-05 12:17:51.680815   979  1002 I sysui_action: [321,261]
05-05 12:17:51.686860   979  1326 I am_proc_died: [0,12184,android.process.acore]
05-05 12:17:51.689817   979   994 I am_pss  : [1494,10015,com.google.android.gms.persistent,30183424,20201472,6439936]
05-05 12:17:51.690387   979  1002 I sysui_action: [320,1]
05-05 12:17:51.690480   979  1002 I sysui_action: [319,271]
05-05 12:17:51.750584   979   994 I am_pss  : [12364,10060,com.cooyiqi.itel,7397376,6144000,87040]
05-05 12:17:51.845593   979   994 I am_pss  : [11990,10096,com.facebook.katana,49704960,47562752,79872]
05-05 12:17:51.899299   979   990 I am_proc_start: [0,12668,10120,com.tencent.mobileqq,content provider,com.tencent.mobileqq/com.tencent.mqq.shared_file_accessor.ContentProviderImpl]
05-05 12:17:51.918819   979  1273 I am_proc_bound: [0,12668,com.tencent.mobileqq]
05-05 12:17:51.940497   979   994 I am_pss  : [11574,10097,com.facebook.orca,23929856,22474752,113664]
05-05 12:17:52.007390   979   994 I am_pss  : [11787,10066,com.hzay.market,7753728,6029312,80896]
05-05 12:17:52.069275   979   994 I am_pss  : [10652,10117,com.tencent.mm:push,11943936,3543040,7479296]
05-05 12:17:52.147392   979  1897 I am_proc_start: [0,12685,10003,android.process.acore,content provider,com.android.providers.contacts/.ContactsProvider2]
05-05 12:17:52.158163   979   989 I am_proc_bound: [0,12685,android.process.acore]
05-05 12:17:52.164772   979   994 I am_pss  : [10786,10118,com.viber.voip,22909952,5709824,14970880]
05-05 12:17:52.224246   979   994 I am_pss  : [11448,10089,org.simalliance.openmobileapi.eseterminal,2631680,131072,1949696]
05-05 12:17:52.279964   979   994 I am_pss  : [11437,10088,org.simalliance.openmobileapi.uicc2terminal,2621440,172032,1901568]
05-05 12:17:52.334472   979   994 I am_pss  : [11424,10087,org.simalliance.openmobileapi.uicc1terminal,2718720,225280,1916928]
05-05 12:17:52.392489   979   994 I am_pss  : [11411,10085,org.simalliance.openmobileapi.service:remote,2745344,274432,1888256]
05-05 12:17:52.440000 12206 12206 I auditd  : type=1400 audit(0.0:794): avc: denied { read } for comm="IntentService[A" name="gpu_memory" dev="debugfs" ino=7053 scontext=u:r:untrusted_app:s0:c512,c768 tcontext=u:object_r:debugfs:s0 tclass=file permissive=0
05-05 12:17:52.450000 12206 12206 I auditd  : type=1400 audit(0.0:795): avc: denied { read } for comm="IntentService[A" name="clients" dev="debugfs" ino=6905 scontext=u:r:untrusted_app:s0:c512,c768 tcontext=u:object_r:debugfs:s0 tclass=dir permissive=0
05-05 12:17:52.454418   979   994 I am_pss  : [10901,10037,com.afmobi.boomplayer,5778432,1241088,3510272]
05-05 12:17:52.512088   979   994 I am_pss  : [1120,10058,com.google.android.inputmethod.latin,7206912,1495040,4899840]
05-05 12:17:52.568479   979   994 I am_pss  : [4099,10082,com.mediatek.mtklogger,5337088,978944,3734528]
05-05 12:17:52.631428   979   994 I am_pss  : [1294,1002,com.android.bluetooth,7991296,2306048,4957184]
05-05 12:17:52.687911   979   994 I am_pss  : [1783,10078,com.baidu.map.location,3371008,196608,2583552]
05-05 12:17:52.742601   979   994 I am_pss  : [1558,10029,com.google.android.googlequicksearchbox:interactor,4635648,638976,3401728]
05-05 12:17:52.750000 12708 12708 I auditd  : type=1400 audit(0.0:796): avc: denied { search } for comm="sh" name="bin" dev="mmcblk0p20" ino=608401 scontext=u:r:untrusted_app:s0:c512,c768 tcontext=u:object_r:adbd_data_file:s0 tclass=dir permissive=0
05-05 12:17:52.798075   979   994 I am_pss  : [1311,10016,com.google.android.ext.services,3228672,196608,2463744]
05-05 12:17:53.000000 12723 12723 I auditd  : type=1400 audit(0.0:797): avc: denied { search } for comm="sh" name="bin" dev="mmcblk0p20" ino=608401 scontext=u:r:untrusted_app:s0:c512,c768 tcontext=u:object_r:adbd_data_file:s0 tclass=dir permissive=0
05-05 12:17:53.060000 12629 12629 I auditd  : type=1400 audit(0.0:798): avc: denied { read } for comm="pool-1-thread-2" name="address" dev="sysfs" ino=13593 scontext=u:r:untrusted_app:s0:c512,c768 tcontext=u:object_r:sysfs:s0 tclass=file permissive=0
05-05 12:17:53.140000 12731 12731 I auditd  : type=1400 audit(0.0:799): avc: denied { search } for comm="sh" name="bin" dev="mmcblk0p20" ino=608401 scontext=u:r:untrusted_app:s0:c512,c768 tcontext=u:object_r:adbd_data_file:s0 tclass=dir permissive=0
05-05 12:17:53.160000 12629 12629 I auditd  : type=1400 audit(0.0:800): avc: denied { read } for comm="pool-1-thread-2" name="address" dev="sysfs" ino=13593 scontext=u:r:untrusted_app:s0:c512,c768 tcontext=u:object_r:sysfs:s0 tclass=file permissive=0
05-05 12:17:53.300000 12739 12739 I auditd  : type=1400 audit(0.0:801): avc: denied { search } for comm="nt.mobileqq:MSF" name="bin" dev="mmcblk0p20" ino=608401 scontext=u:r:untrusted_app:s0:c512,c768 tcontext=u:object_r:adbd_data_file:s0 tclass=dir permissive=0
05-05 12:17:53.407137 12648 12648 I am_on_resume_called: [0,com.android.dialer.DialtactsActivity,LAUNCH_ACTIVITY]
05-05 12:17:53.530000  1326  1326 I auditd  : type=1400 audit(0.0:802): avc: denied { read open } for comm="Binder:979_7" path="/data/media/0" dev="mmcblk0p20" ino=454275 scontext=u:r:system_server:s0 tcontext=u:object_r:media_rw_data_file:s0 tclass=dir permissive=0
05-05 12:17:53.791129   979   979 I notification_cancel: [1000,979,com.android.server.telecom,1,NULL,0,0,0,8,NULL]
05-05 12:17:54.368798   979  1002 I sysui_action: [322,2949]
05-05 12:17:54.368927   979  1002 I am_activity_launch_time: [0,199846770,com.android.dialer/.DialtactsActivity,2798,2798]
05-05 12:17:54.404793   979  1897 I am_kill : [0,11840,com.mediatek.camera,906,empty #9]
05-05 12:17:54.445946   979  1325 I am_stop_activity: [0,156734956,com.android.launcher3/.Launcher]
05-05 12:17:54.458969  6208  6208 I am_on_stop_called: [0,com.android.launcher3.Launcher,handleStopActivity]
05-05 12:17:54.486373   979  1199 I am_proc_died: [0,11840,com.mediatek.camera]
05-05 12:17:54.489804   979   995 I am_destroy_activity: [0,156734956,387,com.android.launcher3/.Launcher,always-finish]
05-05 12:17:54.495853   223   223 I sf_frame_dur: [com.android.launcher3/com.android.launcher3.Launcher,287,24,7,5,5,1,5]
05-05 12:17:54.691821   979   979 I notification_cancel: [10003,12648,com.android.dialer,1,DefaultVoicemailNotifier,0,0,1088,8,NULL]
05-05 12:17:55.800000 12781 12781 I auditd  : type=1400 audit(0.0:803): avc: denied { read } for comm="pool-1-thread-2" name="address" dev="sysfs" ino=13593 scontext=u:r:untrusted_app:s0:c512,c768 tcontext=u:object_r:sysfs:s0 tclass=file permissive=0
05-05 12:17:56.106733   979   979 I notification_cancel: [1000,979,com.android.server.telecom,1,NULL,0,0,0,8,NULL]
05-05 12:17:56.113083   979  1890 I am_kill : [0,12208,com.android.printspooler,906,empty #9]
05-05 12:17:56.204720   979  1900 I am_proc_died: [0,12208,com.android.printspooler]
05-05 12:17:56.206870   979  1900 I am_kill : [0,12451,com.android.providers.calendar,906,empty #9]
05-05 12:17:56.237333   979   979 I notification_cancel: [10003,12648,com.android.dialer,1,DefaultVoicemailNotifier,0,0,1088,8,NULL]
05-05 12:17:56.324577   979  1899 I am_proc_died: [0,12451,com.android.providers.calendar]
05-05 12:17:56.424643   979   979 I notification_cancel: [1000,979,com.android.server.telecom,1,NULL,0,0,0,8,NULL]
05-05 12:17:56.451890   979   979 I notification_cancel: [10003,12648,com.android.dialer,1,DefaultVoicemailNotifier,0,0,1088,8,NULL]
05-05 12:17:57.462075   223   223 I sf_frame_dur: [com.android.dialer/com.android.dialer.DialtactsActivity,0,1,0,1,1,0,0]
05-05 12:17:58.244203   979  1025 I am_new_intent: [0,2296743,387,com.android.launcher3/.Launcher,android.intent.action.MAIN,NULL,NULL,278921216]
05-05 12:17:58.244481   979  1025 I am_focused_stack: [0,0,1,bringingFoundTaskToFront setFocusedActivity]
05-05 12:17:58.244961   979  1025 I wm_task_moved: [387,1,0]
05-05 12:17:58.259277   979  1025 I am_focused_activity: [0,com.android.launcher3/.Launcher,bringingFoundTaskToFront]
05-05 12:17:58.259676   979  1025 I am_pause_activity: [0,199846770,com.android.dialer/.DialtactsActivity]
05-05 12:17:58.268443   979  1025 I am_restart_activity: [0,156734956,387,com.android.launcher3/.Launcher]
05-05 12:17:58.299617 12648 12648 I am_on_paused_called: [0,com.android.dialer.DialtactsActivity,handlePauseActivity]
05-05 12:17:58.326245   979  1025 I am_pause_activity: [0,156734956,com.android.launcher3/.Launcher]
05-05 12:17:58.334154   979  1025 I am_resume_activity: [0,156734956,387,com.android.launcher3/.Launcher]
05-05 12:17:58.335736   979  1025 I am_task_to_front: [0,387]
05-05 12:17:58.338090   979  1025 I sysui_action: [323,com.android.launcher3/.Launcher]
05-05 12:17:58.338166   979  1025 I sysui_action: [324,true]
05-05 12:17:58.338215   979  1025 I sysui_action: [325,614]
05-05 12:17:58.340458   979   995 I sysui_count: [window_time_0,29]
05-05 12:17:58.341928   979   995 I am_stop_activity: [0,199846770,com.android.dialer/.DialtactsActivity]
05-05 12:17:58.345932   979   995 I sysui_count: [window_time_0,0]
05-05 12:17:58.414601   979   979 I notification_cancel: [1000,979,com.android.server.telecom,1,NULL,0,0,0,8,NULL]
05-05 12:17:58.425067   979   994 I am_pss  : [12015,10114,com.whatsapp,12693504,10412032,82944]
05-05 12:17:58.434986 12648 12648 I am_on_stop_called: [0,com.android.dialer.DialtactsActivity,handleStopActivity]
05-05 12:17:58.491870   979   995 I am_destroy_activity: [0,199846770,393,com.android.dialer/.DialtactsActivity,always-finish]
05-05 12:17:58.530099   979   979 I notification_cancel: [10003,12648,com.android.dialer,1,DefaultVoicemailNotifier,0,0,1088,8,NULL]
05-05 12:17:58.549145   979  1897 I am_kill : [0,12542,com.android.providers.partnerbookmarks,906,empty #9]
05-05 12:17:58.655991   979  1899 I am_proc_died: [0,12542,com.android.providers.partnerbookmarks]
05-05 12:17:59.251426  6208  6208 I am_on_resume_called: [0,com.android.launcher3.Launcher,LAUNCH_ACTIVITY]
05-05 12:17:59.270000  1890  1890 I auditd  : type=1400 audit(0.0:804): avc: denied { read open } for comm="Binder:979_B" path="/data/media/0" dev="mmcblk0p20" ino=454275 scontext=u:r:system_server:s0 tcontext=u:object_r:media_rw_data_file:s0 tclass=dir permissive=0
05-05 12:17:59.281995  6208  6208 I am_on_paused_called: [0,com.android.launcher3.Launcher,handlePauseActivity]
05-05 12:17:59.285242  6208  6208 I am_on_resume_called: [0,com.android.launcher3.Launcher,RESUME_ACTIVITY]
05-05 12:17:59.569647   979  1002 I sysui_action: [320,2]
05-05 12:17:59.569750   979  1002 I sysui_action: [319,1345]
05-05 12:17:59.575394   979  1002 I sysui_action: [322,1351]
05-05 12:17:59.577084   223   223 I sf_frame_dur: [com.android.dialer/com.android.dialer.DialtactsActivity,26,3,1,0,6,2,0]
05-05 12:18:00.469311   979   994 I am_pss  : [10715,10015,com.google.android.gms,19262464,13807616,2162688]
05-05 12:18:00.918801   979   994 I am_proc_start: [0,12813,10070,com.android.printspooler,service,com.android.printspooler/.model.PrintSpoolerService]
05-05 12:18:00.971172   979  1273 I am_proc_bound: [0,12813,com.android.printspooler]
05-05 12:18:01.819574   979  1897 I force_gc: Binder
05-05 12:18:02.105492 10948 11668 I force_gc: Binder
05-05 12:18:04.419326   979  1026 I power_sleep_requested: 0
05-05 12:18:04.427256   979   979 I am_pause_activity: [0,156734956,com.android.launcher3/.Launcher]
05-05 12:18:04.429680  6208  6208 I am_on_paused_called: [0,com.android.launcher3.Launcher,handlePauseActivity]
05-05 12:18:04.489716   979   995 I am_stop_activity: [0,156734956,com.android.launcher3/.Launcher]
05-05 12:18:04.498985  6208  6208 I am_on_stop_called: [0,com.android.launcher3.Launcher,sleeping]
05-05 12:18:05.097624   979   979 I device_idle: [1,no activity]
05-05 12:18:05.102786   979   979 I device_idle_light: [1,no activity]
05-05 12:18:05.465638   979   979 I power_screen_state: [0,2,0,0]
05-05 12:18:05.465705   979   979 I screen_toggled: 0
05-05 12:18:05.465761   979   979 I sysui_histogram: [screen_timeout,30]
05-05 12:18:05.466161   979   979 I power_screen_broadcast_send: 1
05-05 12:18:05.648880  1132  1132 I sysui_view_visibility: [111,100]
05-05 12:18:05.648974  1132  1132 I sysui_view_visibility: [126,100]
05-05 12:18:05.651653  1132  1132 I sysui_view_visibility: [113,100]
05-05 12:18:05.658561  1132  1132 I sysui_view_visibility: [411,100]
05-05 12:18:05.658680  1132  1132 I sysui_view_visibility: [112,100]
05-05 12:18:05.674871   979   989 I notification_expansion: [0|com.android.deskclock|2|null|1000,0,0,276962,276962,74040]
05-05 12:18:05.789126  1132  1132 I sysui_status_bar_state: [1,1,0,0,1,0]
05-05 12:18:05.810000  1892  1892 I auditd  : type=1400 audit(0.0:805): avc: denied { read open } for comm="Binder:979_C" path="/data/media/0" dev="mmcblk0p20" ino=454275 scontext=u:r:system_server:s0 tcontext=u:object_r:media_rw_data_file:s0 tclass=dir permissive=0
05-05 12:18:06.192085   979   979 I power_screen_broadcast_done: [0,726,1]
05-05 12:18:06.200000 12834 12834 I auditd  : type=1400 audit(0.0:806): avc: denied { search } for comm="sh" name="bin" dev="mmcblk0p20" ino=608401 scontext=u:r:untrusted_app:s0:c512,c768 tcontext=u:object_r:adbd_data_file:s0 tclass=dir permissive=0
05-05 12:18:06.209119   979   994 I am_pss  : [10816,10015,com.google.process.gapps,4489216,2486272,1251328]
05-05 12:18:06.270000 12836 12836 I auditd  : type=1400 audit(0.0:807): avc: denied { search } for comm="sh" name="bin" dev="mmcblk0p20" ino=608401 scontext=u:r:untrusted_app:s0:c512,c768 tcontext=u:object_r:adbd_data_file:s0 tclass=dir permissive=0
05-05 12:18:06.658377   979   979 I free_storage_changed: 8626888704
05-05 12:18:06.877514   979   979 I notification_cancel: [10028,1132,com.android.systemui,2132017197,low_battery,-1,0,1088,8,NULL]
05-05 12:18:07.806721   979  1893 I am_kill : [0,10816,com.google.process.gapps,906,empty #9]
05-05 12:18:07.854026   979  1897 I am_proc_died: [0,10816,com.google.process.gapps]
05-05 12:18:11.897081   979   979 I force_gc: mem
05-05 12:18:15.840069   979   979 I notification_cancel: [10096,11990,com.facebook.katana,714499313,X.07Y,0,0,1088,8,NULL]
05-05 12:18:16.902407  1132  1132 I sqlite_mem_released: 0
05-05 12:18:16.904045  1132  1132 I force_gc: mem
05-05 12:18:17.020633   979  1888 I am_kill : [0,12601,com.instagram.android,906,empty #9]
05-05 12:18:17.129258   979   994 I am_pss  : [6208,1000,com.android.launcher3,77880320,61878272,10237952]
05-05 12:18:17.164540   979  1896 I am_proc_died: [0,12601,com.instagram.android]
05-05 12:18:17.192696   979   994 I am_pss  : [6332,1000,tran.com.android.taplacollect,4829184,3248128,859136]
05-05 12:18:17.262045   979   994 I am_pss  : [12588,10120,com.tencent.mobileqq:MSF,17579008,13369344,94208]
05-05 12:18:20.832858   979   995 I am_kill : [0,12668,com.tencent.mobileqq,906,empty #9]
05-05 12:18:20.884683   979  1199 I am_proc_died: [0,12668,com.tencent.mobileqq]
05-05 12:18:25.837373  1247  1247 I sqlite_mem_released: 0
05-05 12:18:25.837729  1247  1247 I force_gc: mem
05-05 12:18:27.325099   979   979 I notification_cancel: [10096,11990,com.facebook.katana,714499313,X.07Y,0,0,1088,8,NULL]
05-05 12:18:27.349034   979   979 I notification_cancel: [10096,11990,com.facebook.katana,714499313,X.07Y,0,0,1088,8,NULL]
05-05 12:18:27.364695   979  1450 I am_kill : [0,12685,android.process.acore,906,empty #9]
05-05 12:18:27.457290   979   994 I am_pss  : [12015,10114,com.whatsapp,11389952,8761344,100352]
05-05 12:18:27.494194   979  1199 I am_proc_died: [0,12685,android.process.acore]
05-05 12:18:32.364606  1311  1311 I sqlite_mem_released: 0
05-05 12:18:32.365549  1311  1311 I force_gc: mem
05-05 12:18:33.130085   979   994 I am_pss  : [10948,10011,android.process.media,7041024,5050368,863232]
05-05 12:18:33.201762   979   994 I am_pss  : [12648,10003,com.android.dialer,35317760,30437376,87040]
