----- timezone:GMT
05-05 12:12:41.884158   979  1890 I am_proc_died: [0,1632,com.android.printspooler]
05-05 12:12:42.163067   979   990 I am_proc_start: [0,2824,10117,com.tencent.mm,broadcast,com.tencent.mm/.booter.BluetoothStateReceiver]
05-05 12:12:42.189090   979  1900 I am_proc_bound: [0,2824,com.tencent.mm]
05-05 12:12:42.220000   272   272 I auditd  : type=1400 audit(0.0:516): avc: denied { read open } for comm="sn" path="/data/media/0" dev="mmcblk0p20" ino=454275 scontext=u:r:sn:s0 tcontext=u:object_r:media_rw_data_file:s0 tclass=dir permissive=0
05-05 12:12:42.220000   272   272 I auditd  : type=1400 audit(0.0:517): avc: denied { read open } for comm="sn" path="/data/media/0" dev="mmcblk0p20" ino=454275 scontext=u:r:sn:s0 tcontext=u:object_r:media_rw_data_file:s0 tclass=dir permissive=0
05-05 12:12:42.220000   272   272 I auditd  : type=1400 audit(0.0:518): avc: denied { read open } for comm="sn" path="/mnt/media_rw/B2E2-3B8A" dev="mmcblk1p1" ino=1 scontext=u:r:sn:s0 tcontext=u:object_r:vfat:s0 tclass=dir permissive=0
05-05 12:12:42.761946   979   979 I notification_cancel: [10015,1494,com.google.android.gms,1,NULL,0,0,1088,8,NULL]
05-05 12:12:43.272735   979   979 I notification_cancel: [10097,2589,com.facebook.orca,200,NULL,0,0,1088,8,NULL]
05-05 12:12:43.496913   979   979 I notification_cancel: [10097,2589,com.facebook.orca,10011,NULL,0,0,1088,8,NULL]
05-05 12:12:45.953591   979   990 I am_proc_start: [0,2927,1000,com.android.deskclock,broadcast,com.android.deskclock/com.android.alarmclock.NewDigitalAppWidgetProvider]
05-05 12:12:45.956283   979   990 I am_kill : [0,1917,com.android.carrierconfig,906,empty #9]
05-05 12:12:45.978032   979  1892 I am_proc_bound: [0,2927,com.android.deskclock]
05-05 12:12:46.048209   979  1450 I am_proc_died: [0,1917,com.android.carrierconfig]
05-05 12:12:46.238457   979  1888 I am_proc_start: [0,2942,10076,com.android.mms,broadcast,com.android.mms/com.android.messaging.receiver.DefaultSmsSubscriptionChangeReceiver]
05-05 12:12:46.241159   979  1888 I am_kill : [0,2150,com.tencent.mobileqq,906,empty #9]
05-05 12:12:46.256780   979  1199 I force_gc: Binder
05-05 12:12:46.273283   979  1899 I am_proc_bound: [0,2942,com.android.mms]
05-05 12:12:46.324660   979  1890 I am_proc_died: [0,2150,com.tencent.mobileqq]
05-05 12:12:46.623848   979  1199 I am_kill : [0,1768,com.mediatek.mtklogger,906,empty #9]
05-05 12:12:46.706576   979  1888 I am_proc_died: [0,1768,com.mediatek.mtklogger]
05-05 12:12:46.895060   979   979 I notification_cancel: [10028,1132,com.android.systemui,2132017197,low_battery,-1,0,1088,8,NULL]
05-05 12:12:47.214342   979  1273 I notification_cancel_all: [1002,1294,com.android.bluetooth,0,0,64,9,NULL]
05-05 12:12:47.324868   979   979 I notification_cancel: [1002,1294,com.android.bluetooth,-1000005,NULL,0,0,1088,8,NULL]
05-05 12:12:47.342526   979   979 I notification_cancel: [1002,1294,com.android.bluetooth,-1000006,NULL,0,0,1088,8,NULL]
05-05 12:12:47.970205  2269  2269 I [70220] : 1057
05-05 12:12:47.971158  2269  2269 I [70220] : 32770
05-05 12:12:48.269787   979   979 I notification_cancel: [1002,1294,com.android.bluetooth,-1000005,NULL,0,0,1088,8,NULL]
05-05 12:12:48.293414   979   979 I notification_cancel: [1002,1294,com.android.bluetooth,-1000006,NULL,0,0,1088,8,NULL]
05-05 12:12:48.459912   979   995 I am_proc_start: [0,3001,10102,com.instagram.android,broadcast,com.instagram.android/com.instagram.store.PendingActionReceiver]
05-05 12:12:48.484938   979  1448 I am_proc_bound: [0,3001,com.instagram.android]
05-05 12:12:48.775692  2269  2994 I aggregation: 1493957568775
05-05 12:12:48.867166  2269  2994 I [70220] : [24772,297]
05-05 12:12:49.079979  1527  1538 I force_gc: Binder
05-05 12:12:49.367967   979  1892 I wm_stack_created: 1
05-05 12:12:49.370581   979  1892 I am_create_task: [0,388]
05-05 12:12:49.370689   979  1892 I am_create_activity: [0,64235714,388,com.whatsapp/.Main,android.intent.action.MAIN,NULL,NULL,270532608]
05-05 12:12:49.413740   979  1892 I wm_task_created: [388,1]
05-05 12:12:49.414463   979  1892 I wm_task_moved: [388,1,0]
05-05 12:12:49.423012   979  1892 I am_focused_stack: [0,1,0,startedActivity setFocusedActivity]
05-05 12:12:49.423949   979  1892 I wm_task_moved: [388,1,0]
05-05 12:12:49.440376   979  1892 I am_focused_activity: [0,com.whatsapp/.Main,startedActivity]
05-05 12:12:49.440694   979  1892 I am_pause_activity: [0,156734956,com.android.launcher3/.Launcher]
05-05 12:12:49.448578   979  1892 I sysui_action: [323,com.whatsapp/.Main]
05-05 12:12:49.450561   979  1892 I sysui_action: [324,true]
05-05 12:12:49.450663   979  1892 I sysui_action: [325,305]
05-05 12:12:49.523485   979  1897 I am_wtf  : [0,979,system_server,-1,ActivityManager,Sending non-protected broadcast com.android.launcher3.action.LAUNCH from system 1588:com.android.launcher3/1000 pkg com.android.launcher3]
05-05 12:12:49.612778  1588  1588 I am_on_paused_called: [0,com.android.launcher3.Launcher,handlePauseActivity]
05-05 12:12:49.645348   979   989 I am_restart_activity: [0,64235714,388,com.whatsapp/.Main]
05-05 12:12:49.683461   979  1002 I sysui_action: [321,443]
05-05 12:12:49.686281   979   995 I sysui_count: [window_time_0,159]
05-05 12:12:49.686530   979  1002 I sysui_action: [320,1]
05-05 12:12:49.686622   979  1002 I sysui_action: [319,446]
05-05 12:12:49.752725   979  1450 I am_proc_start: [0,3038,10117,com.tencent.mm:push,broadcast,com.tencent.mm/.booter.MMReceivers$ConnectionReceiver]
05-05 12:12:49.777958   979   990 I am_proc_bound: [0,3038,com.tencent.mm:push]
05-05 12:12:50.093325   979   989 I wm_task_moved: [388,1,0]
05-05 12:12:50.094865   979   989 I wm_task_moved: [388,1,0]
05-05 12:12:50.095836   979   989 I am_create_activity: [0,33370116,388,com.whatsapp/.HomeActivity,NULL,NULL,NULL,268435456]
05-05 12:12:50.097686   979   989 I wm_task_moved: [388,1,0]
05-05 12:12:50.100254   979   989 I am_focused_activity: [0,com.whatsapp/.HomeActivity,startedActivity]
05-05 12:12:50.100559   979   989 I am_pause_activity: [0,64235714,com.whatsapp/.Main]
05-05 12:12:50.104454   979   989 I sysui_action: [323,com.whatsapp/.Main]
05-05 12:12:50.104537   979   989 I sysui_action: [324,true]
05-05 12:12:50.104592   979   989 I sysui_action: [325,306]
05-05 12:12:50.106513   979  1199 I am_finish_activity: [0,64235714,388,com.whatsapp/.Main,app-request]
05-05 12:12:50.128733   979  1888 I am_restart_activity: [0,33370116,388,com.whatsapp/.HomeActivity]
05-05 12:12:50.185338   979   995 I sysui_count: [window_time_0,1]
05-05 12:12:50.575615  2311  2311 I am_on_resume_called: [0,com.whatsapp.HomeActivity,LAUNCH_ACTIVITY]
05-05 12:12:50.660000  3038  3038 I auditd  : type=1400 audit(0.0:519): avc: denied { read } for comm="tencent.mm:push" name="anr" dev="mmcblk0p20" ino=567841 scontext=u:r:untrusted_app:s0:c512,c768 tcontext=u:object_r:anr_data_file:s0 tclass=dir permissive=0
05-05 12:12:50.690000   989   989 I auditd  : type=1400 audit(0.0:520): avc: denied { read open } for comm="Binder:979_1" path="/data/media/0" dev="mmcblk0p20" ino=454275 scontext=u:r:system_server:s0 tcontext=u:object_r:media_rw_data_file:s0 tclass=dir permissive=0
05-05 12:12:50.772733   979  1089 I am_proc_start: [0,3086,10015,com.google.android.gms.unstable,service,com.google.android.gms/.droidguard.DroidGuardService]
05-05 12:12:50.799914   979  1893 I am_proc_bound: [0,3086,com.google.android.gms.unstable]
05-05 12:12:51.339086   979   979 I notification_cancel: [10015,3086,com.google.android.gms,10436,NOT_MNC,0,0,1088,8,NULL]
05-05 12:12:51.341005   979   979 I notification_cancel: [10015,3086,com.google.android.gms,39789,NOT_MNC,0,0,1088,8,NULL]
05-05 12:12:51.740000  3077  3077 I auditd  : type=1400 audit(0.0:521): avc: denied { read } for comm="RenderThread" name="boot_mode" dev="sysfs" ino=113 scontext=u:r:untrusted_app:s0:c512,c768 tcontext=u:object_r:sysfs:s0 tclass=file permissive=0
05-05 12:12:51.825522   979  1002 I sysui_action: [322,1735]
05-05 12:12:51.825676   979  1002 I am_activity_launch_time: [0,33370116,com.whatsapp/.HomeActivity,1702,2198]
05-05 12:12:52.136882   979  1448 I am_destroy_activity: [0,64235714,388,com.whatsapp/.Main,finish-imm]
05-05 12:12:52.137730   979  1448 I am_stop_activity: [0,156734956,com.android.launcher3/.Launcher]
05-05 12:12:52.170787  1588  1588 I am_on_stop_called: [0,com.android.launcher3.Launcher,handleStopActivity]
05-05 12:12:52.191406   979   995 I am_destroy_activity: [0,156734956,387,com.android.launcher3/.Launcher,always-finish]
05-05 12:12:52.196594   223   223 I sf_frame_dur: [com.android.launcher3/com.android.launcher3.Launcher,54,3,5,4,1,1,7]
05-05 12:12:52.220000   272   272 I auditd  : type=1400 audit(0.0:522): avc: denied { read open } for comm="sn" path="/data/media/0" dev="mmcblk0p20" ino=454275 scontext=u:r:sn:s0 tcontext=u:object_r:media_rw_data_file:s0 tclass=dir permissive=0
05-05 12:12:52.220000   272   272 I auditd  : type=1400 audit(0.0:523): avc: denied { read open } for comm="sn" path="/data/media/0" dev="mmcblk0p20" ino=454275 scontext=u:r:sn:s0 tcontext=u:object_r:media_rw_data_file:s0 tclass=dir permissive=0
05-05 12:12:52.220000   272   272 I auditd  : type=1400 audit(0.0:524): avc: denied { read open } for comm="sn" path="/mnt/media_rw/B2E2-3B8A" dev="mmcblk1p1" ino=1 scontext=u:r:sn:s0 tcontext=u:object_r:vfat:s0 tclass=dir permissive=0
05-05 12:12:52.736978   979  1893 I am_proc_start: [0,3152,10037,com.afmobi.boomplayer,broadcast,com.afmobi.boomplayer/com.tecno.boomplayer.service.BoomWidget_tower]
05-05 12:12:52.769686   979  1448 I am_proc_bound: [0,3152,com.afmobi.boomplayer]
05-05 12:12:53.795907   979   995 I am_proc_start: [0,3195,1000,com.android.calendar,broadcast,com.android.calendar/.widget.CalendarAppWidgetProvider]
05-05 12:12:53.827454   979  1893 I am_proc_bound: [0,3195,com.android.calendar]
05-05 12:12:54.022209   979   990 I am_proc_start: [0,3213,10004,com.android.providers.calendar,content provider,com.android.providers.calendar/.CalendarProvider2]
05-05 12:12:54.045840   979   989 I am_proc_bound: [0,3213,com.android.providers.calendar]
05-05 12:12:54.169604   979   989 I am_proc_start: [0,3226,10041,com.android.chrome,broadcast,com.android.chrome/com.google.android.apps.chrome.appwidget.bookmarks.BookmarkThumbnailWidgetProvider]
05-05 12:12:54.172109   979   989 I am_kill : [0,2927,com.android.deskclock,906,empty #9]
05-05 12:12:54.172771   979   989 I am_kill : [0,2641,com.android.systemui:screenshot,906,empty #10]
05-05 12:12:54.191679   979  1893 I am_proc_bound: [0,3226,com.android.chrome]
05-05 12:12:54.273433   979  1325 I am_proc_died: [0,2927,com.android.deskclock]
05-05 12:12:54.285720   979  1897 I am_proc_died: [0,2641,com.android.systemui:screenshot]
05-05 12:12:54.288078   979  1900 I am_proc_died: [0,2824,com.tencent.mm]
05-05 12:12:55.120464   979  1900 I force_gc: Binder
05-05 12:12:55.144192   979  1089 I am_proc_died: [0,2750,com.mediatek.bluetooth.dtt]
05-05 12:12:55.180319   979  1896 I am_proc_start: [0,3241,1000,com.android.deskclock,broadcast,com.android.deskclock/com.android.alarmclock.AnalogAppWidgetProvider]
05-05 12:12:55.194645   979  1450 I am_proc_bound: [0,3241,com.android.deskclock]
05-05 12:12:55.313609   979  1089 I am_proc_died: [0,3001,com.instagram.android]
05-05 12:12:55.463845   979  1448 I am_proc_died: [0,2681,com.android.dialer]
05-05 12:12:55.504690   979  1897 I am_proc_start: [0,3255,10049,com.android.gallery3d,broadcast,com.android.gallery3d/.gadget.PhotoAppWidgetProvider]
05-05 12:12:55.525853   979  1900 I am_proc_bound: [0,3255,com.android.gallery3d]
05-05 12:12:55.633528   979  1897 I am_proc_died: [0,2781,com.android.settings]
05-05 12:12:55.743468   979  1892 I am_proc_died: [0,3195,com.android.calendar]
05-05 12:12:55.746638   979  1892 I am_mem_factor: [2,0]
05-05 12:12:55.840743   979  1900 I am_proc_start: [0,3270,10029,com.google.android.googlequicksearchbox:search,broadcast,com.google.android.googlequicksearchbox/.SearchWidgetProvider]
05-05 12:12:55.843447   979  1900 I am_mem_factor: [0,2]
05-05 12:12:55.848875   979  1890 I am_proc_died: [0,3213,com.android.providers.calendar]
05-05 12:12:55.851142   979  1890 I am_mem_factor: [2,0]
05-05 12:12:55.868361   979  1199 I am_proc_bound: [0,3270,com.google.android.googlequicksearchbox:search]
05-05 12:12:56.004348   979  1899 I am_proc_died: [0,3226,com.android.chrome]
05-05 12:12:56.006404   979  1899 I am_mem_factor: [3,2]
05-05 12:12:56.428504   979   994 I am_meminfo: [148508672,21475328,40640512,80457728,88867840]
05-05 12:12:56.599268   979   994 I am_pss  : [2311,10114,com.whatsapp,38209536,34353152,178176]
05-05 12:12:56.651128   979   994 I am_pss  : [3255,10049,com.android.gallery3d,7021568,5554176,140288]
05-05 12:12:56.711187   979   994 I am_pss  : [1494,10015,com.google.android.gms.persistent,24082432,15937536,4715520]
05-05 12:12:56.758613   979   994 I am_pss  : [3241,1000,com.android.deskclock,6436864,5181440,138240]
05-05 12:12:56.816147   979   994 I am_pss  : [2269,10015,com.google.android.gms,15262720,11096064,652288]
05-05 12:12:56.874944   979   994 I am_pss  : [3086,10015,com.google.android.gms.unstable,12006400,8544256,117760]
05-05 12:12:56.927801   979   994 I am_pss  : [1543,10011,android.process.media,5627904,3887104,925696]
05-05 12:12:56.980979   979   994 I am_pss  : [3152,10037,com.afmobi.boomplayer,15974400,13697024,137216]
05-05 12:12:57.075822   979   994 I am_pss  : [1995,10096,com.facebook.katana,36231168,28741632,5449728]
05-05 12:12:57.124873   979   994 I am_pss  : [1527,10015,com.google.process.gapps,5282816,3166208,1311744]
05-05 12:12:57.187168   979   994 I am_pss  : [1294,1002,com.android.bluetooth,8590336,4694016,2956288]
05-05 12:12:57.249040   979   994 I am_pss  : [2084,10120,com.tencent.mobileqq:MSF,16312320,7790592,7050240]
05-05 12:12:57.284351   979   990 I am_proc_died: [0,3241,com.android.deskclock]
05-05 12:12:57.306346   979   994 I am_pss  : [3038,10117,com.tencent.mm:push,17257472,15327232,110592]
05-05 12:12:57.375355   979   994 I am_pss  : [1588,1000,com.android.launcher3,35697664,24838144,8300544]
05-05 12:12:57.427400   979   994 I am_pss  : [1872,1000,tran.com.android.taplacollect,4159488,2363392,1045504]
05-05 12:12:57.473945   979  1089 I am_proc_start: [0,3295,10003,com.android.dialer,broadcast,com.android.dialer/com.mediatek.dialer.calllog.PhoneAccountChangedReceiver]
05-05 12:12:57.485128   979   994 I am_pss  : [2942,10076,com.android.mms,9152512,7352320,110592]
05-05 12:12:57.517858   979  1450 I am_proc_bound: [0,3295,com.android.dialer]
05-05 12:12:57.558396   979   994 I am_pss  : [2589,10097,com.facebook.orca,30584832,28725248,107520]
05-05 12:12:57.615941   979  1900 I am_proc_start: [0,3309,10020,com.google.android.partnersetup,content provider,com.google.android.partnersetup/.RlzAppProvider]
05-05 12:12:57.619600   979   994 I am_pss  : [2699,10060,com.cooyiqi.itel,5583872,3952640,117760]
05-05 12:12:57.639449   979  1273 I am_proc_bound: [0,3309,com.google.android.partnersetup]
05-05 12:12:57.702968   979   994 I am_pss  : [2106,10118,com.viber.voip,25644032,17715200,6635520]
05-05 12:12:57.759728   979   994 I am_pss  : [1434,10003,android.process.acore,18049024,12578816,4497408]
05-05 12:12:57.817589   979   994 I am_pss  : [1977,10066,com.hzay.market,7548928,3031040,3412992]
05-05 12:12:57.873585   979   994 I am_pss  : [1847,10117,com.tencent.mm:recovery,10340352,4186112,4966400]
05-05 12:12:57.923534   979   989 I am_proc_died: [0,3255,com.android.gallery3d]
05-05 12:12:57.925790   979   994 I am_pss  : [1783,10078,com.baidu.map.location,3251200,704512,1826816]
05-05 12:12:57.977777   979   994 I am_pss  : [1120,10058,com.google.android.inputmethod.latin,7440384,2027520,4410368]
05-05 12:12:57.994949   979   979 I notification_cancel: [10029,3270,com.google.android.googlequicksearchbox,10436,NULL,0,0,1088,8,NULL]
05-05 12:12:58.030495   979   994 I am_pss  : [1573,1000,shared.itel.phonemanager,8527872,4837376,2914304]
05-05 12:12:58.081552   979   994 I am_pss  : [1558,10029,com.google.android.googlequicksearchbox:interactor,4939776,1327104,2642944]
05-05 12:12:58.128728   979   994 I am_pss  : [1311,10016,com.google.android.ext.services,3255296,1892352,670720]
05-05 12:12:58.203979   979  1890 I am_proc_start: [0,3330,10021,com.android.managedprovisioning,broadcast,com.android.managedprovisioning/.PreBootListener]
05-05 12:12:58.204628   979   994 I am_pss  : [1247,1001,com.android.phone,22648832,16257024,4457472]
05-05 12:12:58.224297   979  1896 I am_proc_bound: [0,3330,com.android.managedprovisioning]
05-05 12:12:58.274876   979   994 I am_pss  : [1132,10028,com.android.systemui,37310464,22664192,11236352]
05-05 12:12:58.327588   979  1888 I am_pre_boot: [0,com.android.providers.calendar]
05-05 12:12:58.377591   979  1325 I am_proc_start: [0,3343,1000,com.android.settings,broadcast,com.android.settings/.sim.SimSelectNotification]
05-05 12:12:58.384267   979   994 I am_pss  : [979,1000,system,56672256,46743552,7139328]
05-05 12:12:58.400638   979  1089 I am_proc_bound: [0,3343,com.android.settings]
05-05 12:12:58.708656   979   989 I am_mem_factor: [2,3]
05-05 12:12:58.983240   979  1273 I am_proc_died: [0,3330,com.android.managedprovisioning]
05-05 12:12:58.985267   979  1273 I am_mem_factor: [3,2]
05-05 12:12:59.049003  2269  2269 I [70220] : 2369
05-05 12:12:59.049370  2269  2269 I [70220] : 10242
05-05 12:12:59.455247   979  1893 I am_proc_start: [0,3360,1000,com.android.calendar,broadcast,com.android.calendar/.widget.CalendarAppWidgetProvider]
05-05 12:12:59.510380   979  1450 I am_proc_bound: [0,3360,com.android.calendar]
05-05 12:12:59.560153   979   994 I am_proc_start: [0,3373,10070,com.android.printspooler,service,com.android.printspooler/.model.PrintSpoolerService]
05-05 12:12:59.582930   979   989 I am_proc_bound: [0,3373,com.android.printspooler]
05-05 12:12:59.819710   979  1273 I am_proc_start: [0,3390,10041,com.android.chrome,broadcast,com.android.chrome/com.google.android.apps.chrome.appwidget.bookmarks.BookmarkThumbnailWidgetProvider]
05-05 12:12:59.822437   979  1273 I am_mem_factor: [2,3]
05-05 12:12:59.841705   979  1890 I am_proc_died: [0,3295,com.android.dialer]
05-05 12:12:59.843803   979  1890 I am_mem_factor: [3,2]
05-05 12:12:59.855627   979  1899 I am_proc_bound: [0,3390,com.android.chrome]
05-05 12:12:59.964288   979  1897 I am_proc_died: [0,3343,com.android.settings]
05-05 12:13:00.950027   979  1089 I am_proc_start: [0,3405,1000,com.android.deskclock,broadcast,com.android.deskclock/com.android.alarmclock.AnalogAppWidgetProvider]
05-05 12:13:00.963834   979  1892 I am_proc_bound: [0,3405,com.android.deskclock]
05-05 12:13:01.203076   979  1896 I am_proc_start: [0,3419,10049,com.android.gallery3d,broadcast,com.android.gallery3d/.gadget.PhotoAppWidgetProvider]
05-05 12:13:01.214402   979  1896 I am_mem_factor: [2,3]
05-05 12:13:01.243911   979  1890 I am_proc_bound: [0,3419,com.android.gallery3d]
05-05 12:13:01.490540   979  1893 I am_proc_start: [0,3434,10023,com.android.vending,broadcast,com.android.vending/.MarketWidgetProvider]
05-05 12:13:01.495472   979  1893 I am_mem_factor: [0,2]
05-05 12:13:01.511045   979  1900 I am_proc_bound: [0,3434,com.android.vending]
05-05 12:13:02.156458   979   979 I notification_cancel: [10023,3434,com.android.vending,-1050172287,NULL,0,0,1088,8,NULL]
05-05 12:13:02.220000   272   272 I auditd  : type=1400 audit(0.0:525): avc: denied { read open } for comm="sn" path="/data/media/0" dev="mmcblk0p20" ino=454275 scontext=u:r:sn:s0 tcontext=u:object_r:media_rw_data_file:s0 tclass=dir permissive=0
05-05 12:13:02.220000   272   272 I auditd  : type=1400 audit(0.0:526): avc: denied { read open } for comm="sn" path="/data/media/0" dev="mmcblk0p20" ino=454275 scontext=u:r:sn:s0 tcontext=u:object_r:media_rw_data_file:s0 tclass=dir permissive=0
05-05 12:13:02.220000   272   272 I auditd  : type=1400 audit(0.0:527): avc: denied { read open } for comm="sn" path="/mnt/media_rw/B2E2-3B8A" dev="mmcblk1p1" ino=1 scontext=u:r:sn:s0 tcontext=u:object_r:vfat:s0 tclass=dir permissive=0
05-05 12:13:02.459210   979   979 I notification_cancel: [10023,3434,com.android.vending,-555892993,NULL,0,0,1088,8,NULL]
05-05 12:13:02.474247   979  1888 I am_proc_start: [0,3475,10044,com.google.android.apps.docs,broadcast,com.google.android.apps.docs/.widget.CakemixAppWidgetProvider]
05-05 12:13:02.517912   979  1890 I am_proc_bound: [0,3475,com.google.android.apps.docs]
05-05 12:13:02.553372   979  1448 I am_proc_died: [0,3360,com.android.calendar]
05-05 12:13:03.234455   979   990 I am_proc_died: [0,3390,com.android.chrome]
05-05 12:13:03.236102   979   990 I am_mem_factor: [2,0]
05-05 12:13:03.771262   979  1325 I am_proc_start: [0,3505,10050,com.google.android.gm,broadcast,com.google.android.gm/.widget.GmailWidgetProvider]
05-05 12:13:03.774459   979  1900 I am_mem_factor: [0,2]
05-05 12:13:03.806649   979   979 I notification_cancel: [10044,3475,com.google.android.apps.docs,10436,NULL,0,0,1088,8,NULL]
05-05 12:13:03.814957   979  1899 I am_proc_bound: [0,3505,com.google.android.gm]
05-05 12:13:04.933513   979  1089 I am_proc_died: [0,3405,com.android.deskclock]
05-05 12:13:04.973478   979  1325 I am_proc_start: [0,3541,10063,com.google.android.music:main,broadcast,com.google.android.music/com.android.music.MediaAppWidgetProvider]
05-05 12:13:04.991444   979  1900 I am_proc_bound: [0,3541,com.google.android.music:main]
05-05 12:13:05.143543   979  1450 I am_proc_died: [0,3419,com.android.gallery3d]
05-05 12:13:05.564165   979  1450 I am_proc_died: [0,3434,com.android.vending]
05-05 12:13:05.567825   979  1450 I am_mem_factor: [2,0]
05-05 12:13:05.981993   979   990 I force_gc: Binder
05-05 12:13:06.328391   979   994 I am_pss  : [2311,10114,com.whatsapp,34131968,28516352,2580480]
05-05 12:13:06.624361   979   979 I free_storage_changed: 8439025664
05-05 12:13:06.855436   979  1890 I am_proc_start: [0,3576,10006,com.talpa.changewallpaper,broadcast,com.talpa.changewallpaper/.AnimationWidget]
05-05 12:13:06.888957   979  1899 I am_proc_bound: [0,3576,com.talpa.changewallpaper]
05-05 12:13:06.961294   979  1888 I am_mem_factor: [0,2]
05-05 12:13:07.051643   979   979 I notification_cancel: [10063,3541,com.google.android.music,1061,NULL,0,0,1088,8,NULL]
05-05 12:13:07.052523   979  1900 I am_proc_died: [0,3475,com.google.android.apps.docs]
05-05 12:13:07.094559   979  1893 I am_proc_start: [0,3590,10003,com.android.dialer,broadcast,com.android.dialer/com.mediatek.contacts.simcontact.BootCmpReceiver]
05-05 12:13:07.113304   979   990 I am_proc_bound: [0,3590,com.android.dialer]
05-05 12:13:07.350532   979  1900 I am_proc_start: [0,3606,1000,com.android.settings,broadcast,com.android.settings/.sim.SimSelectNotification]
05-05 12:13:07.374161   979  1899 I am_proc_bound: [0,3606,com.android.settings]
05-05 12:13:07.791695   979  1326 I am_create_task: [0,389]
05-05 12:13:07.791849   979  1326 I am_create_activity: [0,123782701,389,com.android.stk/.StkDialogActivity,NULL,NULL,stk://com.android.stk/dialog/1493957587712,277086208]
05-05 12:13:07.795755   979  1326 I wm_task_created: [389,1]
05-05 12:13:07.799947   979  1326 I wm_task_moved: [389,1,1]
05-05 12:13:07.801990   979  1326 I wm_task_moved: [389,1,1]
05-05 12:13:07.840721   979  1326 I am_focused_activity: [0,com.android.stk/.StkDialogActivity,startedActivity]
05-05 12:13:07.841083   979  1326 I am_pause_activity: [0,33370116,com.whatsapp/.HomeActivity]
05-05 12:13:07.858444   979  1326 I sysui_action: [323,com.android.stk/.StkDialogActivity]
05-05 12:13:07.858526   979  1326 I sysui_action: [324,true]
05-05 12:13:07.858584   979  1326 I sysui_action: [325,324]
05-05 12:13:07.910838  2311  2311 I am_on_paused_called: [0,com.whatsapp.HomeActivity,handlePauseActivity]
05-05 12:13:07.929580   979  1890 I am_restart_activity: [0,123782701,389,com.android.stk/.StkDialogActivity]
05-05 12:13:07.936052   979   995 I sysui_count: [window_time_0,17]
05-05 12:13:08.145834  1247  1247 I am_on_resume_called: [0,com.android.stk.StkDialogActivity,LAUNCH_ACTIVITY]
05-05 12:13:08.290000  1199  1199 I auditd  : type=1400 audit(0.0:528): avc: denied { read open } for comm="Binder:979_4" path="/data/media/0" dev="mmcblk0p20" ino=454275 scontext=u:r:system_server:s0 tcontext=u:object_r:media_rw_data_file:s0 tclass=dir permissive=0
05-05 12:13:08.520684  2269  2269 I [70220] : 2369
05-05 12:13:08.520854  2269  2269 I [70220] : 10242
05-05 12:13:08.608804   979  1002 I sysui_action: [320,2]
05-05 12:13:08.608897   979  1002 I sysui_action: [319,871]
05-05 12:13:08.609115   979  1002 I sysui_action: [322,872]
05-05 12:13:08.609225   979  1002 I am_activity_launch_time: [0,123782701,com.android.stk/.StkDialogActivity,694,694]
05-05 12:13:08.633697   979  1448 I am_proc_died: [0,3373,com.android.printspooler]
05-05 12:13:08.744220   979  1199 I am_proc_died: [0,3270,com.google.android.googlequicksearchbox:search]
05-05 12:13:09.050354  1527  3033 I force_gc: Binder
05-05 12:13:09.375294   979  1897 I am_proc_start: [0,3653,1000,com.itel.freezer,broadcast,com.itel.freezer/.MBootBroadcastReceiver]
05-05 12:13:09.400777   979  1888 I am_proc_bound: [0,3653,com.itel.freezer]
05-05 12:13:09.611465  1527  1539 I force_gc: Binder
05-05 12:13:09.869365   979  1010 I am_proc_start: [0,3668,10009,com.android.defcontainer,service,com.android.defcontainer/.DefaultContainerService]
05-05 12:13:09.891280   979  1199 I am_proc_bound: [0,3668,com.android.defcontainer]
05-05 12:13:09.909273  2269  2269 I force_gc: Binder
05-05 12:13:09.984423   979  1900 I am_proc_died: [0,3505,com.google.android.gm]
05-05 12:13:10.407646   979  1890 I am_proc_start: [0,3686,10117,com.tencent.mm,broadcast,com.tencent.mm/.booter.NotifyReceiver]
05-05 12:13:10.440033   979  1888 I am_proc_bound: [0,3686,com.tencent.mm]
05-05 12:13:10.554426   979   990 I am_proc_died: [0,3541,com.google.android.music:main]
05-05 12:13:10.684020   979  1450 I am_proc_died: [0,3576,com.talpa.changewallpaper]
05-05 12:13:10.994975   979  1900 I am_proc_died: [0,3606,com.android.settings]
05-05 12:13:10.996441   979  1900 I am_mem_factor: [2,0]
05-05 12:13:11.163733   979   989 I am_proc_died: [0,3590,com.android.dialer]
05-05 12:13:11.165400   979   989 I am_mem_factor: [3,2]
05-05 12:13:11.985788   979  1089 I force_gc: Binder
05-05 12:13:12.220000   272   272 I auditd  : type=1400 audit(0.0:529): avc: denied { read open } for comm="sn" path="/data/media/0" dev="mmcblk0p20" ino=454275 scontext=u:r:sn:s0 tcontext=u:object_r:media_rw_data_file:s0 tclass=dir permissive=0
05-05 12:13:12.220000   272   272 I auditd  : type=1400 audit(0.0:530): avc: denied { read open } for comm="sn" path="/data/media/0" dev="mmcblk0p20" ino=454275 scontext=u:r:sn:s0 tcontext=u:object_r:media_rw_data_file:s0 tclass=dir permissive=0
05-05 12:13:12.220000   272   272 I auditd  : type=1400 audit(0.0:531): avc: denied { read open } for comm="sn" path="/mnt/media_rw/B2E2-3B8A" dev="mmcblk1p1" ino=1 scontext=u:r:sn:s0 tcontext=u:object_r:vfat:s0 tclass=dir permissive=0
05-05 12:13:13.095219   979  1893 I am_proc_died: [0,1434,android.process.acore]
05-05 12:13:13.824967   979  1890 I am_proc_start: [0,3742,10004,com.android.providers.calendar,broadcast,com.android.providers.calendar/.CalendarUpgradeReceiver]
05-05 12:13:13.850275   979  1089 I am_proc_bound: [0,3742,com.android.providers.calendar]
05-05 12:13:14.039032   979  1896 I am_pre_boot: [0,com.android.providers.contacts]
05-05 12:13:14.063798   979  1896 I am_proc_start: [0,3757,10050,com.google.android.gm,broadcast,com.google.android.gm/.widget.GmailWidgetProvider]
05-05 12:13:14.100430   979  1890 I am_proc_bound: [0,3757,com.google.android.gm]
05-05 12:13:14.247280   979  1325 I am_proc_died: [0,3653,com.itel.freezer]
05-05 12:13:15.043717   979   990 I am_proc_died: [0,3742,com.android.providers.calendar]
05-05 12:13:15.068295   979  1893 I am_proc_start: [0,3799,10003,android.process.acore,broadcast,com.android.providers.contacts/.ContactsUpgradeReceiver]
05-05 12:13:15.106885   979   990 I am_proc_bound: [0,3799,android.process.acore]
05-05 12:13:15.411592   979  1900 I am_proc_died: [0,2589,com.facebook.orca]
05-05 12:13:15.416693   979  1900 I am_schedule_service_restart: [0,com.facebook.orca/com.facebook.messaging.newphoto.NewPhotoIntentService,1000]
05-05 12:13:16.028191   979  1896 I am_pre_boot: [0,com.android.providers.media]
05-05 12:13:16.115569   979   994 I am_pss  : [1494,10015,com.google.android.gms.persistent,22930432,13660160,6326272]
05-05 12:13:16.150535   979  1897 I am_pre_boot: [0,com.android.settings]
05-05 12:13:16.178576   979  1890 I am_proc_start: [0,3846,1000,com.android.settings,broadcast,com.android.settings/.SettingsInitialize]
05-05 12:13:16.179325   979   994 I am_pss  : [3152,10037,com.afmobi.boomplayer,7574528,6115328,119808]
05-05 12:13:16.218802   979  1888 I am_proc_bound: [0,3846,com.android.settings]
05-05 12:13:16.253360   979   994 I am_pss  : [3038,10117,com.tencent.mm:push,12327936,10125312,108544]
05-05 12:13:16.311716   979   994 I am_pss  : [1977,10066,com.hzay.market,7716864,2842624,3899392]
05-05 12:13:16.388583   979   994 I am_pss  : [2106,10118,com.viber.voip,24356864,6311936,16979968]
05-05 12:13:16.440745   979   994 I am_pss  : [2699,10060,com.cooyiqi.itel,5622784,3309568,1038336]
05-05 12:13:16.537399   979  1448 I am_pre_boot: [0,com.google.android.googlequicksearchbox]
05-05 12:13:16.555046   979  1448 I am_proc_start: [0,3860,10029,com.google.android.googlequicksearchbox:search,broadcast,com.google.android.googlequicksearchbox/com.google.android.apps.gsa.googlequicksearchbox.GelStubAppWatcher]
05-05 12:13:16.555672   979   994 I am_pss  : [1995,10096,com.facebook.katana,34701312,18145280,15002624]
05-05 12:13:16.557950   979  1448 I am_mem_factor: [2,3]
05-05 12:13:16.574497   979  1893 I am_proc_died: [0,3799,android.process.acore]
05-05 12:13:16.576889   979  1893 I am_mem_factor: [3,2]
05-05 12:13:16.590433   979   989 I am_proc_bound: [0,3860,com.google.android.googlequicksearchbox:search]
05-05 12:13:16.628641   979   994 I am_pss  : [1294,1002,com.android.bluetooth,7519232,3616768,3054592]
05-05 12:13:16.691197   979   994 I am_pss  : [2084,10120,com.tencent.mobileqq:MSF,14218240,6004736,7079936]
05-05 12:13:16.744911   979   994 I am_pss  : [1847,10117,com.tencent.mm:recovery,9802752,2789376,6198272]
05-05 12:13:16.795206   979   994 I am_pss  : [1783,10078,com.baidu.map.location,3208192,393216,2138112]
05-05 12:13:16.846450   979   994 I am_pss  : [1120,10058,com.google.android.inputmethod.latin,7293952,1671168,4695040]
05-05 12:13:16.896981   979   994 I am_pss  : [1558,10029,com.google.android.googlequicksearchbox:interactor,4890624,1359872,2845696]
05-05 12:13:16.947524   979   994 I am_pss  : [1311,10016,com.google.android.ext.services,3213312,1376256,1182720]
05-05 12:13:17.041716   979   989 I force_gc: Binder
05-05 12:13:17.078409   979   990 I sysui_histogram: [framework_boot_completed,345]
05-05 12:13:17.087270   979   990 I am_mem_factor: [2,3]
05-05 12:13:17.507962   979   994 I sync    : [com.android.contacts.metadata,0,2,-1130513226]
05-05 12:13:17.598891   979   989 I am_proc_died: [0,3757,com.google.android.gm]
05-05 12:13:17.601140   979   989 I am_mem_factor: [3,2]
05-05 12:13:17.771426   979  1448 I am_proc_start: [0,3880,1000,com.lovelyfont.defcontainer,broadcast,com.lovelyfont.defcontainer/com.lovelyfont.manager.SystemActionReceiver]
05-05 12:13:17.788981   979   990 I am_proc_bound: [0,3880,com.lovelyfont.defcontainer]
05-05 12:13:17.793138   979  3879 I sysui_histogram: [ota_time_total,325]
05-05 12:13:17.793220   979  3879 I sysui_histogram: [ota_source_version,1493913168]
05-05 12:13:17.793257   979  3879 I sysui_histogram: [ota_written_in_MiBs,2458]
05-05 12:13:17.793289   979  3879 I sysui_histogram: [ota_stashed_in_MiBs,724]
05-05 12:13:17.833743   979  1892 I am_proc_start: [0,3895,10003,android.process.acore,content provider,com.android.providers.contacts/.ContactMetadataProvider]
05-05 12:13:17.854415   979  1199 I am_proc_bound: [0,3895,android.process.acore]
05-05 12:13:17.994065   979  1450 I am_mem_factor: [0,3]
05-05 12:13:18.113313   979  1897 I am_proc_died: [0,3309,com.google.android.partnersetup]
05-05 12:13:18.115003   979  1897 I am_mem_factor: [2,0]
05-05 12:13:18.140000  3915  3915 I auditd  : type=1400 audit(0.0:532): avc: denied { net_admin } for comm="UEventObserver" capability=12 scontext=u:r:system_app:s0 tcontext=u:r:system_app:s0 tclass=capability permissive=0
05-05 12:13:18.267807   979  1199 I am_proc_start: [0,3920,10097,com.facebook.orca,broadcast,com.facebook.orca/com.facebook.messaging.chatheads.service.ChatHeadsBooter]
05-05 12:13:18.280468   979  1900 I am_proc_died: [0,3846,com.android.settings]
05-05 12:13:18.282124   979  1900 I am_mem_factor: [3,2]
05-05 12:13:18.327192   979  1897 I am_proc_bound: [0,3920,com.facebook.orca]
05-05 12:13:18.403153   979   989 I am_proc_died: [0,3860,com.google.android.googlequicksearchbox:search]
05-05 12:13:18.502518   979   994 I sync    : [com.android.contacts.metadata,1,2,-1130513226]
05-05 12:13:18.503418   979   979 I notification_cancel: [1000,979,android,-2065625249,NULL,0,0,0,8,NULL]
05-05 12:13:18.634634   979  1897 I am_proc_died: [0,3880,com.lovelyfont.defcontainer]
05-05 12:13:19.119153   979  1005 I power_sleep_requested: 0
05-05 12:13:19.165092   979   979 I am_pause_activity: [0,123782701,com.android.stk/.StkDialogActivity]
05-05 12:13:19.179170  1247  1247 I am_on_paused_called: [0,com.android.stk.StkDialogActivity,handlePauseActivity]
05-05 12:13:19.217010   979   995 I am_stop_activity: [0,123782701,com.android.stk/.StkDialogActivity]
05-05 12:13:19.264812  1247  1247 I am_on_stop_called: [0,com.android.stk.StkDialogActivity,sleeping]
05-05 12:13:19.294767  2311  2311 I am_on_stop_called: [0,com.whatsapp.HomeActivity,sleeping]
05-05 12:13:19.305536   979  1199 I am_proc_died: [0,2106,com.viber.voip]
05-05 12:13:19.306012   979  1199 I am_schedule_service_restart: [0,com.viber.voip/com.viber.service.VoipConnectorService,1000]
05-05 12:13:19.306197   979  1199 I am_schedule_service_restart: [0,com.viber.voip/com.viber.service.contacts.authentication.AccountAuthenticatorService,11000]
05-05 12:13:19.466146   979   979 I notification_cancel: [10117,3686,com.tencent.mm,40,NULL,0,0,1088,8,NULL]
05-05 12:13:19.514669   979  1897 I am_proc_died: [0,1977,com.hzay.market]
05-05 12:13:19.515380   979  1897 I am_schedule_service_restart: [0,com.hzay.market/com.afmobi.palmplay.service.PalmplaySysService,20791]
05-05 12:13:19.717042   979  1896 I am_proc_died: [0,2084,com.tencent.mobileqq:MSF]
05-05 12:13:19.717551   979  1896 I am_schedule_service_restart: [0,com.tencent.mobileqq/.msf.service.MsfService,30588]
05-05 12:13:19.913169   979   979 I device_idle: [1,no activity]
05-05 12:13:19.917182   979   979 I device_idle_light: [1,no activity]
05-05 12:13:20.320410   979   979 I power_screen_state: [0,3,0,0]
05-05 12:13:20.320481   979   979 I screen_toggled: 0
05-05 12:13:20.320557   979   979 I sysui_histogram: [screen_timeout,30]
05-05 12:13:20.322433   979   979 I power_screen_broadcast_send: 1
05-05 12:13:20.327009   979   995 I am_proc_start: [0,3950,10118,com.viber.voip,service,com.viber.voip/com.viber.service.VoipConnectorService]
05-05 12:13:20.424777   979   989 I am_proc_bound: [0,3950,com.viber.voip]
05-05 12:13:21.253706   979   979 I power_screen_broadcast_done: [0,931,1]
05-05 12:13:21.401781   979  1890 I am_proc_start: [0,3987,10003,com.android.dialer,broadcast,com.android.dialer/.calllog.CallLogReceiver]
05-05 12:13:21.449109   979  1448 I am_proc_bound: [0,3987,com.android.dialer]
05-05 12:13:21.575923   979  1450 I am_proc_died: [0,3686,com.tencent.mm]
05-05 12:13:21.577099   979  1450 I am_schedule_service_restart: [0,com.tencent.mm/.booter.NotifyReceiver$NotifyService,1000]
05-05 12:13:22.065265   979  1325 I am_proc_start: [0,4023,10066,com.hzay.market,broadcast,com.hzay.market/com.afmobi.palmplay.receivers.BootReceiver]
05-05 12:13:22.088733   979  1896 I am_proc_bound: [0,4023,com.hzay.market]
05-05 12:13:22.155195   979   979 I notification_cancel: [10003,3987,com.android.dialer,1,DefaultVoicemailNotifier,0,0,1088,8,NULL]
05-05 12:13:22.230000   272   272 I auditd  : type=1400 audit(0.0:533): avc: denied { read open } for comm="sn" path="/data/media/0" dev="mmcblk0p20" ino=454275 scontext=u:r:sn:s0 tcontext=u:object_r:media_rw_data_file:s0 tclass=dir permissive=0
05-05 12:13:22.230000   272   272 I auditd  : type=1400 audit(0.0:534): avc: denied { read open } for comm="sn" path="/data/media/0" dev="mmcblk0p20" ino=454275 scontext=u:r:sn:s0 tcontext=u:object_r:media_rw_data_file:s0 tclass=dir permissive=0
05-05 12:13:22.230000   272   272 I auditd  : type=1400 audit(0.0:535): avc: denied { read open } for comm="sn" path="/mnt/media_rw/B2E2-3B8A" dev="mmcblk1p1" ino=1 scontext=u:r:sn:s0 tcontext=u:object_r:vfat:s0 tclass=dir permissive=0
05-05 12:13:22.950000  4054  4054 I auditd  : type=1400 audit(0.0:536): avc: denied { search } for comm="sh" name="bin" dev="mmcblk0p20" ino=608401 scontext=u:r:untrusted_app:s0:c512,c768 tcontext=u:object_r:adbd_data_file:s0 tclass=dir permissive=0
05-05 12:13:23.380000  4066  4066 I auditd  : type=1400 audit(0.0:537): avc: denied { search } for comm="sh" name="bin" dev="mmcblk0p20" ino=608401 scontext=u:r:untrusted_app:s0:c512,c768 tcontext=u:object_r:adbd_data_file:s0 tclass=dir permissive=0
05-05 12:13:23.530000  4053  4053 I auditd  : type=1400 audit(0.0:538): avc: denied { read } for comm="BUGLY_THREAD" name="type" dev="sysfs" ino=9944 scontext=u:r:untrusted_app:s0:c512,c768 tcontext=u:object_r:sysfs:s0 tclass=file permissive=0
05-05 12:13:23.540000  4053  4053 I auditd  : type=1400 audit(0.0:539): avc: denied { read } for comm="BUGLY_THREAD" name="online" dev="sysfs" ino=13055 scontext=u:r:untrusted_app:s0:c512,c768 tcontext=u:object_r:sysfs:s0 tclass=file permissive=0
05-05 12:13:23.680596   979  1893 I am_proc_start: [0,4086,10005,com.android.carrierconfig,service,com.android.carrierconfig/.DefaultCarrierConfigService]
05-05 12:13:23.710459   979  1273 I am_proc_bound: [0,4086,com.android.carrierconfig]
05-05 12:13:23.776314   979  1899 I am_proc_start: [0,4099,10082,com.mediatek.mtklogger,broadcast,com.mediatek.mtklogger/.framework.LogReceiver]
05-05 12:13:23.814627   979  1892 I am_proc_bound: [0,4099,com.mediatek.mtklogger]
05-05 12:13:23.919334   979  1325 I am_mem_factor: [2,3]
05-05 12:13:24.542219  1132  1132 I sysui_view_visibility: [111,100]
05-05 12:13:24.542412  1132  1132 I sysui_view_visibility: [126,100]
05-05 12:13:24.542475  1132  1132 I sysui_view_visibility: [113,100]
05-05 12:13:24.544086  1132  1132 I sysui_view_visibility: [411,100]
05-05 12:13:24.544215  1132  1132 I sysui_view_visibility: [112,100]
05-05 12:13:24.557725   979  1448 I notification_expansion: [0|com.android.deskclock|2|null|1000,0,0,201332,201332,58016]
05-05 12:13:24.788780  1132  1132 I sysui_status_bar_state: [1,1,0,0,1,0]
05-05 12:13:24.810000  1888  1888 I auditd  : type=1400 audit(0.0:540): avc: denied { read open } for comm="Binder:979_A" path="/data/media/0" dev="mmcblk0p20" ino=454275 scontext=u:r:system_server:s0 tcontext=u:object_r:media_rw_data_file:s0 tclass=dir permissive=0
05-05 12:13:25.247850   979  1896 I am_proc_died: [0,3920,com.facebook.orca]
05-05 12:13:25.250738   979  1896 I am_mem_factor: [3,2]
05-05 12:13:25.349300   979   979 I notification_enqueue: [10082,4099,com.mediatek.mtklogger,2130837539,NULL,0,Notification(pri=0 contentView=com.mediatek.mtklogger/0x109008f vibrate=null sound=null tick defaults=0x0 flags=0x40 color=0x00000000 vis=PRIVATE),0]
05-05 12:13:25.357013   979   979 I notification_enqueue: [10082,4099,com.mediatek.mtklogger,2130837539,NULL,0,Notification(pri=0 contentView=null vibrate=null sound=null tick defaults=0x0 flags=0x0 color=0x00000000 vis=PRIVATE),1]
05-05 12:13:25.634099   979  1199 I am_proc_died: [0,3987,com.android.dialer]
05-05 12:13:25.950000  4152  4152 I auditd  : type=1400 audit(0.0:541): avc: denied { search } for comm="sh" name="bin" dev="mmcblk0p20" ino=608401 scontext=u:r:netdiag:s0 tcontext=u:object_r:adbd_data_file:s0 tclass=dir permissive=0
05-05 12:13:26.023175   979  1888 I am_proc_start: [0,4154,1000,com.transsion.statisticalsales:remote,broadcast,com.transsion.statisticalsales/.BootCompletedReceiver]
05-05 12:13:26.025569   979  1326 I am_proc_bound: [0,4154,com.transsion.statisticalsales:remote]
05-05 12:13:26.031976   979   994 I am_pss  : [1872,1000,tran.com.android.taplacollect,4270080,2502656,1008640]
05-05 12:13:26.118858   979   994 I am_pss  : [1588,1000,com.android.launcher3,29638656,15831040,11934720]
05-05 12:13:26.188275   979   994 I am_pss  : [2942,10076,com.android.mms,7564288,6033408,422912]
05-05 12:13:26.494210   979  1199 I am_proc_died: [0,4086,com.android.carrierconfig]
05-05 12:13:26.584856   979   990 I am_proc_start: [0,4171,1000,com.android.calendar,broadcast,com.android.calendar/.alerts.AlertReceiver]
05-05 12:13:26.610445   979   989 I am_proc_bound: [0,4171,com.android.calendar]
05-05 12:13:26.706552   979  1325 I am_proc_died: [0,4023,com.hzay.market]
05-05 12:13:26.707172   979  1325 I am_schedule_service_restart: [0,com.hzay.market/com.afmobi.palmplay.service.PalmplaySysService,1000]
05-05 12:13:26.917621   979   979 I notification_cancel: [10028,1132,com.android.systemui,2132017197,low_battery,-1,0,1088,8,NULL]
05-05 12:13:27.084549   979  1450 I am_proc_start: [0,4189,1000,com.android.deskclock,broadcast,com.android.deskclock/.AlarmInitReceiver]
05-05 12:13:27.099457   979   979 I notification_cancel: [1000,979,com.mediatek.mtklogger,2130837539,NULL,0,0,0,8,NULL]
05-05 12:13:27.100582   979   979 I notification_canceled: [0|com.mediatek.mtklogger|2130837539|null|10082,8,1752,1744,0]
05-05 12:13:27.105235   979   979 I notification_enqueue: [10082,4099,com.mediatek.mtklogger,2130837539,NULL,0,Notification(pri=0 contentView=null vibrate=null sound=null tick defaults=0x0 flags=0x0 color=0x00000000 vis=PRIVATE),0]
05-05 12:13:27.113195   979   979 I notification_enqueue: [10082,4099,com.mediatek.mtklogger,2130837539,NULL,0,Notification(pri=0 contentView=com.mediatek.mtklogger/0x109008f vibrate=null sound=null tick defaults=0x0 flags=0x40 color=0x00000000 vis=PRIVATE),1]
05-05 12:13:27.122139   979   989 I am_proc_bound: [0,4189,com.android.deskclock]
05-05 12:13:27.466836   979  1888 I am_proc_start: [0,4206,10004,com.android.providers.calendar,content provider,com.android.providers.calendar/.CalendarProvider2]
05-05 12:13:27.500250   979  1893 I am_proc_bound: [0,4206,com.android.providers.calendar]
05-05 12:13:27.726386   979   995 I am_proc_start: [0,4220,10066,com.hzay.market,service,com.hzay.market/com.afmobi.palmplay.service.PalmplaySysService]
05-05 12:13:27.752010   979  1448 I am_proc_bound: [0,4220,com.hzay.market]
05-05 12:13:28.285225   979   989 I am_proc_died: [0,4154,com.transsion.statisticalsales:remote]
05-05 12:13:28.573608   979   979 I notification_cancel: [1000,4189,com.android.deskclock,3,NULL,0,0,0,8,NULL]
05-05 12:13:28.669329   979   979 I notification_cancel: [1000,4189,com.android.deskclock,2,NULL,0,0,0,8,NULL]
05-05 12:13:28.670155   979   979 I notification_canceled: [0|com.android.deskclock|2|null|1000,8,205445,205445,62129]
05-05 12:13:28.713521   979   979 I notification_enqueue: [1000,4189,com.android.deskclock,2,NULL,0,Notification(pri=1 contentView=null vibrate=null sound=null defaults=0x0 flags=0x100 color=0x00000000 category=alarm vis=PUBLIC),0]
05-05 12:13:29.380000  4309  4309 I auditd  : type=1400 audit(0.0:542): avc: denied { search } for comm="sh" name="bin" dev="mmcblk0p20" ino=608401 scontext=u:r:mobile_log_d:s0 tcontext=u:object_r:adbd_data_file:s0 tclass=dir permissive=0
05-05 12:13:29.490000  4311  4311 I auditd  : type=1400 audit(0.0:543): avc: denied { search } for comm="sh" name="bin" dev="mmcblk0p20" ino=608401 scontext=u:r:mobile_log_d:s0 tcontext=u:object_r:adbd_data_file:s0 tclass=dir permissive=0
05-05 12:13:29.555766   979  1890 I am_proc_start: [0,4313,10003,com.android.dialer,broadcast,com.android.dialer/com.mediatek.contacts.simcontact.BootCmpReceiver]
05-05 12:13:29.619582   979   990 I am_proc_bound: [0,4313,com.android.dialer]
05-05 12:13:29.814954   979  1089 I am_proc_died: [0,4189,com.android.deskclock]
05-05 12:13:30.089276   979   994 I am_pss  : [3668,10009,com.android.defcontainer,3294208,2297856,160768]
05-05 12:13:30.271850   979  1900 I am_wtf  : [0,979,system_server,-1,ActivityManager,Sending non-protected broadcast com.android.launcher3.SYSTEM_READY from system 1588:com.android.launcher3/1000 pkg com.android.launcher3]
05-05 12:13:30.327457   979  1273 I am_proc_start: [0,4347,10021,com.android.managedprovisioning,broadcast,com.android.managedprovisioning/.BootReminder]
05-05 12:13:30.359104   979  1448 I am_proc_bound: [0,4347,com.android.managedprovisioning]
05-05 12:13:30.640000  3631  3631 I auditd  : type=1400 audit(0.0:544): avc: denied { read } for comm="IntentService[A" name="gpu_memory" dev="debugfs" ino=7053 scontext=u:r:untrusted_app:s0:c512,c768 tcontext=u:object_r:debugfs:s0 tclass=file permissive=0
05-05 12:13:30.640000  3631  3631 I auditd  : type=1400 audit(0.0:545): avc: denied { read } for comm="IntentService[A" name="clients" dev="debugfs" ino=6905 scontext=u:r:untrusted_app:s0:c512,c768 tcontext=u:object_r:debugfs:s0 tclass=dir permissive=0
05-05 12:13:31.064675   979   979 I am_proc_start: [0,4376,1000,com.android.settings,broadcast,com.android.settings/com.mediatek.settings.RestoreRotationReceiver]
05-05 12:13:31.106036   979  1326 I am_proc_bound: [0,4376,com.android.settings]
05-05 12:13:31.224693   979  1890 I am_proc_died: [0,4313,com.android.dialer]
05-05 12:13:31.483911   979   989 I am_proc_died: [0,4347,com.android.managedprovisioning]
05-05 12:13:31.486400   979   989 I am_low_memory: 31
05-05 12:13:31.566727   979   979 I notification_enqueue: [10076,2942,com.android.mms,0,com.android.mms:sms:,0,Notification(pri=1 contentView=null vibrate=null sound=null tick defaults=0x4 flags=0x11 color=0xff4bcc75 category=msg vis=PRIVATE),0]
05-05 12:13:31.620199   979   979 I power_screen_state: [1,0,0,0]
05-05 12:13:31.620294   979   979 I screen_toggled: 1
05-05 12:13:31.620642   979   979 I power_screen_broadcast_send: 1
05-05 12:13:31.767482   979   979 I device_idle: [0,screen]
05-05 12:13:31.767533   979   979 I device_idle_light: [0,screen]
05-05 12:13:31.867420   979   994 I device_idle_off_start: screen
05-05 12:13:31.868037   979   994 I device_idle_off_complete: []
05-05 12:13:31.993187   979  1896 I am_proc_start: [0,4397,10023,com.android.vending,broadcast,com.android.vending/com.google.android.finsky.receivers.BootCompletedReceiver]
05-05 12:13:32.023081   979  1893 I am_proc_bound: [0,4397,com.android.vending]
05-05 12:13:32.172193   979  1897 I am_proc_died: [0,4376,com.android.settings]
05-05 12:13:32.202053   979   979 I notification_cancel: [10118,3950,com.viber.voip,-1003,message,0,0,1088,8,NULL]
05-05 12:13:32.202947   979   979 I notification_cancel: [10118,3950,com.viber.voip,-1013,missed_call,0,0,1088,8,NULL]
05-05 12:13:32.203752   979   979 I notification_cancel: [10118,3950,com.viber.voip,-1012,hidden_message,0,0,1088,8,NULL]
05-05 12:13:32.210880   979   979 I notification_cancel: [10118,3950,com.viber.voip,-1011,like,0,0,1088,8,NULL]
05-05 12:13:32.211428   979   979 I notification_cancel: [10118,3950,com.viber.voip,-1011,hidden_like,0,0,1088,8,NULL]
05-05 12:13:32.230000   272   272 I auditd  : type=1400 audit(0.0:546): avc: denied { read open } for comm="sn" path="/data/media/0" dev="mmcblk0p20" ino=454275 scontext=u:r:sn:s0 tcontext=u:object_r:media_rw_data_file:s0 tclass=dir permissive=0
05-05 12:13:32.230000   272   272 I auditd  : type=1400 audit(0.0:547): avc: denied { read open } for comm="sn" path="/data/media/0" dev="mmcblk0p20" ino=454275 scontext=u:r:sn:s0 tcontext=u:object_r:media_rw_data_file:s0 tclass=dir permissive=0
05-05 12:13:32.230000   272   272 I auditd  : type=1400 audit(0.0:548): avc: denied { read open } for comm="sn" path="/mnt/media_rw/B2E2-3B8A" dev="mmcblk1p1" ino=1 scontext=u:r:sn:s0 tcontext=u:object_r:vfat:s0 tclass=dir permissive=0
05-05 12:13:32.334440   979  1899 I force_gc: Binder
05-05 12:13:32.445070  1132  1132 I sysui_histogram: [note_load,4]
05-05 12:13:32.445536   979  1893 I notification_panel_revealed: 4
05-05 12:13:32.446903   979  1892 I notification_visibility: [0|com.android.systemui|2132017198|null|10028,1,55064,52368,0,3]
05-05 12:13:32.447008   979  1892 I notification_visibility: [0|com.mediatek.mtklogger|2130837539|null|10082,1,5342,5335,0,2]
05-05 12:13:32.447069   979  1892 I notification_visibility: [0|com.android.deskclock|2|null|1000,1,3735,3735,0,0]
05-05 12:13:32.624051   979  1089 I am_proc_died: [0,4220,com.hzay.market]
05-05 12:13:32.624658   979  1089 I am_schedule_service_restart: [0,com.hzay.market/com.afmobi.palmplay.service.PalmplaySysService,1000]
05-05 12:13:33.101794   979  1897 I notification_visibility: [0|com.android.mms|0|com.android.mms:sms:|10076,1,1536,1536,0,1]
05-05 12:13:33.101953   979  1897 I notification_visibility: [0|com.android.systemui|2132017198|null|10028,0,55719,53023,0,3]
05-05 12:13:33.137831   223   223 I sf_frame_dur: [ColorFade,31,12,0,2,0,0,0]
05-05 12:13:33.176147   979   979 I power_screen_broadcast_done: [1,1555,1]
05-05 12:13:33.253807   979  1893 I am_proc_died: [0,3038,com.tencent.mm:push]
05-05 12:13:33.254235   979  1893 I am_schedule_service_restart: [0,com.tencent.mm/.booter.CoreService,27052]
05-05 12:13:33.544958   979  1888 I am_proc_died: [0,3950,com.viber.voip]
05-05 12:13:33.546698   979  1888 I am_schedule_service_restart: [0,com.viber.voip/com.viber.service.VoipConnectorService,36759]
05-05 12:13:33.546886   979  1888 I am_schedule_service_restart: [0,com.viber.voip/com.viber.service.contacts.authentication.AccountAuthenticatorService,46759]
