05-05 12:11:27.320000  2124  2124 I auditd  : type=1400 audit(0.0:442): avc: denied { read } for comm="pool-1-thread-2" name="address" dev="sysfs" ino=13593 scontext=u:r:untrusted_app:s0:c512,c768 tcontext=u:object_r:sysfs:s0 tclass=file permissive=0
05-05 12:11:27.460000  2180  2180 I auditd  : type=1400 audit(0.0:443): avc: denied { search } for comm="sh" name="bin" dev="mmcblk0p20" ino=608401 scontext=u:r:untrusted_app:s0:c512,c768 tcontext=u:object_r:adbd_data_file:s0 tclass=dir permissive=0
05-05 12:11:27.480000  2124  2124 I auditd  : type=1400 audit(0.0:444): avc: denied { read } for comm="pool-1-thread-2" name="address" dev="sysfs" ino=13593 scontext=u:r:untrusted_app:s0:c512,c768 tcontext=u:object_r:sysfs:s0 tclass=file permissive=0
05-05 12:11:28.170000  2191  2191 I auditd  : type=1400 audit(0.0:445): avc: denied { search } for comm="sh" name="bin" dev="mmcblk0p20" ino=608401 scontext=u:r:debuggerd:s0 tcontext=u:object_r:adbd_data_file:s0 tclass=dir permissive=0
05-05 12:11:28.189780   979   979 I notification_cancel: [10028,1132,com.android.systemui,2132017197,low_battery,-1,0,1088,8,NULL]
05-05 12:11:28.370000  2199  2199 I auditd  : type=1400 audit(0.0:446): avc: denied { search } for comm="nt.mobileqq:MSF" name="bin" dev="mmcblk0p20" ino=608401 scontext=u:r:untrusted_app:s0:c512,c768 tcontext=u:object_r:adbd_data_file:s0 tclass=dir permissive=0
05-05 12:11:29.556262  1434  1836 I contacts_aggregation: [1493957489556,-31]
05-05 12:11:29.583808  1434  1836 I contacts_aggregation: [27,31]
05-05 12:11:29.810000  2227  2227 I auditd  : type=1400 audit(0.0:447): avc: denied { read } for comm="pool-1-thread-3" name="address" dev="sysfs" ino=13593 scontext=u:r:untrusted_app:s0:c512,c768 tcontext=u:object_r:sysfs:s0 tclass=file permissive=0
05-05 12:11:31.770000  2253  2253 I auditd  : type=1400 audit(0.0:448): avc: denied { getattr } for comm="df" path="/protect_f" dev="mmcblk0p3" ino=2 scontext=u:r:debuggerd:s0 tcontext=u:object_r:protect_f_data_file:s0 tclass=dir permissive=0
05-05 12:11:31.770000  2253  2253 I auditd  : type=1400 audit(0.0:449): avc: denied { getattr } for comm="df" path="/protect_s" dev="mmcblk0p4" ino=2 scontext=u:r:debuggerd:s0 tcontext=u:object_r:protect_s_data_file:s0 tclass=dir permissive=0
05-05 12:11:31.770000  2253  2253 I auditd  : type=1400 audit(0.0:450): avc: denied { getattr } for comm="df" path="/nvdata" dev="mmcblk0p13" ino=2 scontext=u:r:debuggerd:s0 tcontext=u:object_r:nvdata_file:s0 tclass=dir permissive=0
05-05 12:11:31.770000  2253  2253 I auditd  : type=1400 audit(0.0:451): avc: denied { getattr } for comm="df" path="/storage" dev="tmpfs" ino=7372 scontext=u:r:debuggerd:s0 tcontext=u:object_r:storage_file:s0 tclass=dir permissive=0
05-05 12:11:31.770000  2253  2253 I auditd  : type=1400 audit(0.0:452): avc: denied { search } for comm="df" name="media_rw" dev="tmpfs" ino=7366 scontext=u:r:debuggerd:s0 tcontext=u:object_r:mnt_media_rw_file:s0 tclass=dir permissive=0
05-05 12:11:31.770000  2253  2253 I auditd  : type=1400 audit(0.0:453): avc: denied { search } for comm="df" name="media_rw" dev="tmpfs" ino=7366 scontext=u:r:debuggerd:s0 tcontext=u:object_r:mnt_media_rw_file:s0 tclass=dir permissive=0
05-05 12:11:31.880000  2253  2253 I auditd  : type=1400 audit(0.0:454): avc: denied { getattr } for comm="df" path="/dev/block" dev="tmpfs" ino=229 scontext=u:r:debuggerd:s0 tcontext=u:object_r:block_device:s0 tclass=dir permissive=0
05-05 12:11:31.880000  2253  2253 I auditd  : type=1400 audit(0.0:455): avc: denied { getattr } for comm="df" path="/dev/block" dev="tmpfs" ino=229 scontext=u:r:debuggerd:s0 tcontext=u:object_r:block_device:s0 tclass=dir permissive=0
05-05 12:11:31.880000  2253  2253 I auditd  : type=1400 audit(0.0:456): avc: denied { getattr } for comm="df" path="/dev/block" dev="tmpfs" ino=229 scontext=u:r:debuggerd:s0 tcontext=u:object_r:block_device:s0 tclass=dir permissive=0
05-05 12:11:31.880000  2253  2253 I auditd  : type=1400 audit(0.0:457): avc: denied { getattr } for comm="df" path="/mnt/media_rw" dev="tmpfs" ino=7366 scontext=u:r:debuggerd:s0 tcontext=u:object_r:mnt_media_rw_file:s0 tclass=dir permissive=0
05-05 12:11:31.880000  2253  2253 I auditd  : type=1400 audit(0.0:458): avc: denied { getattr } for comm="df" path="/mnt/media_rw" dev="tmpfs" ino=7366 scontext=u:r:debuggerd:s0 tcontext=u:object_r:mnt_media_rw_file:s0 tclass=dir permissive=0
05-05 12:11:31.880000  2253  2253 I auditd  : type=1400 audit(0.0:459): avc: denied { getattr } for comm="df" path="/mnt/media_rw" dev="tmpfs" ino=7366 scontext=u:r:debuggerd:s0 tcontext=u:object_r:mnt_media_rw_file:s0 tclass=dir permissive=0
05-05 12:11:31.880000  2253  2253 I auditd  : type=1400 audit(0.0:460): avc: denied { getattr } for comm="df" path="/dev/block" dev="tmpfs" ino=229 scontext=u:r:debuggerd:s0 tcontext=u:object_r:block_device:s0 tclass=dir permissive=0
05-05 12:11:31.880000  2253  2253 I auditd  : type=1400 audit(0.0:461): avc: denied { getattr } for comm="df" path="/dev/block" dev="tmpfs" ino=229 scontext=u:r:debuggerd:s0 tcontext=u:object_r:block_device:s0 tclass=dir permissive=0
05-05 12:11:31.880000  2253  2253 I auditd  : type=1400 audit(0.0:462): avc: denied { getattr } for comm="df" path="/dev/block" dev="tmpfs" ino=229 scontext=u:r:debuggerd:s0 tcontext=u:object_r:block_device:s0 tclass=dir permissive=0
05-05 12:11:31.880000  2253  2253 I auditd  : type=1400 audit(0.0:463): avc: denied { getattr } for comm="df" path="/mnt/media_rw" dev="tmpfs" ino=7366 scontext=u:r:debuggerd:s0 tcontext=u:object_r:mnt_media_rw_file:s0 tclass=dir permissive=0
05-05 12:11:31.880000  2253  2253 I auditd  : type=1400 audit(0.0:464): avc: denied { getattr } for comm="df" path="/mnt/media_rw" dev="tmpfs" ino=7366 scontext=u:r:debuggerd:s0 tcontext=u:object_r:mnt_media_rw_file:s0 tclass=dir permissive=0
05-05 12:11:31.880000  2253  2253 I auditd  : type=1400 audit(0.0:465): avc: denied { getattr } for comm="df" path="/mnt/media_rw" dev="tmpfs" ino=7366 scontext=u:r:debuggerd:s0 tcontext=u:object_r:mnt_media_rw_file:s0 tclass=dir permissive=0
05-05 12:11:31.920000  2255  2255 I auditd  : type=1400 audit(0.0:466): avc: denied { getattr } for comm="mount" path="/protect_f" dev="mmcblk0p3" ino=2 scontext=u:r:debuggerd:s0 tcontext=u:object_r:protect_f_data_file:s0 tclass=dir permissive=0
05-05 12:11:31.920000  2255  2255 I auditd  : type=1400 audit(0.0:467): avc: denied { getattr } for comm="mount" path="/protect_s" dev="mmcblk0p4" ino=2 scontext=u:r:debuggerd:s0 tcontext=u:object_r:protect_s_data_file:s0 tclass=dir permissive=0
05-05 12:11:31.920000  2255  2255 I auditd  : type=1400 audit(0.0:468): avc: denied { getattr } for comm="mount" path="/nvdata" dev="mmcblk0p13" ino=2 scontext=u:r:debuggerd:s0 tcontext=u:object_r:nvdata_file:s0 tclass=dir permissive=0
05-05 12:11:31.920000  2255  2255 I auditd  : type=1400 audit(0.0:469): avc: denied { getattr } for comm="mount" path="/storage" dev="tmpfs" ino=7372 scontext=u:r:debuggerd:s0 tcontext=u:object_r:storage_file:s0 tclass=dir permissive=0
05-05 12:11:31.920000  2255  2255 I auditd  : type=1400 audit(0.0:470): avc: denied { search } for comm="mount" name="media_rw" dev="tmpfs" ino=7366 scontext=u:r:debuggerd:s0 tcontext=u:object_r:mnt_media_rw_file:s0 tclass=dir permissive=0
05-05 12:11:31.920000  2255  2255 I auditd  : type=1400 audit(0.0:471): avc: denied { search } for comm="mount" name="media_rw" dev="tmpfs" ino=7366 scontext=u:r:debuggerd:s0 tcontext=u:object_r:mnt_media_rw_file:s0 tclass=dir permissive=0
05-05 12:11:31.930000  2255  2255 I auditd  : type=1400 audit(0.0:472): avc: denied { read } for comm="mount" name="/" dev="tmpfs" ino=28 scontext=u:r:debuggerd:s0 tcontext=u:object_r:device:s0 tclass=dir permissive=0
05-05 12:11:32.360819   979  1089 I am_proc_start: [0,2269,10015,com.google.android.gms,service,com.google.android.gms/.ads.identifier.service.AdvertisingIdService]
05-05 12:11:32.415413   979  1899 I am_proc_bound: [0,2269,com.google.android.gms]
05-05 12:11:32.746314  1434  1447 I contacts_aggregation: [1493957492746,-31]
05-05 12:11:32.773115  1434  1447 I contacts_aggregation: [27,31]
05-05 12:11:34.014563   979   979 I notification_cancel: [10015,2269,com.google.android.gms,10436,NOT_MNC,0,0,1088,8,NULL]
05-05 12:11:34.015710   979   979 I notification_cancel: [10015,2269,com.google.android.gms,39789,NOT_MNC,0,0,1088,8,NULL]
05-05 12:11:34.376627   979   990 I am_proc_start: [0,2311,10114,com.whatsapp,broadcast,com.whatsapp/.ExternalMediaManager$ExternalMediaStateReceiver]
05-05 12:11:34.396184   979  1890 I am_proc_bound: [0,2311,com.whatsapp]
05-05 12:11:35.618308  1434  1836 I contacts_aggregation: [1493957495618,-31]
05-05 12:11:35.643893  1434  1836 I contacts_aggregation: [25,31]
05-05 12:11:36.614686   979   979 I free_storage_changed: 8452648960
05-05 12:11:37.154636   979   994 I am_pss  : [1977,10066,com.hzay.market,13350912,10682368,73728]
05-05 12:11:37.170574   979   979 I notification_cancel: [10114,2311,com.whatsapp,2,NULL,0,0,1088,8,NULL]
05-05 12:11:37.410149   979   979 I notification_cancel: [10114,2311,com.whatsapp,7,NULL,0,0,1088,8,NULL]
05-05 12:11:37.830000  2408  2408 I auditd  : type=1400 audit(0.0:491): avc: denied { search } for comm=576861747341707020576F726B6572 name="bin" dev="mmcblk0p20" ino=608401 scontext=u:r:untrusted_app:s0:c512,c768 tcontext=u:object_r:adbd_data_file:s0 tclass=dir permissive=0
05-05 12:11:39.016442   979   979 I notification_cancel: [10114,2311,com.whatsapp,1,NULL,0,0,1088,8,NULL]
05-05 12:11:39.200512  1434  1446 I contacts_aggregation: [1493957499200,-31]
05-05 12:11:39.226633  1434  1446 I contacts_aggregation: [26,31]
05-05 12:11:39.978189   979  1448 I am_meminfo: [157384704,20594688,24285184,111071232,288301056]
05-05 12:11:40.830000  2464  2464 I auditd  : type=1400 audit(0.0:492): avc: denied { search } for comm="sh" name="bin" dev="mmcblk0p20" ino=608401 scontext=u:r:untrusted_app:s0:c512,c768 tcontext=u:object_r:adbd_data_file:s0 tclass=dir permissive=0
05-05 12:11:41.272616  1434  1600 I contacts_aggregation: [1493957501272,-31]
05-05 12:11:41.301478  1434  1600 I contacts_aggregation: [29,31]
05-05 12:11:41.310000  2481  2481 I auditd  : type=1400 audit(0.0:493): avc: denied { search } for comm="sh" name="bin" dev="mmcblk0p20" ino=608401 scontext=u:r:untrusted_app:s0:c512,c768 tcontext=u:object_r:adbd_data_file:s0 tclass=dir permissive=0
05-05 12:11:41.613339   979   979 I notification_cancel: [10114,2311,com.whatsapp,13,NULL,0,0,1088,8,NULL]
05-05 12:11:42.210000   272   272 I auditd  : type=1400 audit(0.0:494): avc: denied { read open } for comm="sn" path="/data/media/0" dev="mmcblk0p20" ino=454275 scontext=u:r:sn:s0 tcontext=u:object_r:media_rw_data_file:s0 tclass=dir permissive=0
05-05 12:11:42.210000   272   272 I auditd  : type=1400 audit(0.0:495): avc: denied { read open } for comm="sn" path="/data/media/0" dev="mmcblk0p20" ino=454275 scontext=u:r:sn:s0 tcontext=u:object_r:media_rw_data_file:s0 tclass=dir permissive=0
05-05 12:11:42.210000   272   272 I auditd  : type=1400 audit(0.0:496): avc: denied { read open } for comm="sn" path="/mnt/media_rw/B2E2-3B8A" dev="mmcblk1p1" ino=1 scontext=u:r:sn:s0 tcontext=u:object_r:vfat:s0 tclass=dir permissive=0
05-05 12:11:43.383848  1494  1494 I force_gc: Binder
05-05 12:11:43.444832  1527  1747 I force_gc: Binder
05-05 12:11:43.680000  2191  2191 I auditd  : type=1400 audit(0.0:497): avc: denied { read } for comm="aee_dumpstate" name="ion_mm_heap" dev="debugfs" ino=6912 scontext=u:r:debuggerd:s0 tcontext=u:object_r:debugfs_ion_mm_heap:s0 tclass=lnk_file permissive=0
05-05 12:11:43.770000  2521  2521 I auditd  : type=1400 audit(0.0:498): avc: denied { search } for comm="sh" name="bin" dev="mmcblk0p20" ino=608401 scontext=u:r:debuggerd:s0 tcontext=u:object_r:adbd_data_file:s0 tclass=dir permissive=0
05-05 12:11:43.832229   979   994 I am_pss  : [2084,10120,com.tencent.mobileqq:MSF,18905088,14786560,67584]
05-05 12:11:44.167812  1494  2518 I c2dm    : [-2,NULL,1,1]
05-05 12:11:44.246603   979   979 I notification_cancel: [10118,2106,com.viber.voip,-1003,message,0,0,1088,8,NULL]
05-05 12:11:44.248552   979   979 I notification_cancel: [10118,2106,com.viber.voip,-1013,missed_call,0,0,1088,8,NULL]
05-05 12:11:44.249732  1494  2527 I c2dm    : [3,NULL,1,1]
05-05 12:11:44.253021   979   979 I notification_cancel: [10118,2106,com.viber.voip,-1012,hidden_message,0,0,1088,8,NULL]
05-05 12:11:44.260668  1494  2527 I gtalk_heartbeat_reset: [66086,108.177.97.188:5228]
05-05 12:11:44.262992   979   979 I notification_cancel: [10118,2106,com.viber.voip,-1011,like,0,0,1088,8,NULL]
05-05 12:11:44.265993  1494  2527 I gtalk_connection: 0
05-05 12:11:44.273608   979   979 I notification_cancel: [10118,2106,com.viber.voip,-1011,hidden_like,0,0,1088,8,NULL]
05-05 12:11:44.281443  1494  2527 I c2dm    : [7,,1,1]
05-05 12:11:46.600600  1434  1446 I contacts_aggregation: [1493957506600,-31]
05-05 12:11:46.631621  1434  1446 I contacts_aggregation: [31,31]
05-05 12:11:48.316928   979   994 I am_pss  : [1995,10096,com.facebook.katana,29453312,27811840,73728]
05-05 12:11:48.708517  1434  1447 I contacts_aggregation: [1493957508708,-31]
05-05 12:11:48.739003  1434  1447 I contacts_aggregation: [30,31]
05-05 12:11:50.925244  1434  1447 I contacts_aggregation: [1493957510925,-30]
05-05 12:11:50.954904  1434  1447 I contacts_aggregation: [29,30]
05-05 12:11:51.961558  1434  1600 I contacts_aggregation: [1493957511961,-6]
05-05 12:11:51.978486  1434  1600 I contacts_aggregation: [17,6]
05-05 12:11:52.210000   272   272 I auditd  : type=1400 audit(0.0:499): avc: denied { read open } for comm="sn" path="/data/media/0" dev="mmcblk0p20" ino=454275 scontext=u:r:sn:s0 tcontext=u:object_r:media_rw_data_file:s0 tclass=dir permissive=0
05-05 12:11:52.210000   272   272 I auditd  : type=1400 audit(0.0:500): avc: denied { read open } for comm="sn" path="/data/media/0" dev="mmcblk0p20" ino=454275 scontext=u:r:sn:s0 tcontext=u:object_r:media_rw_data_file:s0 tclass=dir permissive=0
05-05 12:11:52.210000   272   272 I auditd  : type=1400 audit(0.0:501): avc: denied { read open } for comm="sn" path="/mnt/media_rw/B2E2-3B8A" dev="mmcblk1p1" ino=1 scontext=u:r:sn:s0 tcontext=u:object_r:vfat:s0 tclass=dir permissive=0
05-05 12:11:53.292900   979  1089 I am_kill : [0,1602,com.android.keychain,906,empty #9]
05-05 12:11:53.444082   979  1199 I am_proc_died: [0,1602,com.android.keychain]
05-05 12:11:54.653561   979   994 I am_pss  : [2106,10118,com.viber.voip,41062400,37752832,67584]
05-05 12:11:56.493427   979   994 I am_pss  : [2311,10114,com.whatsapp,21217280,18780160,69632]
05-05 12:11:59.030295  1434  1446 I contacts_aggregation: [1493957519030,-2]
05-05 12:12:00.088208   979   994 I am_pss  : [2150,10120,com.tencent.mobileqq,12448768,9060352,72704]
05-05 12:12:01.825840  1434  1446 I contacts_aggregation: [2795,2]
05-05 12:12:02.210000   272   272 I auditd  : type=1400 audit(0.0:502): avc: denied { read open } for comm="sn" path="/data/media/0" dev="mmcblk0p20" ino=454275 scontext=u:r:sn:s0 tcontext=u:object_r:media_rw_data_file:s0 tclass=dir permissive=0
05-05 12:12:02.210000   272   272 I auditd  : type=1400 audit(0.0:503): avc: denied { read open } for comm="sn" path="/data/media/0" dev="mmcblk0p20" ino=454275 scontext=u:r:sn:s0 tcontext=u:object_r:media_rw_data_file:s0 tclass=dir permissive=0
05-05 12:12:02.210000   272   272 I auditd  : type=1400 audit(0.0:504): avc: denied { read open } for comm="sn" path="/mnt/media_rw/B2E2-3B8A" dev="mmcblk1p1" ino=1 scontext=u:r:sn:s0 tcontext=u:object_r:vfat:s0 tclass=dir permissive=0
05-05 12:12:06.620331   979   979 I free_storage_changed: 8387244032
05-05 12:12:06.871775   979   979 I notification_cancel: [10028,1132,com.android.systemui,2132017197,low_battery,-1,0,1088,8,NULL]
05-05 12:12:08.894353   979  1888 I am_proc_died: [0,1751,com.android.dialer]
05-05 12:12:10.614311   979   989 I am_proc_died: [0,1654,com.google.android.googlequicksearchbox:search]
05-05 12:12:10.709207   979   994 I am_pss  : [1247,1001,com.android.phone,22059008,18137088,1911808]
05-05 12:12:10.790246   979   994 I am_pss  : [1132,10028,com.android.systemui,43039744,27594752,12366848]
05-05 12:12:12.220000   272   272 I auditd  : type=1400 audit(0.0:505): avc: denied { read open } for comm="sn" path="/data/media/0" dev="mmcblk0p20" ino=454275 scontext=u:r:sn:s0 tcontext=u:object_r:media_rw_data_file:s0 tclass=dir permissive=0
05-05 12:12:12.220000   272   272 I auditd  : type=1400 audit(0.0:506): avc: denied { read open } for comm="sn" path="/data/media/0" dev="mmcblk0p20" ino=454275 scontext=u:r:sn:s0 tcontext=u:object_r:media_rw_data_file:s0 tclass=dir permissive=0
05-05 12:12:12.220000   272   272 I auditd  : type=1400 audit(0.0:507): avc: denied { read open } for comm="sn" path="/mnt/media_rw/B2E2-3B8A" dev="mmcblk1p1" ino=1 scontext=u:r:sn:s0 tcontext=u:object_r:vfat:s0 tclass=dir permissive=0
05-05 12:12:15.754695  1434  1836 I contacts_aggregation: [1493957535754,-1]
05-05 12:12:16.144538  1434  1836 I contacts_aggregation: [390,1]
05-05 12:12:16.572794   979   994 I am_pss  : [1527,10015,com.google.process.gapps,5168128,2691072,1345536]
05-05 12:12:17.080603   979   994 I am_pss  : [1573,1000,shared.itel.phonemanager,5890048,2928640,1944576]
05-05 12:12:20.044224   979   979 I notification_cancel: [10096,1995,com.facebook.katana,10436,NULL,0,0,1088,8,NULL]
05-05 12:12:22.220000   272   272 I auditd  : type=1400 audit(0.0:508): avc: denied { read open } for comm="sn" path="/data/media/0" dev="mmcblk0p20" ino=454275 scontext=u:r:sn:s0 tcontext=u:object_r:media_rw_data_file:s0 tclass=dir permissive=0
05-05 12:12:22.220000   272   272 I auditd  : type=1400 audit(0.0:509): avc: denied { read open } for comm="sn" path="/data/media/0" dev="mmcblk0p20" ino=454275 scontext=u:r:sn:s0 tcontext=u:object_r:media_rw_data_file:s0 tclass=dir permissive=0
05-05 12:12:22.220000   272   272 I auditd  : type=1400 audit(0.0:510): avc: denied { read open } for comm="sn" path="/mnt/media_rw/B2E2-3B8A" dev="mmcblk1p1" ino=1 scontext=u:r:sn:s0 tcontext=u:object_r:vfat:s0 tclass=dir permissive=0
05-05 12:12:26.495933   979   979 I power_screen_state: [1,0,0,0]
05-05 12:12:26.502269   979   979 I screen_toggled: 1
05-05 12:12:26.503350   979   979 I power_screen_broadcast_send: 1
05-05 12:12:26.537716  1132  1132 I sysui_histogram: [note_load,1]
05-05 12:12:26.538479   979  1199 I notification_panel_revealed: 1
05-05 12:12:26.541916   979  1448 I notification_visibility: [0|com.android.deskclock|2|null|1000,1,143316,143316,0,0]
05-05 12:12:26.670026   979   979 I device_idle: [0,screen]
05-05 12:12:26.670090   979   979 I device_idle_light: [0,screen]
05-05 12:12:26.670470   979   994 I device_idle_off_start: screen
05-05 12:12:26.682841   979   994 I device_idle_off_complete: []
05-05 12:12:26.990665   223   223 I sf_frame_dur: [ColorFade,25,13,0,2,0,0,0]
05-05 12:12:27.598656   979   979 I power_screen_broadcast_done: [1,1096,1]
05-05 12:12:27.725866  1132  1132 I sysui_lockscreen_gesture: [1,191,3738]
05-05 12:12:27.915382  1132  1132 I sysui_status_bar_state: [1,1,0,1,1,0]
05-05 12:12:28.056549   979  1890 I notification_visibility: [0|com.android.deskclock|2|null|1000,0,144831,144831,0,0]
05-05 12:12:28.057024   979  1897 I notification_panel_hidden: []
05-05 12:12:28.160915   979   994 I am_pss  : [2269,10015,com.google.android.gms,9715712,5857280,84992]
05-05 12:12:29.745269  1132  1132 I screen_toggled: 2
05-05 12:12:30.099982   979  1890 I am_resume_activity: [0,156734956,387,com.android.launcher3/.Launcher]
05-05 12:12:30.371772  1132  1132 I sysui_view_visibility: [111,0]
05-05 12:12:30.381707   979  1888 I notification_expansion: [0|com.android.deskclock|2|null|1000,0,1,147151,147151,3835]
05-05 12:12:30.425316  1132  1132 I sysui_status_bar_state: [0,0,0,0,1,0]
05-05 12:12:31.133299   979  1892 I am_proc_start: [0,2589,10097,com.facebook.orca,content provider,com.facebook.orca/com.facebook.messenger.app.MessengerLoggedInUserProvider]
05-05 12:12:31.185044   979  1896 I am_proc_bound: [0,2589,com.facebook.orca]
05-05 12:12:32.220000   272   272 I auditd  : type=1400 audit(0.0:511): avc: denied { read open } for comm="sn" path="/data/media/0" dev="mmcblk0p20" ino=454275 scontext=u:r:sn:s0 tcontext=u:object_r:media_rw_data_file:s0 tclass=dir permissive=0
05-05 12:12:32.220000   272   272 I auditd  : type=1400 audit(0.0:512): avc: denied { read open } for comm="sn" path="/data/media/0" dev="mmcblk0p20" ino=454275 scontext=u:r:sn:s0 tcontext=u:object_r:media_rw_data_file:s0 tclass=dir permissive=0
05-05 12:12:32.220000   272   272 I auditd  : type=1400 audit(0.0:513): avc: denied { read open } for comm="sn" path="/mnt/media_rw/B2E2-3B8A" dev="mmcblk1p1" ino=1 scontext=u:r:sn:s0 tcontext=u:object_r:vfat:s0 tclass=dir permissive=0
05-05 12:12:33.127613  1588  1588 I am_on_resume_called: [0,com.android.launcher3.Launcher,RESUME_ACTIVITY]
05-05 12:12:33.150000  1273  1273 I auditd  : type=1400 audit(0.0:514): avc: denied { read open } for comm="Binder:979_5" path="/data/media/0" dev="mmcblk0p20" ino=454275 scontext=u:r:system_server:s0 tcontext=u:object_r:media_rw_data_file:s0 tclass=dir permissive=0
05-05 12:12:35.074895   979   996 I am_proc_start: [0,2641,10028,com.android.systemui:screenshot,service,com.android.systemui/.screenshot.TakeScreenshotService]
05-05 12:12:35.096730   979  1900 I am_proc_bound: [0,2641,com.android.systemui:screenshot]
05-05 12:12:36.621769   979   979 I free_storage_changed: 8379133952
05-05 12:12:37.383855   979   979 I notification_enqueue: [10028,2641,com.android.systemui,2132017198,NULL,0,Notification(pri=0 contentView=null vibrate=null sound=null tick defaults=0x0 flags=0x20 color=0xff607d8b vis=PRIVATE publicVersion=Notification(pri=0 contentView=null vibrate=null sound=null defaults=0x0 flags=0x0 color=0xff607d8b category=progress vis=PRIVATE)),0]
05-05 12:12:37.463453   223   223 I sf_frame_dur: [ScreenshotAnimation,38,3,0,1,1,0,0]
05-05 12:12:37.480000  1078  1078 I auditd  : type=1400 audit(0.0:515): avc: denied { read open } for comm="RenderThread" path="/data/media/0" dev="mmcblk0p20" ino=454275 scontext=u:r:system_server:s0 tcontext=u:object_r:media_rw_data_file:s0 tclass=dir permissive=0
05-05 12:12:37.890180   979   995 I am_broadcast_discard_app: [0,163537960,android.intent.action.MEDIA_MOUNTED,3,ResolveInfo{babfeb5 com.tencent.mm/.booter.MountReceiver m=0x208000}]
05-05 12:12:38.122466   979  1089 I am_proc_start: [0,2681,10003,com.android.dialer,broadcast,com.android.dialer/com.mediatek.contacts.simcontact.BootCmpReceiver]
05-05 12:12:38.153712   979  1900 I am_proc_bound: [0,2681,com.android.dialer]
05-05 12:12:38.705592   979  1448 I am_proc_start: [0,2699,10060,com.cooyiqi.itel,broadcast,com.cooyiqi.itel/com.iekie.lovelyfonts.fonts.receiver.SystemActionReceiver]
05-05 12:12:38.736697   979  1896 I am_proc_bound: [0,2699,com.cooyiqi.itel]
05-05 12:12:40.079640   979   979 I notification_enqueue: [10028,2641,com.android.systemui,2132017198,NULL,0,Notification(pri=0 contentView=null vibrate=null sound=null tick defaults=0x0 flags=0x10 color=0xff607d8b actions=2 vis=PRIVATE publicVersion=Notification(pri=0 contentView=null vibrate=null sound=null defaults=0x0 flags=0x10 color=0xff607d8b category=progress vis=PRIVATE)),1]
05-05 12:12:40.798541   979   989 I am_proc_start: [0,2750,1000,com.mediatek.bluetooth.dtt,broadcast,com.mediatek.bluetooth.dtt/.BluetoothReceiver]
05-05 12:12:40.845656   979   996 I sysui_action: [317,1]
05-05 12:12:40.849515   979   996 I am_kill : [0,1821,com.tencent.mm,902,user request after error]
05-05 12:12:40.895962   979  1199 I am_proc_bound: [0,2750,com.mediatek.bluetooth.dtt]
05-05 12:12:41.015130   979  1199 I am_proc_died: [0,1821,com.tencent.mm]
05-05 12:12:41.137082   223   223 I sf_frame_dur: [Application Not Responding: com.tencent.mm,3,0,0,1,0,0,5]
05-05 12:12:41.324281   979   979 I notification_cancel: [10096,1995,com.facebook.katana,200,NULL,0,0,1088,8,NULL]
05-05 12:12:41.378807   979   979 I notification_cancel: [10015,2269,com.google.android.gms,10436,NULL,0,0,1088,8,NULL]
05-05 12:12:41.391531   979  1199 I am_proc_start: [0,2781,1000,com.android.settings,broadcast,com.android.settings/.bluetooth.DockEventReceiver]
05-05 12:12:41.410489   979   990 I am_proc_bound: [0,2781,com.android.settings]
05-05 12:12:41.746245   979   979 I notification_cancel: [10096,1995,com.facebook.katana,714499313,X.07Y,0,0,1088,8,NULL]
05-05 12:12:41.803705   979  1890 I am_kill : [0,1632,com.android.printspooler,906,empty #9]
05-05 12:12:41.845652   979   979 I notification_cancel: [10096,1995,com.facebook.katana,714499313,X.07Y,0,0,1088,8,NULL]
