05-05 12:13:33.641774   979   995 I am_proc_start: [0,4427,10066,com.hzay.market,service,com.hzay.market/com.afmobi.palmplay.service.PalmplaySysService]
05-05 12:13:33.679937   979  1897 I am_proc_bound: [0,4427,com.hzay.market]
05-05 12:13:33.764403   979   979 I notification_cancel: [10023,4397,com.android.vending,-1050172287,NULL,0,0,1088,8,NULL]
05-05 12:13:34.005318   979  1450 I am_proc_start: [0,4468,10047,com.facebook.appmanager,broadcast,com.facebook.appmanager/com.facebook.oxygen.appmanager.configuration.ConfigurationBootReceiver]
05-05 12:13:34.030908   979  1325 I am_proc_bound: [0,4468,com.facebook.appmanager]
05-05 12:13:34.170012   979   979 I notification_cancel: [10023,4397,com.android.vending,-555892993,NULL,0,0,1088,8,NULL]
05-05 12:13:34.536819   979  1326 I am_proc_start: [0,4497,10062,com.google.android.apps.maps,broadcast,com.google.android.apps.maps/com.google.android.apps.gmm.navigation.service.detection.StartDetectionReceiver]
05-05 12:13:34.557916   979  1900 I am_proc_bound: [0,4497,com.google.android.apps.maps]
05-05 12:13:34.643996   979  1890 I am_proc_died: [0,4397,com.android.vending]
05-05 12:13:35.164209   979  1897 I am_proc_died: [0,4427,com.hzay.market]
05-05 12:13:35.164789   979  1897 I am_schedule_service_restart: [0,com.hzay.market/com.afmobi.palmplay.service.PalmplaySysService,1000]
05-05 12:13:36.181817   979   995 I am_proc_start: [0,4552,10066,com.hzay.market,service,com.hzay.market/com.afmobi.palmplay.service.PalmplaySysService]
05-05 12:13:36.204133   979   989 I force_gc: Binder
05-05 12:13:36.204483   979   989 I am_proc_bound: [0,4552,com.hzay.market]
05-05 12:13:36.297836   979  1199 I am_proc_died: [0,4468,com.facebook.appmanager]
05-05 12:13:36.423208   979  1888 I am_proc_start: [0,4577,10069,com.google.android.apps.photos,broadcast,com.google.android.apps.photos/.camerashortcut.CameraShortcutBroadcastReceiver]
05-05 12:13:36.454731   979  1199 I am_proc_bound: [0,4577,com.google.android.apps.photos]
05-05 12:13:36.483938   979   979 I notification_cancel: [1000,979,com.mediatek.mtklogger,2130837539,NULL,0,0,0,8,NULL]
05-05 12:13:36.484702   979   979 I notification_canceled: [0|com.mediatek.mtklogger|2130837539|null|10082,8,9380,9373,4038]
05-05 12:13:36.547442   979   979 I notification_enqueue: [10082,4099,com.mediatek.mtklogger,2130837539,NULL,0,Notification(pri=0 contentView=com.mediatek.mtklogger/0x109008f vibrate=null sound=null tick defaults=0x0 flags=0x40 color=0x00000000 vis=PRIVATE),0]
05-05 12:13:36.554034   979   979 I notification_enqueue: [10082,4099,com.mediatek.mtklogger,2130837539,NULL,0,Notification(pri=0 contentView=null vibrate=null sound=null tick defaults=0x0 flags=0x0 color=0x00000000 vis=PRIVATE),1]
05-05 12:13:36.736994   979  1199 I am_proc_died: [0,4497,com.google.android.apps.maps]
05-05 12:13:37.094393   979  1273 I force_gc: Binder
05-05 12:13:37.215748   979   989 I am_proc_died: [0,3086,com.google.android.gms.unstable]
05-05 12:13:37.216269   979   989 I am_schedule_service_restart: [0,com.google.android.gms/.droidguard.DroidGuardService,1000]
05-05 12:13:38.005210   979  1450 I force_gc: Binder
05-05 12:13:38.148175   979  1326 I am_proc_start: [0,4624,10069,com.google.android.apps.photos:CameraShortcut,service,com.google.android.apps.photos/.camerashortcut.CameraShortcutServiceImpl]
05-05 12:13:38.149867   979  1893 I am_proc_bound: [0,4624,com.google.android.apps.photos:CameraShortcut]
05-05 12:13:38.233355   979   995 I am_proc_start: [0,4638,10015,com.google.android.gms.unstable,service,com.google.android.gms/.droidguard.DroidGuardService]
05-05 12:13:38.265143   979  1448 I am_proc_bound: [0,4638,com.google.android.gms.unstable]
05-05 12:13:38.341114   979   979 I notification_cancel: [10069,4577,com.google.android.apps.photos,10436,NULL,0,0,1088,8,NULL]
05-05 12:13:38.404863   979  1325 I am_proc_died: [0,4552,com.hzay.market]
05-05 12:13:38.405515   979  1325 I am_schedule_service_restart: [0,com.hzay.market/com.afmobi.palmplay.service.PalmplaySysService,1000]
05-05 12:13:38.458356  2269  2994 I [70220] : [5,1493937143882,1493957598226,23,143,123,0,595,761,0,99,0,46535,138,4,19,1,56,987]
05-05 12:13:38.496835   979  1448 I am_proc_start: [0,4654,10045,com.google.android.apps.tachyon,broadcast,com.google.android.apps.tachyon/.BootReceiver]
05-05 12:13:38.569617   979  1888 I am_proc_bound: [0,4654,com.google.android.apps.tachyon]
05-05 12:13:38.646380   979  1325 I am_proc_died: [0,1543,android.process.media]
05-05 12:13:38.646903   979  1325 I am_schedule_service_restart: [0,com.android.providers.media/.MediaScannerService,51659]
05-05 12:13:38.850651   979   979 I notification_cancel: [10069,4624,com.google.android.apps.photos,10436,NULL,0,0,1088,8,NULL]
05-05 12:13:39.109387  1132  1132 I sysui_lockscreen_gesture: [1,0,3152]
05-05 12:13:39.169193   979   979 I notification_cancel: [10015,4638,com.google.android.gms,10436,NOT_MNC,0,0,1088,8,NULL]
05-05 12:13:39.169871   979   979 I notification_cancel: [10015,4638,com.google.android.gms,39789,NOT_MNC,0,0,1088,8,NULL]
05-05 12:13:39.236295   979  1890 I am_proc_died: [0,4624,com.google.android.apps.photos:CameraShortcut]
05-05 12:13:39.304556  1132  1132 I sysui_status_bar_state: [1,1,0,1,1,0]
05-05 12:13:39.424084   979   995 I am_proc_start: [0,4687,10066,com.hzay.market,service,com.hzay.market/com.afmobi.palmplay.service.PalmplaySysService]
05-05 12:13:39.452587   979  1325 I am_proc_bound: [0,4687,com.hzay.market]
05-05 12:13:39.490179   979  1273 I notification_visibility: [0|com.mediatek.mtklogger|2130837539|null|10082,0,2944,2937,0,2]
05-05 12:13:39.490290   979  1273 I notification_visibility: [0|com.android.mms|0|com.android.mms:sms:|10076,0,7925,7925,0,1]
05-05 12:13:39.490357   979  1273 I notification_visibility: [0|com.android.deskclock|2|null|1000,0,10778,10778,0,0]
05-05 12:13:39.490818   979  1897 I notification_panel_hidden: []
05-05 12:13:39.515666   979  1450 I am_proc_died: [0,4577,com.google.android.apps.photos]
05-05 12:13:39.516488   979  1450 I am_schedule_service_restart: [0,com.google.android.apps.photos/com.google.android.libraries.social.async.BackgroundTaskService,60790]
05-05 12:13:40.007604   979  1326 I am_proc_died: [0,2269,com.google.android.gms]
05-05 12:13:40.012251   979  1326 I am_schedule_service_restart: [0,com.google.android.gms/.checkin.CheckinService,60294]
05-05 12:13:40.013303   979  1326 I am_schedule_service_restart: [0,com.google.android.gms/.measurement.service.MeasurementBrokerService,70294]
05-05 12:13:40.110948   979  1448 I am_proc_start: [0,4722,10015,com.google.android.gms.feedback,service,com.google.android.gms/.feedback.FeedbackService]
05-05 12:13:40.136937   979  1325 I am_proc_bound: [0,4722,com.google.android.gms.feedback]
05-05 12:13:40.732015  1132  1132 I screen_toggled: 2
05-05 12:13:40.741946   979   989 I am_proc_start: [0,4761,10007,com.google.android.configupdater,broadcast,com.google.android.configupdater/.CertPin.CertPinUpdateRequestReceiver]
05-05 12:13:40.765728   979   990 I am_proc_bound: [0,4761,com.google.android.configupdater]
05-05 12:13:40.765729   979   979 I notification_cancel: [10045,4654,com.google.android.apps.tachyon,10436,NULL,0,0,1088,8,NULL]
05-05 12:13:40.793850   979  1893 I am_proc_died: [0,4638,com.google.android.gms.unstable]
05-05 12:13:40.848203  1527  1539 I force_gc: Binder
05-05 12:13:40.861719   979   979 I notification_cancel: [10015,4722,com.google.android.gms,10436,NOT_MNC,0,0,1088,8,NULL]
05-05 12:13:40.863821   979   979 I notification_cancel: [10015,4722,com.google.android.gms,39789,NOT_MNC,0,0,1088,8,NULL]
05-05 12:13:41.165777   979  1892 I am_resume_activity: [0,123782701,389,com.android.stk/.StkDialogActivity]
05-05 12:13:41.286338   979  1450 I am_proc_died: [0,4654,com.google.android.apps.tachyon]
05-05 12:13:41.398313  1247  1247 I am_on_resume_called: [0,com.android.stk.StkDialogActivity,RESUME_ACTIVITY]
05-05 12:13:41.454328  1132  1132 I sysui_view_visibility: [111,0]
05-05 12:13:41.458999   979  1897 I notification_expansion: [0|com.android.deskclock|2|null|1000,0,1,12746,12746,9011]
05-05 12:13:41.450000  1892  1892 I auditd  : type=1400 audit(0.0:549): avc: denied { read open } for comm="Binder:979_C" path="/data/media/0" dev="mmcblk0p20" ino=454275 scontext=u:r:system_server:s0 tcontext=u:object_r:media_rw_data_file:s0 tclass=dir permissive=0
05-05 12:13:41.488517  1132  1132 I sysui_status_bar_state: [0,0,0,0,1,0]
05-05 12:13:41.573384   979  1448 I am_proc_start: [0,4798,10050,com.google.android.gm,broadcast,com.google.android.gm/.GoogleMailDeviceStartupReceiver]
05-05 12:13:41.599967   979   989 I am_proc_bound: [0,4798,com.google.android.gm]
05-05 12:13:42.230000   272   272 I auditd  : type=1400 audit(0.0:550): avc: denied { read open } for comm="sn" path="/data/media/0" dev="mmcblk0p20" ino=454275 scontext=u:r:sn:s0 tcontext=u:object_r:media_rw_data_file:s0 tclass=dir permissive=0
05-05 12:13:42.230000   272   272 I auditd  : type=1400 audit(0.0:551): avc: denied { read open } for comm="sn" path="/data/media/0" dev="mmcblk0p20" ino=454275 scontext=u:r:sn:s0 tcontext=u:object_r:media_rw_data_file:s0 tclass=dir permissive=0
05-05 12:13:42.230000   272   272 I auditd  : type=1400 audit(0.0:552): avc: denied { read open } for comm="sn" path="/mnt/media_rw/B2E2-3B8A" dev="mmcblk1p1" ino=1 scontext=u:r:sn:s0 tcontext=u:object_r:vfat:s0 tclass=dir permissive=0
05-05 12:13:42.346645   979   979 I notification_cancel: [10096,1995,com.facebook.katana,714499313,X.07Y,0,0,1088,8,NULL]
05-05 12:13:43.011348   979  1199 I am_proc_start: [0,4834,10015,com.google.android.gms,service,com.google.android.gms/.chimera.GmsIntentOperationService]
05-05 12:13:43.049165   979  1893 I am_proc_bound: [0,4834,com.google.android.gms]
05-05 12:13:43.188862   979  1890 I am_finish_activity: [0,123782701,389,com.android.stk/.StkDialogActivity,app-request]
05-05 12:13:43.194355   979  1890 I wm_task_moved: [388,1,1]
05-05 12:13:43.221808   979  1890 I am_focused_activity: [0,com.whatsapp/.HomeActivity,finishActivity adjustFocus]
05-05 12:13:43.222178   979  1890 I am_pause_activity: [0,123782701,com.android.stk/.StkDialogActivity]
05-05 12:13:43.230906  1247  1247 I am_on_paused_called: [0,com.android.stk.StkDialogActivity,handlePauseActivity]
05-05 12:13:43.233476   979  1893 I am_destroy_activity: [0,123782701,389,com.android.stk/.StkDialogActivity,finish-imm]
05-05 12:13:43.383741   979  1893 I am_resume_activity: [0,33370116,388,com.whatsapp/.HomeActivity]
05-05 12:13:43.461962  1247  1247 I am_on_stop_called: [0,com.android.stk.StkDialogActivity,destroy]
05-05 12:13:43.532955  2311  2311 I am_on_resume_called: [0,com.whatsapp.HomeActivity,RESUME_ACTIVITY]
05-05 12:13:43.560000  1892  1892 I auditd  : type=1400 audit(0.0:553): avc: denied { read open } for comm="Binder:979_C" path="/data/media/0" dev="mmcblk0p20" ino=454275 scontext=u:r:system_server:s0 tcontext=u:object_r:media_rw_data_file:s0 tclass=dir permissive=0
05-05 12:13:43.749273   979  1002 I wm_task_removed: [389,removeAppToken: last token]
05-05 12:13:43.749337   979  1002 I wm_task_removed: [389,removeTask]
05-05 12:13:43.754503   223   223 I sf_frame_dur: [com.android.stk/com.android.stk.StkDialogActivity,15,0,1,0,2,1,2]
05-05 12:13:43.771910   979  1888 I am_mem_factor: [2,3]
05-05 12:13:43.845439   979   979 I notification_cancel: [10015,4834,com.google.android.gms,10436,NOT_MNC,0,0,1088,8,NULL]
05-05 12:13:43.845688   979   979 I notification_cancel: [10015,4834,com.google.android.gms,39789,NOT_MNC,0,0,1088,8,NULL]
05-05 12:13:44.054605   979   990 I am_proc_died: [0,4722,com.google.android.gms.feedback]
05-05 12:13:44.056146   979   990 I am_mem_factor: [3,2]
05-05 12:13:44.369038   979  1025 I am_new_intent: [0,84069383,387,com.android.launcher3/.Launcher,android.intent.action.MAIN,NULL,NULL,278921216]
05-05 12:13:44.385794   979  1025 I am_focused_stack: [0,0,1,bringingFoundTaskToFront setFocusedActivity]
05-05 12:13:44.386596   979  1025 I wm_task_moved: [387,1,0]
05-05 12:13:44.397451   979  1025 I am_focused_activity: [0,com.android.launcher3/.Launcher,bringingFoundTaskToFront]
05-05 12:13:44.397837   979  1025 I am_pause_activity: [0,33370116,com.whatsapp/.HomeActivity]
05-05 12:13:44.403669  2311  2311 I am_on_paused_called: [0,com.whatsapp.HomeActivity,handlePauseActivity]
05-05 12:13:44.405586   979  1025 I am_restart_activity: [0,156734956,387,com.android.launcher3/.Launcher]
05-05 12:13:44.464220   979  1025 I am_pause_activity: [0,156734956,com.android.launcher3/.Launcher]
05-05 12:13:44.470204   979  1025 I am_resume_activity: [0,156734956,387,com.android.launcher3/.Launcher]
05-05 12:13:44.470957   979  1025 I am_task_to_front: [0,387]
05-05 12:13:44.473415   979  1025 I sysui_action: [323,com.android.launcher3/.Launcher]
05-05 12:13:44.473479   979  1025 I sysui_action: [324,true]
05-05 12:13:44.473529   979  1025 I sysui_action: [325,360]
05-05 12:13:44.479556   979   995 I am_stop_activity: [0,33370116,com.whatsapp/.HomeActivity]
05-05 12:13:44.484345   979   995 I sysui_count: [window_time_0,37]
05-05 12:13:44.691610  2311  2311 I am_on_stop_called: [0,com.whatsapp.HomeActivity,handleStopActivity]
05-05 12:13:44.757034   979   995 I am_destroy_activity: [0,33370116,388,com.whatsapp/.HomeActivity,always-finish]
05-05 12:13:44.835633   979  1893 I am_proc_start: [0,4869,10029,com.google.android.googlequicksearchbox:search,broadcast,com.google.android.googlequicksearchbox/com.google.android.apps.gsa.search.core.StartUpReceiver]
05-05 12:13:44.871352   979  1900 I am_proc_bound: [0,4869,com.google.android.googlequicksearchbox:search]
05-05 12:13:44.937687  1527  1538 I force_gc: Binder
05-05 12:13:45.297869  4834  4857 I [70220] : 34834
05-05 12:13:45.603423  1527  1539 I force_gc: Binder
05-05 12:13:45.713904   979   979 I notification_cancel: [10015,4834,com.google.android.gms,0,com.google.android.gms.auth.TokenNotificationManager:doublelin1688@gmail.com:com.google,0,0,1088,8,NULL]
05-05 12:13:45.858073   979   990 I am_proc_start: [0,4911,10011,android.process.media,content provider,com.android.providers.downloads/.DownloadProvider]
05-05 12:13:45.898977   979  1450 I am_proc_bound: [0,4911,android.process.media]
05-05 12:13:46.088598   979  1448 I am_proc_start: [0,4929,10023,com.android.vending,service,com.android.vending/com.google.android.finsky.services.ContentFiltersService]
05-05 12:13:46.114929   979  1325 I am_proc_bound: [0,4929,com.android.vending]
05-05 12:13:46.333049   979  1450 I am_proc_start: [0,4954,10015,com.google.android.gms.ui,service,com.google.android.gms/.chimera.UiIntentOperationService]
05-05 12:13:46.485562   979  1888 I am_proc_bound: [0,4954,com.google.android.gms.ui]
05-05 12:13:46.569732   979  1199 I am_proc_start: [0,4969,1000,com.android.deskclock,service,com.android.deskclock/com.android.alarmclock.DigitalAppWidgetService]
05-05 12:13:46.604106   979  1450 I am_proc_bound: [0,4969,com.android.deskclock]
05-05 12:13:46.744092   979   979 I notification_cancel: [10015,4954,com.google.android.gms,10436,NOT_MNC,0,0,1088,8,NULL]
05-05 12:13:46.744456   979   979 I notification_cancel: [10015,4954,com.google.android.gms,39789,NOT_MNC,0,0,1088,8,NULL]
05-05 12:13:47.193205   979  1450 I am_proc_died: [0,4761,com.google.android.configupdater]
05-05 12:13:47.247020   979   994 I am_pss  : [4171,1000,com.android.calendar,3417088,2375680,116736]
05-05 12:13:47.334835  1527  3033 I force_gc: Binder
05-05 12:13:47.377813   979  1899 I force_gc: Binder
05-05 12:13:47.602404  1132  1132 I sysui_count: [panel_open,1]
05-05 12:13:47.654423   979  1199 I am_proc_died: [0,4798,com.google.android.gm]
05-05 12:13:47.665489  1132  1132 I sysui_histogram: [note_load,4]
05-05 12:13:47.667315   979  1089 I notification_panel_revealed: 4
05-05 12:13:47.780508   979  1896 I am_proc_start: [0,5009,10015,com.google.android.gms.unstable,service,com.google.android.gms/.droidguard.DroidGuardService]
05-05 12:13:47.811500   979  1892 I am_proc_bound: [0,5009,com.google.android.gms.unstable]
05-05 12:13:48.186653   979   979 I notification_cancel: [10015,5009,com.google.android.gms,10436,NOT_MNC,0,0,1088,8,NULL]
05-05 12:13:48.192928   979   979 I notification_cancel: [10015,5009,com.google.android.gms,39789,NOT_MNC,0,0,1088,8,NULL]
05-05 12:13:48.217332  4834  4857 I force_gc: Binder
05-05 12:13:48.465027   979   990 I am_proc_died: [0,2311,com.whatsapp]
05-05 12:13:48.465543   979   990 I am_schedule_service_restart: [0,com.whatsapp/.ExternalMediaManager,41841]
05-05 12:13:48.465838   979   990 I am_schedule_service_restart: [0,com.whatsapp/.messaging.MessageService,41840]
05-05 12:13:48.620453   979   979 I notification_cancel: [10023,4929,com.android.vending,-1050172287,NULL,0,0,1088,8,NULL]
05-05 12:13:48.643482   979  1899 I notification_visibility: [0|com.android.mms|0|com.android.mms:sms:|10076,1,17078,17078,0,1]
05-05 12:13:48.643658   979  1899 I notification_visibility: [0|com.android.deskclock|2|null|1000,1,19931,19931,0,0]
05-05 12:13:48.672629  1132  1132 I sysui_view_visibility: [111,100]
05-05 12:13:48.672717  1132  1132 I sysui_view_visibility: [126,100]
05-05 12:13:48.672746  1132  1132 I sysui_view_visibility: [113,100]
05-05 12:13:48.672775  1132  1132 I sysui_view_visibility: [411,100]
05-05 12:13:48.672798  1132  1132 I sysui_view_visibility: [112,100]
05-05 12:13:48.672832  1132  1132 I sysui_view_visibility: [120,100]
05-05 12:13:48.672872  1132  1132 I sysui_view_visibility: [118,100]
05-05 12:13:48.672907  1132  1132 I sysui_view_visibility: [261,100]
05-05 12:13:48.675251  1132  1132 I sysui_view_visibility: [-1,100]
05-05 12:13:48.675478  1132  1132 I sysui_view_visibility: [123,100]
05-05 12:13:48.678737  1132  1132 I sysui_view_visibility: [122,100]
05-05 12:13:48.678809  1132  1132 I sysui_view_visibility: [119,100]
05-05 12:13:48.678848  1132  1132 I sysui_view_visibility: [-1,100]
05-05 12:13:48.678899  1132  1132 I sysui_view_visibility: [111,100]
05-05 12:13:48.678937  1132  1132 I sysui_view_visibility: [126,100]
05-05 12:13:48.678993  1132  1132 I sysui_view_visibility: [113,100]
05-05 12:13:48.679021  1132  1132 I sysui_view_visibility: [411,100]
05-05 12:13:48.679044  1132  1132 I sysui_view_visibility: [112,100]
05-05 12:13:48.682741  1132  1132 I sysui_lockscreen_gesture: [9,266,2912]
05-05 12:13:49.005070   979   989 I am_proc_died: [0,4206,com.android.providers.calendar]
05-05 12:13:49.229131   979  1896 I am_proc_died: [0,3152,com.afmobi.boomplayer]
05-05 12:13:49.229811   979  1896 I am_schedule_service_restart: [0,com.afmobi.boomplayer/.service.PlayerService,51076]
05-05 12:13:49.474472   979  1273 I am_proc_start: [0,5075,10041,com.android.chrome,service,com.android.chrome/org.chromium.chrome.browser.customtabs.CustomTabsConnectionService]
05-05 12:13:49.512687   979  1273 I am_proc_died: [0,2699,com.cooyiqi.itel]
05-05 12:13:49.513195   979  1273 I am_schedule_service_restart: [0,com.cooyiqi.itel/com.iekie.lovelyfonts.fonts.service.StartService,60793]
05-05 12:13:49.513415   979  1273 I am_schedule_service_restart: [0,com.cooyiqi.itel/com.iekie.lovelyfonts.fonts.upgrade.FontUManagerService,70793]
05-05 12:13:49.524942   979  1002 I sysui_action: [320,3]
05-05 12:13:49.525034   979  1002 I sysui_action: [319,5199]
05-05 12:13:49.572878   979  1326 I am_proc_bound: [0,5075,com.android.chrome]
05-05 12:13:49.748215   979   979 I notification_cancel: [10023,4929,com.android.vending,-555892993,NULL,0,0,1088,8,NULL]
05-05 12:13:49.890700   979  1199 I am_proc_died: [0,4687,com.hzay.market]
05-05 12:13:49.891446   979  1199 I am_schedule_service_restart: [0,com.hzay.market/com.afmobi.palmplay.service.PalmplaySysService,80415]
05-05 12:13:50.042719  1588  1588 I am_on_resume_called: [0,com.android.launcher3.Launcher,LAUNCH_ACTIVITY]
05-05 12:13:50.094784   979   989 I am_proc_start: [0,5096,10018,com.google.android.onetimeinitializer,broadcast,com.google.android.onetimeinitializer/.OneTimeInitializerReceiver]
05-05 12:13:50.170000  1897  1897 I auditd  : type=1400 audit(0.0:554): avc: denied { read open } for comm="Binder:979_F" path="/data/media/0" dev="mmcblk0p20" ino=454275 scontext=u:r:system_server:s0 tcontext=u:object_r:media_rw_data_file:s0 tclass=dir permissive=0
05-05 12:13:50.186072  1132  1132 I sysui_view_visibility: [111,0]
05-05 12:13:50.186177  1132  1132 I sysui_view_visibility: [111,0]
05-05 12:13:50.186608  1588  1588 I am_on_paused_called: [0,com.android.launcher3.Launcher,handlePauseActivity]
05-05 12:13:50.188229   979  1325 I am_proc_bound: [0,5096,com.google.android.onetimeinitializer]
05-05 12:13:50.205196  1588  1588 I am_on_resume_called: [0,com.android.launcher3.Launcher,RESUME_ACTIVITY]
05-05 12:13:50.274070   979  1900 I am_proc_died: [0,1847,com.tencent.mm:recovery]
05-05 12:13:50.274512   979  1900 I am_schedule_service_restart: [0,com.tencent.mm/com.tencent.recovery.service.RecoveryReportService,90032]
05-05 12:13:50.285528   223   223 I sf_frame_dur: [com.whatsapp/com.whatsapp.HomeActivity,14,1,0,3,0,2,2]
05-05 12:13:50.301575   979  1325 I notification_visibility: [0|com.android.systemui|2132017198|null|10028,1,72919,70223,0,3]
05-05 12:13:50.301695   979  1325 I notification_visibility: [0|com.mediatek.mtklogger|2130837539|null|10082,1,13755,13748,0,2]
05-05 12:13:50.339164   979   995 I am_proc_start: [0,5111,10120,com.tencent.mobileqq:MSF,service,com.tencent.mobileqq/.msf.service.MsfService]
05-05 12:13:50.377669   979   989 I am_proc_bound: [0,5111,com.tencent.mobileqq:MSF]
05-05 12:13:50.683764   979  1900 I am_proc_died: [0,4171,com.android.calendar]
05-05 12:13:50.684297   979  1900 I am_schedule_service_restart: [0,com.android.calendar/.alerts.InitAlarmsService,89622]
05-05 12:13:50.720553   979  1089 I am_proc_start: [0,5126,10020,com.google.android.partnersetup,broadcast,com.google.android.partnersetup/.GooglePartnerSetup]
05-05 12:13:50.770687   979  1273 I am_proc_bound: [0,5126,com.google.android.partnersetup]
05-05 12:13:51.013780  4834  4864 I aggregation: 1493957631013
05-05 12:13:51.045693   979  1326 I am_proc_died: [0,5096,com.google.android.onetimeinitializer]
05-05 12:13:51.104947  4834  4864 I [70220] : [4,5825]
05-05 12:13:51.247372   979   990 I am_proc_start: [0,5147,10053,com.google.process.gapps,broadcast,com.google.android.syncadapters.contacts/.ContactsSyncAdapterBroadcastReceiver]
05-05 12:13:51.305368   979  1326 I am_proc_bound: [0,5147,com.google.process.gapps]
05-05 12:13:51.403796   979  1450 I am_proc_died: [0,4954,com.google.android.gms.ui]
05-05 12:13:51.404361   979  1450 I am_schedule_service_restart: [0,com.google.android.gms/.chimera.UiIntentOperationService,88902]
05-05 12:13:51.455006   979  1897 I force_gc: Binder
05-05 12:13:52.016205   979  1273 I am_proc_died: [0,5075,com.android.chrome]
05-05 12:13:52.230000   272   272 I auditd  : type=1400 audit(0.0:555): avc: denied { read open } for comm="sn" path="/data/media/0" dev="mmcblk0p20" ino=454275 scontext=u:r:sn:s0 tcontext=u:object_r:media_rw_data_file:s0 tclass=dir permissive=0
05-05 12:13:52.230000   272   272 I auditd  : type=1400 audit(0.0:556): avc: denied { read open } for comm="sn" path="/data/media/0" dev="mmcblk0p20" ino=454275 scontext=u:r:sn:s0 tcontext=u:object_r:media_rw_data_file:s0 tclass=dir permissive=0
05-05 12:13:52.230000   272   272 I auditd  : type=1400 audit(0.0:557): avc: denied { read open } for comm="sn" path="/mnt/media_rw/B2E2-3B8A" dev="mmcblk1p1" ino=1 scontext=u:r:sn:s0 tcontext=u:object_r:vfat:s0 tclass=dir permissive=0
05-05 12:13:52.243587   979   989 I am_proc_start: [0,5199,10041,com.android.chrome,service,com.android.chrome/org.chromium.chrome.browser.customtabs.CustomTabsConnectionService]
05-05 12:13:52.291730  1132  1132 I sysui_action: [409,false]
05-05 12:13:52.340185   979   990 I am_proc_bound: [0,5199,com.android.chrome]
05-05 12:13:52.381258   979  1326 I am_proc_start: [0,5214,1000,com.itel.freezer,broadcast,com.itel.freezer/.MBootBroadcastReceiver]
05-05 12:13:52.414075   979  1199 I am_proc_bound: [0,5214,com.itel.freezer]
05-05 12:13:52.584753   979  1899 I am_proc_died: [0,5147,com.google.process.gapps]
05-05 12:13:53.087954   979  1325 I notification_visibility: [0|com.android.systemui|2132017198|null|10028,0,75705,73009,0,3]
05-05 12:13:53.088070   979  1325 I notification_visibility: [0|com.mediatek.mtklogger|2130837539|null|10082,0,16542,16535,0,2]
05-05 12:13:53.088132   979  1325 I notification_visibility: [0|com.android.mms|0|com.android.mms:sms:|10076,0,21523,21523,0,1]
05-05 12:13:53.088187   979  1325 I notification_visibility: [0|com.android.deskclock|2|null|1000,0,24376,24376,0,0]
05-05 12:13:53.088811   979  1893 I notification_panel_hidden: []
05-05 12:13:53.090060   979  1002 I sysui_action: [322,8764]
05-05 12:13:53.191965   979  1448 I am_create_task: [0,390]
05-05 12:13:53.192172   979  1448 I am_create_activity: [0,65505768,390,android/com.android.internal.app.ResolverActivity,android.intent.action.VIEW,image/png,content://media/external/images/media/5960,276824064]
05-05 12:13:53.198946   979  1448 I wm_task_created: [390,1]
05-05 12:13:53.199630   979  1448 I wm_task_moved: [390,1,1]
05-05 12:13:53.200000   979  1448 I am_focused_stack: [0,1,0,startedActivity setFocusedActivity]
05-05 12:13:53.202651   979  1448 I wm_task_moved: [390,1,1]
05-05 12:13:53.250588   979  1448 I am_focused_activity: [0,android/com.android.internal.app.ResolverActivity,startedActivity]
05-05 12:13:53.250969   979  1448 I am_pause_activity: [0,156734956,com.android.launcher3/.Launcher]
05-05 12:13:53.265906   979  1448 I sysui_action: [323,android/com.android.internal.app.ResolverActivity]
05-05 12:13:53.265985   979  1448 I sysui_action: [324,false]
05-05 12:13:53.266037   979  1448 I sysui_action: [325,369]
05-05 12:13:53.298049   979  1450 I notification_clicked: [0|com.android.systemui|2132017198|null|10028,75902,73206,2983]
05-05 12:13:53.298874   979   979 I notification_cancel: [10028,1132,com.android.systemui,2132017198,NULL,0,16,64,1,NULL]
05-05 12:13:53.304476   979   979 I sysui_histogram: [note_click_longevity,1]
05-05 12:13:53.309141   979   979 I notification_canceled: [0|com.android.systemui|2132017198|null|10028,1,75927,73231,3008]
05-05 12:13:53.403174  1588  1588 I am_on_paused_called: [0,com.android.launcher3.Launcher,handlePauseActivity]
05-05 12:13:53.464362   979  1900 I am_proc_start: [0,5250,1000,system:ui,activity,android/com.android.internal.app.ResolverActivity]
05-05 12:13:53.510302   979   990 I am_proc_bound: [0,5250,system:ui]
05-05 12:13:53.531499   979   990 I am_restart_activity: [0,65505768,390,android/com.android.internal.app.ResolverActivity]
05-05 12:13:53.740000  5249  5249 I auditd  : type=1400 audit(0.0:558): avc: denied { read } for comm="pool-1-thread-3" name="address" dev="sysfs" ino=13593 scontext=u:r:untrusted_app:s0:c512,c768 tcontext=u:object_r:sysfs:s0 tclass=file permissive=0
05-05 12:13:53.790000  5249  5249 I auditd  : type=1400 audit(0.0:559): avc: denied { read } for comm="pool-1-thread-3" name="type" dev="sysfs" ino=9944 scontext=u:r:untrusted_app:s0:c512,c768 tcontext=u:object_r:sysfs:s0 tclass=file permissive=0
05-05 12:13:53.790000  5249  5249 I auditd  : type=1400 audit(0.0:560): avc: denied { read } for comm="pool-1-thread-3" name="name" dev="sysfs" ino=9936 scontext=u:r:untrusted_app:s0:c512,c768 tcontext=u:object_r:sysfs:s0 tclass=file permissive=0
05-05 12:13:53.800000  5249  5249 I auditd  : type=1400 audit(0.0:561): avc: denied { read } for comm="pool-1-thread-3" name="cid" dev="sysfs" ino=9927 scontext=u:r:untrusted_app:s0:c512,c768 tcontext=u:object_r:sysfs:s0 tclass=file permissive=0
05-05 12:13:53.844670   979   989 I am_proc_died: [0,4969,com.android.deskclock]
05-05 12:13:53.847161   979  1896 I am_proc_died: [0,5126,com.google.android.partnersetup]
05-05 12:13:53.847678   979  1896 I am_schedule_service_restart: [0,com.google.android.partnersetup/.ClientIdService,86458]
05-05 12:13:53.848011   979  1896 I am_schedule_service_restart: [0,com.google.android.partnersetup/.RlzPingIntentService,86458]
05-05 12:13:54.024640  1527  4890 I force_gc: Binder
05-05 12:13:54.041765   979  1199 I am_proc_died: [0,3895,android.process.acore]
05-05 12:13:54.119816   979  1199 I am_proc_start: [0,5273,10003,android.process.acore,content provider,com.android.providers.contacts/.ContactsProvider2]
05-05 12:13:54.194303   979  1899 I am_proc_bound: [0,5273,android.process.acore]
05-05 12:13:54.420000  1899  1899 I auditd  : type=1400 audit(0.0:562): avc: denied { read open } for comm="Binder:979_10" path="/data/media/0/Android/data" dev="mmcblk0p20" ino=454280 scontext=u:r:system_server:s0 tcontext=u:object_r:media_rw_data_file:s0 tclass=dir permissive=0
05-05 12:13:54.420000  1899  1899 I auditd  : type=1400 audit(0.0:563): avc: denied { read open } for comm="Binder:979_10" path="/data/media/0/Android/data" dev="mmcblk0p20" ino=454280 scontext=u:r:system_server:s0 tcontext=u:object_r:media_rw_data_file:s0 tclass=dir permissive=0
05-05 12:13:54.420000  1899  1899 I auditd  : type=1400 audit(0.0:564): avc: denied { read open } for comm="Binder:979_10" path="/data/media/0/Android/data" dev="mmcblk0p20" ino=454280 scontext=u:r:system_server:s0 tcontext=u:object_r:media_rw_data_file:s0 tclass=dir permissive=0
05-05 12:13:54.985300  5250  5250 I am_on_resume_called: [0,com.android.internal.app.ResolverActivity,LAUNCH_ACTIVITY]
05-05 12:13:55.130000  1892  1892 I auditd  : type=1400 audit(0.0:565): avc: denied { read open } for comm="Binder:979_C" path="/data/media/0" dev="mmcblk0p20" ino=454275 scontext=u:r:system_server:s0 tcontext=u:object_r:media_rw_data_file:s0 tclass=dir permissive=0
05-05 12:13:55.561074   979  1897 I am_proc_died: [0,4869,com.google.android.googlequicksearchbox:search]
05-05 12:13:55.563838   979  1897 I am_schedule_service_restart: [0,com.google.android.googlequicksearchbox/com.google.android.apps.gsa.tasks.VelvetBackgroundTasksIntentService,84742]
05-05 12:13:55.564049   979  1897 I am_schedule_service_restart: [0,com.google.android.googlequicksearchbox/com.google.android.apps.gsa.search.core.service.SearchService,94742]
05-05 12:13:55.584539   979   994 I am_pss  : [1588,1000,com.android.launcher3,60225536,46727168,9730048]
05-05 12:13:55.627788   979  1002 I sysui_action: [320,2]
05-05 12:13:55.627871   979  1002 I sysui_action: [319,2454]
05-05 12:13:55.628053   979  1002 I sysui_action: [322,2455]
05-05 12:13:55.628140   979  1002 I am_activity_launch_time: [0,65505768,android/com.android.internal.app.ResolverActivity,2221,2221]
05-05 12:13:55.643061   979   994 I am_pss  : [1872,1000,tran.com.android.taplacollect,5037056,2818048,1369088]
05-05 12:13:55.970053   979  1089 I am_proc_died: [0,5009,com.google.android.gms.unstable]
05-05 12:13:55.971780   979  1089 I am_schedule_service_restart: [0,com.google.android.gms/.droidguard.DroidGuardService,104335]
05-05 12:13:56.084740   979  1448 I am_proc_start: [0,5313,10120,com.tencent.mobileqq,content provider,com.tencent.mobileqq/com.tencent.mqq.shared_file_accessor.ContentProviderImpl]
05-05 12:13:56.141305   979  1892 I am_proc_bound: [0,5313,com.tencent.mobileqq]
05-05 12:13:56.354517   979  1892 I am_proc_died: [0,4911,android.process.media]
05-05 12:13:56.354949   979  1892 I am_schedule_service_restart: [0,com.android.providers.media/.MediaScannerService,113952]
05-05 12:13:56.471917   979  1273 I am_proc_start: [0,5327,1000,com.mediatek.atci.service,broadcast,com.mediatek.atci.service/.AtciIntentReceiver]
05-05 12:13:56.524100   979  1089 I am_proc_bound: [0,5327,com.mediatek.atci.service]
05-05 12:13:56.715909   979  1273 I am_proc_died: [0,5214,com.itel.freezer]
05-05 12:13:56.790608   979   994 I am_pss  : [4099,10082,com.mediatek.mtklogger,5445632,4059136,210944]
05-05 12:13:56.918412   979  1888 I am_proc_start: [0,5343,1000,com.mediatek.batterywarning,broadcast,com.mediatek.batterywarning/.BatteryWarningReceiver]
05-05 12:13:56.952683   979   989 I am_proc_bound: [0,5343,com.mediatek.batterywarning]
05-05 12:13:57.304240   979  1325 I am_proc_start: [0,5367,1000,com.mediatek.connectivity,broadcast,com.mediatek.connectivity/.CdsInfoReceiver]
05-05 12:13:57.307611   979  1325 I am_mem_factor: [2,3]
05-05 12:13:57.327097   979  1273 I am_proc_bound: [0,5367,com.mediatek.connectivity]
05-05 12:13:57.475245   979   979 I notification_cancel: [10015,4834,com.google.android.gms,2130838262,NULL,0,0,1088,8,NULL]
05-05 12:13:57.485950   979   979 I notification_cancel: [10015,4834,com.google.android.gms,2130838263,NULL,0,0,1088,8,NULL]
05-05 12:13:57.496749   979  1888 I am_proc_start: [0,5384,1001,com.mediatek.engineermode,broadcast,com.mediatek.engineermode/.boot.EmBootupReceiver]
05-05 12:13:57.514867   979  1888 I am_mem_factor: [0,2]
05-05 12:13:57.526461   979   989 I am_proc_bound: [0,5384,com.mediatek.engineermode]
05-05 12:13:57.559340  4834  5311 I system_update: [262656,0,0,NULL]
05-05 12:13:57.650000  5248  5248 I auditd  : type=1400 audit(0.0:566): avc: denied { read } for comm="pool-1-thread-2" name="address" dev="sysfs" ino=13593 scontext=u:r:untrusted_app:s0:c512,c768 tcontext=u:object_r:sysfs:s0 tclass=file permissive=0
05-05 12:13:57.740000  5403  5403 I auditd  : type=1400 audit(0.0:567): avc: denied { search } for comm="sh" name="bin" dev="mmcblk0p20" ino=608401 scontext=u:r:untrusted_app:s0:c512,c768 tcontext=u:object_r:adbd_data_file:s0 tclass=dir permissive=0
05-05 12:13:57.780000  5248  5248 I auditd  : type=1400 audit(0.0:568): avc: denied { read } for comm="pool-1-thread-2" name="address" dev="sysfs" ino=13593 scontext=u:r:untrusted_app:s0:c512,c768 tcontext=u:object_r:sysfs:s0 tclass=file permissive=0
05-05 12:13:57.924120   979  1888 I am_proc_died: [0,5199,com.android.chrome]
05-05 12:13:57.926266   979  1888 I am_mem_factor: [2,0]
05-05 12:13:58.283099   979  1326 I am_proc_start: [0,5417,10083,com.mediatek.omacp,broadcast,com.mediatek.omacp/.message.OmacpReceiver]
05-05 12:13:58.285323   979  1326 I am_mem_factor: [0,2]
05-05 12:13:58.307909   979  1899 I am_proc_bound: [0,5417,com.mediatek.omacp]
05-05 12:13:58.460000  5434  5434 I auditd  : type=1400 audit(0.0:569): avc: denied { search } for comm="nt.mobileqq:MSF" name="bin" dev="mmcblk0p20" ino=608401 scontext=u:r:untrusted_app:s0:c512,c768 tcontext=u:object_r:adbd_data_file:s0 tclass=dir permissive=0
05-05 12:13:58.551842   979  1893 I am_proc_start: [0,5438,1000,com.mediatek.providers.drm,broadcast,com.mediatek.providers.drm/.BootCompletedReceiver]
05-05 12:13:58.574145   979  1888 I am_proc_bound: [0,5438,com.mediatek.providers.drm]
05-05 12:13:58.764016   979  1089 I am_proc_died: [0,5343,com.mediatek.batterywarning]
05-05 12:13:58.765972   979  1089 I am_mem_factor: [2,0]
05-05 12:13:58.923993   979   979 I am_proc_start: [0,5461,10069,com.google.android.apps.photos,service,com.google.android.apps.photos/.registration.ReachabilityJobService]
05-05 12:13:58.928646   979   989 I am_proc_bound: [0,5461,com.google.android.apps.photos]
05-05 12:13:59.063483   979  1326 I am_proc_start: [0,5482,1000,com.mediatek.schpwronoff,broadcast,com.mediatek.schpwronoff/.AlarmInitReceiver]
05-05 12:13:59.066241   979  1326 I am_mem_factor: [0,2]
05-05 12:13:59.106286   979  1326 I am_proc_died: [0,5327,com.mediatek.atci.service]
05-05 12:13:59.108131   979  1326 I am_mem_factor: [2,0]
05-05 12:13:59.114266   979  1325 I am_proc_bound: [0,5482,com.mediatek.schpwronoff]
05-05 12:13:59.262847   979  1890 I am_proc_start: [0,5504,1000,com.mediatek.thermalmanager,broadcast,com.mediatek.thermalmanager/.ServiceStarter]
05-05 12:13:59.269785   979  1900 I am_mem_factor: [0,2]
05-05 12:13:59.290893   979  1273 I am_proc_bound: [0,5504,com.mediatek.thermalmanager]
05-05 12:13:59.328799   979  1326 I am_proc_died: [0,5367,com.mediatek.connectivity]
05-05 12:13:59.330603   979  1326 I am_mem_factor: [2,0]
05-05 12:13:59.434173   979  1893 I am_mem_factor: [0,2]
05-05 12:13:59.523807   979  1897 I am_proc_died: [0,5384,com.mediatek.engineermode]
05-05 12:13:59.525137   979  1897 I am_mem_factor: [2,0]
05-05 12:13:59.627365   979   979 I notification_cancel: [10015,4834,com.google.android.gms,10436,NULL,0,0,1088,8,NULL]
05-05 12:13:59.636780   979  1893 I am_proc_start: [0,5528,10085,org.simalliance.openmobileapi.service,broadcast,org.simalliance.openmobileapi.service/.SmartcardServiceBootCompletedBroadcastReceiver]
05-05 12:13:59.660884   979  1326 I am_proc_bound: [0,5528,org.simalliance.openmobileapi.service]
05-05 12:13:59.783560   979  1450 I am_proc_died: [0,5438,com.mediatek.providers.drm]
05-05 12:13:59.784970   979  1450 I am_mem_factor: [3,2]
05-05 12:13:59.936006   979  1888 I am_proc_start: [0,5542,10085,org.simalliance.openmobileapi.service:remote,service,org.simalliance.openmobileapi.service/.SmartcardService]
05-05 12:13:59.941175   979   989 I am_mem_factor: [2,3]
05-05 12:13:59.964810   979  1897 I am_proc_died: [0,4929,com.android.vending]
05-05 12:13:59.967931   979  1897 I am_mem_factor: [3,2]
05-05 12:14:00.016721   979  1890 I am_proc_start: [0,5556,1000,tran.com.android.taplaota,broadcast,tran.com.android.taplaota/.receiver.OtaReceiver]
05-05 12:14:00.056326   979  1273 I am_proc_bound: [0,5542,org.simalliance.openmobileapi.service:remote]
05-05 12:14:00.062801   979  1325 I am_proc_bound: [0,5556,tran.com.android.taplaota]
05-05 12:14:00.200949   979  1899 I am_proc_start: [0,5569,10087,org.simalliance.openmobileapi.uicc1terminal,service,org.simalliance.openmobileapi.uicc1terminal/.Uicc1Terminal]
05-05 12:14:00.254723   979  1893 I am_proc_start: [0,5582,10088,org.simalliance.openmobileapi.uicc2terminal,service,org.simalliance.openmobileapi.uicc2terminal/.Uicc2Terminal]
05-05 12:14:00.259394   979  1888 I am_proc_bound: [0,5569,org.simalliance.openmobileapi.uicc1terminal]
05-05 12:14:00.277661   979   989 I am_proc_bound: [0,5582,org.simalliance.openmobileapi.uicc2terminal]
05-05 12:14:00.306829   979  1896 I am_proc_start: [0,5595,10089,org.simalliance.openmobileapi.eseterminal,service,org.simalliance.openmobileapi.eseterminal/.eSETerminal]
05-05 12:14:00.338393   979   995 I am_proc_start: [0,5606,10117,com.tencent.mm:push,service,com.tencent.mm/.booter.CoreService]
05-05 12:14:00.349808   979   989 I am_proc_died: [0,5504,com.mediatek.thermalmanager]
05-05 12:14:00.383895   979  1450 I am_proc_bound: [0,5595,org.simalliance.openmobileapi.eseterminal]
05-05 12:14:00.413757   979  1199 I am_proc_bound: [0,5606,com.tencent.mm:push]
05-05 12:14:00.498907   979  1890 I am_proc_start: [0,5622,10015,com.google.android.gms.unstable,service,com.google.android.gms/.droidguard.DroidGuardService]
05-05 12:14:00.524560   979  1199 I am_proc_bound: [0,5622,com.google.android.gms.unstable]
05-05 12:14:00.693365   979   989 I am_proc_died: [0,5528,org.simalliance.openmobileapi.service]
05-05 12:14:01.122162   979   979 I notification_cancel: [10015,1494,com.google.android.gms,1,NULL,0,0,1088,8,NULL]
05-05 12:14:01.278800   979   979 I notification_cancel: [10069,5461,com.google.android.apps.photos,10436,NULL,0,0,1088,8,NULL]
05-05 12:14:01.299424  4834  4858 I [70220] : 34834
05-05 12:14:01.304738   979   979 I notification_enqueue: [1000,5556,tran.com.android.taplaota,305420169,NULL,0,Notification(pri=0 contentView=null vibrate=null sound=null defaults=0x0 flags=0x10 color=0x00000000 vis=PRIVATE),0]
05-05 12:14:01.643963   979   979 I notification_cancel: [10015,5622,com.google.android.gms,10436,NOT_MNC,0,0,1088,8,NULL]
05-05 12:14:01.644466   979   979 I notification_cancel: [10015,5622,com.google.android.gms,39789,NOT_MNC,0,0,1088,8,NULL]
05-05 12:14:01.983941  1527  1835 I force_gc: Binder
05-05 12:14:02.042642   979   994 I am_pss  : [2942,10076,com.android.mms,10874880,7499776,2190336]
05-05 12:14:02.260000   272   272 I auditd  : type=1400 audit(0.0:570): avc: denied { read open } for comm="sn" path="/data/media/0" dev="mmcblk0p20" ino=454275 scontext=u:r:sn:s0 tcontext=u:object_r:media_rw_data_file:s0 tclass=dir permissive=0
05-05 12:14:02.260000   272   272 I auditd  : type=1400 audit(0.0:571): avc: denied { read open } for comm="sn" path="/data/media/0" dev="mmcblk0p20" ino=454275 scontext=u:r:sn:s0 tcontext=u:object_r:media_rw_data_file:s0 tclass=dir permissive=0
05-05 12:14:02.260000   272   272 I auditd  : type=1400 audit(0.0:572): avc: denied { read open } for comm="sn" path="/mnt/media_rw/B2E2-3B8A" dev="mmcblk1p1" ino=1 scontext=u:r:sn:s0 tcontext=u:object_r:vfat:s0 tclass=dir permissive=0
05-05 12:14:02.594464   979   989 I am_proc_died: [0,5111,com.tencent.mobileqq:MSF]
05-05 12:14:02.594929   979   989 I am_schedule_service_restart: [0,com.tencent.mobileqq/.msf.service.MsfService,97711]
05-05 12:14:02.640000  5637  5637 I auditd  : type=1400 audit(0.0:573): avc: denied { read } for comm="pool-1-thread-2" name="address" dev="sysfs" ino=13593 scontext=u:r:untrusted_app:s0:c512,c768 tcontext=u:object_r:sysfs:s0 tclass=file permissive=0
05-05 12:14:02.781283   979  1892 I am_proc_start: [0,5673,10011,android.process.media,content provider,com.android.providers.media/.MediaProvider]
05-05 12:14:02.833738   979  1890 I am_proc_died: [0,5482,com.mediatek.schpwronoff]
05-05 12:14:02.834275   979  1890 I am_schedule_service_restart: [0,com.mediatek.schpwronoff/.AlarmReceiverService,117473]
05-05 12:14:02.890836   979  1199 I am_proc_start: [0,5690,10015,com.google.android.gms.ui,service,com.google.android.gms/.chimera.UiIntentOperationService]
05-05 12:14:02.943540   979  1888 I am_proc_bound: [0,5673,android.process.media]
05-05 12:14:02.949821   979  1089 I am_proc_bound: [0,5690,com.google.android.gms.ui]
05-05 12:14:03.175092   979  1899 I am_proc_died: [0,5417,com.mediatek.omacp]
05-05 12:14:03.175624   979  1899 I am_schedule_service_restart: [0,com.mediatek.omacp/.message.OmacpReceiverService,107130]
05-05 12:14:03.336709   979   979 I notification_cancel: [10015,5690,com.google.android.gms,10436,NOT_MNC,0,0,1088,8,NULL]
05-05 12:14:03.337248   979   979 I notification_cancel: [10015,5690,com.google.android.gms,39789,NOT_MNC,0,0,1088,8,NULL]
05-05 12:14:03.367247   979  1273 I am_proc_died: [0,5569,org.simalliance.openmobileapi.uicc1terminal]
05-05 12:14:03.367776   979  1273 I am_schedule_service_restart: [0,org.simalliance.openmobileapi.uicc1terminal/.Uicc1Terminal,106938]
05-05 12:14:03.590103   979   979 I notification_cancel: [10015,5690,com.google.android.gms,10436,NULL,0,0,1088,8,NULL]
05-05 12:14:03.607280   979   994 I am_pss  : [5250,1000,system:ui,18393088,14876672,173056]
05-05 12:14:03.733314   979  1325 I am_proc_died: [0,5542,org.simalliance.openmobileapi.service:remote]
05-05 12:14:03.735125   979  1325 I am_schedule_service_restart: [0,org.simalliance.openmobileapi.service/.SmartcardService,106571]
05-05 12:14:03.830000  5606  5606 I auditd  : type=1400 audit(0.0:574): avc: denied { read } for comm="tencent.mm:push" name="anr" dev="mmcblk0p20" ino=567841 scontext=u:r:untrusted_app:s0:c512,c768 tcontext=u:object_r:anr_data_file:s0 tclass=dir permissive=0
05-05 12:14:03.854652   979  1893 I am_proc_died: [0,5273,android.process.acore]
05-05 12:14:04.235884   979  1273 I am_proc_died: [0,5595,org.simalliance.openmobileapi.eseterminal]
05-05 12:14:04.324740   979  1024 I am_proc_start: [0,5739,10023,com.android.vending,service,com.android.vending/com.google.android.finsky.dailyhygiene.DailyHygiene$DailyHygieneService]
05-05 12:14:04.373882   979  1892 I am_proc_bound: [0,5739,com.android.vending]
05-05 12:14:04.423016   979  1896 I am_proc_died: [0,5582,org.simalliance.openmobileapi.uicc2terminal]
05-05 12:14:04.583519   979  1089 I am_proc_died: [0,5556,tran.com.android.taplaota]
05-05 12:14:04.774639   979  1896 I am_proc_died: [0,5690,com.google.android.gms.ui]
05-05 12:14:04.775263   979  1896 I am_schedule_service_restart: [0,com.google.android.gms/.chimera.UiIntentOperationService,115531]
05-05 12:14:04.805123   979  1893 I am_proc_start: [0,5760,10097,com.facebook.orca,broadcast,com.facebook.orca/com.facebook.pulse.BootCompleteBroadcastReceiver]
05-05 12:14:04.831082   979  1273 I am_proc_bound: [0,5760,com.facebook.orca]
05-05 12:14:04.949850   979   990 I am_proc_died: [0,5313,com.tencent.mobileqq]
05-05 12:14:05.127946   979   979 I notification_cancel: [10015,1494,com.google.android.gms,1,NULL,0,0,1088,8,NULL]
05-05 12:14:05.255661  1527  1747 I force_gc: Binder
05-05 12:14:05.711207   979   979 I notification_cancel: [10023,5739,com.android.vending,-1050172287,NULL,0,0,1088,8,NULL]
05-05 12:14:05.827922   979   994 I am_pss  : [4834,10015,com.google.android.gms,38365184,32407552,144384]
05-05 12:14:06.399354   979  1024 I am_wtf  : [0,979,system_server,-1,ActivityManager,Sending non-protected broadcast ELITOR_CLOCK from system uid 1000 pkg tran.com.android.taplaota]
05-05 12:14:06.635850   979   979 I free_storage_changed: 8570269696
05-05 12:14:06.647330   979   979 I notification_cancel: [1000,979,android,2,NULL,0,0,0,8,NULL]
05-05 12:14:06.696194   979   979 I notification_cancel: [10023,5739,com.android.vending,-555892993,NULL,0,0,1088,8,NULL]
05-05 12:14:06.780000  5633  5633 I auditd  : type=1400 audit(0.0:575): avc: denied { read } for comm="Binder:5622_1" name="/" dev="tmpfs" ino=28 scontext=u:r:priv_app:s0:c512,c768 tcontext=u:object_r:device:s0 tclass=dir permissive=0
05-05 12:14:06.904910   979   979 I notification_cancel: [1000,979,android,2,NULL,0,0,0,8,NULL]
05-05 12:14:06.959951   979   979 I notification_cancel: [10028,1132,com.android.systemui,2132017197,low_battery,-1,0,1088,8,NULL]
05-05 12:14:07.307685   979  1273 I am_proc_died: [0,5461,com.google.android.apps.photos]
05-05 12:14:07.594489   979  1890 I am_proc_died: [0,5673,android.process.media]
05-05 12:14:07.594913   979  1890 I am_schedule_service_restart: [0,com.android.providers.media/.MediaScannerService,122711]
05-05 12:14:07.810000  5633  5633 I auditd  : type=1400 audit(0.0:576): avc: denied { read } for comm="Binder:5622_1" name="bin" dev="mmcblk0p20" ino=608401 scontext=u:r:priv_app:s0:c512,c768 tcontext=u:object_r:adbd_data_file:s0 tclass=dir permissive=0
05-05 12:14:07.996689   979   979 I am_proc_start: [0,5862,10069,com.google.android.apps.photos,service,com.google.android.apps.photos/.jobscheduler.PhotosJobSchedulerService]
05-05 12:14:08.070186   979  1896 I am_proc_bound: [0,5862,com.google.android.apps.photos]
05-05 12:14:08.439518   979  1893 I am_proc_died: [0,5739,com.android.vending]
05-05 12:14:08.441222   979  1893 I am_schedule_service_restart: [0,com.android.vending/com.google.android.finsky.dailyhygiene.DailyHygiene$DailyHygieneService,131865]
05-05 12:14:08.441511   979  1893 I am_schedule_service_restart: [0,com.android.vending/com.google.android.finsky.wear.WearSupportService,131865]
05-05 12:14:08.536531   979  1892 I am_proc_start: [0,5882,10117,com.tencent.mm:exdevice,broadcast,com.tencent.mm/.booter.MMReceivers$ExdeviceProcessReceiver]
05-05 12:14:08.600313   979  1448 I am_proc_bound: [0,5882,com.tencent.mm:exdevice]
05-05 12:14:08.794205   979  1900 I am_proc_died: [0,5760,com.facebook.orca]
05-05 12:14:09.065849   979  1888 I am_proc_start: [0,5914,10069,com.google.android.apps.photos:CameraShortcut,service,com.google.android.apps.photos/.camerashortcut.CameraShortcutServiceImpl]
05-05 12:14:09.096697   979   979 I notification_cancel: [10069,5862,com.google.android.apps.photos,10436,NULL,0,0,1088,8,NULL]
05-05 12:14:09.138351   979  1450 I am_proc_bound: [0,5914,com.google.android.apps.photos:CameraShortcut]
05-05 12:14:09.221738   979  1897 I am_proc_start: [0,5934,10117,com.tencent.mm:recovery,service,com.tencent.mm/com.tencent.recovery.service.RecoveryReportService]
05-05 12:14:09.252878   979   990 I am_proc_bound: [0,5934,com.tencent.mm:recovery]
05-05 12:14:09.330449   979  1900 I am_proc_died: [0,5606,com.tencent.mm:push]
05-05 12:14:09.330928   979  1900 I am_schedule_service_restart: [0,com.tencent.mm/.booter.CoreService,140976]
05-05 12:14:09.429589  4834  5685 I metrics_heartbeat: []
05-05 12:14:09.641540  1494  1507 I force_gc: Binder
05-05 12:14:09.707467   979   994 I sync    : [com.google.android.gms.chromesync,0,3,-1130513226]
05-05 12:14:10.018654   979  1273 I am_proc_start: [0,5972,10003,android.process.acore,content provider,com.android.providers.contacts/.ContactsProvider2]
05-05 12:14:10.108873   979   989 I am_proc_bound: [0,5972,android.process.acore]
05-05 12:14:10.164656  4834  4864 I [70220] : [5,1493937143882,1493957598226,33,2321,666,0,682,4570,0,298,0,9057,19,0,29,1,7,746]
05-05 12:14:10.332332   979   995 I am_proc_start: [0,5991,10118,com.viber.voip,service,com.viber.voip/com.viber.service.VoipConnectorService]
05-05 12:14:10.397870   979  1199 I am_proc_bound: [0,5991,com.viber.voip]
05-05 12:14:10.776713   979   979 I notification_cancel: [10069,5914,com.google.android.apps.photos,10436,NULL,0,0,1088,8,NULL]
05-05 12:14:10.785535   979  1890 I am_proc_died: [0,1995,com.facebook.katana]
05-05 12:14:10.786236   979  1890 I am_schedule_service_restart: [0,com.facebook.katana/com.facebook.mqttlite.MqttService,1000]
05-05 12:14:11.185107   979  1199 I am_proc_start: [0,6020,10117,com.tencent.mm:push,broadcast,com.tencent.mm/.booter.MMReceivers$BootReceiver]
05-05 12:14:11.189148   979  1199 I am_mem_factor: [2,3]
05-05 12:14:11.210448   979   990 I am_proc_bound: [0,6020,com.tencent.mm:push]
05-05 12:14:11.286887   979   994 I sync    : [com.google.android.gms.chromesync,1,3,-1130513226]
05-05 12:14:11.287336   979   979 I notification_cancel: [1000,979,android,1038967932,NULL,0,0,0,8,NULL]
05-05 12:14:11.295326   979   994 I sync    : [com.google.android.gms.photos.iu.EsGoogleIuProvider,0,2,-1130513226]
05-05 12:14:11.315386   979   994 I sync    : [com.google.android.gms.drive.sync,0,2,-1130513226]
05-05 12:14:11.444675   979   990 I am_proc_died: [0,5882,com.tencent.mm:exdevice]
05-05 12:14:11.446059   979   990 I am_mem_factor: [3,2]
05-05 12:14:11.755224   979   994 I sync    : [com.google.android.gms.photos.iu.EsGoogleIuProvider,1,2,-1130513226]
