05-05 13:04:12.108481   979  1002 D WindowManager: notifyActivityDrawnForKeyguard: waiting=false Callers=com.android.server.wm.WindowSurfacePlacer.handleAppTransitionReadyLocked:1227 com.android.server.wm.WindowSurfacePlacer.performSurfacePlacementInner:337 com.android.server.wm.WindowSurfacePlacer.performSurfacePlacementLoop:235 com.android.server.wm.WindowSurfacePlacer.performSurfacePlacement:183 com.android.server.wm.WindowManagerService$H.handleMessage:8402 
05-05 13:04:12.113347   979  1002 I WindowManager: Destroying surface Surface(name=PopupWindow:6d3e555) called by com.android.server.wm.WindowStateAnimator.destroySurface:2135 com.android.server.wm.WindowStateAnimator.destroySurfaceLocked:947 com.android.server.wm.WindowState.destroyOrSaveSurface:2076 com.android.server.wm.AppWindowToken.destroySurfaces:363 com.android.server.wm.WindowStateAnimator.finishExit:586 com.android.server.wm.WindowStateAnimator.stepAnimationLocked:512 com.android.server.wm.WindowAnimator.updateWindowsLocked:307 com.android.server.wm.WindowAnimator.animateLocked:708 
05-05 13:04:12.133825   979  1273 D DisplayManagerService: Display listener for pid 18727 died.
05-05 13:04:12.134157   979  1325 I ActivityManager: Process com.google.process.gapps (pid 18727) has died
05-05 13:04:12.134332   979  1325 D ActivityManager: handleAppDiedLocked: app = ProcessRecord{8926f55 18727:com.google.process.gapps/u0a15}, app.pid = 18727
05-05 13:04:12.135438   979  1325 D ActivityManager: cleanUpApplicationRecord -- 18727
05-05 13:04:12.363175   979   989 D DisplayManagerService: Display listener for pid 18751 died.
05-05 13:04:12.363715   979   989 I ActivityManager: Process com.android.printspooler (pid 18751) has died
05-05 13:04:12.365961   979   989 D ActivityManager: handleAppDiedLocked: app = ProcessRecord{5037d6a 18751:com.android.printspooler/u0a70}, app.pid = 18751
05-05 13:04:12.366010   979   989 D ActivityManager: cleanUpApplicationRecord -- 18751
05-05 13:04:12.466126   979  1002 V WindowManager: Looking for focus: 6 = Window{4d8df67 u0 StatusBar}, flags=-2122055608, canReceive=false
05-05 13:04:12.582685   979  1890 I WindowManager: Destroying surface Surface(name=com.android.dialer/com.android.contacts.activities.PeopleActivity) called by com.android.server.wm.WindowStateAnimator.destroySurface:2135 com.android.server.wm.WindowStateAnimator.destroySurfaceLocked:947 com.android.server.wm.WindowState.destroyOrSaveSurface:2076 com.android.server.wm.WindowManagerService.tryStartExitingAnimation:3206 com.android.server.wm.WindowManagerService.relayoutWindow:3086 com.android.server.wm.Session.relayout:218 android.view.IWindowSession$Stub.onTransact:286 com.android.server.wm.Session.onTransact:139 
05-05 13:04:12.583381   979  1890 V WindowManager: Looking for focus: 6 = Window{4d8df67 u0 StatusBar}, flags=-2122055608, canReceive=false
05-05 13:04:13.094716   979  1005 D AutomaticBrightnessController: onSensorChanged: mLightSensorEnabled=true, mAmbientLuxValid=true
05-05 13:04:13.094842   979  1005 D AutomaticBrightnessController: updateAmbientLux: mAmbientLuxValid=true, AAL=true
05-05 13:04:13.094969   979  1005 D AutomaticBrightnessController: calculateAmbientLux: [0, 100]: lux=1.0, weight=1005000.0
05-05 13:04:13.095027   979  1005 D AutomaticBrightnessController: calculateAmbientLux: totalWeight=1005000.0, newAmbientLux=1.0
05-05 13:04:13.095085   979  1005 D AutomaticBrightnessController: updateAmbientLux: ambientLux=1.0, timeToBrighten=4000, timeToDarken=8000, current=1.0
05-05 13:04:13.095141   979  1005 D AutomaticBrightnessController: updateAmbientLux: Scheduling ambient lux update for 33934223393422 (in 4000 ms)
05-05 13:04:13.095207   979  1005 D AutomaticBrightnessController: onSensorChanged: lux = 1.0
05-05 13:04:13.113521   979  1089 D PowerManagerService: releaseWakeLockInternal: lock=36794527 [*launch*], flags=0x0, total_time=1276ms
05-05 13:04:13.113657   979  1089 D PowerManagerNotifier: onWakeLockReleased: flags=1, tag="*launch*", packageName=android, ownerUid=1000, ownerPid=979, workSource=WorkSource{10003}
05-05 13:04:13.113822   979  1089 D PowerManagerService: updateWakeLockSummaryLocked: mWakefulness=Awake, mWakeLockSummary=0x1
05-05 13:04:13.113919   979  1089 D PowerManagerService: updateUserActivitySummaryLocked: mWakefulness=Awake, mUserActivitySummary=0x1, nextTimeout=3412018 (in 22577 ms)
05-05 13:04:13.113992   979  1089 D PowerManagerService: updateDisplayPowerStateLocked: mDisplayReady=true, policy=3, mWakefulness=1, mWakeLockSummary=0x1, mUserActivitySummary=0x1, mBootCompleted=true, mScreenBrightnessBoostInProgress=false
05-05 13:04:13.166224   979  1888 V WindowManager: Looking for focus: 5 = Window{4d8df67 u0 StatusBar}, flags=-2122055608, canReceive=false
05-05 13:04:13.484144  1494  1494 V ActivityThread: SVC-Destroying service com.google.android.gms.phenotype.service.PhenotypeService@87c3bc6
05-05 13:04:13.486234  1494  1494 V ActivityThread: SVC-Destroying service com.google.android.gms.lockbox.service.LockboxBrokerService@a11b6b4
05-05 13:04:13.492662  1494  1494 V ActivityThread: SVC-Creating service CreateServiceData{token=android.os.BinderProxy@26dd2dd className=com.google.android.gms.lockbox.service.LockboxBrokerService packageName=com.google.android.gms intent=null}
05-05 13:04:13.499501  1494  1494 V ActivityThread: SVC-Creating service CreateServiceData{token=android.os.BinderProxy@2f04e52 className=com.google.android.gms.phenotype.service.PhenotypeService packageName=com.google.android.gms intent=null}
05-05 13:04:13.596216   979  1005 D AutomaticBrightnessController: onSensorChanged: mLightSensorEnabled=true, mAmbientLuxValid=true
05-05 13:04:13.596314   979  1005 D AutomaticBrightnessController: updateAmbientLux: mAmbientLuxValid=true, AAL=true
05-05 13:04:13.596412   979  1005 D AutomaticBrightnessController: calculateAmbientLux: [0, 100]: lux=0.0, weight=1005000.0
05-05 13:04:13.596461   979  1005 D AutomaticBrightnessController: calculateAmbientLux: totalWeight=1005000.0, newAmbientLux=0.0
05-05 13:04:13.596513   979  1005 D AutomaticBrightnessController: updateAmbientLux: ambientLux=0.0, timeToBrighten=4000, timeToDarken=8000, current=1.0
05-05 13:04:13.596573   979  1005 D AutomaticBrightnessController: updateAmbientLux: Scheduling ambient lux update for 33939233393923 (in 3999 ms)
05-05 13:04:13.596642   979  1005 D AutomaticBrightnessController: onSensorChanged: lux = 0.0
05-05 13:04:14.190726   979  1896 D PowerManagerService: releaseWakeLockInternal: lock=194720186 [AudioMix], flags=0x0, total_time=3006ms
05-05 13:04:14.190863   979  1896 D PowerManagerNotifier: onWakeLockReleased: flags=1, tag="AudioMix", packageName=audioserver, ownerUid=1041, ownerPid=0, workSource=null
05-05 13:04:14.191025   979  1896 D PowerManagerService: updateWakeLockSummaryLocked: mWakefulness=Awake, mWakeLockSummary=0x1
05-05 13:04:14.191116   979  1896 D PowerManagerService: updateUserActivitySummaryLocked: mWakefulness=Awake, mUserActivitySummary=0x1, nextTimeout=3412018 (in 21500 ms)
05-05 13:04:14.191185   979  1896 D PowerManagerService: updateDisplayPowerStateLocked: mDisplayReady=true, policy=3, mWakefulness=1, mWakeLockSummary=0x1, mUserActivitySummary=0x1, mBootCompleted=true, mScreenBrightnessBoostInProgress=false
05-05 13:04:14.784952   979   989 V EnjoyosServerFacade_enjoyos: optima: alarm type ELAPSED_REALTIME_WAKEUP to ELAPSED_REALTIME for com.facebook.katana
05-05 13:04:14.785152   979   989 V AlarmManager: APP set(PendingIntent{e5a340d: PendingIntentRecord{7f2e4ee com.facebook.katana broadcastIntent}}) : type=3 triggerAtTime=3448646 win=0 tElapsed=3448646 maxElapsed=3448646 interval=0 flags=0x5
05-05 13:04:14.987207   979  1086 V ActivityManager: Broadcast sticky: Intent { act=android.net.wifi.RSSI_CHANGED flg=0x4000010 (has extras) } ordered=false userid=-1 callerApp=ProcessRecord{dd462ed 979:system/1000}
05-05 13:04:15.138278   979  1025 D PowerManagerService: userActivityFromNative
05-05 13:04:15.138393   979  1025 D PowerManagerService: userActivityNoUpdateLocked: eventTime=3391464, event=2, flags=0x0, uid=1000
05-05 13:04:15.138459   979  1025 D PowerManagerNotifier: onUserActivity: event=2, uid=1000
05-05 13:04:15.138681   979  1025 D PowerManagerService: updateUserActivitySummaryLocked: mWakefulness=Awake, mUserActivitySummary=0x1, nextTimeout=3415464 (in 23998 ms)
05-05 13:04:15.138766   979  1025 D PowerManagerService: updateDisplayPowerStateLocked: mDisplayReady=true, policy=3, mWakefulness=1, mWakeLockSummary=0x1, mUserActivitySummary=0x1, mBootCompleted=true, mScreenBrightnessBoostInProgress=false
05-05 13:04:15.139117   979  1326 D PowerManagerService: releaseWakeLockInternal: lock=85668513 [AudioMix], flags=0x0, total_time=7044ms
05-05 13:04:15.139263   979  1326 D PowerManagerNotifier: onWakeLockReleased: flags=1, tag="AudioMix", packageName=audioserver, ownerUid=1041, ownerPid=0, workSource=null
05-05 13:04:15.139455   979  1326 D PowerManagerService: updateWakeLockSummaryLocked: mWakefulness=Awake, mWakeLockSummary=0x1
05-05 13:04:15.139544   979  1326 D PowerManagerService: updateUserActivitySummaryLocked: mWakefulness=Awake, mUserActivitySummary=0x1, nextTimeout=3415464 (in 23997 ms)
05-05 13:04:15.139614   979  1326 D PowerManagerService: updateDisplayPowerStateLocked: mDisplayReady=true, policy=3, mWakefulness=1, mWakeLockSummary=0x1, mUserActivitySummary=0x1, mBootCompleted=true, mScreenBrightnessBoostInProgress=false
05-05 13:04:15.203815   979  1897 D DisplayManagerService: Display listener for pid 17996 died.
05-05 13:04:15.204709   979  1893 I ActivityManager: Process com.android.deskclock (pid 17996) has died
05-05 13:04:15.204852   979  1893 D ActivityManager: handleAppDiedLocked: app = ProcessRecord{f673a64 17996:com.android.deskclock/1000}, app.pid = 17996
05-05 13:04:15.204886   979  1893 D ActivityManager: cleanUpApplicationRecord -- 17996
05-05 13:04:15.254122   979  1899 V WindowManager: Looking for focus: 5 = Window{4d8df67 u0 StatusBar}, flags=-2122055608, canReceive=false
05-05 13:04:15.256660   979  1899 V WindowManager: Set focused app to: AppWindowToken{19bad7f token=Token{ab694d9 ActivityRecord{ff49320 u0 com.android.dialer/com.android.contacts.activities.PeopleActivity t403}}} old focus=AppWindowToken{c14e861 token=Token{e215fc8 ActivityRecord{a17086b u0 com.android.dialer/com.android.contacts.common.list.AccountFilterActivity t403}}} moveFocusNow=true
05-05 13:04:15.257002   979  1899 V WindowManager: Looking for focus: 5 = Window{4d8df67 u0 StatusBar}, flags=-2122055608, canReceive=false
05-05 13:04:15.259153   979  1450 D PowerManagerService: acquireWakeLockInternal: lock=122834882, flags=0x1, tag="AudioMix", ws=null, uid=1041, pid=0
05-05 13:04:15.259299   979  1450 D PowerManagerService: updateWakeLockSummaryLocked: mWakefulness=Awake, mWakeLockSummary=0x1
05-05 13:04:15.259392   979  1450 D PowerManagerService: updateUserActivitySummaryLocked: mWakefulness=Awake, mUserActivitySummary=0x1, nextTimeout=3415464 (in 23877 ms)
05-05 13:04:15.259475   979  1450 D PowerManagerService: updateDisplayPowerStateLocked: mDisplayReady=true, policy=3, mWakefulness=1, mWakeLockSummary=0x1, mUserActivitySummary=0x1, mBootCompleted=true, mScreenBrightnessBoostInProgress=false
05-05 13:04:15.259576   979  1450 D PowerManagerNotifier: onWakeLockAcquired: flags=1, tag="AudioMix", packageName=audioserver, ownerUid=1041, ownerPid=0, workSource=null
05-05 13:04:15.260005   979  1899 D PowerManagerService: acquireWakeLockInternal: lock=36794527, flags=0x1, tag="*launch*", ws=WorkSource{10003}, uid=1000, pid=979
05-05 13:04:15.260111   979  1899 D PowerManagerService: updateWakeLockSummaryLocked: mWakefulness=Awake, mWakeLockSummary=0x1
05-05 13:04:15.260189   979  1899 D PowerManagerService: updateUserActivitySummaryLocked: mWakefulness=Awake, mUserActivitySummary=0x1, nextTimeout=3415464 (in 23877 ms)
05-05 13:04:15.260246   979  1899 D PowerManagerService: updateDisplayPowerStateLocked: mDisplayReady=true, policy=3, mWakefulness=1, mWakeLockSummary=0x1, mUserActivitySummary=0x1, mBootCompleted=true, mScreenBrightnessBoostInProgress=false
05-05 13:04:15.260494   979  1899 D PowerManagerNotifier: onWakeLockAcquired: flags=1, tag="*launch*", packageName=android, ownerUid=1000, ownerPid=979, workSource=WorkSource{10003}
05-05 13:04:15.292813   979  1002 V WindowManager: Looking for focus: 6 = Window{4d8df67 u0 StatusBar}, flags=-2122055608, canReceive=false
05-05 13:04:15.292894   979  1002 V WindowManager: findFocusedWindow: No focusable windows.
05-05 13:04:15.297272   979  1002 V WindowManager: Changing focus from Window{3ca19e3 u0 com.android.dialer/com.android.contacts.common.list.AccountFilterActivity} to null Callers=com.android.server.wm.WindowManagerService.relayoutWindow:3098 com.android.server.wm.Session.relayout:218 android.view.ViewRootImpl.relayoutWindow:6220 android.view.ViewRootImpl.performTraversals:2017 
05-05 13:04:15.297976   979  1002 D WindowManager: Input focus has changed to null
05-05 13:04:15.345461   979  1005 D AutomaticBrightnessController: onSensorChanged: mLightSensorEnabled=true, mAmbientLuxValid=true
05-05 13:04:15.345551   979  1005 D AutomaticBrightnessController: updateAmbientLux: mAmbientLuxValid=true, AAL=true
05-05 13:04:15.345643   979  1005 D AutomaticBrightnessController: calculateAmbientLux: [0, 100]: lux=1.0, weight=1005000.0
05-05 13:04:15.345704   979  1005 D AutomaticBrightnessController: calculateAmbientLux: totalWeight=1005000.0, newAmbientLux=1.0
05-05 13:04:15.345758   979  1005 D AutomaticBrightnessController: updateAmbientLux: ambientLux=1.0, timeToBrighten=4000, timeToDarken=8000, current=1.0
05-05 13:04:15.345811   979  1005 D AutomaticBrightnessController: updateAmbientLux: Scheduling ambient lux update for 33956733395673 (in 4000 ms)
05-05 13:04:15.345869   979  1005 D AutomaticBrightnessController: onSensorChanged: lux = 1.0
05-05 13:04:15.351383   979  1002 V WindowManager: Looking for focus: 6 = Window{4d8df67 u0 StatusBar}, flags=-2122055608, canReceive=false
05-05 13:04:15.351456   979  1002 V WindowManager: findFocusedWindow: No focusable windows.
05-05 13:04:15.352636   979  1002 D WindowManager: notifyActivityDrawnForKeyguard: waiting=false Callers=com.android.server.wm.WindowSurfacePlacer.handleAppTransitionReadyLocked:1227 com.android.server.wm.WindowSurfacePlacer.performSurfacePlacementInner:337 com.android.server.wm.WindowSurfacePlacer.performSurfacePlacementLoop:235 com.android.server.wm.WindowSurfacePlacer.performSurfacePlacement:183 com.android.server.wm.WindowManagerService$H.handleMessage:8402 
05-05 13:04:15.407225   979  1890 W ActivityManager:   Force finishing activity com.android.dialer/com.android.contacts.activities.PeopleActivity
05-05 13:04:15.409558   979  1890 V WindowManager: Looking for focus: 6 = Window{4d8df67 u0 StatusBar}, flags=-2122055608, canReceive=false
05-05 13:04:15.409613   979  1890 V WindowManager: findFocusedWindow: No focusable windows.
05-05 13:04:15.414029   979  1890 V WindowManager: Set focused app to: AppWindowToken{84677bb token=Token{a80edb5 ActivityRecord{95795ec u0 com.android.launcher3/.Launcher t387}}} old focus=AppWindowToken{19bad7f token=Token{ab694d9 ActivityRecord{ff49320 u0 com.android.dialer/com.android.contacts.activities.PeopleActivity t403}}} moveFocusNow=true
05-05 13:04:15.414360   979  1890 V WindowManager: Looking for focus: 6 = Window{4d8df67 u0 StatusBar}, flags=-2122055608, canReceive=false
05-05 13:04:15.414409   979  1890 V WindowManager: findFocusedWindow: No focusable windows.
05-05 13:04:15.415900   979  1890 D PowerManagerService: acquireWakeLockInternal: lock=36794527, flags=0x1, tag="*launch*", ws=WorkSource{10003}, uid=1000, pid=979
05-05 13:04:15.416204   979  1890 D PowerManagerService: updateWakeLockSummaryLocked: mWakefulness=Awake, mWakeLockSummary=0x1
05-05 13:04:15.416315   979  1890 D PowerManagerService: updateUserActivitySummaryLocked: mWakefulness=Awake, mUserActivitySummary=0x1, nextTimeout=3415464 (in 23721 ms)
05-05 13:04:15.416404   979  1890 D PowerManagerService: updateDisplayPowerStateLocked: mDisplayReady=true, policy=3, mWakefulness=1, mWakeLockSummary=0x1, mUserActivitySummary=0x1, mBootCompleted=true, mScreenBrightnessBoostInProgress=false
05-05 13:04:15.417569   979   996 W ActivityManager: it is P51 Project
05-05 13:04:15.418392   979   979 V ActivityManager: Broadcast: Intent { act=android.intent.action.DROPBOX_ENTRY_ADDED flg=0x10 (has extras) } ordered=false userid=0 callerApp=ProcessRecord{dd462ed 979:system/1000}
05-05 13:04:15.425795  1494  1494 D ActivityThread: BDC-Calling onReceive: intent=Intent { act=android.intent.action.DROPBOX_ENTRY_ADDED flg=0x10 cmp=com.google.android.gms/.chimera.GmsIntentOperationService$PersistentTrustedReceiver (has extras) }, receiver=com.google.android.gms.chimera.GmsIntentOperationService$PersistentTrustedReceiver@cf1284c
05-05 13:04:15.431052   979  1890 W ActivityManager:   Force finishing activity com.android.dialer/com.android.contacts.common.list.AccountFilterActivity
05-05 13:04:15.434135   979  1890 W ActivityManager:   Force finishing activity com.android.dialer/com.android.contacts.activities.PeopleActivity
05-05 13:04:15.435194   979  1890 D PowerManagerService: updateWakeLockWorkSourceInternal: lock=36794527 [*launch*], ws=WorkSource{1000}
05-05 13:04:15.435319   979  1890 D PowerManagerNotifier: onWakeLockChanging: flags=1, tag="*launch*", packageName=android, ownerUid=1000, ownerPid=979, workSource=WorkSource{1000}
05-05 13:04:15.435324   979  1002 V WindowManager: Looking for focus: 6 = Window{4d8df67 u0 StatusBar}, flags=-2122055608, canReceive=false
05-05 13:04:15.435371   979  1002 V WindowManager: findFocusedWindow: No focusable windows.
05-05 13:04:15.455304   979  1890 I ActivityManager: Killing 19065:com.android.dialer/u0a3 (adj 199): crash
05-05 13:04:15.455967   979  1890 D ActivityManager: handleAppDiedLocked: app = ProcessRecord{1780179 19065:com.android.dialer/u0a3}, app.pid = 19065
05-05 13:04:15.456069   979  1890 D ActivityManager: cleanUpApplicationRecord -- 19065
05-05 13:04:15.466779 15157 15157 D ActivityThread: BDC-Calling onReceive: intent=Intent { act=android.intent.action.DROPBOX_ENTRY_ADDED flg=0x10 cmp=com.google.android.gms/.stats.service.DropBoxEntryAddedReceiver (has extras) }, receiver=com.google.android.gms.stats.service.DropBoxEntryAddedReceiver@fff98b1
05-05 13:04:15.471284   979   996 V NetworkStats: setKernelCounterSet uid=10003 set=0
05-05 13:04:15.475308   979  1002 V WindowManager: Looking for focus: 7 = Window{4d8df67 u0 StatusBar}, flags=-2122055608, canReceive=false
05-05 13:04:15.475379   979  1002 V WindowManager: findFocusedWindow: No focusable windows.
05-05 13:04:15.476933 15157 15157 D ActivityThread: SVC-Calling onStartCommand: com.google.android.gms.stats.service.DropBoxEntryAddedService@dd7d557, flags=0, startId=6
05-05 13:04:15.501191   979  1890 I AppWidgetServiceImpl: startListening() 0
05-05 13:04:15.507445   979  1164 D AudioTrack: audiotrack 0x90820000 stop done
05-05 13:04:15.514095   979  1002 V WindowManager: Looking for focus: 7 = Window{4d8df67 u0 StatusBar}, flags=-2122055608, canReceive=false
05-05 13:04:15.514184   979  1002 V WindowManager: findFocusedWindow: No focusable windows.
05-05 13:04:15.514968   979  1002 D WindowManager: notifyActivityDrawnForKeyguard: waiting=false Callers=com.android.server.wm.WindowSurfacePlacer.handleAppTransitionReadyLocked:1227 com.android.server.wm.WindowSurfacePlacer.performSurfacePlacementInner:337 com.android.server.wm.WindowSurfacePlacer.performSurfacePlacementLoop:235 com.android.server.wm.WindowSurfacePlacer.performSurfacePlacement:183 com.android.server.wm.WindowManagerService$H.handleMessage:8402 
05-05 13:04:15.523780   979  1002 I WindowManager: Destroying surface Surface(name=Starting com.android.dialer) called by com.android.server.wm.WindowStateAnimator.destroySurface:2135 com.android.server.wm.WindowStateAnimator.destroySurfaceLocked:947 com.android.server.wm.WindowState.removeLocked:1452 com.android.server.wm.WindowManagerService.removeWindowInnerLocked:2652 com.android.server.wm.AppWindowToken.destroySurfaces:365 com.android.server.wm.WindowStateAnimator.finishExit:586 com.android.server.wm.AppWindowAnimator.stepAnimationLocked:435 com.android.server.wm.WindowAnimator.updateAppWindowsLocked:180 
05-05 13:04:15.527256   979  1002 V WindowManager: Looking for focus: 6 = Window{4d8df67 u0 StatusBar}, flags=-2122055608, canReceive=false
05-05 13:04:15.527332   979  1002 V WindowManager: findFocusedWindow: No focusable windows.
05-05 13:04:15.528945   979  1002 I WindowManager: Destroying surface Surface(name=com.android.dialer/com.android.contacts.common.list.AccountFilterActivity) called by com.android.server.wm.WindowStateAnimator.destroySurface:2135 com.android.server.wm.WindowStateAnimator.destroySurfaceLocked:947 com.android.server.wm.WindowState.removeLocked:1452 com.android.server.wm.WindowManagerService.removeWindowInnerLocked:2652 com.android.server.wm.WindowManagerService.removeWindowLocked:2600 com.android.server.wm.WindowManagerService.removeWindowLocked:2469 com.android.server.wm.AppWindowToken.removeAllWindows:530 com.android.server.wm.AppWindowToken.removeAppFromTaskLocked:326 
05-05 13:04:15.530094   979  1002 V WindowManager: Looking for focus: 5 = Window{4d8df67 u0 StatusBar}, flags=-2122055608, canReceive=false
05-05 13:04:15.530157   979  1002 V WindowManager: findFocusedWindow: No focusable windows.
05-05 13:04:15.571235   979  1897 D PowerManagerService: acquireWakeLockInternal: lock=91571054, flags=0x1, tag="AudioMix", ws=null, uid=1041, pid=0
05-05 13:04:15.571427   979  1897 D PowerManagerService: updateWakeLockSummaryLocked: mWakefulness=Awake, mWakeLockSummary=0x1
05-05 13:04:15.571528   979  1897 D PowerManagerService: updateUserActivitySummaryLocked: mWakefulness=Awake, mUserActivitySummary=0x1, nextTimeout=3415464 (in 23565 ms)
05-05 13:04:15.571605   979  1897 D PowerManagerService: updateDisplayPowerStateLocked: mDisplayReady=true, policy=3, mWakefulness=1, mWakeLockSummary=0x1, mUserActivitySummary=0x1, mBootCompleted=true, mScreenBrightnessBoostInProgress=false
05-05 13:04:15.571712   979  1897 D PowerManagerNotifier: onWakeLockAcquired: flags=1, tag="AudioMix", packageName=audioserver, ownerUid=1041, ownerPid=0, workSource=null
05-05 13:04:15.575907   979  1326 D DisplayManagerService: Display listener for pid 19065 died.
05-05 13:04:15.811545   979  1890 I AppWidgetServiceImpl: getAppWidgetViews() 0
05-05 13:04:15.867538   979  1450 I AppWidgetServiceImpl: getAppWidgetViews() 0
05-05 13:04:15.877399   979  1893 I AppWidgetServiceImpl: bindRemoteViewsService() 0
05-05 13:04:15.878825   979  1893 D PackageManager: packageName = com.android.deskclock, state = 0,userId = 0
05-05 13:04:15.893784   979  1893 I ActivityManager: Start proc 19135:com.android.deskclock/1000 for service com.android.deskclock/com.android.alarmclock.DigitalAppWidgetService
05-05 13:04:15.903792  1494  1494 V ActivityThread: SVC-Destroying service com.google.android.gms.usagereporting.service.UsageReportingService@3bd8095
05-05 13:04:16.027561 19135 19135 V ActivityThread: SVC-Creating service CreateServiceData{token=android.os.BinderProxy@6aaa97d className=com.android.alarmclock.DigitalAppWidgetService packageName=com.android.deskclock intent=null}
05-05 13:04:16.098084   979  1897 I AppWidgetServiceImpl: getAppWidgetOptions() 0
05-05 13:04:16.100701   979  1325 I AppWidgetServiceImpl: getAppWidgetOptions() 0
05-05 13:04:16.262543   979  1010 I PackageManager: mcs_unbind
05-05 13:04:16.262615   979  1010 I PackageManager: calling disconnectService()
05-05 13:04:16.265944 18484 18484 V ActivityThread: SVC-Destroying service com.android.defcontainer.DefaultContainerService@4eaccc3
05-05 13:04:16.480779  6208  6208 D ActivityThread: isAppLocked r.intent.getComponent().getPackageName() = com.android.launcher3
05-05 13:04:16.480850  6208  6208 D ActivityThread: isAppLocked r.intent.getComponent() = ComponentInfo{com.android.launcher3/com.android.launcher3.Launcher}
05-05 13:04:16.711456   979  1890 V WindowManager: Looking for focus: 6 = Window{4d8df67 u0 StatusBar}, flags=-2122055608, canReceive=false
05-05 13:04:16.712080   979  1890 V WindowManager: Changing focus from null to Window{ae8c07 u0 com.android.launcher3/com.android.launcher3.Launcher} Callers=com.android.server.wm.WindowManagerService.relayoutWindow:3098 com.android.server.wm.Session.relayout:218 android.view.IWindowSession$Stub.onTransact:286 com.android.server.wm.Session.onTransact:139 
05-05 13:04:16.712298   979  1890 D WindowManager: Input focus has changed to Window{ae8c07 u0 com.android.launcher3/com.android.launcher3.Launcher}
05-05 13:04:16.832144   979  1002 V WindowManager: Looking for focus: 6 = Window{4d8df67 u0 StatusBar}, flags=-2122055608, canReceive=false
05-05 13:04:16.863778   979  1448 D PowerManagerService: releaseWakeLockInternal: lock=36794527 [*launch*], flags=0x0, total_time=1604ms
05-05 13:04:16.863960   979  1448 D PowerManagerNotifier: onWakeLockReleased: flags=1, tag="*launch*", packageName=android, ownerUid=1000, ownerPid=979, workSource=WorkSource{1000}
05-05 13:04:16.864159   979  1448 D PowerManagerService: updateWakeLockSummaryLocked: mWakefulness=Awake, mWakeLockSummary=0x1
05-05 13:04:16.864276   979  1448 D PowerManagerService: updateUserActivitySummaryLocked: mWakefulness=Awake, mUserActivitySummary=0x1, nextTimeout=3415464 (in 22273 ms)
05-05 13:04:16.864363   979  1448 D PowerManagerService: updateDisplayPowerStateLocked: mDisplayReady=true, policy=3, mWakefulness=1, mWakeLockSummary=0x1, mUserActivitySummary=0x1, mBootCompleted=true, mScreenBrightnessBoostInProgress=false
05-05 13:04:16.936265   979   979 V ActivityManager: Broadcast sticky: Intent { act=android.intent.action.BATTERY_CHANGED flg=0x60000010 (has extras) } ordered=false userid=-1 callerApp=null
05-05 13:04:16.937802   979  1002 I WindowManager: Destroying surface Surface(name=Starting com.android.launcher3) called by com.android.server.wm.WindowStateAnimator.destroySurface:2135 com.android.server.wm.WindowStateAnimator.destroySurfaceLocked:947 com.android.server.wm.WindowState.destroyOrSaveSurface:2076 com.android.server.wm.AppWindowToken.destroySurfaces:363 com.android.server.wm.WindowStateAnimator.finishExit:586 com.android.server.wm.WindowStateAnimator.stepAnimationLocked:512 com.android.server.wm.WindowAnimator.updateWindowsLocked:307 com.android.server.wm.WindowAnimator.animateLocked:708 
05-05 13:04:16.939218   979  1005 D PowerManagerService: updateIsPoweredLocked: wasPowered=false, mIsPowered=false, oldPlugType=0, mPlugType=0, mBatteryLevel=67
05-05 13:04:16.945679   979   979 I DeviceIdleController: updateChargingLocked: charging=false
05-05 13:04:16.945853   979   979 D WifiService: onReceive, action:android.intent.action.BATTERY_CHANGED
05-05 13:04:16.946607   979  1085 D WifiController: DeviceActiveState{ when=-1ms what=155652 target=com.android.internal.util.StateMachine$SmHandler }
05-05 13:04:16.946758   979  1085 D WifiController: StaEnabledState{ when=-1ms what=155652 target=com.android.internal.util.StateMachine$SmHandler }
05-05 13:04:16.946848   979  1085 D WifiController: DefaultState{ when=-1ms what=155652 target=com.android.internal.util.StateMachine$SmHandler }
05-05 13:04:16.946889   979  1085 D WifiController: battery changed pluggedType: 0
05-05 13:04:17.094473   979  1005 D AutomaticBrightnessController: onSensorChanged: mLightSensorEnabled=true, mAmbientLuxValid=true
05-05 13:04:17.094556   979  1005 D AutomaticBrightnessController: updateAmbientLux: mAmbientLuxValid=true, AAL=true
05-05 13:04:17.094637   979  1005 D AutomaticBrightnessController: calculateAmbientLux: [0, 100]: lux=0.0, weight=1005000.0
05-05 13:04:17.094686   979  1005 D AutomaticBrightnessController: calculateAmbientLux: totalWeight=1005000.0, newAmbientLux=0.0
05-05 13:04:17.094756   979  1005 D AutomaticBrightnessController: updateAmbientLux: ambientLux=0.0, timeToBrighten=4000, timeToDarken=8000, current=1.0
05-05 13:04:17.094813   979  1005 D AutomaticBrightnessController: updateAmbientLux: Scheduling ambient lux update for 33974223397422 (in 4000 ms)
05-05 13:04:17.094886   979  1005 D AutomaticBrightnessController: onSensorChanged: lux = 0.0
05-05 13:04:17.188238   979  1024 V AlarmManager: dataShapingManager is null
05-05 13:04:17.188335   979  1024 V AlarmManager: openLteGateSuccess = false
05-05 13:04:17.188632   979  1024 D ActivityManager: [process suppression] broadcastIntentInPackage : allow sending broadcast by pendingintent
05-05 13:04:17.188752   979  1024 V ActivityManager: Broadcast: Intent { flg=0x14 cmp=com.google.android.gms/.lockbox.LockboxAlarmReceiver (has extras) } ordered=true userid=0 callerApp=null
05-05 13:04:17.189605   979  1024 V AlarmManager: sending alarm Alarm{715d8f6 type 3 when 3406050 com.google.android.gms} success
05-05 13:04:17.189757   979  1024 D PowerManagerService: acquireWakeLockInternal: lock=150869856, flags=0x1, tag="*alarm*", ws=WorkSource{10015 com.google.android.gms}, uid=1000, pid=979
05-05 13:04:17.189874   979  1024 D PowerManagerService: updateWakeLockSummaryLocked: mWakefulness=Awake, mWakeLockSummary=0x1
05-05 13:04:17.189960   979  1024 D PowerManagerService: updateUserActivitySummaryLocked: mWakefulness=Awake, mUserActivitySummary=0x1, nextTimeout=3415464 (in 21947 ms)
05-05 13:04:17.190028   979  1024 D PowerManagerService: updateDisplayPowerStateLocked: mDisplayReady=true, policy=3, mWakefulness=1, mWakeLockSummary=0x1, mUserActivitySummary=0x1, mBootCompleted=true, mScreenBrightnessBoostInProgress=false
05-05 13:04:17.190151   979  1024 D PowerManagerNotifier: onWakeLockAcquired: flags=1, tag="*alarm*", packageName=android, ownerUid=1000, ownerPid=979, workSource=WorkSource{10015 com.google.android.gms}
05-05 13:04:17.191987  1494  1494 D ActivityThread: BDC-Calling onReceive: intent=Intent { flg=0x14 cmp=com.google.android.gms/.lockbox.LockboxAlarmReceiver (has extras) }, receiver=com.google.android.gms.lockbox.LockboxAlarmReceiver@d1b55aa
05-05 13:04:17.197327  1494  1494 V ActivityThread: SVC-Creating service CreateServiceData{token=android.os.BinderProxy@439759b className=com.google.android.gms.lockbox.LockboxService packageName=com.google.android.gms intent=null}
05-05 13:04:17.197408   979   979 D AlarmManager: onSendFinished begin
05-05 13:04:17.197600   979   979 D PowerManagerService: releaseWakeLockInternal: lock=150869856 [*alarm*], flags=0x0, total_time=8ms
05-05 13:04:17.197696   979   979 D PowerManagerNotifier: onWakeLockReleased: flags=1, tag="*alarm*", packageName=android, ownerUid=1000, ownerPid=979, workSource=WorkSource{10015 com.google.android.gms}
05-05 13:04:17.197826   979   979 D PowerManagerService: updateWakeLockSummaryLocked: mWakefulness=Awake, mWakeLockSummary=0x1
05-05 13:04:17.197911   979   979 D PowerManagerService: updateUserActivitySummaryLocked: mWakefulness=Awake, mUserActivitySummary=0x1, nextTimeout=3415464 (in 21939 ms)
05-05 13:04:17.197993   979   979 D PowerManagerService: updateDisplayPowerStateLocked: mDisplayReady=true, policy=3, mWakefulness=1, mWakeLockSummary=0x1, mUserActivitySummary=0x1, mBootCompleted=true, mScreenBrightnessBoostInProgress=false
05-05 13:04:17.203733  1494  1494 D ActivityThread: SVC-Calling onStartCommand: com.google.android.gms.lockbox.LockboxService@1c6fd13, flags=0, startId=1
05-05 13:04:17.210277  1494  1494 V ActivityThread: SVC-Creating service CreateServiceData{token=android.os.BinderProxy@d7a468 className=com.google.android.gms.usagereporting.service.UsageReportingService packageName=com.google.android.gms intent=null}
05-05 13:04:17.221921   979  1897 V AlarmManager: APP set(PendingIntent{d691bef: PendingIntentRecord{6ab56d0 com.google.android.gms broadcastIntent}}) : type=3 triggerAtTime=3466082 win=-1 tElapsed=3466082 maxElapsed=3511081 interval=0 flags=0x0
05-05 13:04:17.240854   979  1326 I NetworkIdentity: buildNetworkIdentity:
05-05 13:04:17.241249   979  1326 I NetworkIdentity: networkId = TRANSSION-HQ
05-05 13:04:17.241419   979  1326 D ConnectivityService: getActiveNetworkInfo networkInfo = [type: WIFI[], state: CONNECTED/CONNECTED, reason: (unspecified), extra: "TRANSSION-HQ", failover: false, available: true, roaming: false, metered: false]
05-05 13:04:17.244096  1494  1494 V ActivityThread: SVC-Destroying service com.google.android.gms.lockbox.LockboxService@1c6fd13
05-05 13:04:18.020429   979  1086 V ActivityManager: Broadcast sticky: Intent { act=android.net.wifi.RSSI_CHANGED flg=0x4000010 (has extras) } ordered=false userid=-1 callerApp=ProcessRecord{dd462ed 979:system/1000}
05-05 13:04:18.181248   979   995 I ActivityManager: Waited long enough for: ServiceRecord{a52f7b0 u0 com.google.android.gms/.stats.service.DropBoxEntryAddedService}
05-05 13:04:18.342913   979  1325 V ActivityManager: Broadcast sticky: Intent { act=android.intent.action.SIG_STR flg=0x20000010 (has extras) } ordered=false userid=-1 callerApp=ProcessRecord{dd462ed 979:system/1000}
05-05 13:04:18.435346   979  1899 I NetworkIdentity: buildNetworkIdentity:
05-05 13:04:18.435766   979  1899 I NetworkIdentity: networkId = TRANSSION-HQ
05-05 13:04:18.436012   979  1899 D ConnectivityService: getActiveNetworkInfo networkInfo = [type: WIFI[], state: CONNECTED/CONNECTED, reason: (unspecified), extra: "TRANSSION-HQ", failover: false, available: true, roaming: false, metered: false]
05-05 13:04:18.571533   979  1890 D PowerManagerService: releaseWakeLockInternal: lock=91571054 [AudioMix], flags=0x0, total_time=3000ms
05-05 13:04:18.571754   979  1890 D PowerManagerNotifier: onWakeLockReleased: flags=1, tag="AudioMix", packageName=audioserver, ownerUid=1041, ownerPid=0, workSource=null
05-05 13:04:18.572012   979  1890 D PowerManagerService: updateWakeLockSummaryLocked: mWakefulness=Awake, mWakeLockSummary=0x1
05-05 13:04:18.572161   979  1890 D PowerManagerService: updateUserActivitySummaryLocked: mWakefulness=Awake, mUserActivitySummary=0x1, nextTimeout=3415464 (in 20565 ms)
05-05 13:04:18.572279   979  1890 D PowerManagerService: updateDisplayPowerStateLocked: mDisplayReady=true, policy=3, mWakefulness=1, mWakeLockSummary=0x1, mUserActivitySummary=0x1, mBootCompleted=true, mScreenBrightnessBoostInProgress=false
05-05 13:04:18.705976   979  1089 D PowerManagerService: releaseWakeLockInternal: lock=122834882 [AudioMix], flags=0x0, total_time=3447ms
05-05 13:04:18.706213   979  1089 D PowerManagerNotifier: onWakeLockReleased: flags=1, tag="AudioMix", packageName=audioserver, ownerUid=1041, ownerPid=0, workSource=null
05-05 13:04:18.706523   979  1089 D PowerManagerService: updateWakeLockSummaryLocked: mWakefulness=Awake, mWakeLockSummary=0x1
05-05 13:04:18.706683   979  1089 D PowerManagerService: updateUserActivitySummaryLocked: mWakefulness=Awake, mUserActivitySummary=0x1, nextTimeout=3415464 (in 20430 ms)
05-05 13:04:18.706798   979  1089 D PowerManagerService: updateDisplayPowerStateLocked: mDisplayReady=true, policy=3, mWakefulness=1, mWakeLockSummary=0x1, mUserActivitySummary=0x1, mBootCompleted=true, mScreenBrightnessBoostInProgress=false
05-05 13:04:19.796268   979  1024 D AlarmManager: set alarm to RTC 3412972
05-05 13:04:19.796371   979  1024 V AlarmManager: dataShapingManager is null
05-05 13:04:19.796435   979  1024 V AlarmManager: openLteGateSuccess = false
05-05 13:04:19.796619   979  1024 D AlarmManager: wakeup alarm = Alarm{3446ba6 type 2 when 3408658 android}; listener package = WifiConnectivityManager Schedule Periodic Scan TimerneedGrouping = false
05-05 13:04:19.796966   979  1024 D PowerManagerService: acquireWakeLockInternal: lock=150869856, flags=0x1, tag="*alarm*", ws=WorkSource{1000}, uid=1000, pid=979
05-05 13:04:19.797153   979  1024 D PowerManagerService: updateWakeLockSummaryLocked: mWakefulness=Awake, mWakeLockSummary=0x1
05-05 13:04:19.797296   979  1024 D PowerManagerService: updateUserActivitySummaryLocked: mWakefulness=Awake, mUserActivitySummary=0x1, nextTimeout=3415464 (in 19340 ms)
05-05 13:04:19.797448   979  1024 D PowerManagerService: updateDisplayPowerStateLocked: mDisplayReady=true, policy=3, mWakefulness=1, mWakeLockSummary=0x1, mUserActivitySummary=0x1, mBootCompleted=true, mScreenBrightnessBoostInProgress=false
05-05 13:04:19.797643   979  1024 D PowerManagerNotifier: onWakeLockAcquired: flags=1, tag="*alarm*", packageName=android, ownerUid=1000, ownerPid=979, workSource=WorkSource{1000}
05-05 13:04:19.799649   979  1086 V AlarmManager: APP set with listener(WifiConnectivityManager Schedule Periodic Scan Timer) : type=2 triggerAtTime=3448661 win=-1 tElapsed=3448661 maxElapsed=3478661 interval=0 flags=0x8
05-05 13:04:19.800501   979  1086 D PowerManagerService: releaseWakeLockInternal: lock=150869856 [*alarm*], flags=0x0, total_time=4ms
05-05 13:04:19.800631   979  1086 D PowerManagerNotifier: onWakeLockReleased: flags=1, tag="*alarm*", packageName=android, ownerUid=1000, ownerPid=979, workSource=WorkSource{1000}
05-05 13:04:19.800817   979  1086 D PowerManagerService: updateWakeLockSummaryLocked: mWakefulness=Awake, mWakeLockSummary=0x1
05-05 13:04:19.800968   979  1086 D PowerManagerService: updateUserActivitySummaryLocked: mWakefulness=Awake, mUserActivitySummary=0x1, nextTimeout=3415464 (in 19336 ms)
05-05 13:04:19.801097   979  1086 D PowerManagerService: updateDisplayPowerStateLocked: mDisplayReady=true, policy=3, mWakefulness=1, mWakeLockSummary=0x1, mUserActivitySummary=0x1, mBootCompleted=true, mScreenBrightnessBoostInProgress=false
05-05 13:04:19.809498   979  1091 V AlarmManager: APP set with listener(SupplicantWifiScannerImpl Scan Timeout) : type=2 triggerAtTime=3423671 win=-1 tElapsed=3423671 maxElapsed=3434921 interval=0 flags=0x8
05-05 13:04:20.437463   979  1900 I NetworkIdentity: buildNetworkIdentity:
05-05 13:04:20.437903   979  1900 I NetworkIdentity: networkId = TRANSSION-HQ
05-05 13:04:20.438135   979  1900 D ConnectivityService: getActiveNetworkInfo networkInfo = [type: WIFI[], state: CONNECTED/CONNECTED, reason: (unspecified), extra: "TRANSSION-HQ", failover: false, available: true, roaming: false, metered: false]
05-05 13:04:21.034371   979  1086 V ActivityManager: Broadcast sticky: Intent { act=android.net.wifi.RSSI_CHANGED flg=0x4000010 (has extras) } ordered=false userid=-1 callerApp=ProcessRecord{dd462ed 979:system/1000}
05-05 13:04:21.096211   979  1005 D AutomaticBrightnessController: updateAmbientLux: mAmbientLuxValid=true, AAL=true
05-05 13:04:21.096387   979  1005 D AutomaticBrightnessController: calculateAmbientLux: [-4001, 100]: lux=0.0, weight=3.3011E7
05-05 13:04:21.096502   979  1005 D AutomaticBrightnessController: calculateAmbientLux: totalWeight=3.3011E7, newAmbientLux=0.0
05-05 13:04:21.096667   979  1005 D AutomaticBrightnessController: updateAmbientLux: ambientLux=0.0, timeToBrighten=4000, timeToDarken=3999, current=1.0
05-05 13:04:21.096820   979  1005 D AutomaticBrightnessController: updateAmbientLux: Scheduling ambient lux update for 34014223401422 (in 3998 ms)
05-05 13:04:21.100979   269   969 D SocketClient: SocketClient sendData done: 600 Iface linkstate wlan0 up
05-05 13:04:21.101209   979  1077 D NetdConnector: RCV <- {600 Iface linkstate wlan0 up}
05-05 13:04:21.102632   979  1091 D AlarmManager: manual remove option = null
05-05 13:04:21.102761   979  1000 D NetworkManagement: onEvent:600 Iface linkstate wlan0 up:5
05-05 13:04:21.102942   979  1091 D AlarmManager: remove(operation) changed bounds; rebatching operation = null
05-05 13:04:21.107417   979   989 I AppWidgetServiceImpl: unbindRemoteViewsService() 0
05-05 13:04:21.119229   979   989 I AppWidgetServiceImpl: disconnect
05-05 13:04:21.141555 19135 19135 V ActivityThread: SVC-Destroying service com.android.alarmclock.DigitalAppWidgetService@9fc7072
05-05 13:04:23.472615   979  1899 V ActivityManager: Broadcast sticky: Intent { act=android.intent.action.SIG_STR flg=0x20000010 (has extras) } ordered=false userid=-1 callerApp=ProcessRecord{dd462ed 979:system/1000}
05-05 13:04:23.545832  1494  1494 V ActivityThread: SVC-Destroying service com.google.android.gms.usagereporting.service.UsageReportingService@d9321b0
05-05 13:04:23.549658  1494  1494 V ActivityThread: SVC-Destroying service com.google.android.gms.phenotype.service.PhenotypeService@a092829
05-05 13:04:23.556075  1494  1494 V ActivityThread: SVC-Destroying service com.google.android.gms.lockbox.service.LockboxBrokerService@8d8c7ae
05-05 13:04:23.564427  1494  1494 V ActivityThread: SVC-Creating service CreateServiceData{token=android.os.BinderProxy@fb8394f className=com.google.android.gms.phenotype.service.PhenotypeService packageName=com.google.android.gms intent=null}
05-05 13:04:23.579087  1494  1494 V ActivityThread: SVC-Creating service CreateServiceData{token=android.os.BinderProxy@500a8dc className=com.google.android.gms.usagereporting.service.UsageReportingService packageName=com.google.android.gms intent=null}
05-05 13:04:23.589721  1494  1494 V ActivityThread: SVC-Creating service CreateServiceData{token=android.os.BinderProxy@ae31de5 className=com.google.android.gms.lockbox.service.LockboxBrokerService packageName=com.google.android.gms intent=null}
05-05 13:04:24.072997   979  1086 V ActivityManager: Broadcast sticky: Intent { act=android.net.wifi.RSSI_CHANGED flg=0x4000010 (has extras) } ordered=false userid=-1 callerApp=ProcessRecord{dd462ed 979:system/1000}
05-05 13:04:24.110301   979  1024 D AlarmManager: set alarm to RTC 3448661
05-05 13:04:24.110423   979  1024 D AlarmManager: set alarm to RTC 3417507
05-05 13:04:24.110481   979  1024 V AlarmManager: dataShapingManager is null
05-05 13:04:24.110534   979  1024 V AlarmManager: openLteGateSuccess = false
05-05 13:04:24.110693   979  1024 D AlarmManager: wakeup alarm = Alarm{67f8a type 2 when 3412972 android}; listener package = *job.delay*needGrouping = false
05-05 13:04:24.111000   979  1024 D PowerManagerService: acquireWakeLockInternal: lock=150869856, flags=0x1, tag="*alarm*", ws=WorkSource{10096}, uid=1000, pid=979
05-05 13:04:24.111144   979  1024 D PowerManagerService: updateWakeLockSummaryLocked: mWakefulness=Awake, mWakeLockSummary=0x1
05-05 13:04:24.111261   979  1024 D PowerManagerService: updateUserActivitySummaryLocked: mWakefulness=Awake, mUserActivitySummary=0x1, nextTimeout=3415464 (in 15026 ms)
05-05 13:04:24.111365   979  1024 D PowerManagerService: updateDisplayPowerStateLocked: mDisplayReady=true, policy=3, mWakefulness=1, mWakeLockSummary=0x1, mUserActivitySummary=0x1, mBootCompleted=true, mScreenBrightnessBoostInProgress=false
05-05 13:04:24.111542   979  1024 D PowerManagerNotifier: onWakeLockAcquired: flags=1, tag="*alarm*", packageName=android, ownerUid=1000, ownerPid=979, workSource=WorkSource{10096}
05-05 13:04:24.113105   979   979 V AlarmManager: APP set with listener(*job.delay*) : type=2 triggerAtTime=3860177 win=-1 tElapsed=3860177 maxElapsed=4195579 interval=0 flags=0x0
05-05 13:04:24.115657   979   979 D PowerManagerService: releaseWakeLockInternal: lock=150869856 [*alarm*], flags=0x0, total_time=5ms
05-05 13:04:24.115804   979   979 D PowerManagerNotifier: onWakeLockReleased: flags=1, tag="*alarm*", packageName=android, ownerUid=1000, ownerPid=979, workSource=WorkSource{10096}
05-05 13:04:24.115989   979   979 D PowerManagerService: updateWakeLockSummaryLocked: mWakefulness=Awake, mWakeLockSummary=0x1
05-05 13:04:24.116111   979   979 D PowerManagerService: updateUserActivitySummaryLocked: mWakefulness=Awake, mUserActivitySummary=0x1, nextTimeout=3415464 (in 15021 ms)
05-05 13:04:24.116216   979   979 D PowerManagerService: updateDisplayPowerStateLocked: mDisplayReady=true, policy=3, mWakefulness=1, mWakeLockSummary=0x1, mUserActivitySummary=0x1, mBootCompleted=true, mScreenBrightnessBoostInProgress=false
05-05 13:04:24.162059 14091 14091 V ActivityThread: SVC-Creating service CreateServiceData{token=android.os.BinderProxy@36900d3 className=com.facebook.push.registration.FacebookPushServerRegistrarLollipopService packageName=com.facebook.katana intent=null}
05-05 13:04:24.167214   979   979 D PowerManagerService: acquireWakeLockInternal: lock=156568150, flags=0x1, tag="*job*/com.facebook.katana/com.facebook.push.registration.FacebookPushServerRegistrarLollipopService", ws=WorkSource{10096}, uid=1000, pid=979
05-05 13:04:24.167331   979   979 D PowerManagerService: updateWakeLockSummaryLocked: mWakefulness=Awake, mWakeLockSummary=0x1
05-05 13:04:24.167411   979   979 D PowerManagerService: updateUserActivitySummaryLocked: mWakefulness=Awake, mUserActivitySummary=0x1, nextTimeout=3415464 (in 14969 ms)
05-05 13:04:24.167471   979   979 D PowerManagerService: updateDisplayPowerStateLocked: mDisplayReady=true, policy=3, mWakefulness=1, mWakeLockSummary=0x1, mUserActivitySummary=0x1, mBootCompleted=true, mScreenBrightnessBoostInProgress=false
05-05 13:04:24.168302   979   979 D PowerManagerNotifier: onWakeLockAcquired: flags=1, tag="*job*/com.facebook.katana/com.facebook.push.registration.FacebookPushServerRegistrarLollipopService", packageName=android, ownerUid=1000, ownerPid=979, workSource=WorkSource{10096}
05-05 13:04:24.219586   979  1896 I NetworkIdentity: buildNetworkIdentity:
05-05 13:04:24.219847   979  1896 I NetworkIdentity: networkId = TRANSSION-HQ
05-05 13:04:24.243569   269   972 D FrameworkListener: dispatchCommand data = (getaddrinfo b-api.facebook.com ^ 1024 0 1 0 0)
05-05 13:04:24.246464   269 19160 D SocketClient: SocketClient sendData done: 222
05-05 13:04:24.246569   269 19160 D SocketClient: SocketClient sendData done: 
05-05 13:04:24.248926   979   979 D PowerManagerService: releaseWakeLockInternal: lock=156568150 [*job*/com.facebook.katana/com.facebook.push.registration.FacebookPushServerRegistrarLollipopService], flags=0x0, total_time=82ms
05-05 13:04:24.249026   979   979 D PowerManagerNotifier: onWakeLockReleased: flags=1, tag="*job*/com.facebook.katana/com.facebook.push.registration.FacebookPushServerRegistrarLollipopService", packageName=android, ownerUid=1000, ownerPid=979, workSource=WorkSource{10096}
05-05 13:04:24.249139   979   979 D PowerManagerService: updateWakeLockSummaryLocked: mWakefulness=Awake, mWakeLockSummary=0x1
05-05 13:04:24.249207   979   979 D PowerManagerService: updateUserActivitySummaryLocked: mWakefulness=Awake, mUserActivitySummary=0x1, nextTimeout=3415464 (in 14888 ms)
05-05 13:04:24.249278   979   979 D PowerManagerService: updateDisplayPowerStateLocked: mDisplayReady=true, policy=3, mWakefulness=1, mWakeLockSummary=0x1, mUserActivitySummary=0x1, mBootCompleted=true, mScreenBrightnessBoostInProgress=false
05-05 13:04:24.257167 14091 14091 V ActivityThread: SVC-Destroying service com.facebook.push.registration.FacebookPushServerRegistrarLollipopService@827d410
05-05 13:04:24.845319   979  1005 D AutomaticBrightnessController: onSensorChanged: mLightSensorEnabled=true, mAmbientLuxValid=true
05-05 13:04:24.845463   979  1005 D AutomaticBrightnessController: updateAmbientLux: mAmbientLuxValid=true, AAL=true
05-05 13:04:24.845595   979  1005 D AutomaticBrightnessController: calculateAmbientLux: [0, 100]: lux=1.0, weight=1005000.0
05-05 13:04:24.845679   979  1005 D AutomaticBrightnessController: calculateAmbientLux: totalWeight=1005000.0, newAmbientLux=1.0
05-05 13:04:24.845779   979  1005 D AutomaticBrightnessController: updateAmbientLux: ambientLux=1.0, timeToBrighten=4000, timeToDarken=8000, current=1.0
05-05 13:04:24.845873   979  1005 D AutomaticBrightnessController: updateAmbientLux: Scheduling ambient lux update for 34051733405173 (in 4000 ms)
05-05 13:04:24.845981   979  1005 D AutomaticBrightnessController: onSensorChanged: lux = 1.0
05-05 13:04:25.345069   979  1005 D AutomaticBrightnessController: onSensorChanged: mLightSensorEnabled=true, mAmbientLuxValid=true
05-05 13:04:25.345206   979  1005 D AutomaticBrightnessController: updateAmbientLux: mAmbientLuxValid=true, AAL=true
05-05 13:04:25.345332   979  1005 D AutomaticBrightnessController: calculateAmbientLux: [0, 100]: lux=0.0, weight=1005000.0
05-05 13:04:25.345435   979  1005 D AutomaticBrightnessController: calculateAmbientLux: [-499, 0]: lux=1.0, weight=4865499.5
05-05 13:04:25.345529   979  1005 D AutomaticBrightnessController: calculateAmbientLux: totalWeight=5870499.5, newAmbientLux=0.828805
05-05 13:04:25.345621   979  1005 D AutomaticBrightnessController: updateAmbientLux: ambientLux=0.828805, timeToBrighten=4000, timeToDarken=8000, current=1.0
05-05 13:04:25.345712   979  1005 D AutomaticBrightnessController: updateAmbientLux: Scheduling ambient lux update for 34056723405672 (in 3999 ms)
05-05 13:04:25.345802   979  1005 D AutomaticBrightnessController: onSensorChanged: lux = 0.0
05-05 13:04:26.595331   979  1005 D AutomaticBrightnessController: onSensorChanged: mLightSensorEnabled=true, mAmbientLuxValid=true
05-05 13:04:26.595467   979  1005 D AutomaticBrightnessController: updateAmbientLux: mAmbientLuxValid=true, AAL=true
05-05 13:04:26.595591   979  1005 D AutomaticBrightnessController: calculateAmbientLux: [0, 100]: lux=1.0, weight=1005000.0
05-05 13:04:26.595681   979  1005 D AutomaticBrightnessController: calculateAmbientLux: totalWeight=1005000.0, newAmbientLux=1.0
05-05 13:04:26.595772   979  1005 D AutomaticBrightnessController: updateAmbientLux: ambientLux=1.0, timeToBrighten=4000, timeToDarken=8000, current=1.0
05-05 13:04:26.595861   979  1005 D AutomaticBrightnessController: updateAmbientLux: Scheduling ambient lux update for 34069233406923 (in 4000 ms)
05-05 13:04:26.595956   979  1005 D AutomaticBrightnessController: onSensorChanged: lux = 1.0
05-05 13:04:27.100979   979  1086 V ActivityManager: Broadcast sticky: Intent { act=android.net.wifi.RSSI_CHANGED flg=0x4000010 (has extras) } ordered=false userid=-1 callerApp=ProcessRecord{dd462ed 979:system/1000}
