05-05 13:04:05.687403   979  1010 I PackageManager: init_copy idx=0: MeasureParams{1fcd6a7 com.facebook.orca}
05-05 13:04:05.687539 18898 18911 W ContextImpl: Calling a method in the system process without a qualified user: android.app.ContextImpl.sendBroadcast:889 android.content.ContextWrapper.sendBroadcast:421 com.itel.FreezerApplication$PkgSizeObserver.onGetStatsCompleted:349 android.content.pm.IPackageStatsObserver$Stub.onTransact:63 android.os.Binder.execTransact:570 
05-05 13:04:05.687567   979  1010 I PackageManager: init_copy idx=1: MeasureParams{e387754 com.cootek.smartinputv5.language.amharic}
05-05 13:04:05.687645   979  1010 I PackageManager: mcs_bound
05-05 13:04:05.687732   979  1010 I PackageManager: startCopy UserHandle{0}: MeasureParams{1fcd6a7 com.facebook.orca}
05-05 13:04:05.688256   979  1890 V ActivityManager: Broadcast: Intent { act=Init_memory flg=0x10 } ordered=false userid=0 callerApp=ProcessRecord{d8319d6 18898:com.itel.freezer/1000}
05-05 13:04:05.689962   979  1448 V EnjoyosServerFacade_enjoyos: optima: alarm type ELAPSED_REALTIME_WAKEUP to ELAPSED_REALTIME for com.google.android.gms
05-05 13:04:05.690130   979  1448 V AlarmManager: APP set(PendingIntent{963643: PendingIntentRecord{680df0d com.google.android.gms broadcastIntent}}) : type=3 triggerAtTime=3651591 win=-1 tElapsed=3651591 maxElapsed=3844370 interval=0 flags=0x0
05-05 13:04:05.706184   979  1900 D PowerManagerService: releaseWakeLockInternal: lock=28419994 [*net_scheduler*], flags=0x0, total_time=159ms
05-05 13:04:05.706442   979  1900 D PowerManagerNotifier: onWakeLockReleased: flags=1, tag="*net_scheduler*", packageName=com.google.android.gms, ownerUid=10015, ownerPid=1494, workSource=WorkSource{10015 com.google.android.gms}
05-05 13:04:05.706637   979  1900 D PowerManagerService: updateWakeLockSummaryLocked: mWakefulness=Awake, mWakeLockSummary=0x1
05-05 13:04:05.706748   979  1900 D PowerManagerService: updateUserActivitySummaryLocked: mWakefulness=Awake, mUserActivitySummary=0x1, nextTimeout=3405363 (in 23329 ms)
05-05 13:04:05.706888   979  1900 D PowerManagerService: updateDisplayPowerStateLocked: mDisplayReady=true, policy=3, mWakefulness=1, mWakeLockSummary=0x1, mUserActivitySummary=0x1, mBootCompleted=true, mScreenBrightnessBoostInProgress=false
05-05 13:04:05.718012   979  1893 D PowerManagerService: acquireWakeLockInternal: lock=28419994, flags=0x1, tag="*net_scheduler*", ws=WorkSource{10015 com.google.android.gms}, uid=10015, pid=1494
05-05 13:04:05.718248   979  1893 D PowerManagerService: updateWakeLockSummaryLocked: mWakefulness=Awake, mWakeLockSummary=0x1
05-05 13:04:05.718365   979  1893 D PowerManagerService: updateUserActivitySummaryLocked: mWakefulness=Awake, mUserActivitySummary=0x1, nextTimeout=3405363 (in 23318 ms)
05-05 13:04:05.718451   979  1893 D PowerManagerService: updateDisplayPowerStateLocked: mDisplayReady=true, policy=3, mWakefulness=1, mWakeLockSummary=0x1, mUserActivitySummary=0x1, mBootCompleted=true, mScreenBrightnessBoostInProgress=false
05-05 13:04:05.718619   979  1893 D PowerManagerNotifier: onWakeLockAcquired: flags=1, tag="*net_scheduler*", packageName=com.google.android.gms, ownerUid=10015, ownerPid=1494, workSource=WorkSource{10015 com.google.android.gms}
05-05 13:04:05.722207   979  1892 I NetworkIdentity: buildNetworkIdentity:
05-05 13:04:05.722629   979  1892 I NetworkIdentity: networkId = TRANSSION-HQ
05-05 13:04:05.722815   979  1892 D ConnectivityService: getActiveNetworkInfo networkInfo = [type: WIFI[], state: CONNECTED/CONNECTED, reason: (unspecified), extra: "TRANSSION-HQ", failover: false, available: true, roaming: false, metered: false]
05-05 13:04:05.724703   979   990 I NetworkIdentity: buildNetworkIdentity:
05-05 13:04:05.724990   979   990 I NetworkIdentity: networkId = TRANSSION-HQ
05-05 13:04:05.725164   979   990 D ConnectivityService: getActiveNetworkInfo networkInfo = [type: WIFI[], state: CONNECTED/CONNECTED, reason: (unspecified), extra: "TRANSSION-HQ", failover: false, available: true, roaming: false, metered: false]
05-05 13:04:05.741211   979  1325 D AlarmManager: manual remove option = PendingIntent{f4fb4c0: PendingIntentRecord{680df0d com.google.android.gms broadcastIntent}}
05-05 13:04:05.741468   979  1325 D AlarmManager: remove(operation) changed bounds; rebatching operation = PendingIntent{f4fb4c0: PendingIntentRecord{680df0d com.google.android.gms broadcastIntent}}
05-05 13:04:05.795768   979  1450 D ConnectivityService: getNetworkForType type 0
05-05 13:04:05.796230   979  1450 I NetworkIdentity: buildNetworkIdentity:
05-05 13:04:05.796262   979  1450 W NetworkIdentity: Active mobile network without subscriber!
05-05 13:04:05.839969   979  1089 V EnjoyosServerFacade_enjoyos: optima: alarm type ELAPSED_REALTIME_WAKEUP to ELAPSED_REALTIME for com.google.android.gms
05-05 13:04:05.840171   979  1089 V AlarmManager: APP set(PendingIntent{a82a5f9: PendingIntentRecord{680df0d com.google.android.gms broadcastIntent}}) : type=3 triggerAtTime=3651591 win=-1 tElapsed=3651591 maxElapsed=3844257 interval=0 flags=0x0
05-05 13:04:05.843339   979  1326 D PowerManagerService: releaseWakeLockInternal: lock=28419994 [*net_scheduler*], flags=0x0, total_time=125ms
05-05 13:04:05.843545   979  1326 D PowerManagerNotifier: onWakeLockReleased: flags=1, tag="*net_scheduler*", packageName=com.google.android.gms, ownerUid=10015, ownerPid=1494, workSource=WorkSource{10015 com.google.android.gms}
05-05 13:04:05.843727   979  1326 D PowerManagerService: updateWakeLockSummaryLocked: mWakefulness=Awake, mWakeLockSummary=0x1
05-05 13:04:05.843842   979  1326 D PowerManagerService: updateUserActivitySummaryLocked: mWakefulness=Awake, mUserActivitySummary=0x1, nextTimeout=3405363 (in 23192 ms)
05-05 13:04:05.843930   979  1326 D PowerManagerService: updateDisplayPowerStateLocked: mDisplayReady=true, policy=3, mWakefulness=1, mWakeLockSummary=0x1, mUserActivitySummary=0x1, mBootCompleted=true, mScreenBrightnessBoostInProgress=false
05-05 13:04:05.868021   979  1010 I PackageManager: Apk copy done
05-05 13:04:05.868428   979  1010 I PackageManager: mcs_bound
05-05 13:04:05.868545   979  1010 I PackageManager: startCopy UserHandle{0}: MeasureParams{e387754 com.cootek.smartinputv5.language.amharic}
05-05 13:04:05.868946 18898 18962 W ContextImpl: Calling a method in the system process without a qualified user: android.app.ContextImpl.sendBroadcast:889 android.content.ContextWrapper.sendBroadcast:421 com.itel.FreezerApplication$PkgSizeObserver.onGetStatsCompleted:349 android.content.pm.IPackageStatsObserver$Stub.onTransact:63 android.os.Binder.execTransact:570 
05-05 13:04:05.872519   979   989 I NetworkIdentity: buildNetworkIdentity:
05-05 13:04:05.872887   979   989 I NetworkIdentity: networkId = TRANSSION-HQ
05-05 13:04:05.873063   979   989 D ConnectivityService: getActiveNetworkInfo networkInfo = [type: WIFI[], state: CONNECTED/CONNECTED, reason: (unspecified), extra: "TRANSSION-HQ", failover: false, available: true, roaming: false, metered: false]
05-05 13:04:05.874254   979  1326 I NetworkIdentity: buildNetworkIdentity:
05-05 13:04:05.874559   979  1326 I NetworkIdentity: networkId = TRANSSION-HQ
05-05 13:04:05.874730   979  1326 D ConnectivityService: getActiveNetworkInfo networkInfo = [type: WIFI[], state: CONNECTED/CONNECTED, reason: (unspecified), extra: "TRANSSION-HQ", failover: false, available: true, roaming: false, metered: false]
05-05 13:04:05.881447   979  1086 V ActivityManager: Broadcast sticky: Intent { act=android.net.wifi.RSSI_CHANGED flg=0x4000010 (has extras) } ordered=false userid=-1 callerApp=ProcessRecord{dd462ed 979:system/1000}
05-05 13:04:05.884042   979  1897 V ActivityManager: Broadcast: Intent { act=Init_memory flg=0x10 } ordered=false userid=0 callerApp=ProcessRecord{d8319d6 18898:com.itel.freezer/1000}
05-05 13:04:05.917381   979  1010 I PackageManager: Apk copy done
05-05 13:04:05.917811   979  1010 I PackageManager: init_copy idx=0: MeasureParams{1db5cec com.emoji.keyboard.touchpal}
05-05 13:04:05.917911   979  1010 I PackageManager: mcs_bound
05-05 13:04:05.917988   979  1010 I PackageManager: startCopy UserHandle{0}: MeasureParams{1db5cec com.emoji.keyboard.touchpal}
05-05 13:04:05.918202 18898 18911 W ContextImpl: Calling a method in the system process without a qualified user: android.app.ContextImpl.sendBroadcast:889 android.content.ContextWrapper.sendBroadcast:421 com.itel.FreezerApplication$PkgSizeObserver.onGetStatsCompleted:349 android.content.pm.IPackageStatsObserver$Stub.onTransact:63 android.os.Binder.execTransact:570 
05-05 13:04:05.919533   979  1892 V ActivityManager: Broadcast: Intent { act=Init_memory flg=0x10 } ordered=false userid=0 callerApp=ProcessRecord{d8319d6 18898:com.itel.freezer/1000}
05-05 13:04:05.968481   979  1010 I PackageManager: Apk copy done
05-05 13:04:05.969473 18898 18963 W ContextImpl: Calling a method in the system process without a qualified user: android.app.ContextImpl.sendBroadcast:889 android.content.ContextWrapper.sendBroadcast:421 com.itel.FreezerApplication$PkgSizeObserver.onGetStatsCompleted:349 android.content.pm.IPackageStatsObserver$Stub.onTransact:63 android.os.Binder.execTransact:570 
05-05 13:04:05.970284   979  1896 V ActivityManager: Broadcast: Intent { act=Init_memory flg=0x10 } ordered=false userid=0 callerApp=ProcessRecord{d8319d6 18898:com.itel.freezer/1000}
05-05 13:04:05.999363   979  1010 I PackageManager: init_copy idx=0: MeasureParams{57e1b31 cn.xender}
05-05 13:04:05.999489   979  1010 I PackageManager: mcs_bound
05-05 13:04:05.999553   979  1010 I PackageManager: startCopy UserHandle{0}: MeasureParams{57e1b31 cn.xender}
05-05 13:04:06.060326   979  1010 I PackageManager: Apk copy done
05-05 13:04:06.060881   979  1010 I PackageManager: init_copy idx=0: MeasureParams{be0b216 com.cootek.smartinputv5.skin.defaultwhite}
05-05 13:04:06.060975   979  1010 I PackageManager: mcs_bound
05-05 13:04:06.061003 18898 18910 W ContextImpl: Calling a method in the system process without a qualified user: android.app.ContextImpl.sendBroadcast:889 android.content.ContextWrapper.sendBroadcast:421 com.itel.FreezerApplication$PkgSizeObserver.onGetStatsCompleted:349 android.content.pm.IPackageStatsObserver$Stub.onTransact:63 android.os.Binder.execTransact:570 
05-05 13:04:06.061034   979  1010 I PackageManager: startCopy UserHandle{0}: MeasureParams{be0b216 com.cootek.smartinputv5.skin.defaultwhite}
05-05 13:04:06.061924   979  1888 V ActivityManager: Broadcast: Intent { act=Init_memory flg=0x10 } ordered=false userid=0 callerApp=ProcessRecord{d8319d6 18898:com.itel.freezer/1000}
05-05 13:04:06.088847   979  1010 I PackageManager: Apk copy done
05-05 13:04:06.089361   979  1010 I PackageManager: init_copy idx=0: MeasureParams{468396d com.cootek.smartinputv5.language.bengali}
05-05 13:04:06.089459   979  1010 I PackageManager: mcs_bound
05-05 13:04:06.089556   979  1010 I PackageManager: startCopy UserHandle{0}: MeasureParams{468396d com.cootek.smartinputv5.language.bengali}
05-05 13:04:06.089607 18898 18962 W ContextImpl: Calling a method in the system process without a qualified user: android.app.ContextImpl.sendBroadcast:889 android.content.ContextWrapper.sendBroadcast:421 com.itel.FreezerApplication$PkgSizeObserver.onGetStatsCompleted:349 android.content.pm.IPackageStatsObserver$Stub.onTransact:63 android.os.Binder.execTransact:570 
05-05 13:04:06.090763   979  1896 V ActivityManager: Broadcast: Intent { act=Init_memory flg=0x10 } ordered=false userid=0 callerApp=ProcessRecord{d8319d6 18898:com.itel.freezer/1000}
05-05 13:04:06.117810   979  1010 I PackageManager: Apk copy done
05-05 13:04:06.118455   979  1010 I PackageManager: init_copy idx=0: MeasureParams{919cdf0 com.afmobi.carlcare}
05-05 13:04:06.118651   979  1010 I PackageManager: mcs_bound
05-05 13:04:06.118723   979  1010 I PackageManager: startCopy UserHandle{0}: MeasureParams{919cdf0 com.afmobi.carlcare}
05-05 13:04:06.118753 18898 18963 W ContextImpl: Calling a method in the system process without a qualified user: android.app.ContextImpl.sendBroadcast:889 android.content.ContextWrapper.sendBroadcast:421 com.itel.FreezerApplication$PkgSizeObserver.onGetStatsCompleted:349 android.content.pm.IPackageStatsObserver$Stub.onTransact:63 android.os.Binder.execTransact:570 
05-05 13:04:06.119552   979  1890 V ActivityManager: Broadcast: Intent { act=Init_memory flg=0x10 } ordered=false userid=0 callerApp=ProcessRecord{d8319d6 18898:com.itel.freezer/1000}
05-05 13:04:06.149578   979  1025 D PowerManagerService: userActivityFromNative
05-05 13:04:06.149692   979  1025 D PowerManagerService: userActivityNoUpdateLocked: eventTime=3382475, event=2, flags=0x0, uid=1000
05-05 13:04:06.149757   979  1025 D PowerManagerNotifier: onUserActivity: event=2, uid=1000
05-05 13:04:06.149982   979  1025 D PowerManagerService: updateUserActivitySummaryLocked: mWakefulness=Awake, mUserActivitySummary=0x1, nextTimeout=3406475 (in 23998 ms)
05-05 13:04:06.150077   979  1025 D PowerManagerService: updateDisplayPowerStateLocked: mDisplayReady=true, policy=3, mWakefulness=1, mWakeLockSummary=0x1, mUserActivitySummary=0x1, mBootCompleted=true, mScreenBrightnessBoostInProgress=false
05-05 13:04:06.167248   979  1010 I PackageManager: Apk copy done
05-05 13:04:06.167877 18898 18910 W ContextImpl: Calling a method in the system process without a qualified user: android.app.ContextImpl.sendBroadcast:889 android.content.ContextWrapper.sendBroadcast:421 com.itel.FreezerApplication$PkgSizeObserver.onGetStatsCompleted:349 android.content.pm.IPackageStatsObserver$Stub.onTransact:63 android.os.Binder.execTransact:570 
05-05 13:04:06.168478   979  1273 V ActivityManager: Broadcast: Intent { act=Init_memory flg=0x10 } ordered=false userid=0 callerApp=ProcessRecord{d8319d6 18898:com.itel.freezer/1000}
05-05 13:04:06.173055   979  1010 I PackageManager: init_copy idx=0: MeasureParams{eac2925 com.cootek.smartinputv5.language.hindilatin}
05-05 13:04:06.173159   979  1010 I PackageManager: mcs_bound
05-05 13:04:06.173227   979  1010 I PackageManager: startCopy UserHandle{0}: MeasureParams{eac2925 com.cootek.smartinputv5.language.hindilatin}
05-05 13:04:06.221756   979  1010 I PackageManager: Apk copy done
05-05 13:04:06.222695 18898 18962 W ContextImpl: Calling a method in the system process without a qualified user: android.app.ContextImpl.sendBroadcast:889 android.content.ContextWrapper.sendBroadcast:421 com.itel.FreezerApplication$PkgSizeObserver.onGetStatsCompleted:349 android.content.pm.IPackageStatsObserver$Stub.onTransact:63 android.os.Binder.execTransact:570 
05-05 13:04:06.223687   979   990 V ActivityManager: Broadcast: Intent { act=Init_memory flg=0x10 } ordered=false userid=0 callerApp=ProcessRecord{d8319d6 18898:com.itel.freezer/1000}
05-05 13:04:06.344935   979  1005 D AutomaticBrightnessController: onSensorChanged: mLightSensorEnabled=true, mAmbientLuxValid=true
05-05 13:04:06.345037   979  1005 D AutomaticBrightnessController: updateAmbientLux: mAmbientLuxValid=true, AAL=true
05-05 13:04:06.345140   979  1005 D AutomaticBrightnessController: calculateAmbientLux: [0, 100]: lux=1.0, weight=1005000.0
05-05 13:04:06.345198   979  1005 D AutomaticBrightnessController: calculateAmbientLux: totalWeight=1005000.0, newAmbientLux=1.0
05-05 13:04:06.345256   979  1005 D AutomaticBrightnessController: updateAmbientLux: ambientLux=1.0, timeToBrighten=4000, timeToDarken=8000, current=1.0
05-05 13:04:06.345326   979  1005 D AutomaticBrightnessController: updateAmbientLux: Scheduling ambient lux update for 33866723386672 (in 4000 ms)
05-05 13:04:06.345435   979  1005 D AutomaticBrightnessController: onSensorChanged: lux = 1.0
05-05 13:04:06.430635   979  1326 I NetworkIdentity: buildNetworkIdentity:
05-05 13:04:06.430913   979  1326 I NetworkIdentity: networkId = TRANSSION-HQ
05-05 13:04:06.431092   979  1326 D ConnectivityService: getActiveNetworkInfo networkInfo = [type: WIFI[], state: CONNECTED/CONNECTED, reason: (unspecified), extra: "TRANSSION-HQ", failover: false, available: true, roaming: false, metered: false]
05-05 13:04:06.594670   979  1005 D AutomaticBrightnessController: onSensorChanged: mLightSensorEnabled=true, mAmbientLuxValid=true
05-05 13:04:06.594770   979  1005 D AutomaticBrightnessController: updateAmbientLux: mAmbientLuxValid=true, AAL=true
05-05 13:04:06.595651   979  1005 D AutomaticBrightnessController: calculateAmbientLux: [0, 100]: lux=0.0, weight=1005000.0
05-05 13:04:06.595802   979  1005 D AutomaticBrightnessController: calculateAmbientLux: [-250, 0]: lux=1.0, weight=2468750.0
05-05 13:04:06.595911   979  1005 D AutomaticBrightnessController: calculateAmbientLux: totalWeight=3473750.0, newAmbientLux=0.7106873
05-05 13:04:06.596021   979  1005 D AutomaticBrightnessController: updateAmbientLux: ambientLux=0.7106873, timeToBrighten=4000, timeToDarken=8000, current=1.0
05-05 13:04:06.596119   979  1005 D AutomaticBrightnessController: updateAmbientLux: Scheduling ambient lux update for 33869223386922 (in 3999 ms)
05-05 13:04:06.596210   979  1005 D AutomaticBrightnessController: onSensorChanged: lux = 0.0
05-05 13:04:07.844907   979  1005 D AutomaticBrightnessController: onSensorChanged: mLightSensorEnabled=true, mAmbientLuxValid=true
05-05 13:04:07.845028   979  1005 D AutomaticBrightnessController: updateAmbientLux: mAmbientLuxValid=true, AAL=true
05-05 13:04:07.845168   979  1005 D AutomaticBrightnessController: calculateAmbientLux: [0, 100]: lux=1.0, weight=1005000.0
05-05 13:04:07.845272   979  1005 D AutomaticBrightnessController: calculateAmbientLux: totalWeight=1005000.0, newAmbientLux=1.0
05-05 13:04:07.845390   979  1005 D AutomaticBrightnessController: updateAmbientLux: ambientLux=1.0, timeToBrighten=4000, timeToDarken=8000, current=1.0
05-05 13:04:07.845507   979  1005 D AutomaticBrightnessController: updateAmbientLux: Scheduling ambient lux update for 33881723388172 (in 3999 ms)
05-05 13:04:07.845620   979  1005 D AutomaticBrightnessController: onSensorChanged: lux = 1.0
05-05 13:04:08.002580   979  1888 I AppWidgetServiceImpl: unbindRemoteViewsService() 0
05-05 13:04:08.003113   979  1888 I AppWidgetServiceImpl: disconnect
05-05 13:04:08.024113   979  1025 D PowerManagerService: userActivityFromNative
05-05 13:04:08.024343   979  1025 D PowerManagerService: userActivityNoUpdateLocked: eventTime=3384349, event=2, flags=0x0, uid=1000
05-05 13:04:08.024460   979  1025 D PowerManagerNotifier: onUserActivity: event=2, uid=1000
05-05 13:04:08.024793   979  1025 D PowerManagerService: updateUserActivitySummaryLocked: mWakefulness=Awake, mUserActivitySummary=0x1, nextTimeout=3408349 (in 23997 ms)
05-05 13:04:08.024938   979  1025 D PowerManagerService: updateDisplayPowerStateLocked: mDisplayReady=true, policy=3, mWakefulness=1, mWakeLockSummary=0x1, mUserActivitySummary=0x1, mBootCompleted=true, mScreenBrightnessBoostInProgress=false
05-05 13:04:08.093150   979   990 D PowerManagerService: acquireWakeLockInternal: lock=201681672, flags=0x1, tag="AudioMix", ws=null, uid=1041, pid=0
05-05 13:04:08.093372   979   990 D PowerManagerService: updateWakeLockSummaryLocked: mWakefulness=Awake, mWakeLockSummary=0x1
05-05 13:04:08.093502   979   990 D PowerManagerService: updateUserActivitySummaryLocked: mWakefulness=Awake, mUserActivitySummary=0x1, nextTimeout=3408349 (in 23928 ms)
05-05 13:04:08.093604   979   990 D PowerManagerService: updateDisplayPowerStateLocked: mDisplayReady=true, policy=3, mWakefulness=1, mWakeLockSummary=0x1, mUserActivitySummary=0x1, mBootCompleted=true, mScreenBrightnessBoostInProgress=false
05-05 13:04:08.093765   979   990 D PowerManagerNotifier: onWakeLockAcquired: flags=1, tag="AudioMix", packageName=audioserver, ownerUid=1041, ownerPid=0, workSource=null
05-05 13:04:08.094459   979   990 D PowerManagerService: acquireWakeLockInternal: lock=85668513, flags=0x1, tag="AudioMix", ws=null, uid=1041, pid=0
05-05 13:04:08.094650   979   990 D PowerManagerService: updateWakeLockSummaryLocked: mWakefulness=Awake, mWakeLockSummary=0x1
05-05 13:04:08.094759   979   990 D PowerManagerService: updateUserActivitySummaryLocked: mWakefulness=Awake, mUserActivitySummary=0x1, nextTimeout=3408349 (in 23927 ms)
05-05 13:04:08.094852   979   990 D PowerManagerService: updateDisplayPowerStateLocked: mDisplayReady=true, policy=3, mWakefulness=1, mWakeLockSummary=0x1, mUserActivitySummary=0x1, mBootCompleted=true, mScreenBrightnessBoostInProgress=false
05-05 13:04:08.094955   979   990 D PowerManagerNotifier: onWakeLockAcquired: flags=1, tag="AudioMix", packageName=audioserver, ownerUid=1041, ownerPid=0, workSource=null
05-05 13:04:08.102550   979  1100 D AudioTrackCenter: addTrack, trackId:0x8d972000, frameCount:4512, sampleRate:48000, trackPtr:0x90820000
05-05 13:04:08.121360   979  2765 D AudioTrackCenter: addTrack, trackId:0x8d9720e0, frameCount:4512, sampleRate:48000, trackPtr:0x90820000
05-05 13:04:08.198817   979  1450 I AppWidgetServiceImpl: unbindRemoteViewsService() 0
05-05 13:04:08.199117   979  1450 I AppWidgetServiceImpl: disconnect
05-05 13:04:08.200988 17996 17996 V ActivityThread: SVC-Destroying service com.android.alarmclock.DigitalAppWidgetService@edda22
05-05 13:04:08.376746   979  1164 D AudioTrack: audiotrack 0x90820000 stop done
05-05 13:04:08.432860   979  1896 I NetworkIdentity: buildNetworkIdentity:
05-05 13:04:08.433188   979  1896 I NetworkIdentity: networkId = TRANSSION-HQ
05-05 13:04:08.433886   979  1896 D ConnectivityService: getActiveNetworkInfo networkInfo = [type: WIFI[], state: CONNECTED/CONNECTED, reason: (unspecified), extra: "TRANSSION-HQ", failover: false, available: true, roaming: false, metered: false]
05-05 13:04:08.444584  1494  1494 V ActivityThread: SVC-Destroying service com.google.android.gms.phenotype.service.PhenotypeService@c4e933
05-05 13:04:08.450403  1494  1494 V ActivityThread: SVC-Destroying service com.google.android.gms.lockbox.service.LockboxBrokerService@35704f0
05-05 13:04:08.456692  1494  1494 V ActivityThread: SVC-Creating service CreateServiceData{token=android.os.BinderProxy@12e6a69 className=com.google.android.gms.lockbox.service.LockboxBrokerService packageName=com.google.android.gms intent=null}
05-05 13:04:08.464240  1494  1494 V ActivityThread: SVC-Creating service CreateServiceData{token=android.os.BinderProxy@b657cee className=com.google.android.gms.phenotype.service.PhenotypeService packageName=com.google.android.gms intent=null}
05-05 13:04:08.614562   979   989 I AppWidgetServiceImpl: unbindRemoteViewsService() 0
05-05 13:04:08.614881   979   989 I AppWidgetServiceImpl: disconnect
05-05 13:04:08.618071 15239 15239 V ActivityThread: SVC-Destroying service com.whatsapp.appwidget.WidgetService@ef463ac
05-05 13:04:08.764498   979  1025 D PowerManagerService: userActivityFromNative
05-05 13:04:08.764608   979  1025 D PowerManagerService: userActivityNoUpdateLocked: eventTime=3385090, event=2, flags=0x0, uid=1000
05-05 13:04:08.764668   979  1025 D PowerManagerNotifier: onUserActivity: event=2, uid=1000
05-05 13:04:08.764888   979  1025 D PowerManagerService: updateUserActivitySummaryLocked: mWakefulness=Awake, mUserActivitySummary=0x1, nextTimeout=3409090 (in 23998 ms)
05-05 13:04:08.764965   979  1025 D PowerManagerService: updateDisplayPowerStateLocked: mDisplayReady=true, policy=3, mWakefulness=1, mWakeLockSummary=0x1, mUserActivitySummary=0x1, mBootCompleted=true, mScreenBrightnessBoostInProgress=false
05-05 13:04:08.840108   979  1896 I ActivityManager: START u0 {act=android.intent.action.MAIN cat=[android.intent.category.LAUNCHER] flg=0x10200000 cmp=com.android.dialer/com.android.contacts.activities.PeopleActivity bnds=[46,791][158,903] (has extras)} from uid 1000 on display 0
05-05 13:04:08.848870   979  1896 V WindowManager: Looking for focus: 5 = Window{4d8df67 u0 StatusBar}, flags=-2122055608, canReceive=false
05-05 13:04:08.849581   979  1896 V WindowManager: Set focused app to: AppWindowToken{19bad7f token=Token{ab694d9 ActivityRecord{ff49320 u0 com.android.dialer/com.android.contacts.activities.PeopleActivity t403}}} old focus=AppWindowToken{84677bb token=Token{a80edb5 ActivityRecord{95795ec u0 com.android.launcher3/.Launcher t387}}} moveFocusNow=true
05-05 13:04:08.849905   979  1896 V WindowManager: Looking for focus: 5 = Window{4d8df67 u0 StatusBar}, flags=-2122055608, canReceive=false
05-05 13:04:08.850015   979  1896 V WindowManager: findFocusedWindow: Reached focused app=AppWindowToken{19bad7f token=Token{ab694d9 ActivityRecord{ff49320 u0 com.android.dialer/com.android.contacts.activities.PeopleActivity t403}}} target=AppWindowToken{84677bb token=Token{a80edb5 ActivityRecord{95795ec u0 com.android.launcher3/.Launcher t387}}}
05-05 13:04:08.857171   979  1896 V WindowManager: Changing focus from Window{da7a200 u0 com.android.launcher3/com.android.launcher3.Launcher} to null Callers=com.android.server.wm.WindowManagerService.setFocusedApp:4137 com.android.server.am.ActivityManagerService.setFocusedActivityLocked:3198 com.android.server.am.ActivityStarter.startActivityUnchecked:1223 com.android.server.am.ActivityStarter.startActivityLocked:543 
05-05 13:04:08.857427   979  1896 D WindowManager: Input focus has changed to null
05-05 13:04:08.859546   979  1896 D PowerManagerService: acquireWakeLockInternal: lock=36794527, flags=0x1, tag="*launch*", ws=WorkSource{10003}, uid=1000, pid=979
05-05 13:04:08.859662   979  1896 D PowerManagerService: updateWakeLockSummaryLocked: mWakefulness=Awake, mWakeLockSummary=0x1
05-05 13:04:08.859744   979  1896 D PowerManagerService: updateUserActivitySummaryLocked: mWakefulness=Awake, mUserActivitySummary=0x1, nextTimeout=3409090 (in 23903 ms)
05-05 13:04:08.859814   979  1896 D PowerManagerService: updateDisplayPowerStateLocked: mDisplayReady=true, policy=3, mWakefulness=1, mWakeLockSummary=0x1, mUserActivitySummary=0x1, mBootCompleted=true, mScreenBrightnessBoostInProgress=false
05-05 13:04:08.860104   979  1896 D PowerManagerNotifier: onWakeLockAcquired: flags=1, tag="*launch*", packageName=android, ownerUid=1000, ownerPid=979, workSource=WorkSource{10003}
05-05 13:04:08.870154  6208  6208 W ContextImpl: Calling a method in the system process without a qualified user: android.app.ContextImpl.sendBroadcast:904 android.content.ContextWrapper.sendBroadcast:426 com.android.launcher3.Stats.recordLaunch:-1 com.android.launcher3.Launcher.startAppShortcutOrInfoActivity:-1 com.android.launcher3.Launcher.onClick:-1 
05-05 13:04:08.871232   979  1199 V ActivityManager: Broadcast: Intent { act=com.android.launcher3.action.LAUNCH flg=0x10 (has extras) } ordered=false userid=0 callerApp=ProcessRecord{8c90066 6208:com.android.launcher3/1000}
05-05 13:04:08.873714   979   995 W PackageManager: checkPermission(): com.android.launcher3.permission.RECEIVE_LAUNCH_BROADCASTS of com.google.android.gms is denied.
05-05 13:04:08.873846   979   995 W BroadcastQueue: Permission Denial: receiving Intent { act=com.android.launcher3.action.LAUNCH flg=0x10 (has extras) } to com.google.android.gms/.chimera.GmsIntentOperationService$GmsExternalReceiver requires com.android.launcher3.permission.RECEIVE_LAUNCH_BROADCASTS due to sender com.android.launcher3 (uid 1000)
05-05 13:04:08.874222   979   995 W PackageManager: checkPermission(): com.android.launcher3.permission.RECEIVE_LAUNCH_BROADCASTS of com.google.android.gms is denied.
05-05 13:04:08.874460   979   995 W BroadcastQueue: Permission Denial: receiving Intent { act=com.android.launcher3.action.LAUNCH flg=0x10 (has extras) } to com.google.android.gms/.icing.proxy.ApplicationLauncherReceiver requires com.android.launcher3.permission.RECEIVE_LAUNCH_BROADCASTS due to sender com.android.launcher3 (uid 1000)
05-05 13:04:08.881594   979  1448 D PackageManager: packageName = com.android.dialer, state = 0,userId = 0
05-05 13:04:08.896664   979  1002 V WindowManager: Looking for focus: 6 = Window{4d8df67 u0 StatusBar}, flags=-2122055608, canReceive=false
05-05 13:04:08.896830   979  1002 V WindowManager: findFocusedWindow: Reached focused app=AppWindowToken{19bad7f token=Token{ab694d9 ActivityRecord{ff49320 u0 com.android.dialer/com.android.contacts.activities.PeopleActivity t403}}} target=AppWindowToken{84677bb token=Token{a80edb5 ActivityRecord{95795ec u0 com.android.launcher3/.Launcher t387}}}
05-05 13:04:08.905861   979  1448 I ActivityManager: Start proc 19065:com.android.dialer/u0a3 for activity com.android.dialer/com.android.contacts.activities.PeopleActivity
05-05 13:04:08.913837   979  1086 V ActivityManager: Broadcast sticky: Intent { act=android.net.wifi.RSSI_CHANGED flg=0x4000010 (has extras) } ordered=false userid=-1 callerApp=ProcessRecord{dd462ed 979:system/1000}
05-05 13:04:08.952757   979  1089 V WindowManager: Looking for focus: 6 = Window{4d8df67 u0 StatusBar}, flags=-2122055608, canReceive=false
05-05 13:04:08.952817   979  1089 V WindowManager: findFocusedWindow: No focusable windows.
05-05 13:04:08.954643   979  1089 D WindowManager: notifyActivityDrawnForKeyguard: waiting=false Callers=com.android.server.wm.WindowSurfacePlacer.handleAppTransitionReadyLocked:1227 com.android.server.wm.WindowSurfacePlacer.performSurfacePlacementInner:337 com.android.server.wm.WindowSurfacePlacer.performSurfacePlacementLoop:235 com.android.server.wm.WindowSurfacePlacer.performSurfacePlacement:183 com.android.server.wm.WindowManagerService.executeAppTransition:4292 
05-05 13:04:08.959380   979  1164 D AudioTrack: audiotrack 0x90820000 stop done
05-05 13:04:08.961030   979   996 V NetworkStats: setKernelCounterSet uid=10003 set=1
05-05 13:04:08.977220   979  1450 V WindowManager: Looking for focus: 6 = Window{4d8df67 u0 StatusBar}, flags=-2122055608, canReceive=false
05-05 13:04:08.977308   979  1450 V WindowManager: findFocusedWindow: No focusable windows.
05-05 13:04:09.094885   979  1273 I AppWidgetServiceImpl: unbindRemoteViewsService() 0
05-05 13:04:09.095512   979  1273 I AppWidgetServiceImpl: disconnect
05-05 13:04:09.098275 18914 18914 V ActivityThread: SVC-Destroying service com.android.calendar.widget.CalendarAppWidgetService@a248b7a
05-05 13:04:09.112802   979  1199 D PackageManager: packageName = com.android.providers.contacts, state = 0,userId = 0
05-05 13:04:09.134072   979  1199 I ActivityManager: Start proc 19081:android.process.acore/u0a3 for content provider com.android.providers.contacts/.ContactsProvider2
05-05 13:04:09.141038   979  1326 V SettingsProvider: packageValueForCallResult, name = null, value : Bundle[{_track_generation=android.util.MemoryIntArray@56, value=null, _generation_index=2, _generation=2}]
05-05 13:04:09.319585   979  1002 V WindowManager: Looking for focus: 6 = Window{4d8df67 u0 StatusBar}, flags=-2122055608, canReceive=false
05-05 13:04:09.319662   979  1002 V WindowManager: findFocusedWindow: No focusable windows.
05-05 13:04:09.326282   979  1890 D PowerManagerService: acquireWakeLockInternal: lock=154500786, flags=0x1, tag="RILJ_ACK_WL", ws=null, uid=1001, pid=1247
05-05 13:04:09.326517   979  1890 D PowerManagerService: updateWakeLockSummaryLocked: mWakefulness=Awake, mWakeLockSummary=0x1
05-05 13:04:09.326624   979  1890 D PowerManagerService: updateUserActivitySummaryLocked: mWakefulness=Awake, mUserActivitySummary=0x1, nextTimeout=3409090 (in 23436 ms)
05-05 13:04:09.326706   979  1890 D PowerManagerService: updateDisplayPowerStateLocked: mDisplayReady=true, policy=3, mWakefulness=1, mWakeLockSummary=0x1, mUserActivitySummary=0x1, mBootCompleted=true, mScreenBrightnessBoostInProgress=false
05-05 13:04:09.326827   979  1890 D PowerManagerNotifier: onWakeLockAcquired: flags=1, tag="RILJ_ACK_WL", packageName=com.android.phone, ownerUid=1001, ownerPid=1247, workSource=null
05-05 13:04:09.351132   979  1888 V ActivityManager: Broadcast sticky: Intent { act=android.intent.action.ACTION_NETWORK_EVENT flg=0x20000010 (has extras) } ordered=false userid=-1 callerApp=ProcessRecord{543a08e 1247:com.android.phone/1001}
05-05 13:04:09.386023  1494  1494 V ActivityThread: SVC-Destroying service com.google.android.gms.chimera.PersistentIntentOperationService@d41c424
05-05 13:04:09.528087   979   989 D PowerManagerService: releaseWakeLockInternal: lock=154500786 [RILJ_ACK_WL], flags=0x0, total_time=201ms
05-05 13:04:09.528250   979   989 D PowerManagerNotifier: onWakeLockReleased: flags=1, tag="RILJ_ACK_WL", packageName=com.android.phone, ownerUid=1001, ownerPid=1247, workSource=null
05-05 13:04:09.528445   979   989 D PowerManagerService: updateWakeLockSummaryLocked: mWakefulness=Awake, mWakeLockSummary=0x1
05-05 13:04:09.528559   979   989 D PowerManagerService: updateUserActivitySummaryLocked: mWakefulness=Awake, mUserActivitySummary=0x1, nextTimeout=3409090 (in 23234 ms)
05-05 13:04:09.528644   979   989 D PowerManagerService: updateDisplayPowerStateLocked: mDisplayReady=true, policy=3, mWakefulness=1, mWakeLockSummary=0x1, mUserActivitySummary=0x1, mBootCompleted=true, mScreenBrightnessBoostInProgress=false
05-05 13:04:09.531100 15157 15157 V ActivityThread: SVC-Destroying service com.google.android.gms.chimera.GmsIntentOperationService@591efac
05-05 13:04:09.583579 19065 19065 D ActivityThread: isAppLocked r.intent.getComponent().getPackageName() = com.android.dialer
05-05 13:04:09.583650 19065 19065 D ActivityThread: isAppLocked r.intent.getComponent() = ComponentInfo{com.android.dialer/com.android.contacts.activities.PeopleActivity}
05-05 13:04:09.783106   979  1899 V SettingsProvider: packageValueForCallResult, name = time_12_24, value : Bundle[{_track_generation=android.util.MemoryIntArray@56, value=24, _generation_index=1, _generation=7}]
05-05 13:04:09.877656   269   972 D FrameworkListener: dispatchCommand data = (getaddrinfo www.google.com ^ 1024 2 1 0 0)
05-05 13:04:09.879542   269 19108 D SocketClient: SocketClient sendData done: 222
05-05 13:04:09.879647   269 19108 D SocketClient: SocketClient sendData done: 
05-05 13:04:09.946107   979  1326 V WindowManager: Looking for focus: 7 = Window{4d8df67 u0 StatusBar}, flags=-2122055608, canReceive=false
05-05 13:04:09.946784   979  1326 V WindowManager: Changing focus from null to Window{f8d3fe u0 com.android.dialer/com.android.contacts.activities.PeopleActivity} Callers=com.android.server.wm.WindowManagerService.relayoutWindow:3098 com.android.server.wm.Session.relayout:218 android.view.IWindowSession$Stub.onTransact:286 com.android.server.wm.Session.onTransact:139 
05-05 13:04:09.946959   979  1326 D WindowManager: Input focus has changed to Window{f8d3fe u0 com.android.dialer/com.android.contacts.activities.PeopleActivity}
05-05 13:04:09.999050   979  1892 V SettingsProvider: packageValueForCallResult, name = null, value : Bundle[{_track_generation=android.util.MemoryIntArray@56, value=null, _generation_index=2, _generation=2}]
05-05 13:04:10.077211   979  1892 D DisplayManagerService: Display listener for pid 18827 died.
05-05 13:04:10.077878   979  1199 I ActivityManager: Process com.google.android.gms.unstable (pid 18827) has died
05-05 13:04:10.078077   979  1199 D ActivityManager: handleAppDiedLocked: app = ProcessRecord{f31bb93 18827:com.google.android.gms.unstable/u0a15}, app.pid = 18827
05-05 13:04:10.078114   979  1199 D ActivityManager: cleanUpApplicationRecord -- 18827
05-05 13:04:10.093054   979  1002 V WindowManager: Looking for focus: 7 = Window{4d8df67 u0 StatusBar}, flags=-2122055608, canReceive=false
05-05 13:04:10.096153   979  1005 D AutomaticBrightnessController: onSensorChanged: mLightSensorEnabled=true, mAmbientLuxValid=true
05-05 13:04:10.096269   979  1005 D AutomaticBrightnessController: updateAmbientLux: mAmbientLuxValid=true, AAL=true
05-05 13:04:10.096364   979  1005 D AutomaticBrightnessController: calculateAmbientLux: [0, 100]: lux=0.0, weight=1005000.0
05-05 13:04:10.096421   979  1005 D AutomaticBrightnessController: calculateAmbientLux: totalWeight=1005000.0, newAmbientLux=0.0
05-05 13:04:10.096480   979  1005 D AutomaticBrightnessController: updateAmbientLux: ambientLux=0.0, timeToBrighten=4000, timeToDarken=8000, current=1.0
05-05 13:04:10.096548   979  1005 D AutomaticBrightnessController: updateAmbientLux: Scheduling ambient lux update for 33904233390423 (in 3999 ms)
05-05 13:04:10.096620   979  1005 D AutomaticBrightnessController: onSensorChanged: lux = 0.0
05-05 13:04:10.111112   979  1089 D PowerManagerService: releaseWakeLockInternal: lock=36794527 [*launch*], flags=0x0, total_time=1251ms
05-05 13:04:10.111235   979  1089 D PowerManagerNotifier: onWakeLockReleased: flags=1, tag="*launch*", packageName=android, ownerUid=1000, ownerPid=979, workSource=WorkSource{10003}
05-05 13:04:10.111375   979  1089 D PowerManagerService: updateWakeLockSummaryLocked: mWakefulness=Awake, mWakeLockSummary=0x1
05-05 13:04:10.111473   979  1089 D PowerManagerService: updateUserActivitySummaryLocked: mWakefulness=Awake, mUserActivitySummary=0x1, nextTimeout=3409090 (in 22651 ms)
05-05 13:04:10.111556   979  1089 D PowerManagerService: updateDisplayPowerStateLocked: mDisplayReady=true, policy=3, mWakefulness=1, mWakeLockSummary=0x1, mUserActivitySummary=0x1, mBootCompleted=true, mScreenBrightnessBoostInProgress=false
05-05 13:04:10.128956   269   972 D FrameworkListener: dispatchCommand data = (getaddrinfo www.google.com ^ 1024 2 1 0 0)
05-05 13:04:10.130527   269 19114 D SocketClient: SocketClient sendData done: 222
05-05 13:04:10.130637   269 19114 D SocketClient: SocketClient sendData done: 
05-05 13:04:10.177897   979  1900 I WindowManager: Destroying surface Surface(name=com.android.launcher3/com.android.launcher3.Launcher) called by com.android.server.wm.WindowStateAnimator.destroySurface:2135 com.android.server.wm.WindowStateAnimator.destroySurfaceLocked:947 com.android.server.wm.WindowState.destroyOrSaveSurface:2076 com.android.server.wm.AppWindowToken.destroySurfaces:363 com.android.server.wm.AppWindowToken.notifyAppStopped:389 com.android.server.wm.WindowManagerService.notifyAppStopped:4708 com.android.server.am.ActivityStack.activityStoppedLocked:1362 com.android.server.am.ActivityManagerService.activityStopped:7678 
05-05 13:04:10.185240   979  1893 I AppWidgetServiceImpl: stopListening() 0
05-05 13:04:10.206799   979  1002 I WindowManager: Destroying surface Surface(name=Starting com.android.dialer) called by com.android.server.wm.WindowStateAnimator.destroySurface:2135 com.android.server.wm.WindowStateAnimator.destroySurfaceLocked:947 com.android.server.wm.WindowState.destroyOrSaveSurface:2076 com.android.server.wm.AppWindowToken.destroySurfaces:363 com.android.server.wm.WindowStateAnimator.finishExit:586 com.android.server.wm.WindowStateAnimator.stepAnimationLocked:512 com.android.server.wm.WindowAnimator.updateWindowsLocked:307 com.android.server.wm.WindowAnimator.animateLocked:708 
05-05 13:04:10.225267   979  1448 V WindowManager: Looking for focus: 5 = Window{4d8df67 u0 StatusBar}, flags=-2122055608, canReceive=false
05-05 13:04:10.429794   979  1238 W Watchdog: **Get SF Time **1
05-05 13:04:10.430473   979  1238 W Watchdog: SWT Watchdog before synchronized:3386758
05-05 13:04:10.430530   979  1238 W Watchdog: SWT Watchdog after synchronized:3386758
05-05 13:04:10.575572   979  1896 I AppWidgetServiceImpl: unbindRemoteViewsService() 0
05-05 13:04:10.575993   979  1896 I AppWidgetServiceImpl: disconnect
05-05 13:04:10.580595 18929 18929 V ActivityThread: SVC-Destroying service org.chromium.chrome.browser.bookmarkswidget.BookmarkWidgetService@31ec3ce
05-05 13:04:10.581217  1494  1494 V ActivityThread: SVC-Destroying service com.google.android.gms.auth.account.be.legacy.GoogleAccountDataService@bd28208
05-05 13:04:10.583071  1494  1494 V ActivityThread: SVC-Destroying service com.google.android.gms.auth.GetToken@66ffda1
05-05 13:04:10.614660   979  1450 V ActivityManager: Broadcast sticky: Intent { act=android.intent.action.SIG_STR flg=0x20000010 (has extras) } ordered=false userid=-1 callerApp=ProcessRecord{dd462ed 979:system/1000}
05-05 13:04:10.674151   979  1893 D DisplayManagerService: Display listener for pid 18898 died.
05-05 13:04:10.674954   979  1893 I ActivityManager: Process com.itel.freezer (pid 18898) has died
05-05 13:04:10.675113   979  1893 D ActivityManager: handleAppDiedLocked: app = ProcessRecord{d8319d6 18898:com.itel.freezer/1000}, app.pid = 18898
05-05 13:04:10.675146   979  1893 D ActivityManager: cleanUpApplicationRecord -- 18898
05-05 13:04:10.898444 15157 15157 V ActivityThread: SVC-Destroying service com.google.android.gms.mdm.services.NetworkQualityAndroidService@606860d
05-05 13:04:10.918580   979  1025 D PowerManagerService: userActivityFromNative
05-05 13:04:10.918726   979  1025 D PowerManagerService: userActivityNoUpdateLocked: eventTime=3387244, event=2, flags=0x0, uid=1000
05-05 13:04:10.918803   979  1025 D PowerManagerNotifier: onUserActivity: event=2, uid=1000
05-05 13:04:10.919080   979  1025 D PowerManagerService: updateUserActivitySummaryLocked: mWakefulness=Awake, mUserActivitySummary=0x1, nextTimeout=3411244 (in 23998 ms)
05-05 13:04:10.919171   979  1025 D PowerManagerService: updateDisplayPowerStateLocked: mDisplayReady=true, policy=3, mWakefulness=1, mWakeLockSummary=0x1, mUserActivitySummary=0x1, mBootCompleted=true, mScreenBrightnessBoostInProgress=false
05-05 13:04:11.055091   979  1199 V WindowManager: Looking for focus: 6 = Window{4d8df67 u0 StatusBar}, flags=-2122055608, canReceive=false
05-05 13:04:11.063920   979  1199 V WindowManager: Changing focus from Window{f8d3fe u0 com.android.dialer/com.android.contacts.activities.PeopleActivity} to Window{2f1564f u0 PopupWindow:6d3e555} Callers=com.android.server.wm.WindowManagerService.addWindow:2314 com.android.server.wm.Session.addToDisplay:177 android.view.IWindowSession$Stub.onTransact:124 com.android.server.wm.Session.onTransact:139 
05-05 13:04:11.065081   979  1199 D WindowManager: Input focus has changed to Window{2f1564f u0 PopupWindow:6d3e555}
05-05 13:04:11.071234   979  1899 V WindowManager: Looking for focus: 6 = Window{4d8df67 u0 StatusBar}, flags=-2122055608, canReceive=false
05-05 13:04:11.105656   979  1448 D PowerManagerService: releaseWakeLockInternal: lock=201681672 [AudioMix], flags=0x0, total_time=3013ms
05-05 13:04:11.105837   979  1448 D PowerManagerNotifier: onWakeLockReleased: flags=1, tag="AudioMix", packageName=audioserver, ownerUid=1041, ownerPid=0, workSource=null
05-05 13:04:11.106056   979  1448 D PowerManagerService: updateWakeLockSummaryLocked: mWakefulness=Awake, mWakeLockSummary=0x1
05-05 13:04:11.106171   979  1448 D PowerManagerService: updateUserActivitySummaryLocked: mWakefulness=Awake, mUserActivitySummary=0x1, nextTimeout=3411244 (in 23811 ms)
05-05 13:04:11.106259   979  1448 D PowerManagerService: updateDisplayPowerStateLocked: mDisplayReady=true, policy=3, mWakefulness=1, mWakeLockSummary=0x1, mUserActivitySummary=0x1, mBootCompleted=true, mScreenBrightnessBoostInProgress=false
05-05 13:04:11.121139   979  1164 D AudioTrack: audiotrack 0x90820000 stop done
05-05 13:04:11.140429   979  1002 I WindowManager: Losing delayed focus: Window{f8d3fe u0 com.android.dialer/com.android.contacts.activities.PeopleActivity}
05-05 13:04:11.184654   979  1888 D PowerManagerService: acquireWakeLockInternal: lock=194720186, flags=0x1, tag="AudioMix", ws=null, uid=1041, pid=0
05-05 13:04:11.184830   979  1888 D PowerManagerService: updateWakeLockSummaryLocked: mWakefulness=Awake, mWakeLockSummary=0x1
05-05 13:04:11.184928   979  1888 D PowerManagerService: updateUserActivitySummaryLocked: mWakefulness=Awake, mUserActivitySummary=0x1, nextTimeout=3411244 (in 23732 ms)
05-05 13:04:11.185007   979  1888 D PowerManagerService: updateDisplayPowerStateLocked: mDisplayReady=true, policy=3, mWakefulness=1, mWakeLockSummary=0x1, mUserActivitySummary=0x1, mBootCompleted=true, mScreenBrightnessBoostInProgress=false
05-05 13:04:11.185111   979  1888 D PowerManagerNotifier: onWakeLockAcquired: flags=1, tag="AudioMix", packageName=audioserver, ownerUid=1041, ownerPid=0, workSource=null
05-05 13:04:11.694227   979  1025 D PowerManagerService: userActivityFromNative
05-05 13:04:11.694375   979  1025 D PowerManagerService: userActivityNoUpdateLocked: eventTime=3388018, event=2, flags=0x0, uid=1000
05-05 13:04:11.694459   979  1025 D PowerManagerNotifier: onUserActivity: event=2, uid=1000
05-05 13:04:11.694723   979  1025 D PowerManagerService: updateUserActivitySummaryLocked: mWakefulness=Awake, mUserActivitySummary=0x1, nextTimeout=3412018 (in 23996 ms)
05-05 13:04:11.694841   979  1025 D PowerManagerService: updateDisplayPowerStateLocked: mDisplayReady=true, policy=3, mWakefulness=1, mWakeLockSummary=0x1, mUserActivitySummary=0x1, mBootCompleted=true, mScreenBrightnessBoostInProgress=false
05-05 13:04:11.830056   979  1448 I ActivityManager: START u0 {cmp=com.android.dialer/com.android.contacts.common.list.AccountFilterActivity (has extras)} from uid 10003 on display 0
05-05 13:04:11.832062   979  1448 V WindowManager: Looking for focus: 6 = Window{4d8df67 u0 StatusBar}, flags=-2122055608, canReceive=false
05-05 13:04:11.834005   979  1448 V WindowManager: Looking for focus: 6 = Window{4d8df67 u0 StatusBar}, flags=-2122055608, canReceive=false
05-05 13:04:11.834714   979  1448 V WindowManager: Set focused app to: AppWindowToken{c14e861 token=Token{e215fc8 ActivityRecord{a17086b u0 com.android.dialer/com.android.contacts.common.list.AccountFilterActivity t403}}} old focus=AppWindowToken{19bad7f token=Token{ab694d9 ActivityRecord{ff49320 u0 com.android.dialer/com.android.contacts.activities.PeopleActivity t403}}} moveFocusNow=true
05-05 13:04:11.835029   979  1448 V WindowManager: Looking for focus: 6 = Window{4d8df67 u0 StatusBar}, flags=-2122055608, canReceive=false
05-05 13:04:11.835142   979  1448 V WindowManager: findFocusedWindow: Reached focused app=AppWindowToken{c14e861 token=Token{e215fc8 ActivityRecord{a17086b u0 com.android.dialer/com.android.contacts.common.list.AccountFilterActivity t403}}} target=AppWindowToken{19bad7f token=Token{ab694d9 ActivityRecord{ff49320 u0 com.android.dialer/com.android.contacts.activities.PeopleActivity t403}}}
05-05 13:04:11.835954   979  1448 V WindowManager: Changing focus from Window{2f1564f u0 PopupWindow:6d3e555} to null Callers=com.android.server.wm.WindowManagerService.setFocusedApp:4137 com.android.server.am.ActivityManagerService.setFocusedActivityLocked:3198 com.android.server.am.ActivityStarter.startActivityUnchecked:1223 com.android.server.am.ActivityStarter.startActivityLocked:543 
05-05 13:04:11.836194   979  1448 D WindowManager: Input focus has changed to null
05-05 13:04:11.838035   979  1448 D PowerManagerService: acquireWakeLockInternal: lock=36794527, flags=0x1, tag="*launch*", ws=WorkSource{10003}, uid=1000, pid=979
05-05 13:04:11.838145   979  1448 D PowerManagerService: updateWakeLockSummaryLocked: mWakefulness=Awake, mWakeLockSummary=0x1
05-05 13:04:11.838289   979  1448 D PowerManagerService: updateUserActivitySummaryLocked: mWakefulness=Awake, mUserActivitySummary=0x1, nextTimeout=3412018 (in 23853 ms)
05-05 13:04:11.838375   979  1448 D PowerManagerService: updateDisplayPowerStateLocked: mDisplayReady=true, policy=3, mWakefulness=1, mWakeLockSummary=0x1, mUserActivitySummary=0x1, mBootCompleted=true, mScreenBrightnessBoostInProgress=false
05-05 13:04:11.838482   979  1448 D PowerManagerNotifier: onWakeLockAcquired: flags=1, tag="*launch*", packageName=android, ownerUid=1000, ownerPid=979, workSource=WorkSource{10003}
05-05 13:04:11.850797   979  1199 V WindowManager: Looking for focus: 6 = Window{4d8df67 u0 StatusBar}, flags=-2122055608, canReceive=false
05-05 13:04:11.850980   979  1199 V WindowManager: findFocusedWindow: Reached focused app=AppWindowToken{c14e861 token=Token{e215fc8 ActivityRecord{a17086b u0 com.android.dialer/com.android.contacts.common.list.AccountFilterActivity t403}}} target=AppWindowToken{19bad7f token=Token{ab694d9 ActivityRecord{ff49320 u0 com.android.dialer/com.android.contacts.activities.PeopleActivity t403}}}
05-05 13:04:11.871354   979  1892 I AppWidgetServiceImpl: unbindRemoteViewsService() 0
05-05 13:04:11.871816   979  1892 I AppWidgetServiceImpl: disconnect
05-05 13:04:11.878356 17209 17209 V ActivityThread: SVC-Destroying service com.android.gallery3d.gadget.WidgetService@1e70280
05-05 13:04:11.929091   269   972 D FrameworkListener: dispatchCommand data = (getaddrinfo axdikdnfxpnbx ^ 1024 2 1 0 0)
05-05 13:04:11.930996   269   972 D FrameworkListener: dispatchCommand data = (getaddrinfo kpntabg ^ 1024 2 1 0 0)
05-05 13:04:11.931730   269   972 D FrameworkListener: dispatchCommand data = (getaddrinfo ssrphtgk ^ 1024 2 1 0 0)
05-05 13:04:11.950874   979  1164 D AudioTrack: audiotrack 0x90820000 stop done
05-05 13:04:11.961987   979  1086 V ActivityManager: Broadcast sticky: Intent { act=android.net.wifi.RSSI_CHANGED flg=0x4000010 (has extras) } ordered=false userid=-1 callerApp=ProcessRecord{dd462ed 979:system/1000}
05-05 13:04:11.980001 19065 19065 D ActivityThread: isAppLocked r.intent.getComponent().getPackageName() = com.android.dialer
05-05 13:04:11.980082 19065 19065 D ActivityThread: isAppLocked r.intent.getComponent() = ComponentInfo{com.android.dialer/com.android.contacts.common.list.AccountFilterActivity}
05-05 13:04:12.006691   979  1899 V WindowManager: Looking for focus: 7 = Window{4d8df67 u0 StatusBar}, flags=-2122055608, canReceive=false
05-05 13:04:12.008149   979  1899 V WindowManager: Changing focus from null to Window{3ca19e3 u0 com.android.dialer/com.android.contacts.common.list.AccountFilterActivity} Callers=com.android.server.wm.WindowManagerService.relayoutWindow:3098 com.android.server.wm.Session.relayout:218 android.view.IWindowSession$Stub.onTransact:286 com.android.server.wm.Session.onTransact:139 
05-05 13:04:12.010709   979  1899 D WindowManager: Input focus has changed to Window{3ca19e3 u0 com.android.dialer/com.android.contacts.common.list.AccountFilterActivity}
05-05 13:04:12.106107   979  1002 V WindowManager: Looking for focus: 7 = Window{4d8df67 u0 StatusBar}, flags=-2122055608, canReceive=false
