05-05 13:04:03.345001  1494  1494 V ActivityThread: SVC-Creating service CreateServiceData{token=android.os.BinderProxy@b8773bc className=com.google.android.gms.phenotype.service.PhenotypeService packageName=com.google.android.gms intent=null}
05-05 13:04:03.348103   979  1005 D AutomaticBrightnessController: onSensorChanged: mLightSensorEnabled=true, mAmbientLuxValid=true
05-05 13:04:03.348213   979  1005 D AutomaticBrightnessController: updateAmbientLux: mAmbientLuxValid=true, AAL=true
05-05 13:04:03.348313   979  1005 D AutomaticBrightnessController: calculateAmbientLux: [0, 100]: lux=0.0, weight=1005000.0
05-05 13:04:03.348374   979  1005 D AutomaticBrightnessController: calculateAmbientLux: totalWeight=1005000.0, newAmbientLux=0.0
05-05 13:04:03.348436   979  1005 D AutomaticBrightnessController: updateAmbientLux: ambientLux=0.0, timeToBrighten=4000, timeToDarken=8000, current=1.0
05-05 13:04:03.348498   979  1005 D AutomaticBrightnessController: updateAmbientLux: Scheduling ambient lux update for 33836753383675 (in 3999 ms)
05-05 13:04:03.348560   979  1005 D AutomaticBrightnessController: onSensorChanged: lux = 0.0
05-05 13:04:03.365493  1494  1494 V ActivityThread: SVC-Creating service CreateServiceData{token=android.os.BinderProxy@d57bf45 className=com.google.android.gms.usagereporting.service.UsageReportingService packageName=com.google.android.gms intent=null}
05-05 13:04:03.375403  1494  1494 V ActivityThread: SVC-Creating service CreateServiceData{token=android.os.BinderProxy@f01a69a className=com.google.android.gms.lockbox.service.LockboxBrokerService packageName=com.google.android.gms intent=null}
05-05 13:04:03.375717 15157 15157 D ActivityThread: BDC-Calling onReceive: intent=Intent { act=android.intent.action.DROPBOX_ENTRY_ADDED flg=0x10 cmp=com.google.android.gms/.stats.service.DropBoxEntryAddedReceiver (has extras) }, receiver=com.google.android.gms.stats.service.DropBoxEntryAddedReceiver@f547986
05-05 13:04:03.383768 15157 15157 D ActivityThread: SVC-Calling onStartCommand: com.google.android.gms.stats.service.DropBoxEntryAddedService@dd7d557, flags=0, startId=2
05-05 13:04:03.389483  1494  1494 D ActivityThread: BDC-Calling onReceive: intent=Intent { act=android.intent.action.DROPBOX_ENTRY_ADDED flg=0x10 cmp=com.google.android.gms/.chimera.GmsIntentOperationService$PersistentTrustedReceiver (has extras) }, receiver=com.google.android.gms.chimera.GmsIntentOperationService$PersistentTrustedReceiver@2ba0ac1
05-05 13:04:03.401384 15157 15157 D ActivityThread: BDC-Calling onReceive: intent=Intent { act=android.intent.action.DROPBOX_ENTRY_ADDED flg=0x10 cmp=com.google.android.gms/.stats.service.DropBoxEntryAddedReceiver (has extras) }, receiver=com.google.android.gms.stats.service.DropBoxEntryAddedReceiver@7a2c247
05-05 13:04:03.412482  1494  1494 D ActivityThread: BDC-Calling onReceive: intent=Intent { act=android.intent.action.DROPBOX_ENTRY_ADDED flg=0x10 cmp=com.google.android.gms/.chimera.GmsIntentOperationService$PersistentTrustedReceiver (has extras) }, receiver=com.google.android.gms.chimera.GmsIntentOperationService$PersistentTrustedReceiver@e9b91fd
05-05 13:04:03.414737   979  1899 I AppWidgetServiceImpl: getAppWidgetViews() 0
05-05 13:04:03.435713 15157 15157 D ActivityThread: SVC-Calling onStartCommand: com.google.android.gms.stats.service.DropBoxEntryAddedService@dd7d557, flags=0, startId=3
05-05 13:04:03.436369 15157 15157 D ActivityThread: BDC-Calling onReceive: intent=Intent { act=android.intent.action.DROPBOX_ENTRY_ADDED flg=0x10 cmp=com.google.android.gms/.stats.service.DropBoxEntryAddedReceiver (has extras) }, receiver=com.google.android.gms.stats.service.DropBoxEntryAddedReceiver@d6a7b9d
05-05 13:04:03.445061 15157 15157 D ActivityThread: SVC-Calling onStartCommand: com.google.android.gms.stats.service.DropBoxEntryAddedService@dd7d557, flags=0, startId=4
05-05 13:04:03.455617   979  1899 I AppWidgetServiceImpl: bindRemoteViewsService() 0
05-05 13:04:03.464267 17209 17209 V ActivityThread: SVC-Creating service CreateServiceData{token=android.os.BinderProxy@cdd766d className=com.android.gallery3d.gadget.WidgetService packageName=com.android.gallery3d intent=null}
05-05 13:04:03.478710   979  1897 I AppWidgetServiceImpl: getAppWidgetViews() 0
05-05 13:04:03.520678   979  1010 I PackageManager: Apk copy done
05-05 13:04:03.522416 18898 18963 W ContextImpl: Calling a method in the system process without a qualified user: android.app.ContextImpl.sendBroadcast:889 android.content.ContextWrapper.sendBroadcast:421 com.itel.FreezerApplication$PkgSizeObserver.onGetStatsCompleted:349 android.content.pm.IPackageStatsObserver$Stub.onTransact:63 android.os.Binder.execTransact:570 
05-05 13:04:03.523515   979  1325 V ActivityManager: Broadcast: Intent { act=Init_memory flg=0x10 } ordered=false userid=0 callerApp=ProcessRecord{d8319d6 18898:com.itel.freezer/1000}
05-05 13:04:03.524213   979  1010 I PackageManager: init_copy idx=0: MeasureParams{13bf272 com.tencent.mm}
05-05 13:04:03.525850   979  1010 I PackageManager: init_copy idx=1: MeasureParams{e1c4a79 com.tencent.android.qqdownloader}
05-05 13:04:03.526038   979  1010 I PackageManager: mcs_bound
05-05 13:04:03.526151   979  1010 I PackageManager: startCopy UserHandle{0}: MeasureParams{13bf272 com.tencent.mm}
05-05 13:04:03.558061   979   979 V ActivityManager: Broadcast: Intent { act=android.intent.action.DROPBOX_ENTRY_ADDED flg=0x10 (has extras) } ordered=false userid=0 callerApp=ProcessRecord{dd462ed 979:system/1000}
05-05 13:04:03.562788  1494  1494 D ActivityThread: BDC-Calling onReceive: intent=Intent { act=android.intent.action.DROPBOX_ENTRY_ADDED flg=0x10 cmp=com.google.android.gms/.chimera.GmsIntentOperationService$PersistentTrustedReceiver (has extras) }, receiver=com.google.android.gms.chimera.GmsIntentOperationService$PersistentTrustedReceiver@3972943
05-05 13:04:03.571730   979  1893 D AlarmManager: manual remove option = PendingIntent{352c3be: PendingIntentRecord{b5c2f84 com.android.calendar broadcastIntent}}
05-05 13:04:03.572002   979  1893 D AlarmManager: remove(operation) changed bounds; rebatching operation = PendingIntent{352c3be: PendingIntentRecord{b5c2f84 com.android.calendar broadcastIntent}}
05-05 13:04:03.574307   979  1448 V AlarmManager: APP set(PendingIntent{4d56c1f: PendingIntentRecord{b5c2f84 com.android.calendar broadcastIntent}}) : type=1 triggerAtTime=1494000000000 win=-1 tElapsed=42748862 maxElapsed=72266181 interval=0 flags=0x8
05-05 13:04:03.576565 15157 15157 D ActivityThread: BDC-Calling onReceive: intent=Intent { act=android.intent.action.DROPBOX_ENTRY_ADDED flg=0x10 cmp=com.google.android.gms/.stats.service.DropBoxEntryAddedReceiver (has extras) }, receiver=com.google.android.gms.stats.service.DropBoxEntryAddedReceiver@63f3be3
05-05 13:04:03.577103   979  1888 I AppWidgetServiceImpl: bindRemoteViewsService() 0
05-05 13:04:03.578522 18914 18914 W ContextImpl: Calling a method in the system process without a qualified user: android.app.ContextImpl.sendBroadcast:889 android.content.ContextWrapper.sendBroadcast:421 com.android.calendar.widget.CalendarAppWidgetService$CalendarFactory.onLoadComplete:598 com.android.calendar.widget.CalendarAppWidgetService$CalendarFactory.onLoadComplete:530 android.content.Loader.deliverResult:144 
05-05 13:04:03.579358   979  1899 V ActivityManager: Broadcast: Intent { act=com.android.calendar.APPWIDGET_UPDATE flg=0x10 } ordered=false userid=0 callerApp=ProcessRecord{4caab6c 18914:com.android.calendar/1000}
05-05 13:04:03.583765   979  1900 I AppWidgetServiceImpl: notifyAppWidgetViewDataChanged() 0
05-05 13:04:03.584098 15157 15157 D ActivityThread: SVC-Calling onStartCommand: com.google.android.gms.stats.service.DropBoxEntryAddedService@dd7d557, flags=0, startId=5
05-05 13:04:03.601060 18914 18914 D ActivityThread: BDC-Calling onReceive: intent=Intent { act=com.android.calendar.APPWIDGET_UPDATE flg=0x10 cmp=com.android.calendar/.widget.CalendarAppWidgetProvider }, receiver=com.android.calendar.widget.CalendarAppWidgetProvider@c23721f
05-05 13:04:03.601990   979   989 I AppWidgetServiceImpl: getAppWidgetIds() 0
05-05 13:04:03.605742 15239 15239 V ActivityThread: SVC-Creating service CreateServiceData{token=android.os.BinderProxy@9addd5f className=com.whatsapp.appwidget.WidgetService packageName=com.whatsapp intent=null}
05-05 13:04:03.620966   979  1326 D PackageManager: packageName = com.android.providers.media, state = 0,userId = 0
05-05 13:04:03.646441   979  1326 I ActivityManager: Start proc 18969:android.process.media/u0a11 for content provider com.android.providers.media/.MediaProvider
05-05 13:04:03.648215   979   996 V NetworkPolicy: setMeteredNetworkWhitelist 10011: true
05-05 13:04:03.648945   979  1080 D ConnectivityService: onUidRulesChanged(uid=10011, uidRules=1)
05-05 13:04:03.649008   979   996 V NetworkStats: setKernelCounterSet uid=10011 set=1
05-05 13:04:03.705409   979   996 V NetworkStats: setKernelCounterSet uid=10011 set=0
05-05 13:04:03.733492   979  1893 I AppWidgetServiceImpl: notifyAppWidgetViewDataChanged() 0
05-05 13:04:03.755053   979  1199 I AppWidgetServiceImpl: updateAppWidgetIds() 0
05-05 13:04:03.808430   979  1010 I PackageManager: Apk copy done
05-05 13:04:03.811943 18898 18910 W ContextImpl: Calling a method in the system process without a qualified user: android.app.ContextImpl.sendBroadcast:889 android.content.ContextWrapper.sendBroadcast:421 com.itel.FreezerApplication$PkgSizeObserver.onGetStatsCompleted:349 android.content.pm.IPackageStatsObserver$Stub.onTransact:63 android.os.Binder.execTransact:570 
05-05 13:04:03.814872   979  1199 V ActivityManager: Broadcast: Intent { act=Init_memory flg=0x10 } ordered=false userid=0 callerApp=ProcessRecord{d8319d6 18898:com.itel.freezer/1000}
05-05 13:04:03.818933   979  1010 I PackageManager: init_copy idx=1: MeasureParams{b1fd470 com.opera.mini.native}
05-05 13:04:03.819035   979  1010 I PackageManager: mcs_bound
05-05 13:04:03.819109   979  1010 I PackageManager: startCopy UserHandle{0}: MeasureParams{e1c4a79 com.tencent.android.qqdownloader}
05-05 13:04:03.873658   979  1010 I PackageManager: Apk copy done
05-05 13:04:03.875426   979  1010 I PackageManager: init_copy idx=1: MeasureParams{de7c3e9 com.cootek.smartinputv5.language.urdu}
05-05 13:04:03.875456 18898 18911 W ContextImpl: Calling a method in the system process without a qualified user: android.app.ContextImpl.sendBroadcast:889 android.content.ContextWrapper.sendBroadcast:421 com.itel.FreezerApplication$PkgSizeObserver.onGetStatsCompleted:349 android.content.pm.IPackageStatsObserver$Stub.onTransact:63 android.os.Binder.execTransact:570 
05-05 13:04:03.875564   979  1010 I PackageManager: init_copy idx=2: MeasureParams{895986e com.tencent.qqpim}
05-05 13:04:03.875649   979  1010 I PackageManager: mcs_bound
05-05 13:04:03.875720   979  1010 I PackageManager: startCopy UserHandle{0}: MeasureParams{b1fd470 com.opera.mini.native}
05-05 13:04:03.877213   979  1448 V ActivityManager: Broadcast: Intent { act=Init_memory flg=0x10 } ordered=false userid=0 callerApp=ProcessRecord{d8319d6 18898:com.itel.freezer/1000}
05-05 13:04:03.943593   979  1010 I PackageManager: Apk copy done
05-05 13:04:03.944996 18898 18962 W ContextImpl: Calling a method in the system process without a qualified user: android.app.ContextImpl.sendBroadcast:889 android.content.ContextWrapper.sendBroadcast:421 com.itel.FreezerApplication$PkgSizeObserver.onGetStatsCompleted:349 android.content.pm.IPackageStatsObserver$Stub.onTransact:63 android.os.Binder.execTransact:570 
05-05 13:04:03.945670   979  1010 I PackageManager: mcs_check
05-05 13:04:03.945727   979  1010 I PackageManager: mcs_check(true, 1)
05-05 13:04:03.945868   979  1010 I PackageManager: init_copy idx=2: MeasureParams{26fb5a5 com.cootek.smartinputv5.language.hausa}
05-05 13:04:03.945962   979  1010 I PackageManager: mcs_bound
05-05 13:04:03.946081   979  1010 I PackageManager: startCopy UserHandle{0}: MeasureParams{de7c3e9 com.cootek.smartinputv5.language.urdu}
05-05 13:04:03.947494   979  1325 V ActivityManager: Broadcast: Intent { act=Init_memory flg=0x10 } ordered=false userid=0 callerApp=ProcessRecord{d8319d6 18898:com.itel.freezer/1000}
05-05 13:04:04.024813   979  1010 I PackageManager: Apk copy done
05-05 13:04:04.025401   979  1010 I PackageManager: init_copy idx=2: MeasureParams{e4ef91e com.cootek.smartinputv5.language.hindi}
05-05 13:04:04.025542   979  1010 I PackageManager: mcs_bound
05-05 13:04:04.025616   979  1010 I PackageManager: startCopy UserHandle{0}: MeasureParams{895986e com.tencent.qqpim}
05-05 13:04:04.025719 18898 18963 W ContextImpl: Calling a method in the system process without a qualified user: android.app.ContextImpl.sendBroadcast:889 android.content.ContextWrapper.sendBroadcast:421 com.itel.FreezerApplication$PkgSizeObserver.onGetStatsCompleted:349 android.content.pm.IPackageStatsObserver$Stub.onTransact:63 android.os.Binder.execTransact:570 
05-05 13:04:04.027114   979  1448 V ActivityManager: Broadcast: Intent { act=Init_memory flg=0x10 } ordered=false userid=0 callerApp=ProcessRecord{d8319d6 18898:com.itel.freezer/1000}
05-05 13:04:04.059250   979   990 D AlarmManager: manual remove option = PendingIntent{7725215: PendingIntentRecord{b5c2f84 com.android.calendar broadcastIntent}}
05-05 13:04:04.059516   979   990 D AlarmManager: remove(operation) changed bounds; rebatching operation = PendingIntent{7725215: PendingIntentRecord{b5c2f84 com.android.calendar broadcastIntent}}
05-05 13:04:04.061503   979   989 V AlarmManager: APP set(PendingIntent{1ed892a: PendingIntentRecord{b5c2f84 com.android.calendar broadcastIntent}}) : type=1 triggerAtTime=1494000000000 win=-1 tElapsed=42748862 maxElapsed=72265816 interval=0 flags=0x8
05-05 13:04:04.063044   979  1892 I AppWidgetServiceImpl: notifyAppWidgetViewDataChanged() 0
05-05 13:04:04.073519   979  1010 I PackageManager: Apk copy done
05-05 13:04:04.074300 18898 18910 W ContextImpl: Calling a method in the system process without a qualified user: android.app.ContextImpl.sendBroadcast:889 android.content.ContextWrapper.sendBroadcast:421 com.itel.FreezerApplication$PkgSizeObserver.onGetStatsCompleted:349 android.content.pm.IPackageStatsObserver$Stub.onTransact:63 android.os.Binder.execTransact:570 
05-05 13:04:04.074877   979  1010 I PackageManager: mcs_bound
05-05 13:04:04.074983   979  1010 I PackageManager: startCopy UserHandle{0}: MeasureParams{26fb5a5 com.cootek.smartinputv5.language.hausa}
05-05 13:04:04.075235   979   989 V ActivityManager: Broadcast: Intent { act=Init_memory flg=0x10 } ordered=false userid=0 callerApp=ProcessRecord{d8319d6 18898:com.itel.freezer/1000}
05-05 13:04:04.113013   979  1010 I PackageManager: Apk copy done
05-05 13:04:04.113557   979  1010 I PackageManager: mcs_bound
05-05 13:04:04.113676   979  1010 I PackageManager: startCopy UserHandle{0}: MeasureParams{e4ef91e com.cootek.smartinputv5.language.hindi}
05-05 13:04:04.114146 18898 18911 W ContextImpl: Calling a method in the system process without a qualified user: android.app.ContextImpl.sendBroadcast:889 android.content.ContextWrapper.sendBroadcast:421 com.itel.FreezerApplication$PkgSizeObserver.onGetStatsCompleted:349 android.content.pm.IPackageStatsObserver$Stub.onTransact:63 android.os.Binder.execTransact:570 
05-05 13:04:04.115308   979  1892 V ActivityManager: Broadcast: Intent { act=Init_memory flg=0x10 } ordered=false userid=0 callerApp=ProcessRecord{d8319d6 18898:com.itel.freezer/1000}
05-05 13:04:04.124006   979   990 D AlarmManager: manual remove option = PendingIntent{34215f7: PendingIntentRecord{4c3e24f com.android.providers.media broadcastIntent}}
05-05 13:04:04.124304   979   990 D AlarmManager: remove(operation) changed bounds; rebatching operation = PendingIntent{34215f7: PendingIntentRecord{4c3e24f com.android.providers.media broadcastIntent}}
05-05 13:04:04.126103   979  1325 V EnjoyosServerFacade_enjoyos: optima: alarm type RTC_WAKEUP to RTC for com.android.providers.media
05-05 13:04:04.126291   979  1325 V AlarmManager: APP set(PendingIntent{9decc64: PendingIntentRecord{4c3e24f com.android.providers.media broadcastIntent}}) : type=1 triggerAtTime=1494003844125 win=-1 tElapsed=46592987 maxElapsed=78992986 interval=0 flags=0x0
05-05 13:04:04.154540   979   996 V NetworkPolicy: setMeteredNetworkWhitelist 10011: true
05-05 13:04:04.155326   979  1080 D ConnectivityService: onUidRulesChanged(uid=10011, uidRules=0)
05-05 13:04:04.159872 18929 18929 V ActivityThread: SVC-Creating service CreateServiceData{token=android.os.BinderProxy@edda22 className=org.chromium.chrome.browser.bookmarkswidget.BookmarkWidgetService packageName=com.android.chrome intent=null}
05-05 13:04:04.180184   979  1010 I PackageManager: Apk copy done
05-05 13:04:04.180951 18898 18962 W ContextImpl: Calling a method in the system process without a qualified user: android.app.ContextImpl.sendBroadcast:889 android.content.ContextWrapper.sendBroadcast:421 com.itel.FreezerApplication$PkgSizeObserver.onGetStatsCompleted:349 android.content.pm.IPackageStatsObserver$Stub.onTransact:63 android.os.Binder.execTransact:570 
05-05 13:04:04.181660   979  1089 V ActivityManager: Broadcast: Intent { act=Init_memory flg=0x10 } ordered=false userid=0 callerApp=ProcessRecord{d8319d6 18898:com.itel.freezer/1000}
05-05 13:04:04.222681   979  1010 I PackageManager: init_copy idx=0: MeasureParams{c781a93 com.instagram.android}
05-05 13:04:04.222828   979  1010 I PackageManager: mcs_bound
05-05 13:04:04.222902   979  1010 I PackageManager: startCopy UserHandle{0}: MeasureParams{c781a93 com.instagram.android}
05-05 13:04:04.320715   979  1010 I PackageManager: Apk copy done
05-05 13:04:04.321944 18898 18963 W ContextImpl: Calling a method in the system process without a qualified user: android.app.ContextImpl.sendBroadcast:889 android.content.ContextWrapper.sendBroadcast:421 com.itel.FreezerApplication$PkgSizeObserver.onGetStatsCompleted:349 android.content.pm.IPackageStatsObserver$Stub.onTransact:63 android.os.Binder.execTransact:570 
05-05 13:04:04.322918   979  1199 V ActivityManager: Broadcast: Intent { act=Init_memory flg=0x10 } ordered=false userid=0 callerApp=ProcessRecord{d8319d6 18898:com.itel.freezer/1000}
05-05 13:04:04.342771   979  1010 I PackageManager: init_copy idx=0: MeasureParams{539e5ce com.cootek.smartinputv5.language.oromo}
05-05 13:04:04.342940   979  1010 I PackageManager: mcs_bound
05-05 13:04:04.343044   979  1010 I PackageManager: startCopy UserHandle{0}: MeasureParams{539e5ce com.cootek.smartinputv5.language.oromo}
05-05 13:04:04.417309   979  1010 I PackageManager: Apk copy done
05-05 13:04:04.418011 18898 18910 W ContextImpl: Calling a method in the system process without a qualified user: android.app.ContextImpl.sendBroadcast:889 android.content.ContextWrapper.sendBroadcast:421 com.itel.FreezerApplication$PkgSizeObserver.onGetStatsCompleted:349 android.content.pm.IPackageStatsObserver$Stub.onTransact:63 android.os.Binder.execTransact:570 
05-05 13:04:04.418813   979  1450 V ActivityManager: Broadcast: Intent { act=Init_memory flg=0x10 } ordered=false userid=0 callerApp=ProcessRecord{d8319d6 18898:com.itel.freezer/1000}
05-05 13:04:04.438746   979  1010 I PackageManager: init_copy idx=0: MeasureParams{34cea85 com.excelliance.dualaid.vend}
05-05 13:04:04.438968   979  1010 I PackageManager: mcs_bound
05-05 13:04:04.439069   979  1010 I PackageManager: startCopy UserHandle{0}: MeasureParams{34cea85 com.excelliance.dualaid.vend}
05-05 13:04:04.492976   979  1010 I PackageManager: Apk copy done
05-05 13:04:04.495337 18898 18911 W ContextImpl: Calling a method in the system process without a qualified user: android.app.ContextImpl.sendBroadcast:889 android.content.ContextWrapper.sendBroadcast:421 com.itel.FreezerApplication$PkgSizeObserver.onGetStatsCompleted:349 android.content.pm.IPackageStatsObserver$Stub.onTransact:63 android.os.Binder.execTransact:570 
05-05 13:04:04.496843   979  1899 V ActivityManager: Broadcast: Intent { act=Init_memory flg=0x10 } ordered=false userid=0 callerApp=ProcessRecord{d8319d6 18898:com.itel.freezer/1000}
05-05 13:04:04.543481   979  1010 I PackageManager: init_copy idx=0: MeasureParams{b90a3e8 com.cootek.smartinputv5.language.vietnamsimple}
05-05 13:04:04.543633   979  1010 I PackageManager: mcs_bound
05-05 13:04:04.544264   979  1010 I PackageManager: startCopy UserHandle{0}: MeasureParams{b90a3e8 com.cootek.smartinputv5.language.vietnamsimple}
05-05 13:04:04.604962   979  1010 I PackageManager: Apk copy done
05-05 13:04:04.605370   979  1010 I PackageManager: init_copy idx=0: MeasureParams{bf6aa01 com.cootek.smartinputv5.language.swahili}
05-05 13:04:04.605468   979  1010 I PackageManager: mcs_bound
05-05 13:04:04.605547   979  1010 I PackageManager: startCopy UserHandle{0}: MeasureParams{bf6aa01 com.cootek.smartinputv5.language.swahili}
05-05 13:04:04.605615 18898 18962 W ContextImpl: Calling a method in the system process without a qualified user: android.app.ContextImpl.sendBroadcast:889 android.content.ContextWrapper.sendBroadcast:421 com.itel.FreezerApplication$PkgSizeObserver.onGetStatsCompleted:349 android.content.pm.IPackageStatsObserver$Stub.onTransact:63 android.os.Binder.execTransact:570 
05-05 13:04:04.607032   979  1900 V ActivityManager: Broadcast: Intent { act=Init_memory flg=0x10 } ordered=false userid=0 callerApp=ProcessRecord{d8319d6 18898:com.itel.freezer/1000}
05-05 13:04:04.691745   979  1010 I PackageManager: Apk copy done
05-05 13:04:04.692638 18898 18963 W ContextImpl: Calling a method in the system process without a qualified user: android.app.ContextImpl.sendBroadcast:889 android.content.ContextWrapper.sendBroadcast:421 com.itel.FreezerApplication$PkgSizeObserver.onGetStatsCompleted:349 android.content.pm.IPackageStatsObserver$Stub.onTransact:63 android.os.Binder.execTransact:570 
05-05 13:04:04.693479   979  1900 V ActivityManager: Broadcast: Intent { act=Init_memory flg=0x10 } ordered=false userid=0 callerApp=ProcessRecord{d8319d6 18898:com.itel.freezer/1000}
05-05 13:04:04.700023   979  1010 I PackageManager: init_copy idx=0: MeasureParams{ce26132 com.tencent.mobileqq}
05-05 13:04:04.700486   979  1010 I PackageManager: mcs_bound
05-05 13:04:04.700577   979  1010 I PackageManager: startCopy UserHandle{0}: MeasureParams{ce26132 com.tencent.mobileqq}
05-05 13:04:04.770441   979  1010 I PackageManager: Apk copy done
05-05 13:04:04.770853   979  1010 I PackageManager: init_copy idx=0: MeasureParams{4acce83 com.cootek.smartinputv5.language.portuguesebr}
05-05 13:04:04.770961   979  1010 I PackageManager: mcs_bound
05-05 13:04:04.771038   979  1010 I PackageManager: startCopy UserHandle{0}: MeasureParams{4acce83 com.cootek.smartinputv5.language.portuguesebr}
05-05 13:04:04.771925 18898 18962 W ContextImpl: Calling a method in the system process without a qualified user: android.app.ContextImpl.sendBroadcast:889 android.content.ContextWrapper.sendBroadcast:421 com.itel.FreezerApplication$PkgSizeObserver.onGetStatsCompleted:349 android.content.pm.IPackageStatsObserver$Stub.onTransact:63 android.os.Binder.execTransact:570 
05-05 13:04:04.773318   979  1273 V ActivityManager: Broadcast: Intent { act=Init_memory flg=0x10 } ordered=false userid=0 callerApp=ProcessRecord{d8319d6 18898:com.itel.freezer/1000}
05-05 13:04:04.814921   979   996 V NetworkPolicy: setMeteredNetworkWhitelist 10011: true
05-05 13:04:04.815961   979  1080 D ConnectivityService: onUidRulesChanged(uid=10011, uidRules=1)
05-05 13:04:04.825226 15157 15157 V ActivityThread: SVC-Creating service CreateServiceData{token=android.os.BinderProxy@1bdd9e0 className=com.google.android.gms.mdm.services.NetworkQualityAndroidService packageName=com.google.android.gms intent=null}
05-05 13:04:04.833716   979   996 V NetworkPolicy: setMeteredNetworkWhitelist 10011: true
05-05 13:04:04.834359   979  1450 D PackageManager: packageName = com.android.chrome, state = 0,userId = 0
05-05 13:04:04.834389   979  1080 D ConnectivityService: onUidRulesChanged(uid=10011, uidRules=0)
05-05 13:04:04.853702   979  1450 I ActivityManager: Start proc 19015:com.android.chrome:privileged_process0/u0a41 for service com.android.chrome/org.chromium.content.app.PrivilegedProcessService0
05-05 13:04:04.873483   979  1010 I PackageManager: Apk copy done
05-05 13:04:04.873978   979  1010 I PackageManager: init_copy idx=0: MeasureParams{89a705c com.cootek.smartinputv5.language.portuguesept}
05-05 13:04:04.874125   979  1010 I PackageManager: mcs_bound
05-05 13:04:04.874236   979  1010 I PackageManager: startCopy UserHandle{0}: MeasureParams{89a705c com.cootek.smartinputv5.language.portuguesept}
05-05 13:04:04.874458 18898 18911 W ContextImpl: Calling a method in the system process without a qualified user: android.app.ContextImpl.sendBroadcast:889 android.content.ContextWrapper.sendBroadcast:421 com.itel.FreezerApplication$PkgSizeObserver.onGetStatsCompleted:349 android.content.pm.IPackageStatsObserver$Stub.onTransact:63 android.os.Binder.execTransact:570 
05-05 13:04:04.877203   979  1199 V ActivityManager: Broadcast: Intent { act=Init_memory flg=0x10 } ordered=false userid=0 callerApp=ProcessRecord{d8319d6 18898:com.itel.freezer/1000}
05-05 13:04:04.884724   269   972 D FrameworkListener: dispatchCommand data = (getaddrinfo www.google.com ^ 1024 2 1 0 0)
05-05 13:04:04.887453   269 19029 D SocketClient: SocketClient sendData done: 222
05-05 13:04:04.887581   269 19029 D SocketClient: SocketClient sendData done: 
05-05 13:04:04.906358   979   996 V NetworkPolicy: setMeteredNetworkWhitelist 10011: true
05-05 13:04:04.907332   979  1080 D ConnectivityService: onUidRulesChanged(uid=10011, uidRules=1)
05-05 13:04:04.974284   979   996 V NetworkPolicy: setMeteredNetworkWhitelist 10011: true
05-05 13:04:04.975032   979  1080 D ConnectivityService: onUidRulesChanged(uid=10011, uidRules=0)
05-05 13:04:04.986069 19015 19015 V ActivityThread: SVC-Creating service CreateServiceData{token=android.os.BinderProxy@8b743d4 className=org.chromium.content.app.PrivilegedProcessService0 packageName=com.android.chrome intent=null}
05-05 13:04:04.989846   979  1899 I NetworkIdentity: buildNetworkIdentity:
05-05 13:04:04.990137   979  1899 I NetworkIdentity: networkId = TRANSSION-HQ
05-05 13:04:04.990294   979  1899 D ConnectivityService: getActiveNetworkInfo networkInfo = [type: WIFI[], state: CONNECTED/CONNECTED, reason: (unspecified), extra: "TRANSSION-HQ", failover: false, available: true, roaming: false, metered: false]
05-05 13:04:04.995268   979  1893 I NetworkIdentity: buildNetworkIdentity:
05-05 13:04:04.995642   979  1893 I NetworkIdentity: networkId = TRANSSION-HQ
05-05 13:04:04.995832   979  1893 D ConnectivityService: getActiveNetworkInfo networkInfo = [type: WIFI[], state: CONNECTED/CONNECTED, reason: (unspecified), extra: "TRANSSION-HQ", failover: false, available: true, roaming: false, metered: false]
05-05 13:04:04.996913   979  1888 I NetworkIdentity: buildNetworkIdentity:
05-05 13:04:04.997320   979  1888 I NetworkIdentity: networkId = TRANSSION-HQ
05-05 13:04:04.997511   979  1888 D ConnectivityService: getActiveNetworkInfo networkInfo = [type: WIFI[], state: CONNECTED/CONNECTED, reason: (unspecified), extra: "TRANSSION-HQ", failover: false, available: true, roaming: false, metered: false]
05-05 13:04:05.001960   979  1326 I NetworkIdentity: buildNetworkIdentity:
05-05 13:04:05.002442   979  1326 I NetworkIdentity: networkId = TRANSSION-HQ
05-05 13:04:05.020745   979  1010 I PackageManager: Apk copy done
05-05 13:04:05.021202   979  1010 I PackageManager: init_copy idx=0: MeasureParams{bebca63 com.facebook.katana}
05-05 13:04:05.021300   979  1010 I PackageManager: mcs_bound
05-05 13:04:05.021371   979  1010 I PackageManager: startCopy UserHandle{0}: MeasureParams{bebca63 com.facebook.katana}
05-05 13:04:05.022276 18898 18910 W ContextImpl: Calling a method in the system process without a qualified user: android.app.ContextImpl.sendBroadcast:889 android.content.ContextWrapper.sendBroadcast:421 com.itel.FreezerApplication$PkgSizeObserver.onGetStatsCompleted:349 android.content.pm.IPackageStatsObserver$Stub.onTransact:63 android.os.Binder.execTransact:570 
05-05 13:04:05.024304   979  1273 V ActivityManager: Broadcast: Intent { act=Init_memory flg=0x10 } ordered=false userid=0 callerApp=ProcessRecord{d8319d6 18898:com.itel.freezer/1000}
05-05 13:04:05.039191   979  1025 D PowerManagerService: userActivityFromNative
05-05 13:04:05.039345   979  1025 D PowerManagerService: userActivityNoUpdateLocked: eventTime=3381363, event=2, flags=0x0, uid=1000
05-05 13:04:05.039424   979  1025 D PowerManagerNotifier: onUserActivity: event=2, uid=1000
05-05 13:04:05.039695   979  1025 D PowerManagerService: updateUserActivitySummaryLocked: mWakefulness=Awake, mUserActivitySummary=0x1, nextTimeout=3405363 (in 23996 ms)
05-05 13:04:05.039792   979  1025 D PowerManagerService: updateDisplayPowerStateLocked: mDisplayReady=true, policy=3, mWakefulness=1, mWakeLockSummary=0x1, mUserActivitySummary=0x1, mBootCompleted=true, mScreenBrightnessBoostInProgress=false
05-05 13:04:05.053511   979   989 I NetworkIdentity: buildNetworkIdentity:
05-05 13:04:05.053853   979   989 I NetworkIdentity: networkId = TRANSSION-HQ
05-05 13:04:05.054014   979   989 D ConnectivityService: getActiveNetworkInfo networkInfo = [type: WIFI[], state: CONNECTED/CONNECTED, reason: (unspecified), extra: "TRANSSION-HQ", failover: false, available: true, roaming: false, metered: false]
05-05 13:04:05.059226   979  1888 D PackageManager: packageName = com.android.providers.partnerbookmarks, state = 0,userId = 0
05-05 13:04:05.074028   979  1326 D ConnectivityService: listenForNetwork for Listen from uid/pid:10041/18929 for NetworkRequest [ id=16, legacyType=-1, [ Capabilities: INTERNET&NOT_RESTRICTED&TRUSTED] ]
05-05 13:04:05.075323   979  1093 D ConnectivityService: rematching NetworkAgentInfo [WIFI () - 100]
05-05 13:04:05.075559   979  1093 D ConnectivityService:  network has: [ Transports: WIFI Capabilities: NOT_METERED&INTERNET&NOT_RESTRICTED&TRUSTED&NOT_VPN&VALIDATED LinkUpBandwidth>=1048576Kbps LinkDnBandwidth>=1048576Kbps SignalStrength: -38]
05-05 13:04:05.075687   979  1093 D ConnectivityService: Network NetworkAgentInfo [WIFI () - 100] was already satisfying request 1. No change.
05-05 13:04:05.075953   979  1093 D ConnectivityService: sending notification AVAILABLE for NetworkRequest [ id=16, legacyType=-1, [ Capabilities: INTERNET&NOT_RESTRICTED&TRUSTED] ]
05-05 13:04:05.082120   979  1888 I ActivityManager: Start proc 19036:com.android.providers.partnerbookmarks/u0a67 for content provider com.android.providers.partnerbookmarks/.PartnerBookmarksProvider
05-05 13:04:05.086658   979   996 V NetworkStats: setKernelCounterSet uid=10067 set=1
05-05 13:04:05.090114   979  1325 I NetworkIdentity: buildNetworkIdentity:
05-05 13:04:05.090443   979  1325 I NetworkIdentity: networkId = TRANSSION-HQ
05-05 13:04:05.090617   979  1325 D ConnectivityService: getActiveNetworkInfo networkInfo = [type: WIFI[], state: CONNECTED/CONNECTED, reason: (unspecified), extra: "TRANSSION-HQ", failover: false, available: true, roaming: false, metered: false]
05-05 13:04:05.092277   979  1450 I NetworkIdentity: buildNetworkIdentity:
05-05 13:04:05.092731   979  1450 I NetworkIdentity: networkId = TRANSSION-HQ
05-05 13:04:05.111812   979  1893 D PowerManagerService: releaseWakeLockInternal: lock=185811870 [AudioMix], flags=0x0, total_time=3004ms
05-05 13:04:05.120660   979  1893 D PowerManagerNotifier: onWakeLockReleased: flags=1, tag="AudioMix", packageName=audioserver, ownerUid=1041, ownerPid=0, workSource=null
05-05 13:04:05.120978   979  1893 D PowerManagerService: updateWakeLockSummaryLocked: mWakefulness=Awake, mWakeLockSummary=0x1
05-05 13:04:05.121097   979  1893 D PowerManagerService: updateUserActivitySummaryLocked: mWakefulness=Awake, mUserActivitySummary=0x1, nextTimeout=3405363 (in 23915 ms)
05-05 13:04:05.121193   979  1893 D PowerManagerService: updateDisplayPowerStateLocked: mDisplayReady=true, policy=3, mWakefulness=1, mWakeLockSummary=0x1, mUserActivitySummary=0x1, mBootCompleted=true, mScreenBrightnessBoostInProgress=false
05-05 13:04:05.140220   979   996 V NetworkStats: setKernelCounterSet uid=10067 set=0
05-05 13:04:05.141122   979   996 V NetworkPolicy: setMeteredNetworkWhitelist 10011: true
05-05 13:04:05.141437   979  1080 D ConnectivityService: onUidRulesChanged(uid=10011, uidRules=1)
05-05 13:04:05.164624   979   996 V NetworkPolicy: setMeteredNetworkWhitelist 10011: true
05-05 13:04:05.164915   979  1080 D ConnectivityService: onUidRulesChanged(uid=10011, uidRules=0)
05-05 13:04:05.206104 15157 15157 D ActivityThread: SVC-Calling onStartCommand: com.google.android.gms.mdm.services.NetworkQualityAndroidService@606860d, flags=0, startId=1
05-05 13:04:05.223927   979  1899 I NetworkIdentity: buildNetworkIdentity:
05-05 13:04:05.224289   979  1899 I NetworkIdentity: networkId = TRANSSION-HQ
05-05 13:04:05.224473   979  1899 D ConnectivityService: getActiveNetworkInfo networkInfo = [type: WIFI[], state: CONNECTED/CONNECTED, reason: (unspecified), extra: "TRANSSION-HQ", failover: false, available: true, roaming: false, metered: false]
05-05 13:04:05.226783   979  1448 D PowerManagerService: acquireWakeLockInternal: lock=215859576, flags=0x1, tag="RILJ", ws=null, uid=1001, pid=1247
05-05 13:04:05.227037   979  1448 D PowerManagerService: updateWakeLockSummaryLocked: mWakefulness=Awake, mWakeLockSummary=0x1
05-05 13:04:05.227158   979  1448 D PowerManagerService: updateUserActivitySummaryLocked: mWakefulness=Awake, mUserActivitySummary=0x1, nextTimeout=3405363 (in 23809 ms)
05-05 13:04:05.227246   979  1448 D PowerManagerService: updateDisplayPowerStateLocked: mDisplayReady=true, policy=3, mWakefulness=1, mWakeLockSummary=0x1, mUserActivitySummary=0x1, mBootCompleted=true, mScreenBrightnessBoostInProgress=false
05-05 13:04:05.227398   979  1448 D PowerManagerNotifier: onWakeLockAcquired: flags=1, tag="RILJ", packageName=com.android.phone, ownerUid=1001, ownerPid=1247, workSource=null
05-05 13:04:05.291724   979  1890 D PowerManagerService: releaseWakeLockInternal: lock=215859576 [RILJ], flags=0x0, total_time=65ms
05-05 13:04:05.292010   979  1890 D PowerManagerNotifier: onWakeLockReleased: flags=1, tag="RILJ", packageName=com.android.phone, ownerUid=1001, ownerPid=1247, workSource=null
05-05 13:04:05.292286   979  1890 D PowerManagerService: updateWakeLockSummaryLocked: mWakefulness=Awake, mWakeLockSummary=0x1
05-05 13:04:05.292465   979  1890 D PowerManagerService: updateUserActivitySummaryLocked: mWakefulness=Awake, mUserActivitySummary=0x1, nextTimeout=3405363 (in 23743 ms)
05-05 13:04:05.292559   979  1890 D PowerManagerService: updateDisplayPowerStateLocked: mDisplayReady=true, policy=3, mWakefulness=1, mWakeLockSummary=0x1, mUserActivitySummary=0x1, mBootCompleted=true, mScreenBrightnessBoostInProgress=false
05-05 13:04:05.298640   979  1896 D PowerManagerService: acquireWakeLockInternal: lock=103686225, flags=0x1, tag="RILJ", ws=null, uid=1001, pid=1247
05-05 13:04:05.299007   979  1896 D PowerManagerService: updateWakeLockSummaryLocked: mWakefulness=Awake, mWakeLockSummary=0x1
05-05 13:04:05.299174   979  1896 D PowerManagerService: updateUserActivitySummaryLocked: mWakefulness=Awake, mUserActivitySummary=0x1, nextTimeout=3405363 (in 23737 ms)
05-05 13:04:05.299315   979  1896 D PowerManagerService: updateDisplayPowerStateLocked: mDisplayReady=true, policy=3, mWakefulness=1, mWakeLockSummary=0x1, mUserActivitySummary=0x1, mBootCompleted=true, mScreenBrightnessBoostInProgress=false
05-05 13:04:05.299542   979  1896 D PowerManagerNotifier: onWakeLockAcquired: flags=1, tag="RILJ", packageName=com.android.phone, ownerUid=1001, ownerPid=1247, workSource=null
05-05 13:04:05.309339   979  1273 D PowerManagerService: releaseWakeLockInternal: lock=103686225 [RILJ], flags=0x0, total_time=10ms
05-05 13:04:05.309496   979  1273 D PowerManagerNotifier: onWakeLockReleased: flags=1, tag="RILJ", packageName=com.android.phone, ownerUid=1001, ownerPid=1247, workSource=null
05-05 13:04:05.309720   979  1273 D PowerManagerService: updateWakeLockSummaryLocked: mWakefulness=Awake, mWakeLockSummary=0x1
05-05 13:04:05.309834   979  1273 D PowerManagerService: updateUserActivitySummaryLocked: mWakefulness=Awake, mUserActivitySummary=0x1, nextTimeout=3405363 (in 23726 ms)
05-05 13:04:05.309965   979  1273 D PowerManagerService: updateDisplayPowerStateLocked: mDisplayReady=true, policy=3, mWakefulness=1, mWakeLockSummary=0x1, mUserActivitySummary=0x1, mBootCompleted=true, mScreenBrightnessBoostInProgress=false
05-05 13:04:05.345804   979  1005 D AutomaticBrightnessController: onSensorChanged: mLightSensorEnabled=true, mAmbientLuxValid=true
05-05 13:04:05.345892   979  1005 D AutomaticBrightnessController: updateAmbientLux: mAmbientLuxValid=true, AAL=true
05-05 13:04:05.346018   979  1005 D AutomaticBrightnessController: calculateAmbientLux: [0, 100]: lux=1.0, weight=1005000.0
05-05 13:04:05.346079   979  1005 D AutomaticBrightnessController: calculateAmbientLux: totalWeight=1005000.0, newAmbientLux=1.0
05-05 13:04:05.346138   979  1005 D AutomaticBrightnessController: updateAmbientLux: ambientLux=1.0, timeToBrighten=4000, timeToDarken=8000, current=1.0
05-05 13:04:05.346198   979  1005 D AutomaticBrightnessController: updateAmbientLux: Scheduling ambient lux update for 33856733385673 (in 4000 ms)
05-05 13:04:05.346291   979  1005 D AutomaticBrightnessController: onSensorChanged: lux = 1.0
05-05 13:04:05.369725  1494  1494 V ActivityThread: SVC-Creating service CreateServiceData{token=android.os.BinderProxy@1e0b2d8 className=com.google.android.gms.auth.GetToken packageName=com.google.android.gms intent=null}
05-05 13:04:05.375843   979  1089 D DisplayManagerService: Display listener for pid 18176 died.
05-05 13:04:05.376271   979  1326 I ActivityManager: Process android.process.acore (pid 18176) has died
05-05 13:04:05.376419   979  1326 D ActivityManager: handleAppDiedLocked: app = ProcessRecord{f9fb1e5 18176:android.process.acore/u0a3}, app.pid = 18176
05-05 13:04:05.376453   979  1326 D ActivityManager: cleanUpApplicationRecord -- 18176
05-05 13:04:05.443696   979   996 V NetworkPolicy: setMeteredNetworkWhitelist 10011: true
05-05 13:04:05.444428   979  1080 D ConnectivityService: onUidRulesChanged(uid=10011, uidRules=1)
05-05 13:04:05.457326   979   996 V NetworkPolicy: setMeteredNetworkWhitelist 10011: true
05-05 13:04:05.457605   979  1080 D ConnectivityService: onUidRulesChanged(uid=10011, uidRules=0)
05-05 13:04:05.467049   979  1899 V ActivityManager: Broadcast: Intent { act=com.google.android.gms.gcm.ACTION_SCHEDULE flg=0x10 pkg=com.google.android.gms (has extras) } ordered=false userid=0 callerApp=ProcessRecord{528d718 18929:com.android.chrome/u0a41}
05-05 13:04:05.475450   979   996 V NetworkPolicy: setMeteredNetworkWhitelist 10011: true
05-05 13:04:05.475814   979  1080 D ConnectivityService: onUidRulesChanged(uid=10011, uidRules=1)
05-05 13:04:05.478293   979  1010 I PackageManager: Apk copy done
05-05 13:04:05.478718   979  1450 V ActivityManager: Broadcast: Intent { act=com.google.android.gms.gcm.ACTION_SCHEDULE flg=0x10 pkg=com.google.android.gms (has extras) } ordered=false userid=0 callerApp=ProcessRecord{528d718 18929:com.android.chrome/u0a41}
05-05 13:04:05.478721   979  1010 I PackageManager: init_copy idx=0: MeasureParams{dd34790 com.cootek.smartinputv5.language.arabic}
05-05 13:04:05.478847   979  1010 I PackageManager: mcs_bound
05-05 13:04:05.478913   979  1010 I PackageManager: startCopy UserHandle{0}: MeasureParams{dd34790 com.cootek.smartinputv5.language.arabic}
05-05 13:04:05.479034 18898 18963 W ContextImpl: Calling a method in the system process without a qualified user: android.app.ContextImpl.sendBroadcast:889 android.content.ContextWrapper.sendBroadcast:421 com.itel.FreezerApplication$PkgSizeObserver.onGetStatsCompleted:349 android.content.pm.IPackageStatsObserver$Stub.onTransact:63 android.os.Binder.execTransact:570 
05-05 13:04:05.480627   979   989 V ActivityManager: Broadcast: Intent { act=Init_memory flg=0x10 } ordered=false userid=0 callerApp=ProcessRecord{d8319d6 18898:com.itel.freezer/1000}
05-05 13:04:05.488161   979   989 V ActivityManager: Broadcast: Intent { act=com.google.android.gms.gcm.ACTION_SCHEDULE flg=0x10 pkg=com.google.android.gms (has extras) } ordered=false userid=0 callerApp=ProcessRecord{528d718 18929:com.android.chrome/u0a41}
05-05 13:04:05.490604   979   996 V NetworkPolicy: setMeteredNetworkWhitelist 10011: true
05-05 13:04:05.490859   979  1080 D ConnectivityService: onUidRulesChanged(uid=10011, uidRules=0)
05-05 13:04:05.525166  1494  1494 D ActivityThread: BDC-Calling onReceive: intent=Intent { act=com.google.android.gms.gcm.ACTION_SCHEDULE flg=0x10 pkg=com.google.android.gms cmp=com.google.android.gms/.gcm.nts.SchedulerReceiver (has extras) }, receiver=com.google.android.gms.gcm.nts.SchedulerReceiver@1b13a97
05-05 13:04:05.532191  1494  1494 D ActivityThread: BDC-Calling onReceive: intent=Intent { act=com.google.android.gms.gcm.ACTION_SCHEDULE flg=0x10 pkg=com.google.android.gms cmp=com.google.android.gms/.gcm.nts.SchedulerReceiver (has extras) }, receiver=com.google.android.gms.gcm.nts.SchedulerReceiver@1a2484
05-05 13:04:05.534435   979  1888 V ActivityManager: Broadcast sticky: Intent { act=android.intent.action.SIG_STR flg=0x20000010 (has extras) } ordered=false userid=-1 callerApp=ProcessRecord{dd462ed 979:system/1000}
05-05 13:04:05.538523   979  1010 I PackageManager: Apk copy done
05-05 13:04:05.538941   979  1010 I PackageManager: init_copy idx=0: MeasureParams{74380af com.cootek.smartinputv5.language.french}
05-05 13:04:05.539052   979  1010 I PackageManager: mcs_bound
05-05 13:04:05.539110   979  1010 I PackageManager: startCopy UserHandle{0}: MeasureParams{74380af com.cootek.smartinputv5.language.french}
05-05 13:04:05.539181 18898 18910 W ContextImpl: Calling a method in the system process without a qualified user: android.app.ContextImpl.sendBroadcast:889 android.content.ContextWrapper.sendBroadcast:421 com.itel.FreezerApplication$PkgSizeObserver.onGetStatsCompleted:349 android.content.pm.IPackageStatsObserver$Stub.onTransact:63 android.os.Binder.execTransact:570 
05-05 13:04:05.542439  1494  1494 D ActivityThread: BDC-Calling onReceive: intent=Intent { act=com.google.android.gms.gcm.ACTION_SCHEDULE flg=0x10 pkg=com.google.android.gms cmp=com.google.android.gms/.gcm.nts.SchedulerReceiver (has extras) }, receiver=com.google.android.gms.gcm.nts.SchedulerReceiver@459f46d
05-05 13:04:05.542477   979   990 V ActivityManager: Broadcast: Intent { act=Init_memory flg=0x10 } ordered=false userid=0 callerApp=ProcessRecord{d8319d6 18898:com.itel.freezer/1000}
05-05 13:04:05.546118   979   990 D PowerManagerService: acquireWakeLockInternal: lock=28419994, flags=0x1, tag="*net_scheduler*", ws=WorkSource{10015 com.google.android.gms}, uid=10015, pid=1494
05-05 13:04:05.546614   979   990 D PowerManagerService: updateWakeLockSummaryLocked: mWakefulness=Awake, mWakeLockSummary=0x1
05-05 13:04:05.547580   979   990 D PowerManagerService: updateUserActivitySummaryLocked: mWakefulness=Awake, mUserActivitySummary=0x1, nextTimeout=3405363 (in 23489 ms)
05-05 13:04:05.547708   979   990 D PowerManagerService: updateDisplayPowerStateLocked: mDisplayReady=true, policy=3, mWakefulness=1, mWakeLockSummary=0x1, mUserActivitySummary=0x1, mBootCompleted=true, mScreenBrightnessBoostInProgress=false
05-05 13:04:05.547981   979   990 D PowerManagerNotifier: onWakeLockAcquired: flags=1, tag="*net_scheduler*", packageName=com.google.android.gms, ownerUid=10015, ownerPid=1494, workSource=WorkSource{10015 com.google.android.gms}
05-05 13:04:05.549961   979  1899 I NetworkIdentity: buildNetworkIdentity:
05-05 13:04:05.550241   979  1899 I NetworkIdentity: networkId = TRANSSION-HQ
05-05 13:04:05.550376   979  1899 D ConnectivityService: getActiveNetworkInfo networkInfo = [type: WIFI[], state: CONNECTED/CONNECTED, reason: (unspecified), extra: "TRANSSION-HQ", failover: false, available: true, roaming: false, metered: false]
05-05 13:04:05.551736   979  1273 I NetworkIdentity: buildNetworkIdentity:
05-05 13:04:05.552016   979  1273 I NetworkIdentity: networkId = TRANSSION-HQ
05-05 13:04:05.552172   979  1273 D ConnectivityService: getActiveNetworkInfo networkInfo = [type: WIFI[], state: CONNECTED/CONNECTED, reason: (unspecified), extra: "TRANSSION-HQ", failover: false, available: true, roaming: false, metered: false]
05-05 13:04:05.553243  1494  1494 V ActivityThread: SVC-Creating service CreateServiceData{token=android.os.BinderProxy@c1478a2 className=com.google.android.gms.auth.account.be.legacy.GoogleAccountDataService packageName=com.google.android.gms intent=null}
05-05 13:04:05.566785   979  1888 D AlarmManager: manual remove option = PendingIntent{ef2a366: PendingIntentRecord{680df0d com.google.android.gms broadcastIntent}}
05-05 13:04:05.567069   979  1888 D AlarmManager: remove(operation) changed bounds; rebatching operation = PendingIntent{ef2a366: PendingIntentRecord{680df0d com.google.android.gms broadcastIntent}}
05-05 13:04:05.588725   979  1892 I NetworkIdentity: buildNetworkIdentity:
05-05 13:04:05.589015   979  1892 I NetworkIdentity: networkId = TRANSSION-HQ
05-05 13:04:05.589176   979  1892 D ConnectivityService: getActiveNetworkInfo networkInfo = [type: WIFI[], state: CONNECTED/CONNECTED, reason: (unspecified), extra: "TRANSSION-HQ", failover: false, available: true, roaming: false, metered: false]
05-05 13:04:05.596620   979  1005 D AutomaticBrightnessController: onSensorChanged: mLightSensorEnabled=true, mAmbientLuxValid=true
05-05 13:04:05.596733   979  1005 D AutomaticBrightnessController: updateAmbientLux: mAmbientLuxValid=true, AAL=true
05-05 13:04:05.596820   979  1005 D AutomaticBrightnessController: calculateAmbientLux: [0, 100]: lux=0.0, weight=1005000.0
05-05 13:04:05.596907   979  1005 D AutomaticBrightnessController: calculateAmbientLux: [-251, 0]: lux=1.0, weight=2478499.5
05-05 13:04:05.596970   979  1005 D AutomaticBrightnessController: calculateAmbientLux: totalWeight=3483499.5, newAmbientLux=0.711497
05-05 13:04:05.597039   979  1005 D AutomaticBrightnessController: updateAmbientLux: ambientLux=0.711497, timeToBrighten=4000, timeToDarken=8000, current=1.0
05-05 13:04:05.597101   979  1005 D AutomaticBrightnessController: updateAmbientLux: Scheduling ambient lux update for 33859243385924 (in 4000 ms)
05-05 13:04:05.597171   979  1005 D AutomaticBrightnessController: onSensorChanged: lux = 0.0
05-05 13:04:05.609231   979   996 V NetworkPolicy: setMeteredNetworkWhitelist 10011: true
05-05 13:04:05.610182   979  1080 D ConnectivityService: onUidRulesChanged(uid=10011, uidRules=1)
05-05 13:04:05.619298   979   996 V NetworkPolicy: setMeteredNetworkWhitelist 10011: true
05-05 13:04:05.620030   979  1080 D ConnectivityService: onUidRulesChanged(uid=10011, uidRules=0)
05-05 13:04:05.632060   979   994 D PowerManagerService: acquireWakeLockInternal: lock=14609201, flags=0x1, tag="SyncLoopWakeLock", ws=null, uid=1000, pid=979
05-05 13:04:05.632210   979   994 D PowerManagerService: updateWakeLockSummaryLocked: mWakefulness=Awake, mWakeLockSummary=0x1
05-05 13:04:05.632416   979   994 D PowerManagerService: updateUserActivitySummaryLocked: mWakefulness=Awake, mUserActivitySummary=0x1, nextTimeout=3405363 (in 23404 ms)
05-05 13:04:05.632520   979   994 D PowerManagerService: updateDisplayPowerStateLocked: mDisplayReady=true, policy=3, mWakefulness=1, mWakeLockSummary=0x1, mUserActivitySummary=0x1, mBootCompleted=true, mScreenBrightnessBoostInProgress=false
05-05 13:04:05.632618   979   994 D PowerManagerNotifier: onWakeLockAcquired: flags=1, tag="SyncLoopWakeLock", packageName=android, ownerUid=1000, ownerPid=979, workSource=null
05-05 13:04:05.632986   979   994 I NetworkIdentity: buildNetworkIdentity:
05-05 13:04:05.633268   979   994 I NetworkIdentity: networkId = TRANSSION-HQ
05-05 13:04:05.633425   979   994 D ConnectivityService: getActiveNetworkInfo networkInfo = [type: WIFI[], state: CONNECTED/CONNECTED, reason: (unspecified), extra: "TRANSSION-HQ", failover: false, available: true, roaming: false, metered: false]
05-05 13:04:05.646288   979   994 D PowerManagerService: releaseWakeLockInternal: lock=14609201 [SyncLoopWakeLock], flags=0x0, total_time=14ms
05-05 13:04:05.646522   979   994 D PowerManagerNotifier: onWakeLockReleased: flags=1, tag="SyncLoopWakeLock", packageName=android, ownerUid=1000, ownerPid=979, workSource=null
05-05 13:04:05.646870   979   994 D PowerManagerService: updateWakeLockSummaryLocked: mWakefulness=Awake, mWakeLockSummary=0x1
05-05 13:04:05.647046   979   994 D PowerManagerService: updateUserActivitySummaryLocked: mWakefulness=Awake, mUserActivitySummary=0x1, nextTimeout=3405363 (in 23389 ms)
05-05 13:04:05.647191   979   994 D PowerManagerService: updateDisplayPowerStateLocked: mDisplayReady=true, policy=3, mWakefulness=1, mWakeLockSummary=0x1, mUserActivitySummary=0x1, mBootCompleted=true, mScreenBrightnessBoostInProgress=false
05-05 13:04:05.666122   979  1089 D PowerManagerService: releaseWakeLockInternal: lock=138879 [AudioMix], flags=0x0, total_time=3555ms
05-05 13:04:05.666291   979  1089 D PowerManagerNotifier: onWakeLockReleased: flags=1, tag="AudioMix", packageName=audioserver, ownerUid=1041, ownerPid=0, workSource=null
05-05 13:04:05.666485   979  1089 D PowerManagerService: updateWakeLockSummaryLocked: mWakefulness=Awake, mWakeLockSummary=0x1
05-05 13:04:05.666577   979  1089 D PowerManagerService: updateUserActivitySummaryLocked: mWakefulness=Awake, mUserActivitySummary=0x1, nextTimeout=3405363 (in 23369 ms)
05-05 13:04:05.666642   979  1089 D PowerManagerService: updateDisplayPowerStateLocked: mDisplayReady=true, policy=3, mWakefulness=1, mWakeLockSummary=0x1, mUserActivitySummary=0x1, mBootCompleted=true, mScreenBrightnessBoostInProgress=false
05-05 13:04:05.686894   979  1010 I PackageManager: Apk copy done
