05-05 13:04:46.466740   979  1086 V AlarmManager: mScreenOff time is not enough
05-05 13:04:46.466787   979  1086 V AlarmManager: mScreenOff time is not enough
05-05 13:04:46.466833   979  1086 V AlarmManager: mScreenOff time is not enough
05-05 13:04:46.466879   979  1086 V AlarmManager: mScreenOff time is not enough
05-05 13:04:46.466921   979  1086 V AlarmManager: mScreenOff time is not enough
05-05 13:04:46.466964   979  1086 V AlarmManager: mScreenOff time is not enough
05-05 13:04:46.467007   979  1086 V AlarmManager: mScreenOff time is not enough
05-05 13:04:46.467047   979  1086 V AlarmManager: mScreenOff time is not enough
05-05 13:04:46.467092   979  1086 V AlarmManager: mScreenOff time is not enough
05-05 13:04:46.467138   979  1086 V AlarmManager: mScreenOff time is not enough
05-05 13:04:46.467181   979  1086 V AlarmManager: mScreenOff time is not enough
05-05 13:04:46.467233   979  1086 V AlarmManager: mScreenOff time is not enough
05-05 13:04:46.467275   979  1086 V AlarmManager: mScreenOff time is not enough
05-05 13:04:46.467315   979  1086 V AlarmManager: mScreenOff time is not enough
05-05 13:04:46.467355   979  1086 V AlarmManager: mScreenOff time is not enough
05-05 13:04:46.467395   979  1086 V AlarmManager: mScreenOff time is not enough
05-05 13:04:46.467450   979  1086 V AlarmManager: mScreenOff time is not enough
05-05 13:04:46.467502   979  1086 V AlarmManager: mScreenOff time is not enough
05-05 13:04:46.467543   979  1086 V AlarmManager: mScreenOff time is not enough
05-05 13:04:46.467584   979  1086 V AlarmManager: mScreenOff time is not enough
05-05 13:04:46.467633   979  1086 V AlarmManager: mScreenOff time is not enough
05-05 13:04:46.467728   979  1086 V AlarmManager: mScreenOff time is not enough
05-05 13:04:46.467773   979  1086 V AlarmManager: mScreenOff time is not enough
05-05 13:04:46.467826   979  1086 V AlarmManager: mScreenOff time is not enough
05-05 13:04:46.468798   979   979 D EnjoyosService_enjoyos: LockScreenCleanReceiver: currentMemoryReserved = 347,no need to clean
05-05 13:04:46.468857   979   979 D EnjoyosService_enjoyos: no need to clean...
05-05 13:04:46.468936   979   979 D ActivityThread: BDC-Calling finishReceiver: IIntentReceiver=db9ede3
05-05 13:04:46.467886   979  1086 V AlarmManager: mScreenOff time is not enough
05-05 13:04:46.469398   979  1086 V AlarmManager: mScreenOff time is not enough
05-05 13:04:46.469458   979  1086 V AlarmManager: mScreenOff time is not enough
05-05 13:04:46.469504   979  1086 V AlarmManager: mScreenOff time is not enough
05-05 13:04:46.469558   979  1086 V AlarmManager: mScreenOff time is not enough
05-05 13:04:46.469609   979  1086 V AlarmManager: mScreenOff time is not enough
05-05 13:04:46.469655   979  1086 V AlarmManager: mScreenOff time is not enough
05-05 13:04:46.469699   979  1086 V AlarmManager: mScreenOff time is not enough
05-05 13:04:46.469775   979  1086 V AlarmManager: mScreenOff time is not enough
05-05 13:04:46.469837   979  1086 V AlarmManager: mScreenOff time is not enough
05-05 13:04:46.469886   979  1086 V AlarmManager: mScreenOff time is not enough
05-05 13:04:46.469934   979  1086 V AlarmManager: mScreenOff time is not enough
05-05 13:04:46.469981   979  1086 V AlarmManager: mScreenOff time is not enough
05-05 13:04:46.470027   979  1086 V AlarmManager: mScreenOff time is not enough
05-05 13:04:46.470072   979  1086 V AlarmManager: mScreenOff time is not enough
05-05 13:04:46.470119   979  1086 V AlarmManager: mScreenOff time is not enough
05-05 13:04:46.470176   979  1086 V AlarmManager: mScreenOff time is not enough
05-05 13:04:46.470222   979  1086 V AlarmManager: mScreenOff time is not enough
05-05 13:04:46.470263   979  1086 V AlarmManager: mScreenOff time is not enough
05-05 13:04:46.470318   979  1086 V AlarmManager: mScreenOff time is not enough
05-05 13:04:46.470362   979  1086 V AlarmManager: mScreenOff time is not enough
05-05 13:04:46.470424   979  1086 V AlarmManager: mScreenOff time is not enough
05-05 13:04:46.470475   979  1086 V AlarmManager: mScreenOff time is not enough
05-05 13:04:46.470528   979  1086 V AlarmManager: mScreenOff time is not enough
05-05 13:04:46.470581   979  1086 V AlarmManager: mScreenOff time is not enough
05-05 13:04:46.470634   979  1086 V AlarmManager: mScreenOff time is not enough
05-05 13:04:46.470683   979  1086 V AlarmManager: mScreenOff time is not enough
05-05 13:04:46.470730   979  1086 V AlarmManager: mScreenOff time is not enough
05-05 13:04:46.470802   979  1086 D AlarmManager: set alarm to RTC 3734886
05-05 13:04:46.471510   979   979 V EnjoyosServerFacade_enjoyos: optima: alarm type ELAPSED_REALTIME_WAKEUP to ELAPSED_REALTIME for android
05-05 13:04:46.471646   979   979 V AlarmManager: APP set(PendingIntent{5597c25: PendingIntentRecord{48b51fa android broadcastIntent}}) : type=3 triggerAtTime=7695333 win=300000 tElapsed=7695333 maxElapsed=7995333 interval=0 flags=0x8
05-05 13:04:46.472070   979   979 D ActivityThread: BDC-Calling finishReceiver: IIntentReceiver=eb470ed
05-05 13:04:46.474509   979   979 D ActivityThread: BDC-Calling finishReceiver: IIntentReceiver=dba4425
05-05 13:04:46.477218   979   979 D WifiService: onReceive, action:android.intent.action.SCREEN_OFF
05-05 13:04:46.477342   979   979 D ActivityThread: BDC-Calling finishReceiver: IIntentReceiver=470f798
05-05 13:04:46.477465   979  1085 D WifiController: DeviceActiveState{ when=-1ms what=155651 target=com.android.internal.util.StateMachine$SmHandler }
05-05 13:04:46.477585   979  1085 D WifiController: StaEnabledState{ when=-1ms what=155651 target=com.android.internal.util.StateMachine$SmHandler }
05-05 13:04:46.477663   979  1085 D WifiController: DefaultState{ when=-1ms what=155651 target=com.android.internal.util.StateMachine$SmHandler }
05-05 13:04:46.477732   979  1085 D WifiController: wifiSleepPolicy:2, means: Never sleep
05-05 13:04:46.479347   979   979 D ActivityThread: BDC-Calling finishReceiver: IIntentReceiver=6ed01df
05-05 13:04:46.481995  1120  1120 D ActivityThread: BDC-Calling finishReceiver: IIntentReceiver=d505028
05-05 13:04:46.482907   979   979 D ActivityThread: BDC-Calling finishReceiver: IIntentReceiver=2bd72ae
05-05 13:04:46.483318   979  1080 D NetworkManagement: oldRule = 0, newRule=0 for uid=10015 on chain 2
05-05 13:04:46.483352   979  1080 D NetworkManagement: !!!!! Skipping change
05-05 13:04:46.484351   979  1080 D NetworkManagement: oldRule = 0, newRule=0 for uid=10028 on chain 2
05-05 13:04:46.484383   979  1080 D NetworkManagement: !!!!! Skipping change
05-05 13:04:46.484844   979  1080 D NetworkManagement: oldRule = 0, newRule=0 for uid=10029 on chain 2
05-05 13:04:46.484881   979  1080 D NetworkManagement: !!!!! Skipping change
05-05 13:04:46.485334   979  1080 D NetworkManagement: oldRule = 0, newRule=0 for uid=10082 on chain 2
05-05 13:04:46.485371   979  1080 D NetworkManagement: !!!!! Skipping change
05-05 13:04:46.485935  1132  1236 D ActivityThread: BDC-Calling finishReceiver: IIntentReceiver=1879a90
05-05 13:04:46.493939   979  1086 D PowerManagerService: releaseWakeLockInternal: lock=153916358 [WifiSuspend], flags=0x0, total_time=32ms
05-05 13:04:46.494036   979  1086 D PowerManagerNotifier: onWakeLockReleased: flags=1, tag="WifiSuspend", packageName=android, ownerUid=1000, ownerPid=979, workSource=null
05-05 13:04:46.494220   979  1086 D PowerManagerService: updateWakeLockSummaryLocked: mWakefulness=Asleep, mWakeLockSummary=0x1
05-05 13:04:46.494307   979  1086 D PowerManagerService: updateUserActivitySummaryLocked: mWakefulness=Asleep, mUserActivitySummary=0x0, nextTimeout=0 (3422821 ms ago)
05-05 13:04:46.494417   979  1086 D PowerManagerService: updateDisplayPowerStateLocked: mDisplayReady=true, policy=0, mWakefulness=0, mWakeLockSummary=0x1, mUserActivitySummary=0x0, mBootCompleted=true, mScreenBrightnessBoostInProgress=false
05-05 13:04:46.572195   979   994 D ActivityThread: BDC-Calling finishReceiver: IIntentReceiver=19143c9
05-05 13:04:46.573158  1132  1132 D ActivityThread: BDC-Calling finishReceiver: IIntentReceiver=9d96d42
05-05 13:04:46.575384  1247  1247 D ActivityThread: BDC-Calling finishReceiver: IIntentReceiver=90d5cbf
05-05 13:04:46.580624  1247  1247 D ActivityThread: BDC-Calling finishReceiver: IIntentReceiver=7acdf8c
05-05 13:04:46.582556   979  1273 D PowerManagerService: acquireWakeLockInternal: lock=118087193, flags=0x1, tag="RILJ", ws=null, uid=1001, pid=1247
05-05 13:04:46.582713   979  1273 D PowerManagerService: updateWakeLockSummaryLocked: mWakefulness=Asleep, mWakeLockSummary=0x1
05-05 13:04:46.582798   979  1273 D PowerManagerService: updateUserActivitySummaryLocked: mWakefulness=Asleep, mUserActivitySummary=0x0, nextTimeout=0 (3422910 ms ago)
05-05 13:04:46.582896   979  1273 D PowerManagerService: updateDisplayPowerStateLocked: mDisplayReady=true, policy=0, mWakefulness=0, mWakeLockSummary=0x1, mUserActivitySummary=0x0, mBootCompleted=true, mScreenBrightnessBoostInProgress=false
05-05 13:04:46.583028   979  1273 D PowerManagerNotifier: onWakeLockAcquired: flags=1, tag="RILJ", packageName=com.android.phone, ownerUid=1001, ownerPid=1247, workSource=null
05-05 13:04:46.583578  1247  1247 D ActivityThread: BDC-Calling finishReceiver: IIntentReceiver=30006d5
05-05 13:04:46.585365  1247  1247 D ActivityThread: BDC-Calling finishReceiver: IIntentReceiver=6d5feea
05-05 13:04:46.594976   979  1448 D PowerManagerService: releaseWakeLockInternal: lock=118087193 [RILJ], flags=0x0, total_time=12ms
05-05 13:04:46.595115   979  1448 D PowerManagerNotifier: onWakeLockReleased: flags=1, tag="RILJ", packageName=com.android.phone, ownerUid=1001, ownerPid=1247, workSource=null
05-05 13:04:46.595313   979  1448 D PowerManagerService: updateWakeLockSummaryLocked: mWakefulness=Asleep, mWakeLockSummary=0x1
05-05 13:04:46.595398   979  1448 D PowerManagerService: updateUserActivitySummaryLocked: mWakefulness=Asleep, mUserActivitySummary=0x0, nextTimeout=0 (3422923 ms ago)
05-05 13:04:46.595502   979  1448 D PowerManagerService: updateDisplayPowerStateLocked: mDisplayReady=true, policy=0, mWakefulness=0, mWakeLockSummary=0x1, mUserActivitySummary=0x0, mBootCompleted=true, mScreenBrightnessBoostInProgress=false
05-05 13:04:46.595963  1247  1247 D ActivityThread: BDC-Calling finishReceiver: IIntentReceiver=fc505db
05-05 13:04:46.597266  1247  1247 D ActivityThread: BDC-Calling finishReceiver: IIntentReceiver=10e6878
05-05 13:04:46.599057  1132  1132 D ActivityThread: BDC-Calling finishReceiver: IIntentReceiver=3e9d153
05-05 13:04:46.602784  1247  1247 D ActivityThread: BDC-Calling finishReceiver: IIntentReceiver=bc73b51
05-05 13:04:46.603102  1247  1247 D ActivityThread: SVC-Calling onStartCommand: com.android.stk.StkAppService@40f00f, flags=0, startId=23
05-05 13:04:46.604893   979  1893 D PowerManagerService: acquireWakeLockInternal: lock=97600213, flags=0x1, tag="Wakeful StateMachine: GeofencerStateMachine", ws=WorkSource{10015 com.google.android.gms}, uid=10015, pid=1494
05-05 13:04:46.605063   979  1893 D PowerManagerService: updateWakeLockSummaryLocked: mWakefulness=Asleep, mWakeLockSummary=0x1
05-05 13:04:46.605179   979  1893 D PowerManagerService: updateUserActivitySummaryLocked: mWakefulness=Asleep, mUserActivitySummary=0x0, nextTimeout=0 (3422932 ms ago)
05-05 13:04:46.605260   979  1893 D PowerManagerService: updateDisplayPowerStateLocked: mDisplayReady=true, policy=0, mWakefulness=0, mWakeLockSummary=0x1, mUserActivitySummary=0x0, mBootCompleted=true, mScreenBrightnessBoostInProgress=false
05-05 13:04:46.605394   979  1893 D PowerManagerNotifier: onWakeLockAcquired: flags=1, tag="Wakeful StateMachine: GeofencerStateMachine", packageName=com.google.android.gms, ownerUid=10015, ownerPid=1494, workSource=WorkSource{10015 com.google.android.gms}
05-05 13:04:46.605823  1494  1494 D ActivityThread: BDC-Calling finishReceiver: IIntentReceiver=9ae0fdc
05-05 13:04:46.606551   979  1896 D PowerManagerService: releaseWakeLockInternal: lock=97600213 [Wakeful StateMachine: GeofencerStateMachine], flags=0x0, total_time=2ms
05-05 13:04:46.606747   979  1896 D PowerManagerNotifier: onWakeLockReleased: flags=1, tag="Wakeful StateMachine: GeofencerStateMachine", packageName=com.google.android.gms, ownerUid=10015, ownerPid=1494, workSource=WorkSource{10015 com.google.android.gms}
05-05 13:04:46.606925   979  1896 D PowerManagerService: updateWakeLockSummaryLocked: mWakefulness=Asleep, mWakeLockSummary=0x1
05-05 13:04:46.607047   979  1896 D PowerManagerService: updateUserActivitySummaryLocked: mWakefulness=Asleep, mUserActivitySummary=0x0, nextTimeout=0 (3422934 ms ago)
05-05 13:04:46.607135   979  1896 D PowerManagerService: updateDisplayPowerStateLocked: mDisplayReady=true, policy=0, mWakefulness=0, mWakeLockSummary=0x1, mUserActivitySummary=0x0, mBootCompleted=true, mScreenBrightnessBoostInProgress=false
05-05 13:04:46.607975  1494  1709 D ActivityThread: BDC-Calling finishReceiver: IIntentReceiver=819f8e5
05-05 13:04:46.611510  1494  1815 D ActivityThread: BDC-Calling finishReceiver: IIntentReceiver=302efba
05-05 13:04:46.613243   979   990 V EnjoyosServerFacade_enjoyos: optima: alarm type ELAPSED_REALTIME_WAKEUP to ELAPSED_REALTIME for com.google.android.gms
05-05 13:04:46.613347   979   990 V AlarmManager: mScreenOff time is not enough
05-05 13:04:46.613445   979   990 V AlarmManager: APP set(PendingIntent{2348aea: PendingIntentRecord{e95241b com.google.android.gms broadcastIntent}}) : type=3 triggerAtTime=46635474 win=0 tElapsed=46635474 maxElapsed=46635474 interval=0 flags=0x5
05-05 13:04:46.614437  1494  1494 D ActivityThread: BDC-Calling finishReceiver: IIntentReceiver=b83ebc3
05-05 13:04:46.616450   979  1899 V EnjoyosServerFacade_enjoyos: optima: alarm type RTC_WAKEUP to RTC for com.google.android.gms
05-05 13:04:46.616563   979  1899 V AlarmManager: mScreenOff time is not enough
05-05 13:04:46.616686   979  1899 V AlarmManager: APP set(PendingIntent{daea1db: PendingIntentRecord{8a867cd com.google.android.gms broadcastIntent}}) : type=1 triggerAtTime=1493975086615 win=-1 tElapsed=17835477 maxElapsed=28635476 interval=0 flags=0x0
05-05 13:04:46.617292  1494  1494 D ActivityThread: BDC-Calling finishReceiver: IIntentReceiver=f7c5766
05-05 13:04:46.619384  1494  1494 D ActivityThread: BDC-Calling finishReceiver: IIntentReceiver=9767aa7
05-05 13:04:46.620772  1494  1494 D ActivityThread: BDC-Calling finishReceiver: IIntentReceiver=4fb4b54
05-05 13:04:46.623423  1494  1494 D ActivityThread: BDC-Calling finishReceiver: IIntentReceiver=6eadafd
05-05 13:04:46.649567   979  1890 V EnjoyosService_enjoyos: oneKeyClean():com.cootek.smartinputv5.language.vietnam
05-05 13:04:46.650119   979  1089 V EnjoyosService_enjoyos: oneKeyClean():com.opera.mini.native
05-05 13:04:46.651419   979  6496 V NativeProcKill_enjoyos: killUidProc(),uid:10112
05-05 13:04:46.651476   979  6496 V NativeProcKill_enjoyos: killUidProc(10),pkgName:com.cootek.smartinputv5.language.vietnam
05-05 13:04:46.651503   979  6496 V NativeProcKill_enjoyos: killUidProc(20)
05-05 13:04:46.652429   979  1888 V EnjoyosService_enjoyos: oneKeyClean():com.cootek.smartinputv5.language.urdu
05-05 13:04:46.652893   979  1892 V EnjoyosService_enjoyos: oneKeyClean():com.cootek.smartinputv5.language.hausa
05-05 13:04:46.653339   979   990 V EnjoyosService_enjoyos: oneKeyClean():com.cootek.smartinputv5.language.hindi
05-05 13:04:46.653777   979  1199 V EnjoyosService_enjoyos: oneKeyClean():com.cootek.smartinputv5.language.oromo
05-05 13:04:46.654239   979  1273 V EnjoyosService_enjoyos: oneKeyClean():com.excelliance.dualaid.vend
05-05 13:04:46.654729   979  1899 V EnjoyosService_enjoyos: oneKeyClean():com.cootek.smartinputv5.language.vietnamsimple
05-05 13:04:46.655211   979  1448 V EnjoyosService_enjoyos: oneKeyClean():com.cootek.smartinputv5.language.swahili
05-05 13:04:46.655642   979  1326 V EnjoyosService_enjoyos: oneKeyClean():com.hzay.market
05-05 13:04:46.656053   979   989 V EnjoyosService_enjoyos: oneKeyClean():com.cootek.smartinputv5.language.portuguesebr
05-05 13:04:46.656502   979  1897 V EnjoyosService_enjoyos: oneKeyClean():com.cootek.smartinputv5.language.portuguesept
05-05 13:04:46.656926   979  1900 V EnjoyosService_enjoyos: oneKeyClean():com.cootek.smartinputv5.language.arabic
05-05 13:04:46.657347   979  1893 V EnjoyosService_enjoyos: oneKeyClean():com.cootek.smartinputv5.language.french
05-05 13:04:46.657769   979  1450 V EnjoyosService_enjoyos: oneKeyClean():com.cootek.smartinputv5.language.amharic
05-05 13:04:46.658173   979  1325 V EnjoyosService_enjoyos: oneKeyClean():com.cootek.smartinputv5.skin.defaultwhite
05-05 13:04:46.658590   979  1896 V EnjoyosService_enjoyos: oneKeyClean():com.cootek.smartinputv5.language.bengali
05-05 13:04:46.658998   979  1890 V EnjoyosService_enjoyos: oneKeyClean():com.afmobi.carlcare
05-05 13:04:46.659428   979  1089 V EnjoyosService_enjoyos: oneKeyClean():com.cootek.smartinputv5.language.hindilatin
05-05 13:04:46.659909   979  1888 V EnjoyosService_enjoyos: oneKeyClean():org.getlantern.lantern
05-05 13:04:46.660344   979  1892 V EnjoyosService_enjoyos: oneKeyClean():com.tencent.qqpim
05-05 13:04:46.660768   979   990 V EnjoyosService_enjoyos: oneKeyClean():com.tencent.android.qqdownloader
05-05 13:04:46.661095  1573  4140 D ActivityThread: BDC-Calling finishReceiver: IIntentReceiver=4ffed37
05-05 13:04:46.673162   979  6496 V NativeProcKill_enjoyos: killUidProc(-)
05-05 13:04:46.673630   979  6496 I ActivityManager: Force stopping com.cootek.smartinputv5.language.vietnam appid=10112 user=0: from pid 979
05-05 13:04:46.675483   979  6496 V ActivityManager: Broadcast: Intent { act=android.intent.action.PACKAGE_RESTARTED dat=package:com.cootek.smartinputv5.language.vietnam flg=0x10 (has extras) } ordered=false userid=0 callerApp=null
05-05 13:04:46.677046   979  6496 D EnjoyosServerFacade_enjoyos: userId = 0disabledProc: packageName = com.cootek.smartinputv5.language.vietnam
05-05 13:04:46.679179   979  6496 V NativeProcKill_enjoyos: killUidProc(),uid:10103
05-05 13:04:46.679254   979  6496 V NativeProcKill_enjoyos: killUidProc(10),pkgName:com.opera.mini.native
05-05 13:04:46.679284   979  6496 V NativeProcKill_enjoyos: killUidProc(20)
05-05 13:04:46.679452   979  6496 V NativeProcKill_enjoyos: killUidProc(-)
05-05 13:04:46.680565  1573  1573 D ActivityThread: BDC-Calling finishReceiver: IIntentReceiver=ff5f23c
05-05 13:04:46.681193   979  6496 I ActivityManager: Force stopping com.opera.mini.native appid=10103 user=0: from pid 979
05-05 13:04:46.683444   979  6496 V ActivityManager: Broadcast: Intent { act=android.intent.action.PACKAGE_RESTARTED dat=package:com.opera.mini.native flg=0x10 (has extras) } ordered=false userid=0 callerApp=null
05-05 13:04:46.684971   979  6496 D EnjoyosServerFacade_enjoyos: userId = 0disabledProc: packageName = com.opera.mini.native
05-05 13:04:46.685123   979   979 D AlarmManager: UninstallReceiver  action = android.intent.action.PACKAGE_RESTARTED
05-05 13:04:46.685538   979   979 I NotificationService: action=android.intent.action.PACKAGE_RESTARTED queryReplace=false
05-05 13:04:46.694161  1494  1494 D ActivityThread: BDC-Calling finishReceiver: IIntentReceiver=bac77ee
05-05 13:04:46.696180   979   994 D VoiceInteractionManagerService: onHandleForceStop uid=10112 doit=true
05-05 13:04:46.696350   979   994 D VoiceInteractionManagerService: getCurInteractor curInteractor=com.google.android.googlequicksearchbox/com.google.android.voiceinteraction.GsaVoiceInteractionService user=0
05-05 13:04:46.696467   979   994 D VoiceInteractionManagerService: getCurRecognizer curRecognizer=com.google.android.googlequicksearchbox/com.google.android.voicesearch.serviceapi.GoogleRecognitionService user=0
05-05 13:04:46.697252   979   979 D AlarmManager: UninstallReceiver  action = android.intent.action.PACKAGE_RESTARTED
05-05 13:04:46.697524   979   994 D VoiceInteractionManagerService: onHandleForceStop uid=10103 doit=true
05-05 13:04:46.697641   979   979 I NotificationService: action=android.intent.action.PACKAGE_RESTARTED queryReplace=false
05-05 13:04:46.697675   979   994 D VoiceInteractionManagerService: getCurInteractor curInteractor=com.google.android.googlequicksearchbox/com.google.android.voiceinteraction.GsaVoiceInteractionService user=0
05-05 13:04:46.697822   979   994 D VoiceInteractionManagerService: getCurRecognizer curRecognizer=com.google.android.googlequicksearchbox/com.google.android.voicesearch.serviceapi.GoogleRecognitionService user=0
05-05 13:04:46.699327   979  6496 V NativeProcKill_enjoyos: killUidProc(),uid:10111
05-05 13:04:46.699386   979  6496 V NativeProcKill_enjoyos: killUidProc(10),pkgName:com.cootek.smartinputv5.language.urdu
05-05 13:04:46.699414   979  6496 V NativeProcKill_enjoyos: killUidProc(20)
05-05 13:04:46.699581   979  6496 V NativeProcKill_enjoyos: killUidProc(-)
05-05 13:04:46.701557   979  6496 I ActivityManager: Force stopping com.cootek.smartinputv5.language.urdu appid=10111 user=0: from pid 979
05-05 13:04:46.702745 15239 15239 D ActivityThread: BDC-Calling finishReceiver: IIntentReceiver=1474f4c
05-05 13:04:46.704554   979  6496 V ActivityManager: Broadcast: Intent { act=android.intent.action.PACKAGE_RESTARTED dat=package:com.cootek.smartinputv5.language.urdu flg=0x10 (has extras) } ordered=false userid=0 callerApp=null
05-05 13:04:46.706049   979  6496 D EnjoyosServerFacade_enjoyos: userId = 0disabledProc: packageName = com.cootek.smartinputv5.language.urdu
05-05 13:04:46.711322   979  6496 V NativeProcKill_enjoyos: killUidProc(),uid:10099
05-05 13:04:46.711394   979  6496 V NativeProcKill_enjoyos: killUidProc(10),pkgName:com.cootek.smartinputv5.language.hausa
05-05 13:04:46.711425   979  6496 V NativeProcKill_enjoyos: killUidProc(20)
05-05 13:04:46.711592   979  6496 V NativeProcKill_enjoyos: killUidProc(-)
05-05 13:04:46.713723 15503 15503 D ActivityThread: BDC-Calling finishReceiver: IIntentReceiver=b407f46
05-05 13:04:46.715970   979  6496 I ActivityManager: Force stopping com.cootek.smartinputv5.language.hausa appid=10099 user=0: from pid 979
05-05 13:04:46.718155   979  6496 V ActivityManager: Broadcast: Intent { act=android.intent.action.PACKAGE_RESTARTED dat=package:com.cootek.smartinputv5.language.hausa flg=0x10 (has extras) } ordered=false userid=0 callerApp=null
05-05 13:04:46.719599   979  6496 D EnjoyosServerFacade_enjoyos: userId = 0disabledProc: packageName = com.cootek.smartinputv5.language.hausa
05-05 13:04:46.722983   979  6496 V NativeProcKill_enjoyos: killUidProc(),uid:10100
05-05 13:04:46.723052   979  6496 V NativeProcKill_enjoyos: killUidProc(10),pkgName:com.cootek.smartinputv5.language.hindi
05-05 13:04:46.723080   979  6496 V NativeProcKill_enjoyos: killUidProc(20)
05-05 13:04:46.723250   979  6496 V NativeProcKill_enjoyos: killUidProc(-)
05-05 13:04:46.723876   979  6496 I ActivityManager: Force stopping com.cootek.smartinputv5.language.hindi appid=10100 user=0: from pid 979
05-05 13:04:46.726230   979  6496 V ActivityManager: Broadcast: Intent { act=android.intent.action.PACKAGE_RESTARTED dat=package:com.cootek.smartinputv5.language.hindi flg=0x10 (has extras) } ordered=false userid=0 callerApp=null
05-05 13:04:46.727113 15503 15503 D ActivityThread: BDC-Calling finishReceiver: IIntentReceiver=761b507
05-05 13:04:46.727717   979  6496 D EnjoyosServerFacade_enjoyos: userId = 0disabledProc: packageName = com.cootek.smartinputv5.language.hindi
05-05 13:04:46.732638   979  6496 V NativeProcKill_enjoyos: killUidProc(),uid:10104
05-05 13:04:46.732713   979  6496 V NativeProcKill_enjoyos: killUidProc(10),pkgName:com.cootek.smartinputv5.language.oromo
05-05 13:04:46.732746   979  6496 V NativeProcKill_enjoyos: killUidProc(20)
05-05 13:04:46.732915   979  6496 V NativeProcKill_enjoyos: killUidProc(-)
05-05 13:04:46.733186   979   979 D AlarmManager: UninstallReceiver  action = android.intent.action.PACKAGE_RESTARTED
05-05 13:04:46.733572   979   979 I NotificationService: action=android.intent.action.PACKAGE_RESTARTED queryReplace=false
05-05 13:04:46.747793 17334 17334 D ActivityThread: BDC-Calling finishReceiver: IIntentReceiver=df4659a
05-05 13:04:46.750155   979  6496 I ActivityManager: Force stopping com.cootek.smartinputv5.language.oromo appid=10104 user=0: from pid 979
05-05 13:04:46.752318   979  6496 V ActivityManager: Broadcast: Intent { act=android.intent.action.PACKAGE_RESTARTED dat=package:com.cootek.smartinputv5.language.oromo flg=0x10 (has extras) } ordered=false userid=0 callerApp=null
05-05 13:04:46.753943   979  6496 D EnjoyosServerFacade_enjoyos: userId = 0disabledProc: packageName = com.cootek.smartinputv5.language.oromo
05-05 13:04:46.754229   979   994 D VoiceInteractionManagerService: onHandleForceStop uid=10111 doit=true
05-05 13:04:46.754357   979   994 D VoiceInteractionManagerService: getCurInteractor curInteractor=com.google.android.googlequicksearchbox/com.google.android.voiceinteraction.GsaVoiceInteractionService user=0
05-05 13:04:46.754477   979   994 D VoiceInteractionManagerService: getCurRecognizer curRecognizer=com.google.android.googlequicksearchbox/com.google.android.voicesearch.serviceapi.GoogleRecognitionService user=0
05-05 13:04:46.756309   979  6496 V NativeProcKill_enjoyos: killUidProc(),uid:10095
05-05 13:04:46.756369   979  6496 V NativeProcKill_enjoyos: killUidProc(10),pkgName:com.excelliance.dualaid.vend
05-05 13:04:46.756396   979  6496 V NativeProcKill_enjoyos: killUidProc(20)
05-05 13:04:46.756565   979  6496 V NativeProcKill_enjoyos: killUidProc(-)
05-05 13:04:46.756882   979   994 D VoiceInteractionManagerService: onHandleForceStop uid=10099 doit=true
05-05 13:04:46.757003   979   994 D VoiceInteractionManagerService: getCurInteractor curInteractor=com.google.android.googlequicksearchbox/com.google.android.voiceinteraction.GsaVoiceInteractionService user=0
05-05 13:04:46.757093   979   994 D VoiceInteractionManagerService: getCurRecognizer curRecognizer=com.google.android.googlequicksearchbox/com.google.android.voicesearch.serviceapi.GoogleRecognitionService user=0
05-05 13:04:46.757491   979   979 D AlarmManager: UninstallReceiver  action = android.intent.action.PACKAGE_RESTARTED
05-05 13:04:46.757886   979   979 I NotificationService: action=android.intent.action.PACKAGE_RESTARTED queryReplace=false
05-05 13:04:46.759560   979  6496 I ActivityManager: Force stopping com.excelliance.dualaid.vend appid=10095 user=0: from pid 979
05-05 13:04:46.760317 17334 17334 D ActivityThread: BDC-Calling finishReceiver: IIntentReceiver=7205ecb
05-05 13:04:46.761878   979  6496 V ActivityManager: Broadcast: Intent { act=android.intent.action.PACKAGE_RESTARTED dat=package:com.excelliance.dualaid.vend flg=0x10 (has extras) } ordered=false userid=0 callerApp=null
05-05 13:04:46.763838   979   994 D VoiceInteractionManagerService: onHandleForceStop uid=10100 doit=true
05-05 13:04:46.763984   979   994 D VoiceInteractionManagerService: getCurInteractor curInteractor=com.google.android.googlequicksearchbox/com.google.android.voiceinteraction.GsaVoiceInteractionService user=0
05-05 13:04:46.764083   979   994 D VoiceInteractionManagerService: getCurRecognizer curRecognizer=com.google.android.googlequicksearchbox/com.google.android.voicesearch.serviceapi.GoogleRecognitionService user=0
05-05 13:04:46.764260   979  6496 D EnjoyosServerFacade_enjoyos: userId = 0disabledProc: packageName = com.excelliance.dualaid.vend
05-05 13:04:46.764735 17334 17334 D ActivityThread: BDC-Calling finishReceiver: IIntentReceiver=1ac66a8
05-05 13:04:46.766837   979   979 D AlarmManager: UninstallReceiver  action = android.intent.action.PACKAGE_RESTARTED
05-05 13:04:46.767225   979   979 I NotificationService: action=android.intent.action.PACKAGE_RESTARTED queryReplace=false
05-05 13:04:46.769376   979  6496 V NativeProcKill_enjoyos: killUidProc(),uid:10113
05-05 13:04:46.769440   979  6496 V NativeProcKill_enjoyos: killUidProc(10),pkgName:com.cootek.smartinputv5.language.vietnamsimple
05-05 13:04:46.769469   979  6496 V NativeProcKill_enjoyos: killUidProc(20)
05-05 13:04:46.769635   979  6496 V NativeProcKill_enjoyos: killUidProc(-)
05-05 13:04:46.770895   979  6496 I ActivityManager: Force stopping com.cootek.smartinputv5.language.vietnamsimple appid=10113 user=0: from pid 979
05-05 13:04:46.771019 17480 17480 D ActivityThread: BDC-Calling finishReceiver: IIntentReceiver=f8f4f5
05-05 13:04:46.774161   979  6496 V ActivityManager: Broadcast: Intent { act=android.intent.action.PACKAGE_RESTARTED dat=package:com.cootek.smartinputv5.language.vietnamsimple flg=0x10 (has extras) } ordered=false userid=0 callerApp=null
05-05 13:04:46.775654   979  6496 D EnjoyosServerFacade_enjoyos: userId = 0disabledProc: packageName = com.cootek.smartinputv5.language.vietnamsimple
05-05 13:04:46.783626   979  6496 V NativeProcKill_enjoyos: killUidProc(),uid:10109
05-05 13:04:46.783712   979  6496 V NativeProcKill_enjoyos: killUidProc(10),pkgName:com.cootek.smartinputv5.language.swahili
05-05 13:04:46.783742   979  6496 V NativeProcKill_enjoyos: killUidProc(20)
05-05 13:04:46.783927   979  6496 V NativeProcKill_enjoyos: killUidProc(-)
05-05 13:04:46.788102  6208  6208 D ActivityThread: BDC-Calling finishReceiver: IIntentReceiver=c8b47b
05-05 13:04:46.788574   979  6496 I ActivityManager: Force stopping com.cootek.smartinputv5.language.swahili appid=10109 user=0: from pid 979
05-05 13:04:46.790708   979  6496 V ActivityManager: Broadcast: Intent { act=android.intent.action.PACKAGE_RESTARTED dat=package:com.cootek.smartinputv5.language.swahili flg=0x10 (has extras) } ordered=false userid=0 callerApp=null
05-05 13:04:46.792147   979  6496 D EnjoyosServerFacade_enjoyos: userId = 0disabledProc: packageName = com.cootek.smartinputv5.language.swahili
05-05 13:04:46.792288   979   979 D PowerManagerNotifier: mGoToSleepBroadcastDone - sendNextBroadcast
05-05 13:04:46.792529   979   979 D PowerManagerNotifier: sendNextBroadcast mBroadcastedInteractiveState = 2, mPendingInteractiveState = 2, mPendingWakeUpBroadcast = false, mPendingGoToSleepBroadcast = false
05-05 13:04:46.792560   979   979 D PowerManagerNotifier: finishPendingBroadcastLocked
05-05 13:04:46.792612   979   979 D PowerManagerService: Releasing suspend blocker "PowerManagerService.Broadcasts".
05-05 13:04:46.794540   979  6496 I ActivityManager: Killing 18770:com.hzay.market/u0a66 (adj 800): kill background
05-05 13:04:46.794986   979  6496 D ActivityManager: handleAppDiedLocked: app = ProcessRecord{1549a4b 18770:com.hzay.market/u0a66}, app.pid = 18770
05-05 13:04:46.795048   979  6496 D ActivityManager: cleanUpApplicationRecord -- 18770
05-05 13:04:46.795417   979  6496 W ActivityManager: Scheduling restart of crashed service com.hzay.market/com.afmobi.palmplay.service.PalmplaySysService in 1000ms
05-05 13:04:46.795634   979  6496 W ActivityManager: Scheduling restart of crashed service com.hzay.market/com.afmobi.palmplay.download.DownloadService in 11000ms
05-05 13:04:46.797792   979  6496 V NativeProcKill_enjoyos: killUidProc(),uid:10066
05-05 13:04:46.797868   979  6496 V NativeProcKill_enjoyos: killUidProc(10),pkgName:com.hzay.market
05-05 13:04:46.797897   979  6496 V NativeProcKill_enjoyos: killUidProc(20)
05-05 13:04:46.798065   979  6496 V NativeProcKill_enjoyos: killUidProc(-)
05-05 13:04:46.802018   979  6496 V NativeProcKill_enjoyos: killUidProc(),uid:10106
05-05 13:04:46.802101   979  6496 V NativeProcKill_enjoyos: killUidProc(10),pkgName:com.cootek.smartinputv5.language.portuguesebr
05-05 13:04:46.802133   979  6496 V NativeProcKill_enjoyos: killUidProc(20)
05-05 13:04:46.802313   979  6496 V NativeProcKill_enjoyos: killUidProc(-)
05-05 13:04:46.804348   979  6496 I ActivityManager: Force stopping com.cootek.smartinputv5.language.portuguesebr appid=10106 user=0: from pid 979
05-05 13:04:46.806652   979  6496 V ActivityManager: Broadcast: Intent { act=android.intent.action.PACKAGE_RESTARTED dat=package:com.cootek.smartinputv5.language.portuguesebr flg=0x10 (has extras) } ordered=false userid=0 callerApp=null
05-05 13:04:46.808240   979  6496 D EnjoyosServerFacade_enjoyos: userId = 0disabledProc: packageName = com.cootek.smartinputv5.language.portuguesebr
05-05 13:04:46.808483   979   979 D AlarmManager: UninstallReceiver  action = android.intent.action.PACKAGE_RESTARTED
05-05 13:04:46.808863   979   979 I NotificationService: action=android.intent.action.PACKAGE_RESTARTED queryReplace=false
05-05 13:04:46.829770   979  6496 V NativeProcKill_enjoyos: killUidProc(),uid:10107
05-05 13:04:46.829846   979  6496 V NativeProcKill_enjoyos: killUidProc(10),pkgName:com.cootek.smartinputv5.language.portuguesept
05-05 13:04:46.829875   979  6496 V NativeProcKill_enjoyos: killUidProc(20)
05-05 13:04:46.829954   979   994 D VoiceInteractionManagerService: onHandleForceStop uid=10104 doit=true
05-05 13:04:46.830063   979  6496 V NativeProcKill_enjoyos: killUidProc(-)
05-05 13:04:46.830082   979   994 D VoiceInteractionManagerService: getCurInteractor curInteractor=com.google.android.googlequicksearchbox/com.google.android.voiceinteraction.GsaVoiceInteractionService user=0
05-05 13:04:46.830185   979   994 D VoiceInteractionManagerService: getCurRecognizer curRecognizer=com.google.android.googlequicksearchbox/com.google.android.voicesearch.serviceapi.GoogleRecognitionService user=0
05-05 13:04:46.830408   979  6496 I ActivityManager: Force stopping com.cootek.smartinputv5.language.portuguesept appid=10107 user=0: from pid 979
05-05 13:04:46.832696   979  6496 V ActivityManager: Broadcast: Intent { act=android.intent.action.PACKAGE_RESTARTED dat=package:com.cootek.smartinputv5.language.portuguesept flg=0x10 (has extras) } ordered=false userid=0 callerApp=null
05-05 13:04:46.834180   979  6496 D EnjoyosServerFacade_enjoyos: userId = 0disabledProc: packageName = com.cootek.smartinputv5.language.portuguesept
05-05 13:04:46.836213   979   994 D VoiceInteractionManagerService: onHandleForceStop uid=10095 doit=true
05-05 13:04:46.836355   979   994 D VoiceInteractionManagerService: getCurInteractor curInteractor=com.google.android.googlequicksearchbox/com.google.android.voiceinteraction.GsaVoiceInteractionService user=0
05-05 13:04:46.836443   979   979 D AlarmManager: UninstallReceiver  action = android.intent.action.PACKAGE_RESTARTED
05-05 13:04:46.836509   979   994 D VoiceInteractionManagerService: getCurRecognizer curRecognizer=com.google.android.googlequicksearchbox/com.google.android.voicesearch.serviceapi.GoogleRecognitionService user=0
05-05 13:04:46.836787   979   979 I NotificationService: action=android.intent.action.PACKAGE_RESTARTED queryReplace=false
05-05 13:04:46.837987   979  6496 V NativeProcKill_enjoyos: killUidProc(),uid:10091
05-05 13:04:46.838048   979  6496 V NativeProcKill_enjoyos: killUidProc(10),pkgName:com.cootek.smartinputv5.language.arabic
05-05 13:04:46.838073   979  6496 V NativeProcKill_enjoyos: killUidProc(20)
05-05 13:04:46.838238   979  6496 V NativeProcKill_enjoyos: killUidProc(-)
05-05 13:04:46.838952   979  6496 I ActivityManager: Force stopping com.cootek.smartinputv5.language.arabic appid=10091 user=0: from pid 979
05-05 13:04:46.841085   979  6496 V ActivityManager: Broadcast: Intent { act=android.intent.action.PACKAGE_RESTARTED dat=package:com.cootek.smartinputv5.language.arabic flg=0x10 (has extras) } ordered=false userid=0 callerApp=null
05-05 13:04:46.842602   979  6496 D EnjoyosServerFacade_enjoyos: userId = 0disabledProc: packageName = com.cootek.smartinputv5.language.arabic
05-05 13:04:46.842882   979   979 D AlarmManager: UninstallReceiver  action = android.intent.action.PACKAGE_RESTARTED
05-05 13:04:46.842906   979   994 D VoiceInteractionManagerService: onHandleForceStop uid=10113 doit=true
05-05 13:04:46.843017   979   994 D VoiceInteractionManagerService: getCurInteractor curInteractor=com.google.android.googlequicksearchbox/com.google.android.voiceinteraction.GsaVoiceInteractionService user=0
05-05 13:04:46.843113   979   994 D VoiceInteractionManagerService: getCurRecognizer curRecognizer=com.google.android.googlequicksearchbox/com.google.android.voicesearch.serviceapi.GoogleRecognitionService user=0
05-05 13:04:46.843244   979   979 I NotificationService: action=android.intent.action.PACKAGE_RESTARTED queryReplace=false
05-05 13:04:46.844911   979  6496 V NativeProcKill_enjoyos: killUidProc(),uid:10098
05-05 13:04:46.844969   979  6496 V NativeProcKill_enjoyos: killUidProc(10),pkgName:com.cootek.smartinputv5.language.french
05-05 13:04:46.844995   979  6496 V NativeProcKill_enjoyos: killUidProc(20)
05-05 13:04:46.845155   979  6496 V NativeProcKill_enjoyos: killUidProc(-)
05-05 13:04:46.846921   979  6496 I ActivityManager: Force stopping com.cootek.smartinputv5.language.french appid=10098 user=0: from pid 979
05-05 13:04:46.848962   979  6496 V ActivityManager: Broadcast: Intent { act=android.intent.action.PACKAGE_RESTARTED dat=package:com.cootek.smartinputv5.language.french flg=0x10 (has extras) } ordered=false userid=0 callerApp=null
05-05 13:04:46.850383   979  6496 D EnjoyosServerFacade_enjoyos: userId = 0disabledProc: packageName = com.cootek.smartinputv5.language.french
05-05 13:04:46.850424   979   994 D VoiceInteractionManagerService: onHandleForceStop uid=10109 doit=true
05-05 13:04:46.850543   979   994 D VoiceInteractionManagerService: getCurInteractor curInteractor=com.google.android.googlequicksearchbox/com.google.android.voiceinteraction.GsaVoiceInteractionService user=0
05-05 13:04:46.850645   979   994 D VoiceInteractionManagerService: getCurRecognizer curRecognizer=com.google.android.googlequicksearchbox/com.google.android.voicesearch.serviceapi.GoogleRecognitionService user=0
05-05 13:04:46.851075   979   979 D AlarmManager: UninstallReceiver  action = android.intent.action.PACKAGE_RESTARTED
05-05 13:04:46.851446   979   979 I NotificationService: action=android.intent.action.PACKAGE_RESTARTED queryReplace=false
05-05 13:04:46.852812   979  6496 V NativeProcKill_enjoyos: killUidProc(),uid:10090
05-05 13:04:46.852882   979  6496 V NativeProcKill_enjoyos: killUidProc(10),pkgName:com.cootek.smartinputv5.language.amharic
05-05 13:04:46.852909   979  6496 V NativeProcKill_enjoyos: killUidProc(20)
05-05 13:04:46.853080   979  6496 V NativeProcKill_enjoyos: killUidProc(-)
05-05 13:04:46.853587   979   994 D VoiceInteractionManagerService: onHandleForceStop uid=10106 doit=true
05-05 13:04:46.853705   979   994 D VoiceInteractionManagerService: getCurInteractor curInteractor=com.google.android.googlequicksearchbox/com.google.android.voiceinteraction.GsaVoiceInteractionService user=0
05-05 13:04:46.853811   979   994 D VoiceInteractionManagerService: getCurRecognizer curRecognizer=com.google.android.googlequicksearchbox/com.google.android.voicesearch.serviceapi.GoogleRecognitionService user=0
05-05 13:04:46.853933   979  6496 I ActivityManager: Force stopping com.cootek.smartinputv5.language.amharic appid=10090 user=0: from pid 979
05-05 13:04:46.854590   979  1896 D DisplayManagerService: Display listener for pid 18770 died.
05-05 13:04:46.856270   979  6496 V ActivityManager: Broadcast: Intent { act=android.intent.action.PACKAGE_RESTARTED dat=package:com.cootek.smartinputv5.language.amharic flg=0x10 (has extras) } ordered=false userid=0 callerApp=null
05-05 13:04:46.857920   979  6496 D EnjoyosServerFacade_enjoyos: userId = 0disabledProc: packageName = com.cootek.smartinputv5.language.amharic
05-05 13:04:46.858045   979   979 D AlarmManager: UninstallReceiver  action = android.intent.action.PACKAGE_RESTARTED
05-05 13:04:46.858515   979   979 I NotificationService: action=android.intent.action.PACKAGE_RESTARTED queryReplace=false
05-05 13:04:46.861562   979  6496 V NativeProcKill_enjoyos: killUidProc(),uid:10108
05-05 13:04:46.861623   979  6496 V NativeProcKill_enjoyos: killUidProc(10),pkgName:com.cootek.smartinputv5.skin.defaultwhite
05-05 13:04:46.861651   979  6496 V NativeProcKill_enjoyos: killUidProc(20)
05-05 13:04:46.861819   979  6496 V NativeProcKill_enjoyos: killUidProc(-)
05-05 13:04:46.862467   979  6496 I ActivityManager: Force stopping com.cootek.smartinputv5.skin.defaultwhite appid=10108 user=0: from pid 979
05-05 13:04:46.864627   979  6496 V ActivityManager: Broadcast: Intent { act=android.intent.action.PACKAGE_RESTARTED dat=package:com.cootek.smartinputv5.skin.defaultwhite flg=0x10 (has extras) } ordered=false userid=0 callerApp=null
05-05 13:04:46.866154   979  6496 D EnjoyosServerFacade_enjoyos: userId = 0disabledProc: packageName = com.cootek.smartinputv5.skin.defaultwhite
05-05 13:04:46.868108   979  6496 V NativeProcKill_enjoyos: killUidProc(),uid:10092
05-05 13:04:46.868172   979  6496 V NativeProcKill_enjoyos: killUidProc(10),pkgName:com.cootek.smartinputv5.language.bengali
05-05 13:04:46.868200   979  6496 V NativeProcKill_enjoyos: killUidProc(20)
05-05 13:04:46.868362   979  6496 V NativeProcKill_enjoyos: killUidProc(-)
05-05 13:04:46.869688   979  6496 I ActivityManager: Force stopping com.cootek.smartinputv5.language.bengali appid=10092 user=0: from pid 979
05-05 13:04:46.871772   979  6496 V ActivityManager: Broadcast: Intent { act=android.intent.action.PACKAGE_RESTARTED dat=package:com.cootek.smartinputv5.language.bengali flg=0x10 (has extras) } ordered=false userid=0 callerApp=null
05-05 13:04:46.873331   979  6496 D EnjoyosServerFacade_enjoyos: userId = 0disabledProc: packageName = com.cootek.smartinputv5.language.bengali
05-05 13:04:46.875472   979   979 D AlarmManager: UninstallReceiver  action = android.intent.action.PACKAGE_RESTARTED
05-05 13:04:46.875849   979   979 I NotificationService: action=android.intent.action.PACKAGE_RESTARTED queryReplace=false
05-05 13:04:46.899160   979  6496 V NativeProcKill_enjoyos: killUidProc(),uid:10094
05-05 13:04:46.899232   979  6496 V NativeProcKill_enjoyos: killUidProc(10),pkgName:com.afmobi.carlcare
05-05 13:04:46.899258   979  6496 V NativeProcKill_enjoyos: killUidProc(20)
05-05 13:04:46.899439   979  6496 V NativeProcKill_enjoyos: killUidProc(-)
05-05 13:04:46.899924   979   994 D VoiceInteractionManagerService: onHandleForceStop uid=10107 doit=true
05-05 13:04:46.900052   979   994 D VoiceInteractionManagerService: getCurInteractor curInteractor=com.google.android.googlequicksearchbox/com.google.android.voiceinteraction.GsaVoiceInteractionService user=0
05-05 13:04:46.900154   979   994 D VoiceInteractionManagerService: getCurRecognizer curRecognizer=com.google.android.googlequicksearchbox/com.google.android.voicesearch.serviceapi.GoogleRecognitionService user=0
05-05 13:04:46.901841   979  6496 V NativeProcKill_enjoyos: killUidProc(),uid:10101
05-05 13:04:46.901899   979  6496 V NativeProcKill_enjoyos: killUidProc(10),pkgName:com.cootek.smartinputv5.language.hindilatin
05-05 13:04:46.901926   979  6496 V NativeProcKill_enjoyos: killUidProc(20)
05-05 13:04:46.902089   979  6496 V NativeProcKill_enjoyos: killUidProc(-)
05-05 13:04:46.902649   979  6496 I ActivityManager: Force stopping com.cootek.smartinputv5.language.hindilatin appid=10101 user=0: from pid 979
05-05 13:04:46.902835   979   979 D AlarmManager: UninstallReceiver  action = android.intent.action.PACKAGE_RESTARTED
05-05 13:04:46.903216   979   979 I NotificationService: action=android.intent.action.PACKAGE_RESTARTED queryReplace=false
05-05 13:04:46.904865   979  6496 V ActivityManager: Broadcast: Intent { act=android.intent.action.PACKAGE_RESTARTED dat=package:com.cootek.smartinputv5.language.hindilatin flg=0x10 (has extras) } ordered=false userid=0 callerApp=null
05-05 13:04:46.906353   979  6496 D EnjoyosServerFacade_enjoyos: userId = 0disabledProc: packageName = com.cootek.smartinputv5.language.hindilatin
05-05 13:04:46.908528   979  6496 V NativeProcKill_enjoyos: killUidProc(),uid:10068
05-05 13:04:46.908593   979  6496 V NativeProcKill_enjoyos: killUidProc(10),pkgName:org.getlantern.lantern
05-05 13:04:46.908619   979  6496 V NativeProcKill_enjoyos: killUidProc(20)
05-05 13:04:46.908781   979  6496 V NativeProcKill_enjoyos: killUidProc(-)
05-05 13:04:46.910310   979   994 D VoiceInteractionManagerService: onHandleForceStop uid=10091 doit=true
05-05 13:04:46.910430   979   994 D VoiceInteractionManagerService: getCurInteractor curInteractor=com.google.android.googlequicksearchbox/com.google.android.voiceinteraction.GsaVoiceInteractionService user=0
05-05 13:04:46.910506   979  6496 I ActivityManager: Force stopping org.getlantern.lantern appid=10068 user=0: from pid 979
05-05 13:04:46.910570   979   994 D VoiceInteractionManagerService: getCurRecognizer curRecognizer=com.google.android.googlequicksearchbox/com.google.android.voicesearch.serviceapi.GoogleRecognitionService user=0
05-05 13:04:46.910613   979   979 D AlarmManager: UninstallReceiver  action = android.intent.action.PACKAGE_RESTARTED
05-05 13:04:46.910950   979   979 I NotificationService: action=android.intent.action.PACKAGE_RESTARTED queryReplace=false
05-05 13:04:46.912747   979  6496 V ActivityManager: Broadcast: Intent { act=android.intent.action.PACKAGE_RESTARTED dat=package:org.getlantern.lantern flg=0x10 (has extras) } ordered=false userid=0 callerApp=null
05-05 13:04:46.914275   979  6496 D EnjoyosServerFacade_enjoyos: userId = 0disabledProc: packageName = org.getlantern.lantern
05-05 13:04:46.916372   979  6496 V NativeProcKill_enjoyos: killUidProc(),uid:10119
05-05 13:04:46.916451   979  6496 V NativeProcKill_enjoyos: killUidProc(10),pkgName:com.tencent.qqpim
05-05 13:04:46.916481   979  6496 V NativeProcKill_enjoyos: killUidProc(20)
05-05 13:04:46.916649   979  6496 V NativeProcKill_enjoyos: killUidProc(-)
05-05 13:04:46.916949   979   994 D VoiceInteractionManagerService: onHandleForceStop uid=10098 doit=true
05-05 13:04:46.917077   979   994 D VoiceInteractionManagerService: getCurInteractor curInteractor=com.google.android.googlequicksearchbox/com.google.android.voiceinteraction.GsaVoiceInteractionService user=0
05-05 13:04:46.917178   979   994 D VoiceInteractionManagerService: getCurRecognizer curRecognizer=com.google.android.googlequicksearchbox/com.google.android.voicesearch.serviceapi.GoogleRecognitionService user=0
05-05 13:04:46.918115   979   979 D AlarmManager: UninstallReceiver  action = android.intent.action.PACKAGE_RESTARTED
05-05 13:04:46.918510   979   979 I NotificationService: action=android.intent.action.PACKAGE_RESTARTED queryReplace=false
05-05 13:04:46.918898   979  6496 I ActivityManager: Force stopping com.tencent.qqpim appid=10119 user=0: from pid 979
05-05 13:04:46.921001   979  6496 V ActivityManager: Broadcast: Intent { act=android.intent.action.PACKAGE_RESTARTED dat=package:com.tencent.qqpim flg=0x10 (has extras) } ordered=false userid=0 callerApp=null
05-05 13:04:46.923064   979  6496 D EnjoyosServerFacade_enjoyos: userId = 0disabledProc: packageName = com.tencent.qqpim
05-05 13:04:46.923273   979   994 D VoiceInteractionManagerService: onHandleForceStop uid=10090 doit=true
05-05 13:04:46.923446   979   994 D VoiceInteractionManagerService: getCurInteractor curInteractor=com.google.android.googlequicksearchbox/com.google.android.voiceinteraction.GsaVoiceInteractionService user=0
05-05 13:04:46.923586   979   994 D VoiceInteractionManagerService: getCurRecognizer curRecognizer=com.google.android.googlequicksearchbox/com.google.android.voicesearch.serviceapi.GoogleRecognitionService user=0
05-05 13:04:46.925386   979  6496 V NativeProcKill_enjoyos: killUidProc(),uid:10121
05-05 13:04:46.925446   979  6496 V NativeProcKill_enjoyos: killUidProc(10),pkgName:com.tencent.android.qqdownloader
05-05 13:04:46.925476   979  6496 V NativeProcKill_enjoyos: killUidProc(20)
05-05 13:04:46.925633   979  6496 V NativeProcKill_enjoyos: killUidProc(-)
05-05 13:04:46.927484   979   979 D AlarmManager: UninstallReceiver  action = android.intent.action.PACKAGE_RESTARTED
05-05 13:04:46.927508   979  6496 I ActivityManager: Force stopping com.tencent.android.qqdownloader appid=10121 user=0: from pid 979
05-05 13:04:46.927862   979   979 I NotificationService: action=android.intent.action.PACKAGE_RESTARTED queryReplace=false
05-05 13:04:46.929657   979  6496 V ActivityManager: Broadcast: Intent { act=android.intent.action.PACKAGE_RESTARTED dat=package:com.tencent.android.qqdownloader flg=0x10 (has extras) } ordered=false userid=0 callerApp=null
05-05 13:04:46.931176   979   994 D VoiceInteractionManagerService: onHandleForceStop uid=10108 doit=true
05-05 13:04:46.931321   979   994 D VoiceInteractionManagerService: getCurInteractor curInteractor=com.google.android.googlequicksearchbox/com.google.android.voiceinteraction.GsaVoiceInteractionService user=0
05-05 13:04:46.931407   979  6496 D EnjoyosServerFacade_enjoyos: userId = 0disabledProc: packageName = com.tencent.android.qqdownloader
05-05 13:04:46.931484   979   994 D VoiceInteractionManagerService: getCurRecognizer curRecognizer=com.google.android.googlequicksearchbox/com.google.android.voicesearch.serviceapi.GoogleRecognitionService user=0
05-05 13:04:46.933973   979   994 D VoiceInteractionManagerService: onHandleForceStop uid=10092 doit=true
05-05 13:04:46.933967   979   979 D AlarmManager: UninstallReceiver  action = android.intent.action.PACKAGE_RESTARTED
05-05 13:04:46.934112   979   994 D VoiceInteractionManagerService: getCurInteractor curInteractor=com.google.android.googlequicksearchbox/com.google.android.voiceinteraction.GsaVoiceInteractionService user=0
05-05 13:04:46.934223   979   994 D VoiceInteractionManagerService: getCurRecognizer curRecognizer=com.google.android.googlequicksearchbox/com.google.android.voicesearch.serviceapi.GoogleRecognitionService user=0
05-05 13:04:46.934353   979   979 I NotificationService: action=android.intent.action.PACKAGE_RESTARTED queryReplace=false
05-05 13:04:46.937847   979   979 D AlarmManager: UninstallReceiver  action = android.intent.action.PACKAGE_RESTARTED
05-05 13:04:46.938202   979   979 I NotificationService: action=android.intent.action.PACKAGE_RESTARTED queryReplace=false
05-05 13:04:46.952986   979   994 D VoiceInteractionManagerService: onHandleForceStop uid=10101 doit=true
