----- timezone:GMT
05-05 11:02:38.303547   979  1829 I am_low_memory: 30
05-05 11:02:38.946033 13126 13138 I force_gc: Binder
05-05 11:02:39.188835   979  1758 I am_proc_start: [0,14085,10069,com.google.android.apps.photos:CameraShortcut,service,com.google.android.apps.photos/.camerashortcut.CameraShortcutServiceImpl]
05-05 11:02:39.209934   979  1483 I am_proc_bound: [0,14085,com.google.android.apps.photos:CameraShortcut]
05-05 11:02:39.309201   979   979 I notification_cancel: [10069,14046,com.google.android.apps.photos,10436,NULL,0,0,1088,8,NULL]
05-05 11:02:39.310680   979   993 I sync    : [com.android.contacts,0,1,-1130513226]
05-05 11:02:39.488973   979   994 I am_proc_start: [0,14101,10118,com.viber.voip,service,com.viber.voip/com.viber.service.VoipConnectorService]
05-05 11:02:39.515349   979   993 I am_proc_start: [0,14113,10053,com.google.process.gapps,service,com.google.android.syncadapters.contacts/.ContactsSyncAdapterService]
05-05 11:02:39.560738   979  1812 I am_proc_bound: [0,14101,com.viber.voip]
05-05 11:02:39.582578   979  1808 I am_proc_bound: [0,14113,com.google.process.gapps]
05-05 11:02:39.670000 14102 14102 I auditd  : type=1400 audit(0.0:12148): avc: denied { read } for comm="pool-1-thread-2" name="address" dev="sysfs" ino=13617 scontext=u:r:untrusted_app:s0:c512,c768 tcontext=u:object_r:sysfs:s0 tclass=file permissive=0
05-05 11:02:39.710000 14102 14102 I auditd  : type=1400 audit(0.0:12149): avc: denied { read } for comm="pool-1-thread-2" name="type" dev="sysfs" ino=9944 scontext=u:r:untrusted_app:s0:c512,c768 tcontext=u:object_r:sysfs:s0 tclass=file permissive=0
05-05 11:02:39.710000 14102 14102 I auditd  : type=1400 audit(0.0:12150): avc: denied { read } for comm="pool-1-thread-2" name="name" dev="sysfs" ino=9936 scontext=u:r:untrusted_app:s0:c512,c768 tcontext=u:object_r:sysfs:s0 tclass=file permissive=0
05-05 11:02:39.710000 14102 14102 I auditd  : type=1400 audit(0.0:12151): avc: denied { read } for comm="pool-1-thread-2" name="cid" dev="sysfs" ino=9927 scontext=u:r:untrusted_app:s0:c512,c768 tcontext=u:object_r:sysfs:s0 tclass=file permissive=0
05-05 11:02:39.734605 13111 13726 I [70220] : [6,1498,61,872]
05-05 11:02:39.916241 21803 32370 I force_gc: Binder
05-05 11:02:39.990199   979  1812 I am_proc_died: [0,14046,com.google.android.apps.photos]
05-05 11:02:40.305746 13126 13138 I force_gc: Binder
05-05 11:02:40.429946   979  1352 I am_proc_died: [0,13305,android.process.media]
05-05 11:02:40.439985   979   979 I notification_cancel: [10069,14085,com.google.android.apps.photos,10436,NULL,0,0,1088,8,NULL]
05-05 11:02:40.505058   979   993 I am_proc_start: [0,14153,10070,com.android.printspooler,service,com.android.printspooler/.model.PrintSpoolerService]
05-05 11:02:40.527026   979  1351 I am_proc_bound: [0,14153,com.android.printspooler]
05-05 11:02:40.669207   979  1813 I am_proc_died: [0,14085,com.google.android.apps.photos:CameraShortcut]
05-05 11:02:40.671519   979  1813 I am_low_memory: 31
05-05 11:02:40.755119 13111 13726 I [70220] : [5,1493937143882,1493937143882,4,182,163,0,5,332,1,53,0,0,21,0,44,0,15,142]
05-05 11:02:40.795035 13111 13726 I [70220] : 119
05-05 11:02:40.910430 13111 13726 I [70220] : 51
05-05 11:02:41.045175 13111 13111 I [70220] : 24
05-05 11:02:41.252802   979  1808 I am_proc_start: [0,14187,10120,com.tencent.mobileqq,content provider,com.tencent.mobileqq/com.tencent.mqq.shared_file_accessor.ContentProviderImpl]
05-05 11:02:41.276039   979   989 I am_proc_bound: [0,14187,com.tencent.mobileqq]
05-05 11:02:41.419877   979   979 I notification_cancel: [1000,979,android,2,NULL,0,0,0,8,NULL]
05-05 11:02:41.625510   979  1811 I am_proc_died: [0,13174,com.tencent.mm:push]
05-05 11:02:41.625876   979  1811 I am_schedule_service_restart: [0,com.tencent.mm/.booter.CoreService,1000]
05-05 11:02:41.627322   979  1811 I am_low_memory: 31
05-05 11:02:41.809263   979  1812 I am_proc_died: [0,13592,com.whatsapp]
05-05 11:02:41.809725   979  1812 I am_schedule_service_restart: [0,com.whatsapp/.ExternalMediaManager,10817]
05-05 11:02:41.811853   979  1812 I am_low_memory: 30
05-05 11:02:41.820000 14216 14216 I auditd  : type=1400 audit(0.0:12152): avc: denied { search } for comm="sh" name="bin" dev="mmcblk0p20" ino=608401 scontext=u:r:untrusted_app:s0:c512,c768 tcontext=u:object_r:adbd_data_file:s0 tclass=dir permissive=0
05-05 11:02:41.820000 14102 14102 I auditd  : type=1400 audit(0.0:12153): avc: denied { read } for comm="pool-1-thread-2" name="address" dev="sysfs" ino=13617 scontext=u:r:untrusted_app:s0:c512,c768 tcontext=u:object_r:sysfs:s0 tclass=file permissive=0
05-05 11:02:41.844213 14113 14182 I sync_details: [Sync,0,0,]
05-05 11:02:41.876736   979   993 I sync    : [com.android.contacts,1,1,-1130513226]
05-05 11:02:41.877308   979   979 I notification_cancel: [1000,979,android,-958380898,NULL,0,0,0,8,NULL]
05-05 11:02:41.940000 14220 14220 I auditd  : type=1400 audit(0.0:12154): avc: denied { search } for comm="sh" name="bin" dev="mmcblk0p20" ino=608401 scontext=u:r:untrusted_app:s0:c512,c768 tcontext=u:object_r:adbd_data_file:s0 tclass=dir permissive=0
05-05 11:02:42.340000 14238 14238 I auditd  : type=1400 audit(0.0:12155): avc: denied { search } for comm="nt.mobileqq:MSF" name="bin" dev="mmcblk0p20" ino=608401 scontext=u:r:untrusted_app:s0:c512,c768 tcontext=u:object_r:adbd_data_file:s0 tclass=dir permissive=0
05-05 11:02:42.550357   979  1229 I am_proc_died: [0,14113,com.google.process.gapps]
05-05 11:02:42.646079   979   994 I am_proc_start: [0,14246,10117,com.tencent.mm:push,service,com.tencent.mm/.booter.CoreService]
05-05 11:02:42.669261   979  1811 I am_proc_bound: [0,14246,com.tencent.mm:push]
05-05 11:02:42.773735   979  1811 I am_proc_died: [0,13903,com.google.android.gms.unstable]
05-05 11:02:42.775590   979  1811 I am_low_memory: 29
05-05 11:02:43.111043   979   989 I am_proc_died: [0,14101,com.viber.voip]
05-05 11:02:43.111450   979   989 I am_schedule_service_restart: [0,com.viber.voip/com.viber.service.VoipConnectorService,1000]
05-05 11:02:43.111618   979   989 I am_schedule_service_restart: [0,com.viber.voip/com.viber.service.contacts.authentication.AccountAuthenticatorService,11000]
05-05 11:02:43.113577   979   989 I am_low_memory: 28
05-05 11:02:43.999156   979  1758 I am_proc_died: [0,14187,com.tencent.mobileqq]
05-05 11:02:44.020039   979  1758 I am_proc_start: [0,14276,10120,com.tencent.mobileqq,restart,com.tencent.mobileqq]
05-05 11:02:44.022174   979  1758 I am_low_memory: 28
05-05 11:02:44.047524   979  1829 I am_proc_bound: [0,14276,com.tencent.mobileqq]
05-05 11:02:44.066352   979   979 I notification_cancel: [10028,1080,com.android.systemui,2132017197,low_battery,-1,0,1088,8,NULL]
05-05 11:02:44.133934   979   994 I am_proc_start: [0,14289,10118,com.viber.voip,service,com.viber.voip/com.viber.service.VoipConnectorService]
05-05 11:02:44.158574   979  1829 I am_proc_bound: [0,14289,com.viber.voip]
05-05 11:02:44.440000 14246 14246 I auditd  : type=1400 audit(0.0:12156): avc: denied { read } for comm="tencent.mm:push" name="anr" dev="mmcblk0p20" ino=567841 scontext=u:r:untrusted_app:s0:c512,c768 tcontext=u:object_r:anr_data_file:s0 tclass=dir permissive=0
05-05 11:02:44.600708   979  1757 I am_proc_died: [0,13111,com.google.android.gms]
05-05 11:02:44.602367   979  1757 I am_schedule_service_restart: [0,com.google.android.gms/.measurement.service.MeasurementBrokerService,1000]
05-05 11:02:44.604034   979  1757 I am_low_memory: 28
05-05 11:02:45.202112   979   989 I am_proc_died: [0,13277,com.afmobi.boomplayer]
05-05 11:02:45.202584   979   989 I am_schedule_service_restart: [0,com.afmobi.boomplayer/.service.PlayerService,1000]
05-05 11:02:45.204478   979   989 I am_low_memory: 27
05-05 11:02:45.390576   979  1229 I am_proc_died: [0,12795,com.cooyiqi.itel]
05-05 11:02:45.391054   979  1229 I am_schedule_service_restart: [0,com.cooyiqi.itel/com.iekie.lovelyfonts.fonts.upgrade.FontUManagerService,10811]
05-05 11:02:45.392742   979  1229 I am_low_memory: 26
05-05 11:02:45.573196   979   979 I notification_cancel: [10096,15406,com.facebook.katana,714499313,X.07Y,0,0,1088,8,NULL]
05-05 11:02:45.630538   979 32394 I am_proc_died: [0,12890,org.simalliance.openmobileapi.uicc1terminal]
05-05 11:02:45.630988   979 32394 I am_schedule_service_restart: [0,org.simalliance.openmobileapi.uicc1terminal/.Uicc1Terminal,20571]
05-05 11:02:45.632550   979 32394 I am_low_memory: 25
05-05 11:02:45.756717   979  1465 I am_proc_start: [0,14350,10015,com.google.android.gms,service,com.google.android.gms/.ads.identifier.service.AdvertisingIdService]
05-05 11:02:45.780443   979  1829 I am_proc_bound: [0,14350,com.google.android.gms]
05-05 11:02:46.079479   979  1757 I am_proc_died: [0,14153,com.android.printspooler]
05-05 11:02:46.080972   979  1757 I am_low_memory: 25
05-05 11:02:46.220036   979   994 I am_proc_start: [0,14365,10037,com.afmobi.boomplayer,service,com.afmobi.boomplayer/.service.PlayerService]
05-05 11:02:46.246573   979  1351 I am_proc_bound: [0,14365,com.afmobi.boomplayer]
05-05 11:02:46.408544   979  1813 I am_proc_died: [0,14276,com.tencent.mobileqq]
05-05 11:02:46.430152   979  1813 I am_proc_start: [0,14382,10120,com.tencent.mobileqq,restart,com.tencent.mobileqq]
05-05 11:02:46.432394   979  1813 I am_low_memory: 26
05-05 11:02:46.448355   979  1351 I am_proc_bound: [0,14382,com.tencent.mobileqq]
05-05 11:02:46.495223   979  1230 I force_gc: Binder
05-05 11:02:46.811974   979   979 I notification_cancel: [10015,14350,com.google.android.gms,10436,NOT_MNC,0,0,1088,8,NULL]
05-05 11:02:46.814764   979   979 I notification_cancel: [10015,14350,com.google.android.gms,39789,NOT_MNC,0,0,1088,8,NULL]
05-05 11:02:47.191334   979   990 I am_proc_died: [0,14382,com.tencent.mobileqq]
05-05 11:02:47.216215   979   990 I am_proc_start: [0,14461,10120,com.tencent.mobileqq,restart,com.tencent.mobileqq]
05-05 11:02:47.218605   979   990 I am_low_memory: 26
05-05 11:02:47.234095   979  1103 I am_proc_bound: [0,14461,com.tencent.mobileqq]
05-05 11:02:47.350796   979  1005 I power_sleep_requested: 0
05-05 11:02:47.636368   979  1757 I am_proc_start: [0,14486,10011,android.process.media,content provider,com.android.providers.media/.MediaProvider]
05-05 11:02:47.663215   979  1829 I am_proc_bound: [0,14486,android.process.media]
05-05 11:02:47.704260   979  1465 I am_proc_died: [0,14289,com.viber.voip]
05-05 11:02:47.706017   979  1465 I am_schedule_service_restart: [0,com.viber.voip/com.viber.service.VoipConnectorService,28496]
05-05 11:02:47.706236   979  1465 I am_schedule_service_restart: [0,com.viber.voip/com.viber.service.contacts.authentication.AccountAuthenticatorService,38496]
05-05 11:02:47.708405   979  1465 I am_low_memory: 26
05-05 11:02:47.929095   979 32394 I am_proc_died: [0,14246,com.tencent.mm:push]
05-05 11:02:47.929707   979 32394 I am_schedule_service_restart: [0,com.tencent.mm/.booter.CoreService,48273]
05-05 11:02:47.931131   979 32394 I am_low_memory: 25
05-05 11:02:48.122507   979   979 I device_idle: [1,no activity]
05-05 11:02:48.139103   979   979 I device_idle_light: [1,no activity]
05-05 11:02:48.530759   979   979 I power_screen_state: [0,3,0,0]
05-05 11:02:48.530806   979   979 I screen_toggled: 0
05-05 11:02:48.530884   979   979 I sysui_histogram: [screen_timeout,30]
05-05 11:02:48.531244   979   979 I power_screen_broadcast_send: 1
05-05 11:02:48.535353   979  1351 I notification_visibility: [0|com.itel.flowcontrol|1|null|1000,0,57618950,11093,0,1]
05-05 11:02:48.535464   979  1351 I notification_visibility: [0|com.mediatek.mtklogger|2130837539|null|10082,0,58363193,58363192,0,2]
05-05 11:02:48.535531   979  1351 I notification_visibility: [0|com.android.deskclock|2|null|1000,0,35267412,35267412,0,0]
05-05 11:02:48.536054   979  1485 I notification_panel_hidden: []
05-05 11:02:48.762137   979   979 I notification_cancel_all: [1000,979,com.hzay.market,0,0,0,5,NULL]
05-05 11:02:48.778399   979   979 I notification_cancel_all: [1000,979,com.cootek.smartinputv5.language.vietnam,0,0,0,5,NULL]
05-05 11:02:48.797860   979   979 I notification_cancel_all: [1000,979,com.opera.mini.native,0,0,0,5,NULL]
05-05 11:02:48.808661   979   979 I notification_cancel_all: [1000,979,com.cootek.smartinputv5.language.urdu,0,0,0,5,NULL]
05-05 11:02:48.830775   979   979 I notification_cancel_all: [1000,979,com.cootek.smartinputv5.language.hausa,0,0,0,5,NULL]
05-05 11:02:48.849762   979   979 I notification_cancel_all: [1000,979,com.cootek.smartinputv5.language.hindi,0,0,0,5,NULL]
05-05 11:02:48.853476   979   979 I notification_cancel_all: [1000,979,com.cootek.smartinputv5.language.oromo,0,0,0,5,NULL]
05-05 11:02:48.870281   979   979 I notification_cancel_all: [1000,979,com.excelliance.dualaid.vend,0,0,0,5,NULL]
05-05 11:02:48.882641   979   979 I notification_cancel_all: [1000,979,com.cootek.smartinputv5.language.vietnamsimple,0,0,0,5,NULL]
05-05 11:02:48.902848   979   979 I notification_cancel_all: [1000,979,com.cootek.smartinputv5.language.swahili,0,0,0,5,NULL]
05-05 11:02:48.918154   979   979 I notification_cancel_all: [1000,979,com.hzay.market,0,0,0,5,NULL]
05-05 11:02:48.943033   979   979 I notification_cancel_all: [1000,979,com.cootek.smartinputv5.language.portuguesebr,0,0,0,5,NULL]
05-05 11:02:48.947659   979   979 I notification_cancel_all: [1000,979,com.cootek.smartinputv5.language.portuguesept,0,0,0,5,NULL]
05-05 11:02:48.965485   979   979 I notification_cancel_all: [1000,979,com.cootek.smartinputv5.language.arabic,0,0,0,5,NULL]
05-05 11:02:48.987369   979   979 I power_screen_broadcast_done: [0,456,1]
05-05 11:02:48.998871   979   979 I notification_cancel_all: [1000,979,com.cootek.smartinputv5.language.french,0,0,0,5,NULL]
05-05 11:02:49.021163   979   979 I notification_cancel_all: [1000,979,com.cootek.smartinputv5.language.amharic,0,0,0,5,NULL]
05-05 11:02:49.027635   979   979 I notification_cancel_all: [1000,979,com.cootek.smartinputv5.skin.defaultwhite,0,0,0,5,NULL]
05-05 11:02:49.036948   979   979 I notification_cancel_all: [1000,979,com.cootek.smartinputv5.language.bengali,0,0,0,5,NULL]
05-05 11:02:49.041663   979   979 I notification_cancel_all: [1000,979,com.cootek.smartinputv5.language.hindilatin,0,0,0,5,NULL]
05-05 11:02:49.053025   979   979 I notification_cancel_all: [1000,979,org.getlantern.lantern,0,0,0,5,NULL]
05-05 11:02:49.062067   979   979 I notification_cancel_all: [1000,979,com.tencent.qqpim,0,0,0,5,NULL]
05-05 11:02:49.063703   979   979 I notification_cancel_all: [1000,979,com.tencent.android.qqdownloader,0,0,0,5,NULL]
05-05 11:02:49.231598   979  1813 I am_proc_died: [0,13876,com.tencent.mobileqq:MSF]
05-05 11:02:49.232154   979  1813 I am_schedule_service_restart: [0,com.tencent.mobileqq/.msf.service.MsfService,56970]
05-05 11:02:49.515632   979  1832 I am_proc_start: [0,14522,10120,com.tencent.mobileqq:MSF,broadcast,com.tencent.mobileqq/.msf.core.NetConnInfoCenter]
05-05 11:02:49.538917   979   989 I am_proc_bound: [0,14522,com.tencent.mobileqq:MSF]
05-05 11:02:51.278560   979   994 I am_kill : [0,14461,com.tencent.mobileqq,900,timeout publishing content providers]
05-05 11:02:51.279897   979  1808 I am_provider_lost_process: [0,com.tencent.mobileqq,10120,com.tencent.mqq.shared_file_accessor.ContentProviderImpl]
05-05 11:02:51.280607   979  1104 I am_provider_lost_process: [0,com.tencent.mobileqq,10120,com.tencent.mqq.shared_file_accessor.ContentProviderImpl]
05-05 11:02:51.281248   979 32398 I am_provider_lost_process: [0,com.tencent.mobileqq,10120,com.tencent.mqq.shared_file_accessor.ContentProviderImpl]
05-05 11:02:51.729114   979   993 I am_proc_start: [0,14535,10070,com.android.printspooler,service,com.android.printspooler/.model.PrintSpoolerService]
05-05 11:02:51.752610   979  1811 I am_proc_bound: [0,14535,com.android.printspooler]
05-05 11:02:54.177107   979   989 I am_proc_start: [0,14557,10118,com.viber.voip,broadcast,com.viber.voip/.util.SDCardBroadcastReceiver]
05-05 11:02:54.201366   979  1808 I am_proc_bound: [0,14557,com.viber.voip]
05-05 11:02:54.610000 14588 14588 I auditd  : type=1400 audit(0.0:12157): avc: denied { read } for comm="pool-1-thread-2" name="address" dev="sysfs" ino=13617 scontext=u:r:untrusted_app:s0:c512,c768 tcontext=u:object_r:sysfs:s0 tclass=file permissive=0
05-05 11:02:54.630000 14588 14588 I auditd  : type=1400 audit(0.0:12158): avc: denied { read } for comm="pool-1-thread-2" name="type" dev="sysfs" ino=9944 scontext=u:r:untrusted_app:s0:c512,c768 tcontext=u:object_r:sysfs:s0 tclass=file permissive=0
05-05 11:02:54.630000 14588 14588 I auditd  : type=1400 audit(0.0:12159): avc: denied { read } for comm="pool-1-thread-2" name="name" dev="sysfs" ino=9936 scontext=u:r:untrusted_app:s0:c512,c768 tcontext=u:object_r:sysfs:s0 tclass=file permissive=0
05-05 11:02:54.640000 14588 14588 I auditd  : type=1400 audit(0.0:12160): avc: denied { read } for comm="pool-1-thread-2" name="cid" dev="sysfs" ino=9927 scontext=u:r:untrusted_app:s0:c512,c768 tcontext=u:object_r:sysfs:s0 tclass=file permissive=0
05-05 11:02:55.390000 14616 14616 I auditd  : type=1400 audit(0.0:12161): avc: denied { search } for comm="sh" name="bin" dev="mmcblk0p20" ino=608401 scontext=u:r:untrusted_app:s0:c512,c768 tcontext=u:object_r:adbd_data_file:s0 tclass=dir permissive=0
05-05 11:02:55.460486   979  1352 I am_proc_start: [0,14619,10120,com.tencent.mobileqq,content provider,com.tencent.mobileqq/com.tencent.mqq.shared_file_accessor.ContentProviderImpl]
05-05 11:02:55.481565   979  1229 I am_proc_bound: [0,14619,com.tencent.mobileqq]
05-05 11:02:55.510000 14624 14624 I auditd  : type=1400 audit(0.0:12162): avc: denied { search } for comm="sh" name="bin" dev="mmcblk0p20" ino=608401 scontext=u:r:untrusted_app:s0:c512,c768 tcontext=u:object_r:adbd_data_file:s0 tclass=dir permissive=0
05-05 11:02:55.608245   979  1103 I am_proc_start: [0,14634,10114,com.whatsapp,broadcast,com.whatsapp/.ExternalMediaManager$ExternalMediaStateReceiver]
05-05 11:02:55.630295   979  1485 I am_proc_bound: [0,14634,com.whatsapp]
05-05 11:02:56.180964   979  1229 I am_proc_died: [0,13851,com.tencent.mm]
05-05 11:02:56.183527   979  1229 I am_low_memory: 27
05-05 11:02:56.192833   979   979 I notification_cancel: [10114,14634,com.whatsapp,2,NULL,0,0,1088,8,NULL]
05-05 11:02:56.230936   979   994 I am_proc_start: [0,14664,10060,com.cooyiqi.itel,service,com.cooyiqi.itel/com.iekie.lovelyfonts.fonts.upgrade.FontUManagerService]
05-05 11:02:56.255854   979  1104 I am_proc_bound: [0,14664,com.cooyiqi.itel]
05-05 11:02:56.270000 14588 14588 I auditd  : type=1400 audit(0.0:12163): avc: denied { read } for comm="pool-1-thread-2" name="address" dev="sysfs" ino=13617 scontext=u:r:untrusted_app:s0:c512,c768 tcontext=u:object_r:sysfs:s0 tclass=file permissive=0
05-05 11:02:56.500000 14634 14634 I auditd  : type=1400 audit(0.0:12164): avc: denied { read } for comm="com.whatsapp" name="libvlc.so" dev="mmcblk0p20" ino=340813 scontext=u:r:untrusted_app:s0:c512,c768 tcontext=u:object_r:system_data_file:s0 tclass=file permissive=0
05-05 11:02:56.540000 14634 14634 I auditd  : type=1400 audit(0.0:12165): avc: denied { read } for comm="com.whatsapp" name="libresample.so" dev="mmcblk0p20" ino=340812 scontext=u:r:untrusted_app:s0:c512,c768 tcontext=u:object_r:system_data_file:s0 tclass=file permissive=0
05-05 11:02:56.540000 14634 14634 I auditd  : type=1400 audit(0.0:12166): avc: denied { read } for comm="com.whatsapp" name="libwhatsapp.so" dev="mmcblk0p20" ino=340804 scontext=u:r:untrusted_app:s0:c512,c768 tcontext=u:object_r:system_data_file:s0 tclass=file permissive=0
05-05 11:02:56.600000 14704 14704 I auditd  : type=1400 audit(0.0:12167): avc: denied { search } for comm="nt.mobileqq:MSF" name="bin" dev="mmcblk0p20" ino=608401 scontext=u:r:untrusted_app:s0:c512,c768 tcontext=u:object_r:adbd_data_file:s0 tclass=dir permissive=0
05-05 11:02:56.720000 14634 14634 I auditd  : type=1400 audit(0.0:12168): avc: denied { read } for comm="com.whatsapp" name="libcurve25519.so" dev="mmcblk0p20" ino=340810 scontext=u:r:untrusted_app:s0:c512,c768 tcontext=u:object_r:system_data_file:s0 tclass=file permissive=0
05-05 11:02:57.050000 14752 14752 I auditd  : type=1400 audit(0.0:12169): avc: denied { search } for comm=576861747341707020576F726B6572 name="bin" dev="mmcblk0p20" ino=608401 scontext=u:r:untrusted_app:s0:c512,c768 tcontext=u:object_r:adbd_data_file:s0 tclass=dir permissive=0
05-05 11:02:57.393945   979   979 I notification_cancel: [10114,14634,com.whatsapp,7,NULL,0,0,1088,8,NULL]
05-05 11:02:57.520759   979  1758 I am_proc_start: [0,14778,10013,com.android.externalstorage,broadcast,com.android.externalstorage/.MountReceiver]
05-05 11:02:57.547835   979 32394 I am_proc_bound: [0,14778,com.android.externalstorage]
05-05 11:02:57.843372   979  1758 I am_proc_died: [0,14535,com.android.printspooler]
05-05 11:02:57.879371   979  1229 I am_proc_start: [0,14804,10117,com.tencent.mm,broadcast,com.tencent.mm/.booter.MountReceiver]
05-05 11:02:57.910191   979  1811 I am_proc_bound: [0,14804,com.tencent.mm]
05-05 11:02:58.089434   979   990 I am_proc_died: [0,14778,com.android.externalstorage]
05-05 11:02:58.091854   979   990 I am_low_memory: 28
05-05 11:02:58.239840   979   993 I am_pss  : [1451,1000,shared.itel.phonemanager,41068544,26574848,12773376]
05-05 11:02:58.336535   979   993 I am_pss  : [1201,1001,com.android.phone,27922432,19902464,5757952]
05-05 11:02:58.431937   979   993 I am_pss  : [1080,10028,com.android.systemui,107338752,51437568,53408768]
05-05 11:02:58.484731   979   979 I notification_cancel: [10118,14557,com.viber.voip,-1003,message,0,0,1088,8,NULL]
05-05 11:02:58.485315   979   979 I notification_cancel: [10118,14557,com.viber.voip,-1013,missed_call,0,0,1088,8,NULL]
05-05 11:02:58.486460   979   979 I notification_cancel: [10118,14557,com.viber.voip,-1012,hidden_message,0,0,1088,8,NULL]
05-05 11:02:58.501001   979   979 I notification_cancel: [10118,14557,com.viber.voip,-1011,like,0,0,1088,8,NULL]
05-05 11:02:58.501630   979   979 I notification_cancel: [10118,14557,com.viber.voip,-1011,hidden_like,0,0,1088,8,NULL]
05-05 11:02:58.556965   979  1829 I am_proc_start: [0,14834,10117,com.tencent.mm:recovery,service,com.tencent.mm/com.tencent.recovery.service.RecoveryReportService]
05-05 11:02:58.563186   979  1757 I am_proc_died: [0,14522,com.tencent.mobileqq:MSF]
05-05 11:02:58.563622   979  1757 I am_schedule_service_restart: [0,com.tencent.mobileqq/.msf.service.MsfService,17639]
05-05 11:02:58.597432   979   993 I am_pss  : [979,1000,system,77981696,65953792,7556096]
05-05 11:02:58.600303   979 32398 I am_proc_bound: [0,14834,com.tencent.mm:recovery]
05-05 11:03:03.449358   979   979 I free_storage_changed: 6588747776
05-05 11:03:05.240000 14895 14895 I auditd  : type=1400 audit(0.0:12170): avc: denied { read } for comm="pool-1-thread-2" name="address" dev="sysfs" ino=13617 scontext=u:r:untrusted_app:s0:c512,c768 tcontext=u:object_r:sysfs:s0 tclass=file permissive=0
05-05 11:03:06.109227   979 32398 I am_proc_died: [0,14619,com.tencent.mobileqq]
05-05 11:03:06.111678   979 32398 I am_low_memory: 27
05-05 11:03:06.176167   979   993 I am_pss  : [14350,10015,com.google.android.gms,14891008,12316672,154624]
05-05 11:03:06.228988   979   994 I am_proc_start: [0,14905,10087,org.simalliance.openmobileapi.uicc1terminal,service,org.simalliance.openmobileapi.uicc1terminal/.Uicc1Terminal]
05-05 11:03:06.252855   979  1485 I am_proc_bound: [0,14905,org.simalliance.openmobileapi.uicc1terminal]
05-05 11:03:06.329093   979   993 I am_pss  : [14365,10037,com.afmobi.boomplayer,12751872,10211328,139264]
05-05 11:03:06.973063   979   990 I am_proc_start: [0,14921,10120,com.tencent.mobileqq:MSF,broadcast,com.tencent.mobileqq/.msf.core.NetConnInfoCenter]
05-05 11:03:06.996724   979  1483 I am_proc_bound: [0,14921,com.tencent.mobileqq:MSF]
05-05 11:03:07.012116   979  1104 I force_gc: Binder
05-05 11:03:10.321206   979 32398 I am_proc_died: [0,14804,com.tencent.mm]
05-05 11:03:10.412861   979   993 I am_pss  : [5118,1000,com.android.launcher3,53799936,48701440,2299904]
05-05 11:03:10.475204   979   993 I am_pss  : [5223,1000,tran.com.android.taplacollect,5015552,3649536,418816]
05-05 11:03:11.722876   979  1104 I am_proc_start: [0,14965,10069,com.google.android.apps.photos,broadcast,com.google.android.apps.photos/com.google.android.libraries.social.mediamonitor.MediaMonitor]
05-05 11:03:11.724673 21803 14960 I c2dm    : [-2,NULL,1,1]
05-05 11:03:11.746706   979  1483 I am_proc_bound: [0,14965,com.google.android.apps.photos]
05-05 11:03:11.800708 21803 14964 I c2dm    : [3,NULL,1,1]
05-05 11:03:11.808407 21803 14964 I gtalk_heartbeat_reset: [66376,64.233.189.188:5228]
05-05 11:03:11.812589 21803 14964 I gtalk_connection: 0
05-05 11:03:11.828993 21803 14964 I c2dm    : [7,,1,1]
05-05 11:03:11.940000 14981 14981 I auditd  : type=1400 audit(0.0:12171): avc: denied { read } for comm="pool-1-thread-2" name="address" dev="sysfs" ino=13617 scontext=u:r:untrusted_app:s0:c512,c768 tcontext=u:object_r:sysfs:s0 tclass=file permissive=0
05-05 11:03:11.950000 14981 14981 I auditd  : type=1400 audit(0.0:12172): avc: denied { read } for comm="pool-1-thread-2" name="type" dev="sysfs" ino=9944 scontext=u:r:untrusted_app:s0:c512,c768 tcontext=u:object_r:sysfs:s0 tclass=file permissive=0
05-05 11:03:11.950000 14981 14981 I auditd  : type=1400 audit(0.0:12173): avc: denied { read } for comm="pool-1-thread-2" name="name" dev="sysfs" ino=9936 scontext=u:r:untrusted_app:s0:c512,c768 tcontext=u:object_r:sysfs:s0 tclass=file permissive=0
05-05 11:03:11.950000 14981 14981 I auditd  : type=1400 audit(0.0:12174): avc: denied { read } for comm="pool-1-thread-2" name="cid" dev="sysfs" ino=9927 scontext=u:r:untrusted_app:s0:c512,c768 tcontext=u:object_r:sysfs:s0 tclass=file permissive=0
05-05 11:03:11.970000 14963 14963 I auditd  : type=1400 audit(0.0:12175): avc: denied { read } for comm="IntentService[A" name="gpu_memory" dev="debugfs" ino=7003 scontext=u:r:untrusted_app:s0:c512,c768 tcontext=u:object_r:debugfs:s0 tclass=file permissive=0
05-05 11:03:11.980000 14963 14963 I auditd  : type=1400 audit(0.0:12176): avc: denied { read } for comm="IntentService[A" name="clients" dev="debugfs" ino=6935 scontext=u:r:untrusted_app:s0:c512,c768 tcontext=u:object_r:debugfs:s0 tclass=dir permissive=0
05-05 11:03:12.939028   979   979 I notification_cancel: [10069,14965,com.google.android.apps.photos,10436,NULL,0,0,1088,8,NULL]
05-05 11:03:12.960482   979  1832 I am_proc_start: [0,15000,10007,com.google.android.configupdater,broadcast,com.google.android.configupdater/.CertPin.CertPinUpdateRequestReceiver]
05-05 11:03:12.995261   979  1757 I am_proc_bound: [0,15000,com.google.android.configupdater]
05-05 11:03:13.030000 15014 15014 I auditd  : type=1400 audit(0.0:12177): avc: denied { search } for comm="sh" name="bin" dev="mmcblk0p20" ino=608401 scontext=u:r:untrusted_app:s0:c512,c768 tcontext=u:object_r:adbd_data_file:s0 tclass=dir permissive=0
05-05 11:03:13.125730   979  1832 I am_proc_start: [0,15020,10120,com.tencent.mobileqq,content provider,com.tencent.mobileqq/com.tencent.mqq.shared_file_accessor.ContentProviderImpl]
05-05 11:03:13.152963   979  1757 I am_proc_bound: [0,15020,com.tencent.mobileqq]
05-05 11:03:13.160000 15021 15021 I auditd  : type=1400 audit(0.0:12178): avc: denied { search } for comm="sh" name="bin" dev="mmcblk0p20" ino=608401 scontext=u:r:untrusted_app:s0:c512,c768 tcontext=u:object_r:adbd_data_file:s0 tclass=dir permissive=0
05-05 11:03:13.560016   979  1352 I am_proc_died: [0,14965,com.google.android.apps.photos]
05-05 11:03:13.660000 14981 14981 I auditd  : type=1400 audit(0.0:12179): avc: denied { read } for comm="pool-1-thread-2" name="address" dev="sysfs" ino=13617 scontext=u:r:untrusted_app:s0:c512,c768 tcontext=u:object_r:sysfs:s0 tclass=file permissive=0
05-05 11:03:13.798796   979  1485 I am_proc_died: [0,15000,com.google.android.configupdater]
05-05 11:03:13.800893   979  1485 I am_low_memory: 29
05-05 11:03:14.197062 21803  8179 I force_gc: Binder
05-05 11:03:14.268699 13126 14130 I force_gc: Binder
05-05 11:03:14.311375   979   993 I am_pss  : [14557,10118,com.viber.voip,35095552,30789632,132096]
05-05 11:03:14.530000 15079 15079 I auditd  : type=1400 audit(0.0:12180): avc: denied { search } for comm="nt.mobileqq:MSF" name="bin" dev="mmcblk0p20" ino=608401 scontext=u:r:untrusted_app:s0:c512,c768 tcontext=u:object_r:adbd_data_file:s0 tclass=dir permissive=0
05-05 11:03:14.628058 13126 13138 I force_gc: Binder
05-05 11:03:14.799642   979  1757 I am_proc_died: [0,14834,com.tencent.mm:recovery]
05-05 11:03:14.800193   979  1757 I am_schedule_service_restart: [0,com.tencent.mm/com.tencent.recovery.service.RecoveryReportService,1000]
05-05 11:03:14.802023   979  1757 I am_low_memory: 28
05-05 11:03:15.003615   979   993 I sync    : [com.google.android.gms.auth.api.credentials,0,3,-1130513226]
05-05 11:03:15.109810   979  1103 I am_proc_died: [0,14921,com.tencent.mobileqq:MSF]
05-05 11:03:15.110313   979  1103 I am_schedule_service_restart: [0,com.tencent.mobileqq/.msf.service.MsfService,1000]
05-05 11:03:15.114154 13126 13819 I force_gc: Binder
05-05 11:03:15.550041 14350 14350 I [70220] : 785
05-05 11:03:15.550497 14350 14350 I [70220] : 2
05-05 11:03:15.567249   979   979 I notification_cancel: [10015,14350,com.google.android.gms,10436,NULL,0,0,1088,8,NULL]
05-05 11:03:15.602595   979  1811 I force_gc: Binder
05-05 11:03:15.661278 13126 14130 I force_gc: Binder
05-05 11:03:15.821267 14350 15110 I [70220] : 51
05-05 11:03:15.889856   979   993 I sync    : [com.google.android.gms.auth.api.credentials,1,3,-1130513226]
05-05 11:03:15.890406   979   979 I notification_cancel: [1000,979,android,1928189195,NULL,0,0,0,8,NULL]
05-05 11:03:15.893069 14350 14350 I [70220] : 8
05-05 11:03:15.920583   979  1230 I am_proc_start: [0,15113,10029,com.google.android.googlequicksearchbox:search,broadcast,com.google.android.googlequicksearchbox/com.google.android.apps.gsa.search.core.GservicesBroadcastReceiver]
05-05 11:03:15.953881   979  1812 I am_proc_bound: [0,15113,com.google.android.googlequicksearchbox:search]
05-05 11:03:16.130500   979   994 I am_proc_start: [0,15126,10120,com.tencent.mobileqq:MSF,service,com.tencent.mobileqq/.msf.service.MsfService]
05-05 11:03:16.152129   979  1352 I am_proc_bound: [0,15126,com.tencent.mobileqq:MSF]
05-05 11:03:16.661805   979   979 I notification_cancel: [10015,14350,com.google.android.gms,2130838262,NULL,0,0,1088,8,NULL]
05-05 11:03:16.665877   979   979 I notification_cancel: [10015,14350,com.google.android.gms,2130838263,NULL,0,0,1088,8,NULL]
05-05 11:03:16.673824 14350 15101 I system_update: [262656,0,0,NULL]
05-05 11:03:16.760636   979   993 I am_pss  : [14634,10114,com.whatsapp,12385280,10022912,143360]
05-05 11:03:16.825549   979   993 I am_pss  : [14664,10060,com.cooyiqi.itel,5703680,4198400,147456]
05-05 11:03:17.820877   979  1103 I am_proc_start: [0,15149,10020,com.google.android.partnersetup,broadcast,com.google.android.partnersetup/.RlzPingBroadcastReceiver]
05-05 11:03:17.849501   979 32398 I am_proc_bound: [0,15149,com.google.android.partnersetup]
05-05 11:03:18.020349   979  1758 I am_proc_died: [0,15020,com.tencent.mobileqq]
05-05 11:03:18.022400   979  1758 I am_low_memory: 29
05-05 11:03:18.022916   979  1832 I am_provider_lost_process: [0,com.tencent.mobileqq,10120,com.tencent.mqq.shared_file_accessor.ContentProviderImpl]
05-05 11:03:18.023556   979   989 I am_provider_lost_process: [0,com.tencent.mobileqq,10120,com.tencent.mqq.shared_file_accessor.ContentProviderImpl]
05-05 11:03:18.024158   979  1351 I am_provider_lost_process: [0,com.tencent.mobileqq,10120,com.tencent.mqq.shared_file_accessor.ContentProviderImpl]
05-05 11:03:18.488198   979   979 I notification_cancel: [10029,15113,com.google.android.googlequicksearchbox,10436,NULL,0,0,1088,8,NULL]
05-05 11:03:18.490806   979  1808 I am_proc_start: [0,15180,10117,com.tencent.mm,broadcast,com.tencent.mm/.booter.NotifyReceiver]
05-05 11:03:18.523111   979  1230 I am_proc_bound: [0,15180,com.tencent.mm]
05-05 11:03:18.882411   979  1811 I am_proc_start: [0,15196,10117,com.tencent.mm:recovery,service,com.tencent.mm/com.tencent.recovery.service.RecoveryReportService]
05-05 11:03:18.905900   979 32398 I am_proc_bound: [0,15196,com.tencent.mm:recovery]
05-05 11:03:19.920561   979  1103 I am_proc_died: [0,15113,com.google.android.googlequicksearchbox:search]
05-05 11:03:19.922483   979  1103 I am_schedule_service_restart: [0,com.google.android.googlequicksearchbox/com.google.android.apps.gsa.search.core.service.SearchService,1000]
05-05 11:03:20.609953   979  1485 I am_proc_died: [0,13556,android.process.acore]
05-05 11:03:20.612416   979  1485 I am_low_memory: 29
05-05 11:03:20.945025   979   994 I am_proc_start: [0,15227,10029,com.google.android.googlequicksearchbox:search,service,com.google.android.googlequicksearchbox/com.google.android.apps.gsa.search.core.service.SearchService]
05-05 11:03:20.968020   979  1351 I am_proc_bound: [0,15227,com.google.android.googlequicksearchbox:search]
05-05 11:03:22.150000 15252 15252 I auditd  : type=1400 audit(0.0:12181): avc: denied { read } for comm="pool-1-thread-2" name="address" dev="sysfs" ino=13617 scontext=u:r:untrusted_app:s0:c512,c768 tcontext=u:object_r:sysfs:s0 tclass=file permissive=0
05-05 11:03:22.170000 15252 15252 I auditd  : type=1400 audit(0.0:12182): avc: denied { read } for comm="pool-1-thread-2" name="type" dev="sysfs" ino=9944 scontext=u:r:untrusted_app:s0:c512,c768 tcontext=u:object_r:sysfs:s0 tclass=file permissive=0
05-05 11:03:22.170000 15252 15252 I auditd  : type=1400 audit(0.0:12183): avc: denied { read } for comm="pool-1-thread-2" name="name" dev="sysfs" ino=9936 scontext=u:r:untrusted_app:s0:c512,c768 tcontext=u:object_r:sysfs:s0 tclass=file permissive=0
05-05 11:03:22.170000 15252 15252 I auditd  : type=1400 audit(0.0:12184): avc: denied { read } for comm="pool-1-thread-2" name="cid" dev="sysfs" ino=9927 scontext=u:r:untrusted_app:s0:c512,c768 tcontext=u:object_r:sysfs:s0 tclass=file permissive=0
05-05 11:03:22.214775   979  1812 I am_proc_died: [0,14557,com.viber.voip]
05-05 11:03:22.215279   979  1812 I am_schedule_service_restart: [0,com.viber.voip/com.viber.service.VoipConnectorService,1000]
05-05 11:03:22.215483   979  1812 I am_schedule_service_restart: [0,com.viber.voip/com.viber.service.contacts.authentication.AccountAuthenticatorService,23987]
05-05 11:03:22.217815   979  1812 I am_low_memory: 29
05-05 11:03:22.770424   979   979 I notification_cancel: [10029,15227,com.google.android.googlequicksearchbox,10436,NULL,0,0,1088,8,NULL]
05-05 11:03:22.930000 15274 15274 I auditd  : type=1400 audit(0.0:12185): avc: denied { search } for comm="sh" name="bin" dev="mmcblk0p20" ino=608401 scontext=u:r:untrusted_app:s0:c512,c768 tcontext=u:object_r:adbd_data_file:s0 tclass=dir permissive=0
05-05 11:03:23.005441   979  1758 I am_proc_start: [0,15277,10120,com.tencent.mobileqq,content provider,com.tencent.mobileqq/com.tencent.mqq.shared_file_accessor.ContentProviderImpl]
05-05 11:03:23.033973   979  1103 I am_proc_bound: [0,15277,com.tencent.mobileqq]
05-05 11:03:23.030000 15280 15280 I auditd  : type=1400 audit(0.0:12186): avc: denied { search } for comm="sh" name="bin" dev="mmcblk0p20" ino=608401 scontext=u:r:untrusted_app:s0:c512,c768 tcontext=u:object_r:adbd_data_file:s0 tclass=dir permissive=0
05-05 11:03:23.239722   979   994 I am_proc_start: [0,15298,10118,com.viber.voip,service,com.viber.voip/com.viber.service.VoipConnectorService]
05-05 11:03:23.276277   979  1483 I am_proc_bound: [0,15298,com.viber.voip]
05-05 11:03:23.490540   979  1483 I am_proc_died: [0,14350,com.google.android.gms]
05-05 11:03:23.491104   979  1483 I am_schedule_service_restart: [0,com.google.android.gms/.chimera.GmsIntentOperationService,1000]
05-05 11:03:23.491411   979  1483 I am_schedule_service_restart: [0,com.google.android.gms/.measurement.service.MeasurementBrokerService,1000]
05-05 11:03:23.493555   979  1483 I am_low_memory: 30
05-05 11:03:23.770000 15252 15252 I auditd  : type=1400 audit(0.0:12187): avc: denied { read } for comm="pool-1-thread-2" name="address" dev="sysfs" ino=13617 scontext=u:r:untrusted_app:s0:c512,c768 tcontext=u:object_r:sysfs:s0 tclass=file permissive=0
05-05 11:03:23.865610   979   990 I force_gc: Binder
05-05 11:03:24.065797   979   979 I notification_cancel: [10028,1080,com.android.systemui,2132017197,low_battery,-1,0,1088,8,NULL]
05-05 11:03:24.149593   979  1230 I am_proc_died: [0,14365,com.afmobi.boomplayer]
05-05 11:03:24.150264   979  1230 I am_schedule_service_restart: [0,com.afmobi.boomplayer/.service.PlayerService,22052]
05-05 11:03:24.152803   979  1230 I am_low_memory: 29
05-05 11:03:24.230000 15332 15332 I auditd  : type=1400 audit(0.0:12188): avc: denied { search } for comm="nt.mobileqq:MSF" name="bin" dev="mmcblk0p20" ino=608401 scontext=u:r:untrusted_app:s0:c512,c768 tcontext=u:object_r:adbd_data_file:s0 tclass=dir permissive=0
05-05 11:03:24.524462   979   994 I am_proc_start: [0,15340,10015,com.google.android.gms,service,com.google.android.gms/.measurement.service.MeasurementBrokerService]
05-05 11:03:24.547321   979  1103 I am_proc_bound: [0,15340,com.google.android.gms]
05-05 11:03:24.599435   979  1811 I am_proc_died: [0,14664,com.cooyiqi.itel]
05-05 11:03:24.600855   979  1811 I am_schedule_service_restart: [0,com.cooyiqi.itel/com.iekie.lovelyfonts.fonts.upgrade.FontUManagerService,1000]
05-05 11:03:24.602988   979  1811 I am_low_memory: 29
05-05 11:03:24.790137   979   990 I am_proc_died: [0,15227,com.google.android.googlequicksearchbox:search]
05-05 11:03:24.791736   979   990 I am_schedule_service_restart: [0,com.google.android.googlequicksearchbox/com.google.android.apps.gsa.search.core.service.SearchService,31411]
05-05 11:03:24.793919   979   990 I am_low_memory: 28
05-05 11:03:25.353113   979   979 I notification_cancel: [10015,15340,com.google.android.gms,10436,NOT_MNC,0,0,1088,8,NULL]
05-05 11:03:25.354462   979   979 I notification_cancel: [10015,15340,com.google.android.gms,39789,NOT_MNC,0,0,1088,8,NULL]
05-05 11:03:25.589685   979  1465 I am_proc_died: [0,15196,com.tencent.mm:recovery]
05-05 11:03:25.590219   979  1465 I am_schedule_service_restart: [0,com.tencent.mm/com.tencent.recovery.service.RecoveryReportService,40612]
05-05 11:03:25.591842   979  1465 I am_low_memory: 27
05-05 11:03:25.620796   979   994 I am_proc_start: [0,15376,10060,com.cooyiqi.itel,service,com.cooyiqi.itel/com.iekie.lovelyfonts.fonts.upgrade.FontUManagerService]
05-05 11:03:25.655295   979  1812 I am_proc_bound: [0,15376,com.cooyiqi.itel]
05-05 11:03:26.309814   979  1104 I am_proc_died: [0,15277,com.tencent.mobileqq]
05-05 11:03:26.328065   979  1104 I am_proc_start: [0,15404,10120,com.tencent.mobileqq,restart,com.tencent.mobileqq]
05-05 11:03:26.330472   979  1104 I am_low_memory: 28
05-05 11:03:26.363749   979   989 I am_proc_bound: [0,15404,com.tencent.mobileqq]
05-05 11:03:26.399671   979   993 I am_pss  : [14905,10087,org.simalliance.openmobileapi.uicc1terminal,2992128,2019328,165888]
05-05 11:03:28.351884   979  1832 I am_proc_died: [0,15298,com.viber.voip]
05-05 11:03:28.352334   979  1832 I am_schedule_service_restart: [0,com.viber.voip/com.viber.service.VoipConnectorService,37850]
05-05 11:03:28.352524   979  1832 I am_schedule_service_restart: [0,com.viber.voip/com.viber.service.contacts.authentication.AccountAuthenticatorService,47850]
05-05 11:03:28.354770   979  1832 I am_low_memory: 27
05-05 11:03:29.829323   979  1808 I am_proc_died: [0,15404,com.tencent.mobileqq]
05-05 11:03:29.850551   979  1808 I am_proc_start: [0,15508,10120,com.tencent.mobileqq,restart,com.tencent.mobileqq]
05-05 11:03:29.852764   979  1808 I am_low_memory: 27
05-05 11:03:29.872770   979 32398 I am_proc_bound: [0,15508,com.tencent.mobileqq]
05-05 11:03:31.470523   979  1229 I am_proc_start: [0,15528,10037,com.afmobi.boomplayer,broadcast,com.afmobi.boomplayer/com.tecno.boomplayer.service.BoomWidget_tower]
05-05 11:03:31.518411   979  1229 I am_proc_bound: [0,15528,com.afmobi.boomplayer]
05-05 11:03:32.209883   979  1230 I am_proc_died: [0,14634,com.whatsapp]
05-05 11:03:32.210442   979  1230 I am_schedule_service_restart: [0,com.whatsapp/.ExternalMediaManager,53992]
05-05 11:03:32.212900   979  1230 I am_low_memory: 27
05-05 11:03:32.449376   979  1229 I am_proc_died: [0,15508,com.tencent.mobileqq]
05-05 11:03:32.467342   979  1229 I am_proc_start: [0,15561,10120,com.tencent.mobileqq,restart,com.tencent.mobileqq]
05-05 11:03:32.469511   979  1229 I am_low_memory: 27
05-05 11:03:32.519104   979  1485 I am_proc_start: [0,15574,10118,com.viber.voip,broadcast,com.viber.voip/com.viber.service.KeepAliveReceiver]
05-05 11:03:32.557141   979  1829 I am_proc_bound: [0,15561,com.tencent.mobileqq]
05-05 11:03:32.563588   979 32398 I am_proc_bound: [0,15574,com.viber.voip]
05-05 11:03:33.035784   979   994 I am_kill : [0,15561,com.tencent.mobileqq,800,timeout publishing content providers]
05-05 11:03:33.036866   979  1758 I am_provider_lost_process: [0,com.tencent.mobileqq,10120,com.tencent.mqq.shared_file_accessor.ContentProviderImpl]
05-05 11:03:33.037373   979  1352 I am_provider_lost_process: [0,com.tencent.mobileqq,10120,com.tencent.mqq.shared_file_accessor.ContentProviderImpl]
05-05 11:03:33.037928   979  1757 I am_provider_lost_process: [0,com.tencent.mobileqq,10120,com.tencent.mqq.shared_file_accessor.ContentProviderImpl]
05-05 11:03:33.062585   979  1465 I am_proc_start: [0,15615,10120,com.tencent.mobileqq,content provider,com.tencent.mobileqq/com.tencent.mqq.shared_file_accessor.ContentProviderImpl]
05-05 11:03:33.060000 15253 15253 I auditd  : type=1400 audit(0.0:12189): avc: denied { read } for comm="pool-1-thread-3" name="address" dev="sysfs" ino=13617 scontext=u:r:untrusted_app:s0:c512,c768 tcontext=u:object_r:sysfs:s0 tclass=file permissive=0
05-05 11:03:33.094713   979  1832 I am_proc_bound: [0,15615,com.tencent.mobileqq]
05-05 11:03:33.110000 15614 15614 I auditd  : type=1400 audit(0.0:12190): avc: denied { search } for comm="sh" name="bin" dev="mmcblk0p20" ino=608401 scontext=u:r:untrusted_app:s0:c512,c768 tcontext=u:object_r:adbd_data_file:s0 tclass=dir permissive=0
05-05 11:03:33.150000 15253 15253 I auditd  : type=1400 audit(0.0:12191): avc: denied { read } for comm="pool-1-thread-3" name="address" dev="sysfs" ino=13617 scontext=u:r:untrusted_app:s0:c512,c768 tcontext=u:object_r:sysfs:s0 tclass=file permissive=0
05-05 11:03:33.647255   979   990 I force_gc: Binder
05-05 11:03:34.450427   979  1351 I am_proc_died: [0,15126,com.tencent.mobileqq:MSF]
05-05 11:03:34.450887   979  1351 I am_schedule_service_restart: [0,com.tencent.mobileqq/.msf.service.MsfService,31752]
05-05 11:03:34.690972   979   990 I am_proc_start: [0,15679,10114,com.whatsapp,broadcast,com.whatsapp/.AlarmBroadcastReceiver]
05-05 11:03:34.714849   979  1485 I am_proc_bound: [0,15679,com.whatsapp]
05-05 11:03:34.759033   979   990 I am_proc_start: [0,15692,10117,com.tencent.mm:push,service,com.tencent.mm/.booter.CoreService]
05-05 11:03:34.784865   979  1352 I am_proc_bound: [0,15692,com.tencent.mm:push]
05-05 11:03:35.240139   979  1829 I am_proc_start: [0,15721,10117,com.tencent.mm:recovery,service,com.tencent.mm/com.tencent.recovery.service.RecoveryReportService]
05-05 11:03:35.275395   979  1230 I am_proc_bound: [0,15721,com.tencent.mm:recovery]
05-05 11:03:35.508082   979   979 I notification_cancel: [10114,15679,com.whatsapp,2,NULL,0,0,1088,8,NULL]
05-05 11:03:35.760000 15679 15679 I auditd  : type=1400 audit(0.0:12192): avc: denied { read } for comm="com.whatsapp" name="libvlc.so" dev="mmcblk0p20" ino=340813 scontext=u:r:untrusted_app:s0:c512,c768 tcontext=u:object_r:system_data_file:s0 tclass=file permissive=0
05-05 11:03:35.800000 15679 15679 I auditd  : type=1400 audit(0.0:12193): avc: denied { read } for comm="com.whatsapp" name="libresample.so" dev="mmcblk0p20" ino=340812 scontext=u:r:untrusted_app:s0:c512,c768 tcontext=u:object_r:system_data_file:s0 tclass=file permissive=0
05-05 11:03:35.810000 15679 15679 I auditd  : type=1400 audit(0.0:12194): avc: denied { read } for comm="com.whatsapp" name="libwhatsapp.so" dev="mmcblk0p20" ino=340804 scontext=u:r:untrusted_app:s0:c512,c768 tcontext=u:object_r:system_data_file:s0 tclass=file permissive=0
05-05 11:03:36.010000 15679 15679 I auditd  : type=1400 audit(0.0:12195): avc: denied { read } for comm="com.whatsapp" name="libcurve25519.so" dev="mmcblk0p20" ino=340810 scontext=u:r:untrusted_app:s0:c512,c768 tcontext=u:object_r:system_data_file:s0 tclass=file permissive=0
05-05 11:03:36.290000 15825 15825 I auditd  : type=1400 audit(0.0:12196): avc: denied { search } for comm=576861747341707020576F726B6572 name="bin" dev="mmcblk0p20" ino=608401 scontext=u:r:untrusted_app:s0:c512,c768 tcontext=u:object_r:adbd_data_file:s0 tclass=dir permissive=0
05-05 11:03:36.751785   979   979 I notification_cancel: [10114,15679,com.whatsapp,7,NULL,0,0,1088,8,NULL]
05-05 11:03:37.224405   979  1230 I am_proc_died: [0,15615,com.tencent.mobileqq]
05-05 11:03:37.225020   979  1465 I am_provider_lost_process: [0,com.tencent.mobileqq,10120,com.tencent.mqq.shared_file_accessor.ContentProviderImpl]
05-05 11:03:37.225413   979  1812 I am_provider_lost_process: [0,com.tencent.mobileqq,10120,com.tencent.mqq.shared_file_accessor.ContentProviderImpl]
05-05 11:03:37.226647   979  1230 I am_low_memory: 29
05-05 11:03:38.062338   979  1757 I am_proc_start: [0,15892,10003,android.process.acore,content provider,com.android.providers.contacts/.ContactsProvider2]
05-05 11:03:38.111292   979   990 I am_proc_bound: [0,15892,android.process.acore]
05-05 11:03:38.170000 15853 15853 I auditd  : type=1400 audit(0.0:12197): avc: denied { read } for comm="IntentService[A" name="gpu_memory" dev="debugfs" ino=7003 scontext=u:r:untrusted_app:s0:c512,c768 tcontext=u:object_r:debugfs:s0 tclass=file permissive=0
05-05 11:03:38.180000 15853 15853 I auditd  : type=1400 audit(0.0:12198): avc: denied { read } for comm="IntentService[A" name="clients" dev="debugfs" ino=6935 scontext=u:r:untrusted_app:s0:c512,c768 tcontext=u:object_r:debugfs:s0 tclass=dir permissive=0
05-05 11:03:38.190695   979   979 I notification_cancel: [10118,15574,com.viber.voip,-1003,message,0,0,1088,8,NULL]
05-05 11:03:38.191570   979   979 I notification_cancel: [10118,15574,com.viber.voip,-1013,missed_call,0,0,1088,8,NULL]
05-05 11:03:38.192207   979   979 I notification_cancel: [10118,15574,com.viber.voip,-1012,hidden_message,0,0,1088,8,NULL]
05-05 11:03:38.199417   979   979 I notification_cancel: [10118,15574,com.viber.voip,-1011,like,0,0,1088,8,NULL]
05-05 11:03:38.200501   979   979 I notification_cancel: [10118,15574,com.viber.voip,-1011,hidden_like,0,0,1088,8,NULL]
05-05 11:03:38.210000 15692 15692 I auditd  : type=1400 audit(0.0:12199): avc: denied { read } for comm="tencent.mm:push" name="anr" dev="mmcblk0p20" ino=567841 scontext=u:r:untrusted_app:s0:c512,c768 tcontext=u:object_r:anr_data_file:s0 tclass=dir permissive=0
05-05 11:03:39.934392   979  1813 I am_proc_died: [0,15679,com.whatsapp]
05-05 11:03:39.936959   979  1813 I am_low_memory: 29
05-05 11:03:47.470814   979   979 I notification_cancel: [10117,15180,com.tencent.mm,40,NULL,0,0,1088,8,NULL]
05-05 11:03:47.825910   979  1829 I force_gc: Binder
05-05 11:03:47.899602   979  1351 I am_proc_start: [0,15957,10114,com.whatsapp,broadcast,com.whatsapp/.AlarmBroadcastReceiver]
05-05 11:03:47.952937   979  1104 I am_proc_bound: [0,15957,com.whatsapp]
05-05 11:03:48.470658   979   979 I notification_cancel: [10114,15957,com.whatsapp,2,NULL,0,0,1088,8,NULL]
05-05 11:03:48.590000 15957 15957 I auditd  : type=1400 audit(0.0:12200): avc: denied { read } for comm="com.whatsapp" name="libvlc.so" dev="mmcblk0p20" ino=340813 scontext=u:r:untrusted_app:s0:c512,c768 tcontext=u:object_r:system_data_file:s0 tclass=file permissive=0
05-05 11:03:48.610000 15957 15957 I auditd  : type=1400 audit(0.0:12201): avc: denied { read } for comm="com.whatsapp" name="libresample.so" dev="mmcblk0p20" ino=340812 scontext=u:r:untrusted_app:s0:c512,c768 tcontext=u:object_r:system_data_file:s0 tclass=file permissive=0
05-05 11:03:48.620000 15957 15957 I auditd  : type=1400 audit(0.0:12202): avc: denied { read } for comm="com.whatsapp" name="libwhatsapp.so" dev="mmcblk0p20" ino=340804 scontext=u:r:untrusted_app:s0:c512,c768 tcontext=u:object_r:system_data_file:s0 tclass=file permissive=0
05-05 11:03:48.660000 15957 15957 I auditd  : type=1400 audit(0.0:12203): avc: denied { read } for comm="com.whatsapp" name="libcurve25519.so" dev="mmcblk0p20" ino=340810 scontext=u:r:untrusted_app:s0:c512,c768 tcontext=u:object_r:system_data_file:s0 tclass=file permissive=0
05-05 11:03:48.740000 16010 16010 I auditd  : type=1400 audit(0.0:12204): avc: denied { search } for comm=576861747341707020576F726B6572 name="bin" dev="mmcblk0p20" ino=608401 scontext=u:r:untrusted_app:s0:c512,c768 tcontext=u:object_r:adbd_data_file:s0 tclass=dir permissive=0
05-05 11:03:48.888074   979   979 I notification_cancel: [10114,15957,com.whatsapp,7,NULL,0,0,1088,8,NULL]
05-05 11:03:49.280000 16021 16021 I auditd  : type=1400 audit(0.0:12205): avc: denied { read } for comm="IntentService[A" name="gpu_memory" dev="debugfs" ino=7003 scontext=u:r:untrusted_app:s0:c512,c768 tcontext=u:object_r:debugfs:s0 tclass=file permissive=0
05-05 11:03:49.280000 16021 16021 I auditd  : type=1400 audit(0.0:12206): avc: denied { read } for comm="IntentService[A" name="clients" dev="debugfs" ino=6935 scontext=u:r:untrusted_app:s0:c512,c768 tcontext=u:object_r:debugfs:s0 tclass=dir permissive=0
05-05 11:04:03.250000 16035 16035 I auditd  : type=1400 audit(0.0:12207): avc: denied { read } for comm="IntentService[A" name="gpu_memory" dev="debugfs" ino=7003 scontext=u:r:untrusted_app:s0:c512,c768 tcontext=u:object_r:debugfs:s0 tclass=file permissive=0
