05-05 11:34:53.025236   979  1808 I am_proc_start: [0,23139,10118,com.viber.voip,broadcast,com.viber.voip/com.viber.service.KeepAliveReceiver]
05-05 11:34:53.062091   979  1829 I am_proc_bound: [0,23139,com.viber.voip]
05-05 11:34:53.211960   979  1230 I am_proc_died: [0,22381,com.tencent.mm]
05-05 11:34:53.213107   979  1230 I am_schedule_service_restart: [0,com.tencent.mm/.booter.NotifyReceiver$NotifyService,42929]
05-05 11:34:53.215244   979  1230 I am_low_memory: 20
05-05 11:34:53.390000 23135 23135 I auditd  : type=1400 audit(0.0:12390): avc: denied { read } for comm="IntentService[A" name="gpu_memory" dev="debugfs" ino=7003 scontext=u:r:untrusted_app:s0:c512,c768 tcontext=u:object_r:debugfs:s0 tclass=file permissive=0
05-05 11:34:53.390000 23135 23135 I auditd  : type=1400 audit(0.0:12391): avc: denied { read } for comm="IntentService[A" name="clients" dev="debugfs" ino=6935 scontext=u:r:untrusted_app:s0:c512,c768 tcontext=u:object_r:debugfs:s0 tclass=dir permissive=0
05-05 11:34:53.500348   979  1352 I force_gc: Binder
05-05 11:34:54.078956   979  1811 I am_proc_start: [0,23187,10015,com.google.android.gms,service,com.google.android.gms/.ads.identifier.service.AdvertisingIdService]
05-05 11:34:54.104395   979  1229 I am_proc_bound: [0,23187,com.google.android.gms]
05-05 11:34:54.431408   979   979 I notification_cancel: [10015,23187,com.google.android.gms,10436,NOT_MNC,0,0,1088,8,NULL]
05-05 11:34:54.431977   979   979 I notification_cancel: [10015,23187,com.google.android.gms,39789,NOT_MNC,0,0,1088,8,NULL]
05-05 11:34:54.629416   979  1812 I am_proc_start: [0,23208,10117,com.tencent.mm,broadcast,com.tencent.mm/.booter.NotifyReceiver]
05-05 11:34:54.664905   979  1483 I am_proc_bound: [0,23208,com.tencent.mm]
05-05 11:34:54.686930   979   994 I am_kill : [0,23064,com.tencent.mobileqq,800,timeout publishing content providers]
05-05 11:34:54.687369   979   990 I am_provider_lost_process: [0,com.tencent.mobileqq,10120,com.tencent.mqq.shared_file_accessor.ContentProviderImpl]
05-05 11:34:54.688278   979  1103 I am_provider_lost_process: [0,com.tencent.mobileqq,10120,com.tencent.mqq.shared_file_accessor.ContentProviderImpl]
05-05 11:34:54.717010   979  1485 I am_proc_start: [0,23221,10120,com.tencent.mobileqq,content provider,com.tencent.mobileqq/com.tencent.mqq.shared_file_accessor.ContentProviderImpl]
05-05 11:34:54.742539   979 32398 I am_proc_bound: [0,23221,com.tencent.mobileqq]
05-05 11:34:54.892967   979  1813 I am_proc_start: [0,23238,10117,com.tencent.mm:recovery,service,com.tencent.mm/com.tencent.recovery.service.RecoveryReportService]
05-05 11:34:54.909635   979  1351 I am_proc_bound: [0,23238,com.tencent.mm:recovery]
05-05 11:34:56.057888   979  1811 I am_proc_died: [0,23077,com.whatsapp]
05-05 11:34:56.173100   979   994 I am_proc_start: [0,23304,10085,org.simalliance.openmobileapi.service:remote,service,org.simalliance.openmobileapi.service/.SmartcardService]
05-05 11:34:56.206532   979  1757 I am_proc_bound: [0,23304,org.simalliance.openmobileapi.service:remote]
05-05 11:34:56.437886   979  1229 I am_proc_start: [0,23328,10087,org.simalliance.openmobileapi.uicc1terminal,service,org.simalliance.openmobileapi.uicc1terminal/.Uicc1Terminal]
05-05 11:34:56.481147   979 32398 I am_proc_start: [0,23341,10088,org.simalliance.openmobileapi.uicc2terminal,service,org.simalliance.openmobileapi.uicc2terminal/.Uicc2Terminal]
05-05 11:34:56.482944   979  1757 I am_proc_bound: [0,23328,org.simalliance.openmobileapi.uicc1terminal]
05-05 11:34:56.527100   979   990 I am_proc_start: [0,23355,10089,org.simalliance.openmobileapi.eseterminal,service,org.simalliance.openmobileapi.eseterminal/.eSETerminal]
05-05 11:34:56.534059   979  1351 I am_proc_bound: [0,23341,org.simalliance.openmobileapi.uicc2terminal]
05-05 11:34:56.560489   979  1812 I am_proc_bound: [0,23355,org.simalliance.openmobileapi.eseterminal]
05-05 11:34:56.792110   979  1483 I am_proc_died: [0,23187,com.google.android.gms]
05-05 11:34:56.794311   979  1483 I am_low_memory: 25
05-05 11:34:57.019635   979  1829 I am_proc_died: [0,22358,com.tencent.mobileqq:MSF]
05-05 11:34:57.020123   979  1829 I am_schedule_service_restart: [0,com.tencent.mobileqq/.msf.service.MsfService,39122]
05-05 11:34:57.223972   979  1483 I am_proc_start: [0,23395,10003,android.process.acore,content provider,com.android.providers.contacts/.ContactsProvider2]
05-05 11:34:57.258828   979   979 I notification_cancel: [10118,23139,com.viber.voip,-1003,message,0,0,1088,8,NULL]
05-05 11:34:57.259738   979   979 I notification_cancel: [10118,23139,com.viber.voip,-1013,missed_call,0,0,1088,8,NULL]
05-05 11:34:57.260549   979   979 I notification_cancel: [10118,23139,com.viber.voip,-1012,hidden_message,0,0,1088,8,NULL]
05-05 11:34:57.262872   979  1351 I am_proc_bound: [0,23395,android.process.acore]
05-05 11:34:57.271542   979   979 I notification_cancel: [10118,23139,com.viber.voip,-1011,like,0,0,1088,8,NULL]
05-05 11:34:57.272198   979   979 I notification_cancel: [10118,23139,com.viber.voip,-1011,hidden_like,0,0,1088,8,NULL]
05-05 11:34:57.399171   979   993 I am_pss  : [15406,10096,com.facebook.katana,36619264,24166400,10559488]
05-05 11:35:01.513304   979  1230 I force_gc: Binder
05-05 11:35:04.310000 23450 23450 I auditd  : type=1400 audit(0.0:12392): avc: denied { read } for comm="pool-1-thread-2" name="address" dev="sysfs" ino=13617 scontext=u:r:untrusted_app:s0:c512,c768 tcontext=u:object_r:sysfs:s0 tclass=file permissive=0
05-05 11:35:05.048127   979  1813 I am_proc_died: [0,23221,com.tencent.mobileqq]
05-05 11:35:05.050394   979  1813 I am_low_memory: 24
05-05 11:35:06.162736   979   994 I am_proc_start: [0,23471,10060,com.cooyiqi.itel,service,com.cooyiqi.itel/com.iekie.lovelyfonts.fonts.upgrade.FontUManagerService]
05-05 11:35:06.190461   979  1829 I am_proc_bound: [0,23471,com.cooyiqi.itel]
05-05 11:35:06.405051   979  1812 I am_proc_start: [0,23488,10015,com.google.android.gms,service,com.google.android.gms/.ads.identifier.service.AdvertisingIdService]
05-05 11:35:06.424997   979  1103 I am_proc_bound: [0,23488,com.google.android.gms]
05-05 11:35:06.980807   979   979 I notification_cancel: [10015,23488,com.google.android.gms,10436,NOT_MNC,0,0,1088,8,NULL]
05-05 11:35:06.981799   979   979 I notification_cancel: [10015,23488,com.google.android.gms,39789,NOT_MNC,0,0,1088,8,NULL]
05-05 11:35:07.306865   979   993 I am_pss  : [22923,10117,com.tencent.mm:push,20689920,14110720,166912]
05-05 11:35:11.668113   979   979 I notification_cancel: [10117,23208,com.tencent.mm,40,NULL,0,0,1088,8,NULL]
05-05 11:35:11.965693   979 32398 I am_proc_start: [0,23566,10114,com.whatsapp,broadcast,com.whatsapp/.AlarmBroadcastReceiver]
05-05 11:35:12.003310   979  1811 I am_proc_bound: [0,23566,com.whatsapp]
05-05 11:35:12.348972   979   979 I notification_cancel: [10114,23566,com.whatsapp,2,NULL,0,0,1088,8,NULL]
05-05 11:35:12.420000 23566 23566 I auditd  : type=1400 audit(0.0:12393): avc: denied { read } for comm="com.whatsapp" name="libvlc.so" dev="mmcblk0p20" ino=340813 scontext=u:r:untrusted_app:s0:c512,c768 tcontext=u:object_r:system_data_file:s0 tclass=file permissive=0
05-05 11:35:12.430000 23566 23566 I auditd  : type=1400 audit(0.0:12394): avc: denied { read } for comm="com.whatsapp" name="libresample.so" dev="mmcblk0p20" ino=340812 scontext=u:r:untrusted_app:s0:c512,c768 tcontext=u:object_r:system_data_file:s0 tclass=file permissive=0
05-05 11:35:12.440000 23566 23566 I auditd  : type=1400 audit(0.0:12395): avc: denied { read } for comm="com.whatsapp" name="libwhatsapp.so" dev="mmcblk0p20" ino=340804 scontext=u:r:untrusted_app:s0:c512,c768 tcontext=u:object_r:system_data_file:s0 tclass=file permissive=0
05-05 11:35:12.460000 23566 23566 I auditd  : type=1400 audit(0.0:12396): avc: denied { read } for comm="com.whatsapp" name="libcurve25519.so" dev="mmcblk0p20" ino=340810 scontext=u:r:untrusted_app:s0:c512,c768 tcontext=u:object_r:system_data_file:s0 tclass=file permissive=0
05-05 11:35:12.510000 23612 23612 I auditd  : type=1400 audit(0.0:12397): avc: denied { search } for comm=576861747341707020576F726B6572 name="bin" dev="mmcblk0p20" ino=608401 scontext=u:r:untrusted_app:s0:c512,c768 tcontext=u:object_r:adbd_data_file:s0 tclass=dir permissive=0
05-05 11:35:12.595209   979   979 I notification_cancel: [10114,23566,com.whatsapp,7,NULL,0,0,1088,8,NULL]
05-05 11:35:12.940000 23626 23626 I auditd  : type=1400 audit(0.0:12398): avc: denied { read } for comm="IntentService[A" name="gpu_memory" dev="debugfs" ino=7003 scontext=u:r:untrusted_app:s0:c512,c768 tcontext=u:object_r:debugfs:s0 tclass=file permissive=0
05-05 11:35:12.940000 23626 23626 I auditd  : type=1400 audit(0.0:12399): avc: denied { read } for comm="IntentService[A" name="clients" dev="debugfs" ino=6935 scontext=u:r:untrusted_app:s0:c512,c768 tcontext=u:object_r:debugfs:s0 tclass=dir permissive=0
05-05 11:35:13.360000 23626 23626 I auditd  : type=1400 audit(0.0:12400): avc: denied { read } for comm="IntentService[A" name="gpu_memory" dev="debugfs" ino=7003 scontext=u:r:untrusted_app:s0:c512,c768 tcontext=u:object_r:debugfs:s0 tclass=file permissive=0
05-05 11:35:13.360000 23626 23626 I auditd  : type=1400 audit(0.0:12401): avc: denied { read } for comm="IntentService[A" name="clients" dev="debugfs" ino=6935 scontext=u:r:untrusted_app:s0:c512,c768 tcontext=u:object_r:debugfs:s0 tclass=dir permissive=0
05-05 11:35:13.673596   979   993 I am_pss  : [23139,10118,com.viber.voip,37666816,33292288,140288]
05-05 11:35:13.886814   979  1351 I am_proc_died: [0,23566,com.whatsapp]
05-05 11:35:13.889323   979  1351 I am_low_memory: 26
05-05 11:35:31.446738   979   994 I am_proc_start: [0,23644,10119,com.tencent.qqpim,service,com.tencent.qqpim/com.tencent.wscl.wsframework.services.sys.background.WsBackgroundService]
05-05 11:35:31.472085   979  1813 I am_proc_bound: [0,23644,com.tencent.qqpim]
05-05 11:35:31.485061   979  1812 I force_gc: Binder
05-05 11:35:31.544277   979   993 I am_pss  : [23238,10117,com.tencent.mm:recovery,11823104,8646656,158720]
05-05 11:35:31.611765   979   993 I am_pss  : [23304,10085,org.simalliance.openmobileapi.service:remote,3440640,2404352,176128]
05-05 11:35:42.114008   979   993 I am_pss  : [23355,10089,org.simalliance.openmobileapi.eseterminal,3112960,2064384,178176]
05-05 11:35:42.173849   979   993 I am_pss  : [23341,10088,org.simalliance.openmobileapi.uicc2terminal,3073024,2052096,178176]
05-05 11:35:42.210000 23661 23661 I auditd  : type=1400 audit(0.0:12402): avc: denied { search } for comm="m.tencent.qqpim" name="bin" dev="mmcblk0p20" ino=608401 scontext=u:r:untrusted_app:s0:c512,c768 tcontext=u:object_r:adbd_data_file:s0 tclass=dir permissive=0
05-05 11:35:42.234505   979   993 I am_pss  : [23328,10087,org.simalliance.openmobileapi.uicc1terminal,3100672,2080768,178176]
05-05 11:35:42.250000 23663 23663 I auditd  : type=1400 audit(0.0:12403): avc: denied { search } for comm="m.tencent.qqpim" name="bin" dev="mmcblk0p20" ino=608401 scontext=u:r:untrusted_app:s0:c512,c768 tcontext=u:object_r:adbd_data_file:s0 tclass=dir permissive=0
05-05 11:35:42.360000 23644 23644 I auditd  : type=1400 audit(0.0:12404): avc: denied { read } for comm="m.tencent.qqpim" name="anr" dev="mmcblk0p20" ino=567841 scontext=u:r:untrusted_app:s0:c512,c768 tcontext=u:object_r:anr_data_file:s0 tclass=dir permissive=0
05-05 11:35:42.440000 23675 23675 I auditd  : type=1400 audit(0.0:12405): avc: denied { search } for comm="sh" name="bin" dev="mmcblk0p20" ino=608401 scontext=u:r:untrusted_app:s0:c512,c768 tcontext=u:object_r:adbd_data_file:s0 tclass=dir permissive=0
05-05 11:36:18.260582   979  1812 I am_proc_died: [0,23395,android.process.acore]
05-05 11:36:18.262928   979  1812 I am_low_memory: 26
05-05 11:36:20.174415 21803 21910 I gtalk_conn_close: [276,120]
05-05 11:36:20.176281   979   979 I free_storage_changed: 6565597184
05-05 11:36:20.190000 23694 23694 I auditd  : type=1400 audit(0.0:12406): avc: denied { read } for comm="on-Shark-Looper" name="type" dev="sysfs" ino=9944 scontext=u:r:untrusted_app:s0:c512,c768 tcontext=u:object_r:sysfs:s0 tclass=file permissive=0
05-05 11:36:20.720183   979   979 I notification_cancel: [1000,979,android,119,CaptivePortal.Notification,-1,0,0,8,NULL]
05-05 11:36:21.842366   979   994 I am_proc_start: [0,23733,10037,com.afmobi.boomplayer,service,com.afmobi.boomplayer/.service.PlayerService]
05-05 11:36:21.872442   979   990 I am_proc_bound: [0,23733,com.afmobi.boomplayer]
05-05 11:36:21.947251   979   993 I am_pss  : [23471,10060,com.cooyiqi.itel,8664064,6828032,155648]
05-05 11:36:22.467969   979   993 I am_pss  : [23488,10015,com.google.android.gms,11999232,9433088,156672]
05-05 11:36:22.588674   979  1832 I am_proc_start: [0,23763,10011,android.process.media,content provider,com.android.providers.media/.MediaProvider]
05-05 11:36:22.622448   979  1811 I am_proc_bound: [0,23763,android.process.media]
05-05 11:36:22.699418   979  1351 I am_proc_died: [0,22923,com.tencent.mm:push]
05-05 11:36:22.699843   979  1351 I am_schedule_service_restart: [0,com.tencent.mm/.booter.CoreService,19122]
05-05 11:36:22.701298   979  1351 I am_low_memory: 27
05-05 11:36:22.738669   979   993 I am_pss  : [23208,10117,com.tencent.mm,80115712,74743808,145408]
05-05 11:36:22.910000 23779 23779 I auditd  : type=1400 audit(0.0:12407): avc: denied { search } for comm="sh" name="bin" dev="mmcblk0p20" ino=608401 scontext=u:r:untrusted_app:s0:c512,c768 tcontext=u:object_r:adbd_data_file:s0 tclass=dir permissive=0
05-05 11:36:23.000000 23784 23784 I auditd  : type=1400 audit(0.0:12408): avc: denied { search } for comm="sh" name="bin" dev="mmcblk0p20" ino=608401 scontext=u:r:untrusted_app:s0:c512,c768 tcontext=u:object_r:adbd_data_file:s0 tclass=dir permissive=0
05-05 11:36:25.111211   979   979 I notification_cancel: [10096,15406,com.facebook.katana,714499313,X.07Y,0,0,1088,8,NULL]
05-05 11:36:25.116778   979   979 I notification_cancel: [10096,15406,com.facebook.katana,714499313,X.07Y,0,0,1088,8,NULL]
05-05 11:36:25.124729   979   979 I notification_cancel: [10096,15406,com.facebook.katana,714499313,X.07Y,0,0,1088,8,NULL]
05-05 11:36:25.425434   979   979 I notification_cancel: [10096,15406,com.facebook.katana,714499313,X.07Y,0,0,1088,8,NULL]
05-05 11:38:26.036718   979   979 I notification_cancel: [10096,15406,com.facebook.katana,714499313,X.07Y,0,0,1088,8,NULL]
05-05 11:38:26.041058   979   979 I notification_cancel: [10096,15406,com.facebook.katana,714499313,X.07Y,0,0,1088,8,NULL]
05-05 11:38:26.042870   979   979 I notification_cancel: [10096,15406,com.facebook.katana,714499313,X.07Y,0,0,1088,8,NULL]
05-05 11:38:27.019062   979   979 I notification_cancel: [10096,15406,com.facebook.katana,714499313,X.07Y,0,0,1088,8,NULL]
05-05 11:39:06.258966 21803 23801 I c2dm    : [-2,NULL,1,1]
05-05 11:39:06.385070 21803 23805 I c2dm    : [3,NULL,1,1]
05-05 11:39:06.392120 21803 23805 I gtalk_heartbeat_reset: [66376,64.233.189.188:5228]
05-05 11:39:06.393722 21803 23805 I gtalk_connection: 0
05-05 11:39:06.399885 21803 23805 I c2dm    : [7,,1,1]
05-05 11:39:06.915733   979  1808 I force_gc: Binder
05-05 11:39:07.000364   979   994 I am_proc_start: [0,23813,10120,com.tencent.mobileqq:MSF,service,com.tencent.mobileqq/.msf.service.MsfService]
05-05 11:39:07.033658   979  1812 I am_proc_bound: [0,23813,com.tencent.mobileqq:MSF]
05-05 11:39:07.610216   979  1104 I am_proc_died: [0,23208,com.tencent.mm]
05-05 11:39:07.610646   979  1104 I am_schedule_service_restart: [0,com.tencent.mm/.booter.NotifyReceiver$NotifyService,19371]
05-05 11:39:07.612546   979  1104 I am_low_memory: 27
05-05 11:39:11.790000 23839 23839 I auditd  : type=1400 audit(0.0:12409): avc: denied { read } for comm="pool-1-thread-2" name="address" dev="sysfs" ino=13617 scontext=u:r:untrusted_app:s0:c512,c768 tcontext=u:object_r:sysfs:s0 tclass=file permissive=0
05-05 11:39:11.800000 23839 23839 I auditd  : type=1400 audit(0.0:12410): avc: denied { read } for comm="pool-1-thread-2" name="type" dev="sysfs" ino=9944 scontext=u:r:untrusted_app:s0:c512,c768 tcontext=u:object_r:sysfs:s0 tclass=file permissive=0
05-05 11:39:11.800000 23839 23839 I auditd  : type=1400 audit(0.0:12411): avc: denied { read } for comm="pool-1-thread-2" name="name" dev="sysfs" ino=9936 scontext=u:r:untrusted_app:s0:c512,c768 tcontext=u:object_r:sysfs:s0 tclass=file permissive=0
05-05 11:39:11.800000 23839 23839 I auditd  : type=1400 audit(0.0:12412): avc: denied { read } for comm="pool-1-thread-2" name="cid" dev="sysfs" ino=9927 scontext=u:r:untrusted_app:s0:c512,c768 tcontext=u:object_r:sysfs:s0 tclass=file permissive=0
05-05 11:39:12.440000 23848 23848 I auditd  : type=1400 audit(0.0:12413): avc: denied { search } for comm="sh" name="bin" dev="mmcblk0p20" ino=608401 scontext=u:r:untrusted_app:s0:c512,c768 tcontext=u:object_r:adbd_data_file:s0 tclass=dir permissive=0
05-05 11:39:12.510000 23850 23850 I auditd  : type=1400 audit(0.0:12414): avc: denied { search } for comm="sh" name="bin" dev="mmcblk0p20" ino=608401 scontext=u:r:untrusted_app:s0:c512,c768 tcontext=u:object_r:adbd_data_file:s0 tclass=dir permissive=0
05-05 11:39:12.634694   979  1352 I am_proc_start: [0,23853,10120,com.tencent.mobileqq,content provider,com.tencent.mobileqq/com.tencent.mqq.shared_file_accessor.ContentProviderImpl]
05-05 11:39:12.663143   979  1757 I am_proc_bound: [0,23853,com.tencent.mobileqq]
05-05 11:39:12.747906   979   993 I am_pss  : [23644,10119,com.tencent.qqpim,21617664,18059264,142336]
05-05 11:39:12.821633   979   989 I am_proc_died: [0,23139,com.viber.voip]
05-05 11:39:12.822058   979   989 I am_schedule_service_restart: [0,com.viber.voip/com.viber.service.VoipConnectorService,14160]
05-05 11:39:12.822244   979   989 I am_schedule_service_restart: [0,com.viber.voip/com.viber.service.contacts.authentication.AccountAuthenticatorService,24160]
05-05 11:39:12.824349   979   989 I am_low_memory: 27
05-05 11:39:13.310000 23871 23871 I auditd  : type=1400 audit(0.0:12415): avc: denied { search } for comm="nt.mobileqq:MSF" name="bin" dev="mmcblk0p20" ino=608401 scontext=u:r:untrusted_app:s0:c512,c768 tcontext=u:object_r:adbd_data_file:s0 tclass=dir permissive=0
05-05 11:39:13.909193   979  1230 I am_proc_died: [0,23644,com.tencent.qqpim]
05-05 11:39:13.909719   979  1230 I am_schedule_service_restart: [0,com.tencent.qqpim/com.tencent.wscl.wsframework.services.sys.background.WsBackgroundService,33073]
05-05 11:39:13.909952   979  1230 I am_schedule_service_restart: [0,com.tencent.qqpim/.apps.recoverdeletedcontact.monitor.MonitorContactDBChangeService,43073]
05-05 11:39:13.912000   979  1230 I am_low_memory: 26
05-05 11:39:15.979001   979 32394 I am_proc_died: [0,23488,com.google.android.gms]
05-05 11:39:15.979507   979 32394 I am_schedule_service_restart: [0,com.google.android.gms/.measurement.service.MeasurementBrokerService,51003]
05-05 11:39:15.981057   979 32394 I am_low_memory: 25
05-05 11:39:17.001399   979   994 I am_proc_start: [0,23883,10117,com.tencent.mm:push,service,com.tencent.mm/.booter.CoreService]
05-05 11:39:17.032080   979  1465 I am_proc_bound: [0,23883,com.tencent.mm:push]
05-05 11:39:17.288903   979  1812 I am_proc_died: [0,23238,com.tencent.mm:recovery]
05-05 11:39:17.289424   979  1812 I am_schedule_service_restart: [0,com.tencent.mm/com.tencent.recovery.service.RecoveryReportService,59693]
05-05 11:39:17.290852   979  1812 I am_low_memory: 25
05-05 11:39:17.359174   979   993 I am_pss  : [23733,10037,com.afmobi.boomplayer,18200576,15257600,163840]
05-05 11:39:17.440000 23840 23840 I auditd  : type=1400 audit(0.0:12416): avc: denied { read } for comm="pool-1-thread-3" name="address" dev="sysfs" ino=13617 scontext=u:r:untrusted_app:s0:c512,c768 tcontext=u:object_r:sysfs:s0 tclass=file permissive=0
05-05 11:39:17.490000 23911 23911 I auditd  : type=1400 audit(0.0:12417): avc: denied { search } for comm="sh" name="bin" dev="mmcblk0p20" ino=608401 scontext=u:r:untrusted_app:s0:c512,c768 tcontext=u:object_r:adbd_data_file:s0 tclass=dir permissive=0
05-05 11:39:17.510000 23840 23840 I auditd  : type=1400 audit(0.0:12418): avc: denied { read } for comm="pool-1-thread-3" name="address" dev="sysfs" ino=13617 scontext=u:r:untrusted_app:s0:c512,c768 tcontext=u:object_r:sysfs:s0 tclass=file permissive=0
05-05 11:39:18.317460   979  1230 I am_proc_died: [0,23471,com.cooyiqi.itel]
05-05 11:39:18.317995   979  1230 I am_schedule_service_restart: [0,com.cooyiqi.itel/com.iekie.lovelyfonts.fonts.upgrade.FontUManagerService,58665]
05-05 11:39:18.620000 23883 23883 I auditd  : type=1400 audit(0.0:12419): avc: denied { read } for comm="tencent.mm:push" name="anr" dev="mmcblk0p20" ino=567841 scontext=u:r:untrusted_app:s0:c512,c768 tcontext=u:object_r:anr_data_file:s0 tclass=dir permissive=0
05-05 11:39:19.117307   979  1811 I am_proc_died: [0,23763,android.process.media]
05-05 11:39:19.119411   979  1811 I am_low_memory: 23
05-05 11:39:19.789222   979   994 I am_proc_start: [0,23936,10117,com.tencent.mm,broadcast,com.tencent.mm/.booter.NotifyReceiver]
05-05 11:39:19.824259   979  1808 I am_proc_bound: [0,23936,com.tencent.mm]
05-05 11:39:19.988149   979 32398 I am_proc_died: [0,23733,com.afmobi.boomplayer]
05-05 11:39:19.988683   979 32398 I am_schedule_service_restart: [0,com.afmobi.boomplayer/.service.PlayerService,66994]
05-05 11:39:19.990391   979 32398 I am_low_memory: 23
05-05 11:39:20.290000 23954 23954 I auditd  : type=1400 audit(0.0:12420): avc: denied { read } for comm="pool-1-thread-2" name="address" dev="sysfs" ino=13617 scontext=u:r:untrusted_app:s0:c512,c768 tcontext=u:object_r:sysfs:s0 tclass=file permissive=0
05-05 11:39:21.488161   979  1813 I am_proc_died: [0,23304,org.simalliance.openmobileapi.service:remote]
05-05 11:39:21.490916   979  1813 I am_schedule_service_restart: [0,org.simalliance.openmobileapi.service/.SmartcardService,75492]
05-05 11:39:21.492677   979  1813 I am_low_memory: 22
05-05 11:39:22.847717   979  1483 I am_proc_died: [0,23328,org.simalliance.openmobileapi.uicc1terminal]
05-05 11:39:23.097587   979  1103 I am_proc_died: [0,23355,org.simalliance.openmobileapi.eseterminal]
05-05 11:39:24.858097   979  1352 I am_proc_died: [0,23341,org.simalliance.openmobileapi.uicc2terminal]
05-05 11:39:24.859777   979  1352 I am_low_memory: 19
05-05 11:39:25.929032   979 32398 I am_proc_died: [0,23813,com.tencent.mobileqq:MSF]
05-05 11:39:25.929501   979 32398 I am_schedule_service_restart: [0,com.tencent.mobileqq/.msf.service.MsfService,81053]
05-05 11:39:25.930696   979 32398 I am_low_memory: 18
05-05 11:39:27.008461   979   994 I am_proc_start: [0,23997,10118,com.viber.voip,service,com.viber.voip/com.viber.service.VoipConnectorService]
05-05 11:39:27.042961   979  1229 I am_proc_bound: [0,23997,com.viber.voip]
05-05 11:39:27.630766   979  1812 I force_gc: Binder
05-05 11:39:28.337086   979   989 I am_proc_start: [0,24044,10015,com.google.android.gms,service,com.google.android.gms/.ads.identifier.service.AdvertisingIdService]
05-05 11:39:28.346029   979  1104 I am_proc_bound: [0,24044,com.google.android.gms]
05-05 11:39:28.851056   979   979 I notification_cancel: [10015,24044,com.google.android.gms,10436,NOT_MNC,0,0,1088,8,NULL]
05-05 11:39:28.851339   979   979 I notification_cancel: [10015,24044,com.google.android.gms,39789,NOT_MNC,0,0,1088,8,NULL]
05-05 11:39:30.442765   979  1758 I am_proc_start: [0,24148,10003,android.process.acore,content provider,com.android.providers.contacts/.ContactsProvider2]
05-05 11:39:30.478730   979  1352 I am_proc_bound: [0,24148,android.process.acore]
05-05 11:39:30.481820   979   979 I notification_cancel: [10118,23997,com.viber.voip,-1003,message,0,0,1088,8,NULL]
05-05 11:39:30.482618   979   979 I notification_cancel: [10118,23997,com.viber.voip,-1013,missed_call,0,0,1088,8,NULL]
05-05 11:39:30.483344   979   979 I notification_cancel: [10118,23997,com.viber.voip,-1012,hidden_message,0,0,1088,8,NULL]
05-05 11:39:30.491070   979   979 I notification_cancel: [10118,23997,com.viber.voip,-1011,like,0,0,1088,8,NULL]
05-05 11:39:30.497021   979   979 I notification_cancel: [10118,23997,com.viber.voip,-1011,hidden_like,0,0,1088,8,NULL]
05-05 11:39:30.660000 24167 24167 I auditd  : type=1400 audit(0.0:12421): avc: denied { search } for comm="sh" name="bin" dev="mmcblk0p20" ino=608401 scontext=u:r:untrusted_app:s0:c512,c768 tcontext=u:object_r:adbd_data_file:s0 tclass=dir permissive=0
05-05 11:39:30.780000 24170 24170 I auditd  : type=1400 audit(0.0:12422): avc: denied { search } for comm="sh" name="bin" dev="mmcblk0p20" ino=608401 scontext=u:r:untrusted_app:s0:c512,c768 tcontext=u:object_r:adbd_data_file:s0 tclass=dir permissive=0
05-05 11:39:32.597534   979  1465 I am_proc_died: [0,24044,com.google.android.gms]
05-05 11:39:32.599839   979  1465 I am_low_memory: 20
05-05 11:39:33.025229   979   993 I device_idle_light_step: []
05-05 11:39:33.053595   979   993 I device_idle_light: [4,s:alarm]
05-05 11:39:33.054357   979   993 I device_idle_on_start: []
05-05 11:39:33.634038   979   993 I device_idle_on_phase: net
05-05 11:39:33.635286   979   993 I device_idle_on_complete: []
05-05 11:39:33.739931   979   979 I notification_cancel: [10096,15406,com.facebook.katana,714499313,X.07Y,0,0,1088,8,NULL]
05-05 11:39:33.741096   979   979 I notification_cancel: [10096,15406,com.facebook.katana,714499313,X.07Y,0,0,1088,8,NULL]
05-05 11:39:33.764792   979   979 I notification_cancel: [10096,15406,com.facebook.katana,714499313,X.07Y,0,0,1088,8,NULL]
05-05 11:39:34.465176   979   990 I am_proc_died: [0,23853,com.tencent.mobileqq]
05-05 11:39:34.467085   979   990 I am_low_memory: 19
05-05 11:39:35.590361   979   979 I notification_cancel: [10117,23936,com.tencent.mm,40,NULL,0,0,1088,8,NULL]
05-05 11:40:31.101616   979   993 I am_pss  : [23883,10117,com.tencent.mm:push,22680576,13959168,236544]
05-05 11:40:33.118037   979  1812 I am_proc_start: [0,24245,10015,com.google.android.gms,service,com.google.android.gms/.ads.identifier.service.AdvertisingIdService]
05-05 11:40:33.142146   979   990 I am_proc_bound: [0,24245,com.google.android.gms]
05-05 11:40:33.733017   979   979 I notification_cancel: [10015,24245,com.google.android.gms,10436,NOT_MNC,0,0,1088,8,NULL]
05-05 11:40:33.733497   979   979 I notification_cancel: [10015,24245,com.google.android.gms,39789,NOT_MNC,0,0,1088,8,NULL]
05-05 11:41:11.050719 21803 23805 I gtalk_conn_close: [276,124]
05-05 11:41:12.027781   979   979 I notification_cancel: [1000,979,android,119,CaptivePortal.Notification,-1,0,0,8,NULL]
05-05 11:41:22.211380 21803 24269 I c2dm    : [-2,NULL,1,1]
05-05 11:41:22.279711 21803 24271 I c2dm    : [3,NULL,1,1]
05-05 11:41:22.286068 21803 24271 I gtalk_heartbeat_reset: [66376,64.233.189.188:5228]
05-05 11:41:22.287637 21803 24271 I gtalk_connection: 0
05-05 11:41:22.293096 21803 24271 I c2dm    : [7,,1,1]
05-05 11:43:27.030958 21803 24271 I gtalk_conn_close: [276,124]
05-05 11:43:27.380125   979   994 I am_proc_start: [0,24273,10119,com.tencent.qqpim,service,com.tencent.qqpim/com.tencent.wscl.wsframework.services.sys.background.WsBackgroundService]
05-05 11:43:27.409945   979  1829 I am_proc_bound: [0,24273,com.tencent.qqpim]
05-05 11:43:28.013791   979   979 I notification_cancel: [1000,979,android,119,CaptivePortal.Notification,-1,0,0,8,NULL]
05-05 11:43:34.050000 24295 24295 I auditd  : type=1400 audit(0.0:12423): avc: denied { search } for comm="m.tencent.qqpim" name="bin" dev="mmcblk0p20" ino=608401 scontext=u:r:untrusted_app:s0:c512,c768 tcontext=u:object_r:adbd_data_file:s0 tclass=dir permissive=0
05-05 11:43:34.080000 24300 24300 I auditd  : type=1400 audit(0.0:12424): avc: denied { search } for comm="m.tencent.qqpim" name="bin" dev="mmcblk0p20" ino=608401 scontext=u:r:untrusted_app:s0:c512,c768 tcontext=u:object_r:adbd_data_file:s0 tclass=dir permissive=0
05-05 11:43:34.180000 24273 24273 I auditd  : type=1400 audit(0.0:12425): avc: denied { read } for comm="m.tencent.qqpim" name="anr" dev="mmcblk0p20" ino=567841 scontext=u:r:untrusted_app:s0:c512,c768 tcontext=u:object_r:anr_data_file:s0 tclass=dir permissive=0
05-05 11:44:28.140868   979   993 I am_pss  : [23936,10117,com.tencent.mm,83144704,73211904,202752]
05-05 11:44:28.150000 24313 24313 I auditd  : type=1400 audit(0.0:12426): avc: denied { search } for comm="sh" name="bin" dev="mmcblk0p20" ino=608401 scontext=u:r:untrusted_app:s0:c512,c768 tcontext=u:object_r:adbd_data_file:s0 tclass=dir permissive=0
05-05 11:44:28.235602   979   993 I am_pss  : [23997,10118,com.viber.voip,37018624,32194560,198656]
05-05 11:44:28.628741 21803 24316 I c2dm    : [-2,NULL,1,1]
05-05 11:44:28.701502 21803 24326 I c2dm    : [3,NULL,1,1]
05-05 11:44:28.708182 21803 24326 I gtalk_heartbeat_reset: [66376,64.233.188.188:5228]
05-05 11:44:28.709840 21803 24326 I gtalk_connection: 0
05-05 11:44:28.715481 21803 24326 I c2dm    : [7,,1,1]
05-05 11:44:33.025987   979   993 I device_idle_light_step: []
05-05 11:44:33.032100   979   993 I device_idle_light: [6,s:alarm]
05-05 11:44:33.032724   979   993 I device_idle_off_start: unknown
05-05 11:44:33.282723   979   993 I device_idle_off_phase: net
05-05 11:44:33.284421   979   993 I device_idle_off_complete: []
05-05 11:44:33.415592   979   979 I am_proc_start: [0,24337,10066,com.hzay.market,service,com.hzay.market/com.afmobi.palmplay.service.KeepLiveService]
05-05 11:44:33.457649   979 32398 I am_proc_bound: [0,24337,com.hzay.market]
05-05 11:44:33.960000 24366 24366 I auditd  : type=1400 audit(0.0:12427): avc: denied { search } for comm="sh" name="bin" dev="mmcblk0p20" ino=608401 scontext=u:r:untrusted_app:s0:c512,c768 tcontext=u:object_r:adbd_data_file:s0 tclass=dir permissive=0
05-05 11:44:34.170000 24371 24371 I auditd  : type=1400 audit(0.0:12428): avc: denied { search } for comm="sh" name="bin" dev="mmcblk0p20" ino=608401 scontext=u:r:untrusted_app:s0:c512,c768 tcontext=u:object_r:adbd_data_file:s0 tclass=dir permissive=0
05-05 11:44:34.210000 24365 24365 I auditd  : type=1400 audit(0.0:12429): avc: denied { read } for comm="BUGLY_THREAD" name="type" dev="sysfs" ino=9944 scontext=u:r:untrusted_app:s0:c512,c768 tcontext=u:object_r:sysfs:s0 tclass=file permissive=0
05-05 11:44:34.240000 24365 24365 I auditd  : type=1400 audit(0.0:12430): avc: denied { read } for comm="BUGLY_THREAD" name="online" dev="sysfs" ino=13055 scontext=u:r:untrusted_app:s0:c512,c768 tcontext=u:object_r:sysfs:s0 tclass=file permissive=0
05-05 11:44:34.464617   979   979 I am_proc_start: [0,24384,10097,com.facebook.orca,service,com.facebook.orca/com.facebook.analytics2.logger.LollipopUploadService]
05-05 11:44:34.542721   979  1465 I am_proc_bound: [0,24384,com.facebook.orca]
05-05 11:44:35.324299   979   979 I free_storage_changed: 6562971648
05-05 11:44:35.540000 24329 24329 I auditd  : type=1400 audit(0.0:12431): avc: denied { read } for comm="on-Shark-Looper" name="type" dev="sysfs" ino=9944 scontext=u:r:untrusted_app:s0:c512,c768 tcontext=u:object_r:sysfs:s0 tclass=file permissive=0
05-05 11:44:37.178742   979  1812 I am_proc_died: [0,24148,android.process.acore]
05-05 11:44:38.290000 24476 24476 I auditd  : type=1400 audit(0.0:12432): avc: denied { search } for comm="sh" name="bin" dev="mmcblk0p20" ino=608401 scontext=u:r:untrusted_app:s0:c512,c768 tcontext=u:object_r:adbd_data_file:s0 tclass=dir permissive=0
05-05 11:44:38.320031   979   993 I device_idle_light_step: []
05-05 11:44:38.325673   979   993 I device_idle_light: [4,s:early]
05-05 11:44:38.326769   979   993 I device_idle_on_start: []
05-05 11:44:38.410000 24479 24479 I auditd  : type=1400 audit(0.0:12433): avc: denied { search } for comm="sh" name="bin" dev="mmcblk0p20" ino=608401 scontext=u:r:untrusted_app:s0:c512,c768 tcontext=u:object_r:adbd_data_file:s0 tclass=dir permissive=0
05-05 11:44:38.712765   979   993 I device_idle_on_phase: net
05-05 11:44:38.713905   979   993 I device_idle_on_complete: []
05-05 11:44:40.835707   979   979 I notification_cancel: [10097,24384,com.facebook.orca,200,NULL,0,0,1088,8,NULL]
05-05 11:44:40.936292   979   979 I notification_cancel: [10097,24384,com.facebook.orca,10011,NULL,0,0,1088,8,NULL]
05-05 11:44:45.141331   979   993 I am_proc_start: [0,24514,10070,com.android.printspooler,service,com.android.printspooler/.model.PrintSpoolerService]
05-05 11:44:45.189595   979  1465 I am_proc_bound: [0,24514,com.android.printspooler]
05-05 11:44:53.449788   979  1352 I am_proc_died: [0,21930,com.google.process.gapps]
05-05 11:44:53.533706   979   993 I am_pss  : [24273,10119,com.tencent.qqpim,18921472,15491072,199680]
05-05 11:45:21.066909   979  1019 I am_wtf  : [0,979,system_server,-1,ActivityManager,Sending non-protected broadcast com.android.deskclock.ON_QUARTER_HOUR from system uid 1000 pkg com.android.deskclock]
05-05 11:45:21.117892   979  1808 I am_proc_start: [0,24539,1000,com.android.deskclock,broadcast,com.android.deskclock/com.android.alarmclock.NewDigitalAppWidgetProvider]
05-05 11:45:21.145895   979  1104 I am_proc_bound: [0,24539,com.android.deskclock]
05-05 11:45:21.155783   979   979 I power_screen_state: [1,0,0,0]
05-05 11:45:21.156039   979   979 I screen_toggled: 1
05-05 11:45:21.159215   979   979 I power_screen_broadcast_send: 1
05-05 11:45:21.171969  1080  1080 I sysui_histogram: [note_load,3]
05-05 11:45:21.172478   979  1483 I notification_panel_revealed: 3
05-05 11:45:21.174992   979  1465 I notification_visibility: [0|com.itel.flowcontrol|1|null|1000,1,60171589,658937,0,1]
05-05 11:45:21.175135   979  1465 I notification_visibility: [0|com.mediatek.mtklogger|2130837539|null|10082,1,60915833,60915832,0,2]
05-05 11:45:21.175224   979  1465 I notification_visibility: [0|com.android.deskclock|2|null|1000,1,37820052,37820052,0,0]
05-05 11:45:21.222391   979   979 I device_idle: [0,screen]
05-05 11:45:21.222441   979   979 I device_idle_light: [0,screen]
05-05 11:45:21.222897   979   993 I device_idle_off_start: screen
05-05 11:45:21.624263   979   993 I device_idle_off_phase: net
05-05 11:45:21.624644   223   223 I sf_frame_dur: [ColorFade,29,13,2,0,0,0,0]
05-05 11:45:21.626635   979   993 I device_idle_off_complete: []
05-05 11:45:21.778648   979   993 I am_pss  : [24337,10066,com.hzay.market,12823552,9723904,177152]
05-05 11:45:21.876230   979   993 I am_pss  : [15406,10096,com.facebook.katana,36902912,24694784,10573824]
05-05 11:45:21.949140   979   979 I notification_cancel: [10096,15406,com.facebook.katana,714499313,X.07Y,0,0,1088,8,NULL]
05-05 11:45:21.963029   979   979 I notification_cancel: [10096,15406,com.facebook.katana,714499313,X.07Y,0,0,1088,8,NULL]
05-05 11:45:22.111518   979  1103 I am_proc_start: [0,24562,10015,com.google.process.gapps,content provider,com.google.android.gsf/.gservices.GservicesProvider]
05-05 11:45:22.143788   979  1465 I am_proc_bound: [0,24562,com.google.process.gapps]
05-05 11:45:22.164218   979   979 I power_screen_broadcast_done: [1,1005,1]
05-05 11:45:22.288041   979   979 I notification_cancel: [10096,15406,com.facebook.katana,714499313,X.07Y,0,0,1088,8,NULL]
05-05 11:45:22.595494   979   979 I notification_cancel: [10015,24245,com.google.android.gms,10436,NULL,0,0,1088,8,NULL]
05-05 11:45:23.206156  1080  1080 I sysui_lockscreen_gesture: [1,255,2856]
05-05 11:45:23.214606  1080  1080 I sysui_status_bar_state: [1,1,0,1,1,0]
05-05 11:45:23.335512   979  1103 I notification_visibility: [0|com.itel.flowcontrol|1|null|1000,0,60173750,661098,0,1]
05-05 11:45:23.335639   979  1103 I notification_visibility: [0|com.mediatek.mtklogger|2130837539|null|10082,0,60917993,60917992,0,2]
05-05 11:45:23.335712   979  1103 I notification_visibility: [0|com.android.deskclock|2|null|1000,0,37822212,37822212,0,0]
05-05 11:45:23.336217   979  1813 I notification_panel_hidden: []
05-05 11:45:24.255292   979   994 I am_proc_start: [0,24584,10060,com.cooyiqi.itel,service,com.cooyiqi.itel/com.iekie.lovelyfonts.fonts.upgrade.FontUManagerService]
05-05 11:45:24.279602   979   989 I am_proc_bound: [0,24584,com.cooyiqi.itel]
05-05 11:45:24.712276   979  1811 I am_proc_died: [0,24514,com.android.printspooler]
05-05 11:45:24.969846   979   979 I notification_cancel: [10097,24384,com.facebook.orca,10011,NULL,0,0,1088,8,NULL]
05-05 11:45:31.066847   979   979 I notification_cancel: [10028,1080,com.android.systemui,2132017197,low_battery,-1,0,1088,8,NULL]
05-05 11:45:33.092693   979  1005 I power_sleep_requested: 0
05-05 11:45:33.412967   979  1352 I am_proc_died: [0,24539,com.android.deskclock]
05-05 11:45:33.419384   979  1352 I am_low_memory: 23
05-05 11:45:33.535056   979   993 I am_pss  : [24384,10097,com.facebook.orca,48645120,44834816,186368]
05-05 11:45:33.832831   979   979 I device_idle: [1,no activity]
05-05 11:45:33.852439   979   979 I device_idle_light: [1,no activity]
05-05 11:45:34.225733   979   979 I power_screen_state: [0,3,0,0]
05-05 11:45:34.225776   979   979 I screen_toggled: 0
05-05 11:45:34.225848   979   979 I sysui_histogram: [screen_timeout,30]
05-05 11:45:34.226127   979   979 I power_screen_broadcast_send: 1
05-05 11:45:34.282426   979   994 I am_proc_start: [0,24616,10037,com.afmobi.boomplayer,service,com.afmobi.boomplayer/.service.PlayerService]
05-05 11:45:34.379344  1080  1080 I sysui_status_bar_state: [1,1,0,0,1,0]
05-05 11:45:34.462921   979 32398 I am_proc_bound: [0,24616,com.afmobi.boomplayer]
05-05 11:45:34.606989   979  7527 I am_kill : [0,24337,com.hzay.market,800,kill background]
05-05 11:45:34.607991   979  7527 I am_schedule_service_restart: [0,com.hzay.market/com.afmobi.palmplay.service.PalmplaySysService,29629]
05-05 11:45:34.665396   979   979 I notification_cancel_all: [1000,979,com.hzay.market,0,0,0,5,NULL]
05-05 11:45:34.684709   979   979 I notification_cancel_all: [1000,979,com.cootek.smartinputv5.language.vietnam,0,0,0,5,NULL]
05-05 11:45:34.707699   979   979 I notification_cancel_all: [1000,979,com.opera.mini.native,0,0,0,5,NULL]
05-05 11:45:34.741153   979   979 I notification_cancel_all: [1000,979,com.cootek.smartinputv5.language.urdu,0,0,0,5,NULL]
05-05 11:45:34.764933   979   979 I notification_cancel_all: [1000,979,com.cootek.smartinputv5.language.hausa,0,0,0,5,NULL]
05-05 11:45:34.789163   979   979 I notification_cancel_all: [1000,979,com.cootek.smartinputv5.language.hindi,0,0,0,5,NULL]
05-05 11:45:34.812196   979   979 I notification_cancel_all: [1000,979,com.cootek.smartinputv5.language.oromo,0,0,0,5,NULL]
05-05 11:45:34.836615   979   979 I notification_cancel_all: [1000,979,com.excelliance.dualaid.vend,0,0,0,5,NULL]
05-05 11:45:34.866120   979   979 I notification_cancel_all: [1000,979,com.cootek.smartinputv5.language.vietnamsimple,0,0,0,5,NULL]
05-05 11:45:34.889144   979   979 I notification_cancel_all: [1000,979,com.cootek.smartinputv5.language.swahili,0,0,0,5,NULL]
05-05 11:45:34.912553   979   979 I notification_cancel_all: [1000,979,com.hzay.market,0,0,0,5,NULL]
05-05 11:45:34.933038   979   979 I notification_cancel_all: [1000,979,com.cootek.smartinputv5.language.portuguesebr,0,0,0,5,NULL]
05-05 11:45:34.953809   979   979 I notification_cancel_all: [1000,979,com.cootek.smartinputv5.language.portuguesept,0,0,0,5,NULL]
05-05 11:45:34.974324   979   979 I notification_cancel_all: [1000,979,com.cootek.smartinputv5.language.arabic,0,0,0,5,NULL]
05-05 11:45:34.983933   979   979 I notification_cancel_all: [1000,979,com.cootek.smartinputv5.language.french,0,0,0,5,NULL]
05-05 11:45:35.002344   979   979 I notification_cancel_all: [1000,979,com.cootek.smartinputv5.language.amharic,0,0,0,5,NULL]
05-05 11:45:35.017339   979   979 I notification_cancel_all: [1000,979,com.cootek.smartinputv5.skin.defaultwhite,0,0,0,5,NULL]
05-05 11:45:35.033808   979   979 I notification_cancel_all: [1000,979,com.cootek.smartinputv5.language.bengali,0,0,0,5,NULL]
05-05 11:45:35.046820   979  7527 I am_kill : [0,24273,com.tencent.qqpim,800,kill background]
05-05 11:45:35.047085   979   979 I notification_cancel_all: [1000,979,com.cootek.smartinputv5.language.hindilatin,0,0,0,5,NULL]
05-05 11:45:35.047714   979  7527 I am_schedule_service_restart: [0,com.tencent.qqpim/com.tencent.wscl.wsframework.services.sys.background.WsBackgroundService,29190]
05-05 11:45:35.047904   979  7527 I am_schedule_service_restart: [0,com.tencent.qqpim/.apps.recoverdeletedcontact.monitor.MonitorContactDBChangeService,39189]
05-05 11:45:35.070075   979   979 I notification_cancel_all: [1000,979,org.getlantern.lantern,0,0,0,5,NULL]
05-05 11:45:35.093999   979   979 I notification_cancel_all: [1000,979,com.tencent.qqpim,0,0,0,5,NULL]
05-05 11:45:35.097288   979   979 I notification_cancel_all: [1000,979,com.tencent.android.qqdownloader,0,0,0,5,NULL]
05-05 11:45:35.100771   979   979 I power_screen_broadcast_done: [0,875,1]
05-05 11:45:35.558505   979  1483 I am_proc_start: [0,24644,10011,android.process.media,content provider,com.android.providers.media/.MediaProvider]
05-05 11:45:35.596741   979  1829 I am_proc_bound: [0,24644,android.process.media]
05-05 11:45:39.484968   979  1811 I am_proc_died: [0,23936,com.tencent.mm]
05-05 11:45:39.486039   979  1811 I am_schedule_service_restart: [0,com.tencent.mm/.booter.NotifyReceiver$NotifyService,24751]
05-05 11:45:39.487813   979  1811 I am_low_memory: 22
05-05 11:46:12.014498   979   979 I power_screen_state: [1,0,0,0]
05-05 11:46:12.014618   979   979 I screen_toggled: 1
05-05 11:46:12.014984   979   979 I power_screen_broadcast_send: 1
05-05 11:46:12.019124  1080  1080 I sysui_histogram: [note_load,3]
05-05 11:46:12.019730   979  1465 I notification_panel_revealed: 3
05-05 11:46:12.020703   979  1829 I notification_visibility: [0|com.itel.flowcontrol|1|null|1000,1,60222435,709783,0,1]
05-05 11:46:12.020826   979  1829 I notification_visibility: [0|com.mediatek.mtklogger|2130837539|null|10082,1,60966678,60966677,0,2]
05-05 11:46:12.020900   979  1829 I notification_visibility: [0|com.android.deskclock|2|null|1000,1,37870897,37870897,0,0]
05-05 11:46:12.322371   979   979 I device_idle: [0,screen]
05-05 11:46:12.322413   979   979 I device_idle_light: [0,screen]
05-05 11:46:12.323256   979   993 I device_idle_off_start: screen
05-05 11:46:12.323570   979   993 I device_idle_off_complete: []
05-05 11:46:12.470518   979   979 I power_screen_broadcast_done: [1,456,1]
05-05 11:46:12.595869   223   223 I sf_frame_dur: [ColorFade,27,12,2,0,0,0,0]
05-05 11:46:14.938897   979   994 I am_proc_start: [0,24675,10085,org.simalliance.openmobileapi.service:remote,service,org.simalliance.openmobileapi.service/.SmartcardService]
05-05 11:46:14.968355   979  1811 I am_proc_bound: [0,24675,org.simalliance.openmobileapi.service:remote]
05-05 11:46:15.041438   979   993 I am_pss  : [24245,10015,com.google.android.gms,16908288,14168064,197632]
05-05 11:46:15.065161   979  1757 I am_proc_start: [0,24688,10087,org.simalliance.openmobileapi.uicc1terminal,service,org.simalliance.openmobileapi.uicc1terminal/.Uicc1Terminal]
05-05 11:46:15.084589   979  1352 I am_proc_start: [0,24701,10088,org.simalliance.openmobileapi.uicc2terminal,service,org.simalliance.openmobileapi.uicc2terminal/.Uicc2Terminal]
05-05 11:46:15.090219   979 32398 I am_proc_bound: [0,24688,org.simalliance.openmobileapi.uicc1terminal]
05-05 11:46:15.111941   979  1832 I am_proc_start: [0,24714,10089,org.simalliance.openmobileapi.eseterminal,service,org.simalliance.openmobileapi.eseterminal/.eSETerminal]
05-05 11:46:15.113152   979   993 I am_pss  : [24584,10060,com.cooyiqi.itel,8884224,6651904,190464]
05-05 11:46:15.113730   979  1758 I am_proc_bound: [0,24701,org.simalliance.openmobileapi.uicc2terminal]
05-05 11:46:15.137721   979   989 I am_proc_bound: [0,24714,org.simalliance.openmobileapi.eseterminal]
05-05 11:46:15.743766  1080  1080 I sysui_lockscreen_gesture: [1,226,1745]
05-05 11:46:15.748952  1080  1080 I sysui_status_bar_state: [1,1,0,1,1,0]
05-05 11:46:15.932031   979  1757 I notification_visibility: [0|com.itel.flowcontrol|1|null|1000,0,60226346,713694,0,1]
05-05 11:46:15.932147   979  1757 I notification_visibility: [0|com.mediatek.mtklogger|2130837539|null|10082,0,60970590,60970589,0,2]
05-05 11:46:15.932223   979  1757 I notification_visibility: [0|com.android.deskclock|2|null|1000,0,37874809,37874809,0,0]
05-05 11:46:15.932715   979  1465 I notification_panel_hidden: []
05-05 11:46:16.892817  1080  1080 I screen_toggled: 2
05-05 11:46:17.198609   979  1808 I am_resume_activity: [0,255031378,374,com.android.settings/.Settings$BluetoothSettingsActivity]
05-05 11:46:17.351336  1080  1080 I sysui_view_visibility: [111,0]
05-05 11:46:17.355648   979  1352 I notification_expansion: [0|com.android.deskclock|2|null|1000,0,1,37876232,37876232,5335]
05-05 11:46:17.388913  1080  1080 I sysui_status_bar_state: [0,0,0,0,1,0]
05-05 11:46:17.494000   979   990 I am_proc_start: [0,24734,10066,com.hzay.market,broadcast,com.hzay.market/com.afmobi.palmplay.receivers.BootReceiver]
05-05 11:46:17.547836   979 32394 I am_proc_bound: [0,24734,com.hzay.market]
05-05 11:46:17.564914 19236 19236 I sysui_view_visibility: [24,100]
05-05 11:46:17.732112 19236 19236 I am_on_resume_called: [0,com.android.settings.Settings$BluetoothSettingsActivity,RESUME_ACTIVITY]
05-05 11:46:17.760000  1483  1483 I auditd  : type=1400 audit(0.0:12434): avc: denied { read open } for comm="Binder:979_A" path="/data/media/0" dev="mmcblk0p20" ino=454275 scontext=u:r:system_server:s0 tcontext=u:object_r:media_rw_data_file:s0 tclass=dir permissive=0
05-05 11:46:18.160000 24764 24764 I auditd  : type=1400 audit(0.0:12435): avc: denied { search } for comm="sh" name="bin" dev="mmcblk0p20" ino=608401 scontext=u:r:untrusted_app:s0:c512,c768 tcontext=u:object_r:adbd_data_file:s0 tclass=dir permissive=0
05-05 11:46:18.300000 24771 24771 I auditd  : type=1400 audit(0.0:12436): avc: denied { search } for comm="sh" name="bin" dev="mmcblk0p20" ino=608401 scontext=u:r:untrusted_app:s0:c512,c768 tcontext=u:object_r:adbd_data_file:s0 tclass=dir permissive=0
05-05 11:46:18.330000 24761 24761 I auditd  : type=1400 audit(0.0:12437): avc: denied { read } for comm="BUGLY_THREAD" name="type" dev="sysfs" ino=9944 scontext=u:r:untrusted_app:s0:c512,c768 tcontext=u:object_r:sysfs:s0 tclass=file permissive=0
05-05 11:46:18.330000 24761 24761 I auditd  : type=1400 audit(0.0:12438): avc: denied { read } for comm="BUGLY_THREAD" name="online" dev="sysfs" ino=13055 scontext=u:r:untrusted_app:s0:c512,c768 tcontext=u:object_r:sysfs:s0 tclass=file permissive=0
05-05 11:46:18.551540   979  1352 I am_proc_start: [0,24795,1000,com.itel.freezer,broadcast,com.itel.freezer/.MBootBroadcastReceiver]
05-05 11:46:18.580704   979  1229 I am_proc_bound: [0,24795,com.itel.freezer]
05-05 11:46:18.944294   979  1011 I am_proc_start: [0,24824,10009,com.android.defcontainer,service,com.android.defcontainer/.DefaultContainerService]
05-05 11:46:18.967590   979  1483 I am_proc_bound: [0,24824,com.android.defcontainer]
05-05 11:46:19.067846 24562 24812 I force_gc: Binder
05-05 11:46:19.121540   979  1104 I am_wtf  : [0,979,system_server,-1,ActivityManager,Sending non-protected broadcast Init_memory from system 24795:com.itel.freezer/1000 pkg com.itel.freezer]
05-05 11:46:19.181859   979  1465 I am_wtf  : [0,979,system_server,-1,ActivityManager,Sending non-protected broadcast Init_memory from system 24795:com.itel.freezer/1000 pkg com.itel.freezer]
05-05 11:46:19.223099   979  1103 I am_wtf  : [0,979,system_server,-1,ActivityManager,Sending non-protected broadcast Init_memory from system 24795:com.itel.freezer/1000 pkg com.itel.freezer]
05-05 11:46:19.257992   979  1832 I am_wtf  : [0,979,system_server,-1,ActivityManager,Sending non-protected broadcast Init_memory from system 24795:com.itel.freezer/1000 pkg com.itel.freezer]
05-05 11:46:19.294535   979  1829 I am_wtf  : [0,979,system_server,-1,ActivityManager,Sending non-protected broadcast Init_memory from system 24795:com.itel.freezer/1000 pkg com.itel.freezer]
05-05 11:46:19.398514   979  1352 I am_wtf  : [0,979,system_server,-1,ActivityManager,Sending non-protected broadcast Init_memory from system 24795:com.itel.freezer/1000 pkg com.itel.freezer]
05-05 11:46:19.453157   979  1483 I am_wtf  : [0,979,system_server,-1,ActivityManager,Sending non-protected broadcast Init_memory from system 24795:com.itel.freezer/1000 pkg com.itel.freezer]
05-05 11:46:19.468752 24245 24245 I force_gc: Binder
05-05 11:46:19.472093   979  1229 I am_wtf  : [0,979,system_server,-1,ActivityManager,Sending non-protected broadcast Init_memory from system 24795:com.itel.freezer/1000 pkg com.itel.freezer]
05-05 11:46:19.497212   979  1103 I am_wtf  : [0,979,system_server,-1,ActivityManager,Sending non-protected broadcast Init_memory from system 24795:com.itel.freezer/1000 pkg com.itel.freezer]
05-05 11:46:19.530994   979 32398 I am_wtf  : [0,979,system_server,-1,ActivityManager,Sending non-protected broadcast Init_memory from system 24795:com.itel.freezer/1000 pkg com.itel.freezer]
05-05 11:46:19.547207   979  1808 I am_wtf  : [0,979,system_server,-1,ActivityManager,Sending non-protected broadcast Init_memory from system 24795:com.itel.freezer/1000 pkg com.itel.freezer]
05-05 11:46:19.573843   979  1352 I am_wtf  : [0,979,system_server,-1,ActivityManager,Sending non-protected broadcast Init_memory from system 24795:com.itel.freezer/1000 pkg com.itel.freezer]
05-05 11:46:19.698688   979  1758 I am_wtf  : [0,979,system_server,-1,ActivityManager,Sending non-protected broadcast Init_memory from system 24795:com.itel.freezer/1000 pkg com.itel.freezer]
05-05 11:46:19.722900   979  1465 I am_wtf  : [0,979,system_server,-1,ActivityManager,Sending non-protected broadcast Init_memory from system 24795:com.itel.freezer/1000 pkg com.itel.freezer]
05-05 11:46:19.747632   979  1352 I am_wtf  : [0,979,system_server,-1,ActivityManager,Sending non-protected broadcast Init_memory from system 24795:com.itel.freezer/1000 pkg com.itel.freezer]
05-05 11:46:19.775068   979  1812 I am_wtf  : [0,979,system_server,-1,ActivityManager,Sending non-protected broadcast Init_memory from system 24795:com.itel.freezer/1000 pkg com.itel.freezer]
