05-05 11:46:53.321015   979   979 I notification_cancel: [10082,3184,com.mediatek.mtklogger,2130837521,NULL,0,0,1088,8,NULL]
05-05 11:46:53.617799   223   223 I sf_frame_dur: [,73,0,0,0,0,0,0]
05-05 11:46:53.769257   979  1351 I am_new_intent: [0,84416182,314,com.android.systemui/.recents.RecentsActivity,NULL,NULL,NULL,276840448]
05-05 11:46:53.769517   979  1351 I am_focused_stack: [0,0,1,bringingFoundTaskToFront setFocusedActivity]
05-05 11:46:53.769935   979  1351 I wm_task_moved: [314,1,1]
05-05 11:46:53.773780   979  1351 I am_focused_activity: [0,com.android.systemui/.recents.RecentsActivity,bringingFoundTaskToFront]
05-05 11:46:53.774195   979  1351 I am_pause_activity: [0,201485196,com.mediatek.mtklogger/.MainActivity]
05-05 11:46:53.780092   979  1351 I am_restart_activity: [0,133220853,314,com.android.systemui/.recents.RecentsActivity]
05-05 11:46:53.825672   979  1351 I am_pause_activity: [0,133220853,com.android.systemui/.recents.RecentsActivity]
05-05 11:46:53.830805   979  1351 I am_resume_activity: [0,133220853,314,com.android.systemui/.recents.RecentsActivity]
05-05 11:46:53.831489   979  1351 I am_task_to_front: [0,314]
05-05 11:46:53.833134   979  1351 I sysui_action: [323,com.android.systemui/.recents.RecentsActivity]
05-05 11:46:53.833189   979  1351 I sysui_action: [324,true]
05-05 11:46:53.833231   979  1351 I sysui_action: [325,21566]
05-05 11:46:53.835201   979   994 I am_stop_activity: [0,201485196,com.mediatek.mtklogger/.MainActivity]
05-05 11:46:53.837331   979   994 I sysui_count: [window_time_0,5]
05-05 11:46:53.838561  3184  3184 I am_on_paused_called: [0,com.mediatek.mtklogger.MainActivity,handlePauseActivity]
05-05 11:46:53.842536  3184  3184 I am_on_stop_called: [0,com.mediatek.mtklogger.MainActivity,handleStopActivity]
05-05 11:46:53.866650   979   994 I am_destroy_activity: [0,201485196,379,com.mediatek.mtklogger/.MainActivity,always-finish]
05-05 11:46:53.946395  1080  1080 I sysui_count: [overview_trigger_nav_btn,1]
05-05 11:46:53.946504  1080  1080 I sysui_count: [overview_source_app,1]
05-05 11:46:53.946553  1080  1080 I sysui_histogram: [overview_source_app_index,5]
05-05 11:46:53.946583  1080  1080 I sysui_histogram: [overview_task_count,6]
05-05 11:46:53.948634  1080  1080 I sysui_view_visibility: [224,100]
05-05 11:46:53.979519  1080  1080 I sysui_count: [overview_trigger_nav_btn,1]
05-05 11:46:53.979619  1080  1080 I sysui_count: [overview_source_app,1]
05-05 11:46:53.979669  1080  1080 I sysui_histogram: [overview_source_app_index,5]
05-05 11:46:53.979700  1080  1080 I sysui_histogram: [overview_task_count,6]
05-05 11:46:53.996585   979 32398 I am_proc_start: [0,25814,10117,com.tencent.mm:push,service,com.tencent.mm/.booter.CoreService]
05-05 11:46:53.999207  1080  1080 I am_on_resume_called: [0,com.android.systemui.recents.RecentsActivity,LAUNCH_ACTIVITY]
05-05 11:46:54.016783  1080  1080 I am_on_paused_called: [0,com.android.systemui.recents.RecentsActivity,handlePauseActivity]
05-05 11:46:54.018584  1080  1080 I am_on_resume_called: [0,com.android.systemui.recents.RecentsActivity,RESUME_ACTIVITY]
05-05 11:46:54.033838   979  1812 I am_proc_bound: [0,25814,com.tencent.mm:push]
05-05 11:46:54.235848   979  1002 I sysui_action: [320,2]
05-05 11:46:54.235955   979  1002 I sysui_action: [319,529]
05-05 11:46:54.238209   979  1002 I sysui_action: [322,532]
05-05 11:46:54.321074   979   979 I notification_cancel: [1000,979,com.mediatek.mtklogger,2130837539,NULL,0,0,0,8,NULL]
05-05 11:46:54.322899   979   979 I notification_canceled: [0|com.mediatek.mtklogger|2130837539|null|10082,8,2039,2034,0]
05-05 11:46:54.374367   979  1229 I am_proc_start: [0,25833,10117,com.tencent.mm:recovery,service,com.tencent.mm/com.tencent.recovery.service.RecoveryReportService]
05-05 11:46:54.404237   223   223 I sf_frame_dur: [com.mediatek.mtklogger/com.mediatek.mtklogger.MainActivity,1,4,2,2,2,1,1]
05-05 11:46:54.413363   979  1811 I am_proc_bound: [0,25833,com.tencent.mm:recovery]
05-05 11:46:55.483152   979   989 I force_gc: Binder
05-05 11:46:55.730000 25814 25814 I auditd  : type=1400 audit(0.0:12489): avc: denied { read } for comm="tencent.mm:push" name="anr" dev="mmcblk0p20" ino=567841 scontext=u:r:untrusted_app:s0:c512,c768 tcontext=u:object_r:anr_data_file:s0 tclass=dir permissive=0
05-05 11:46:56.119215   979  1811 I am_focused_stack: [0,1,0,moveTaskToFront setFocusedActivity]
05-05 11:46:56.119684   979  1811 I wm_task_moved: [378,1,5]
05-05 11:46:56.130468   979  1811 I am_focused_activity: [0,com.transsion.filemanager/.activity.MainActivity,moveTaskToFront]
05-05 11:46:56.130805   979  1811 I am_pause_activity: [0,133220853,com.android.systemui/.recents.RecentsActivity]
05-05 11:46:56.133119   979  1811 I am_task_to_front: [0,378]
05-05 11:46:56.133230   979  1811 I sysui_action: [323,com.transsion.filemanager/.activity.MainActivity]
05-05 11:46:56.133265   979  1811 I sysui_action: [324,true]
05-05 11:46:56.133310   979  1811 I sysui_action: [325,21569]
05-05 11:46:56.134025  1080  1080 I sysui_histogram: [overview_task_launch_index,1]
05-05 11:46:56.151580  1080  1080 I sysui_action: [277,ComponentInfo{com.transsion.filemanager/com.transsion.filemanager.activity.MainActivity}]
05-05 11:46:56.152587  1080  1080 I am_on_paused_called: [0,com.android.systemui.recents.RecentsActivity,handlePauseActivity]
05-05 11:46:56.211447   979  1758 I am_restart_activity: [0,179571038,378,com.transsion.filemanager/.activity.MainActivity]
05-05 11:46:56.219020   979   994 I sysui_count: [window_time_0,3]
05-05 11:46:56.393291   979  1002 I sysui_action: [321,275]
05-05 11:46:56.393532   979  1002 I sysui_action: [320,1]
05-05 11:46:56.393591   979  1002 I sysui_action: [319,275]
05-05 11:46:56.612945 25505 25505 I am_on_resume_called: [0,com.transsion.filemanager.activity.MainActivity,LAUNCH_ACTIVITY]
05-05 11:46:56.640000 32394 32394 I auditd  : type=1400 audit(0.0:12490): avc: denied { read open } for comm="Binder:979_15" path="/data/media/0" dev="mmcblk0p20" ino=454275 scontext=u:r:system_server:s0 tcontext=u:object_r:media_rw_data_file:s0 tclass=dir permissive=0
05-05 11:46:56.855537   979  1002 I sysui_action: [322,737]
05-05 11:46:56.855691   979  1002 I am_activity_launch_time: [0,179571038,com.transsion.filemanager/.activity.MainActivity,683,683]
05-05 11:46:56.884061   979 32394 I am_stop_activity: [0,133220853,com.android.systemui/.recents.RecentsActivity]
05-05 11:46:56.886442  1080  1080 I sysui_view_visibility: [224,0]
05-05 11:46:56.886548  1080  1080 I am_on_stop_called: [0,com.android.systemui.recents.RecentsActivity,handleStopActivity]
05-05 11:46:56.910194   979   994 I am_destroy_activity: [0,133220853,314,com.android.systemui/.recents.RecentsActivity,always-finish]
05-05 11:46:56.912329   223   223 I sf_frame_dur: [com.android.systemui/com.android.systemui.recents.RecentsActivity,56,2,2,1,1,0,0]
05-05 11:46:57.020000 25871 25871 I auditd  : type=1400 audit(0.0:12491): avc: denied { read } for comm="IntentService[A" name="gpu_memory" dev="debugfs" ino=7003 scontext=u:r:untrusted_app:s0:c512,c768 tcontext=u:object_r:debugfs:s0 tclass=file permissive=0
05-05 11:46:57.020000 25871 25871 I auditd  : type=1400 audit(0.0:12492): avc: denied { read } for comm="IntentService[A" name="clients" dev="debugfs" ino=6935 scontext=u:r:untrusted_app:s0:c512,c768 tcontext=u:object_r:debugfs:s0 tclass=dir permissive=0
05-05 11:46:57.908717   979  1813 I force_gc: Binder
05-05 11:46:59.343289   979   979 I notification_cancel: [10117,25463,com.tencent.mm,40,NULL,0,0,1088,8,NULL]
05-05 11:47:01.181107   979   994 I am_proc_start: [0,25913,10118,com.viber.voip,service,com.viber.voip/com.viber.service.VoipConnectorService]
05-05 11:47:01.208852   979 32394 I am_proc_bound: [0,25913,com.viber.voip]
05-05 11:47:01.274125   979   993 I am_pss  : [25520,10085,org.simalliance.openmobileapi.service:remote,3140608,2162688,164864]
05-05 11:47:02.180828   979   993 I am_pss  : [25563,10089,org.simalliance.openmobileapi.eseterminal,3025920,2043904,169984]
05-05 11:47:02.230643   979   993 I am_pss  : [25550,10088,org.simalliance.openmobileapi.uicc2terminal,2965504,2007040,169984]
05-05 11:47:02.281574   979   993 I am_pss  : [25537,10087,org.simalliance.openmobileapi.uicc1terminal,3007488,2048000,169984]
05-05 11:47:04.081804   979  1758 I am_proc_start: [0,26020,10003,android.process.acore,content provider,com.android.providers.contacts/.ContactsProvider2]
05-05 11:47:04.102264   979   979 I notification_cancel: [10118,25913,com.viber.voip,-1003,message,0,0,1088,8,NULL]
05-05 11:47:04.102966   979   979 I notification_cancel: [10118,25913,com.viber.voip,-1013,missed_call,0,0,1088,8,NULL]
05-05 11:47:04.103382   979   979 I notification_cancel: [10118,25913,com.viber.voip,-1012,hidden_message,0,0,1088,8,NULL]
05-05 11:47:04.107062   979  1103 I am_proc_bound: [0,26020,android.process.acore]
05-05 11:47:04.109770   979   979 I notification_cancel: [10118,25913,com.viber.voip,-1011,like,0,0,1088,8,NULL]
05-05 11:47:04.110985   979   979 I notification_cancel: [10118,25913,com.viber.voip,-1011,hidden_like,0,0,1088,8,NULL]
05-05 11:47:04.948380   979   993 I am_pss  : [24914,10004,com.android.providers.calendar,3915776,2797568,145408]
05-05 11:47:06.405023   979   993 I am_pss  : [25505,1000,com.transsion.filemanager,31448064,28014592,125952]
05-05 11:47:06.597666   223   223 I sf_frame_dur: [com.transsion.filemanager/com.transsion.filemanager.activity.MainActivity,0,0,0,0,2,0,0]
05-05 11:47:06.688288   979  1829 I am_proc_died: [0,24914,com.android.providers.calendar]
05-05 11:47:07.168134   979  1832 I am_proc_died: [0,3184,com.mediatek.mtklogger]
05-05 11:47:07.168657   979  1832 I am_schedule_service_restart: [0,com.mediatek.mtklogger/.framework.MTKLoggerService,1000]
05-05 11:47:07.957725   223   223 I sf_frame_dur: [com.transsion.filemanager/com.transsion.filemanager.activity.MainActivity,1,0,0,0,2,0,0]
05-05 11:47:08.189196   979   994 I am_proc_start: [0,26070,10082,com.mediatek.mtklogger,service,com.mediatek.mtklogger/.framework.MTKLoggerService]
05-05 11:47:08.216935   979  1758 I am_proc_bound: [0,26070,com.mediatek.mtklogger]
05-05 11:47:08.342706   979  1465 I force_gc: Binder
05-05 11:47:14.929282   979   993 I am_pss  : [25463,10117,com.tencent.mm,65794048,59011072,136192]
05-05 11:47:15.034871   979   993 I am_pss  : [25814,10117,com.tencent.mm:push,19934208,14254080,140288]
05-05 11:47:15.116024   979   993 I am_pss  : [25833,10117,com.tencent.mm:recovery,11657216,8556544,150528]
05-05 11:47:15.171526   979   993 I am_pss  : [25718,10037,com.afmobi.boomplayer,11830272,9875456,136192]
05-05 11:47:15.243631   979   993 I am_pss  : [5118,1000,com.android.launcher3,36864000,27734016,6010880]
05-05 11:47:15.296154   979   993 I am_pss  : [5223,1000,tran.com.android.taplacollect,4387840,2387968,1122304]
05-05 11:47:17.610759   979   979 I am_proc_start: [0,26110,10069,com.google.android.apps.photos,service,com.google.android.apps.photos/.jobscheduler.CameraShortcutJobSchedulerService]
05-05 11:47:17.641784   979  1104 I am_proc_bound: [0,26110,com.google.android.apps.photos]
05-05 11:47:18.648823   979  1230 I am_proc_start: [0,26129,10069,com.google.android.apps.photos:CameraShortcut,service,com.google.android.apps.photos/.camerashortcut.CameraShortcutServiceImpl]
05-05 11:47:18.671883   979  1104 I am_proc_bound: [0,26129,com.google.android.apps.photos:CameraShortcut]
05-05 11:47:18.783701   979   979 I notification_cancel: [10069,26110,com.google.android.apps.photos,10436,NULL,0,0,1088,8,NULL]
05-05 11:47:19.151819   979   979 I notification_cancel: [10069,26129,com.google.android.apps.photos,10436,NULL,0,0,1088,8,NULL]
05-05 11:47:21.303852   979   993 I am_pss  : [25913,10118,com.viber.voip,37647360,34127872,126976]
05-05 11:47:22.239221   979  1352 I am_new_intent: [0,182208426,314,com.android.systemui/.recents.RecentsActivity,NULL,NULL,NULL,276840448]
05-05 11:47:22.239587   979  1352 I am_focused_stack: [0,0,1,bringingFoundTaskToFront setFocusedActivity]
05-05 11:47:22.240613   979  1352 I wm_task_moved: [314,1,1]
05-05 11:47:22.260482   979  1352 I am_focused_activity: [0,com.android.systemui/.recents.RecentsActivity,bringingFoundTaskToFront]
05-05 11:47:22.261114   979  1352 I am_pause_activity: [0,179571038,com.transsion.filemanager/.activity.MainActivity]
05-05 11:47:22.276763   979  1352 I am_restart_activity: [0,133220853,314,com.android.systemui/.recents.RecentsActivity]
05-05 11:47:22.280623 25505 25505 I am_on_paused_called: [0,com.transsion.filemanager.activity.MainActivity,handlePauseActivity]
05-05 11:47:22.375686   979  1352 I am_pause_activity: [0,133220853,com.android.systemui/.recents.RecentsActivity]
05-05 11:47:22.390094   979  1352 I am_resume_activity: [0,133220853,314,com.android.systemui/.recents.RecentsActivity]
05-05 11:47:22.390902   979  1352 I am_task_to_front: [0,314]
05-05 11:47:22.392683   979  1352 I sysui_action: [323,com.android.systemui/.recents.RecentsActivity]
05-05 11:47:22.392755   979  1352 I sysui_action: [324,true]
05-05 11:47:22.392803   979  1352 I sysui_action: [325,21595]
05-05 11:47:22.393640   979   994 I am_stop_activity: [0,179571038,com.transsion.filemanager/.activity.MainActivity]
05-05 11:47:22.396011   979   994 I sysui_count: [window_time_0,26]
05-05 11:47:22.409729 25505 25505 I am_on_stop_called: [0,com.transsion.filemanager.activity.MainActivity,handleStopActivity]
05-05 11:47:22.441731   979   994 I am_destroy_activity: [0,179571038,378,com.transsion.filemanager/.activity.MainActivity,always-finish]
05-05 11:47:22.443715   979   994 I am_mem_factor: [2,3]
05-05 11:47:22.505326  1080  1080 I sysui_count: [overview_trigger_nav_btn,1]
05-05 11:47:22.505434  1080  1080 I sysui_count: [overview_source_app,1]
05-05 11:47:22.505485  1080  1080 I sysui_histogram: [overview_source_app_index,5]
05-05 11:47:22.505528  1080  1080 I sysui_histogram: [overview_task_count,6]
05-05 11:47:22.507257  1080  1080 I sysui_view_visibility: [224,100]
05-05 11:47:22.542438  1080  1080 I sysui_count: [overview_trigger_nav_btn,1]
05-05 11:47:22.542531  1080  1080 I sysui_count: [overview_source_app,1]
05-05 11:47:22.542578  1080  1080 I sysui_histogram: [overview_source_app_index,5]
05-05 11:47:22.542609  1080  1080 I sysui_histogram: [overview_task_count,6]
05-05 11:47:22.545838  1080  1080 I am_on_resume_called: [0,com.android.systemui.recents.RecentsActivity,LAUNCH_ACTIVITY]
05-05 11:47:22.561136  1080  1080 I am_on_paused_called: [0,com.android.systemui.recents.RecentsActivity,handlePauseActivity]
05-05 11:47:22.563580  1080  1080 I am_on_resume_called: [0,com.android.systemui.recents.RecentsActivity,RESUME_ACTIVITY]
05-05 11:47:22.716925   979  1002 I sysui_action: [320,2]
05-05 11:47:22.717020   979  1002 I sysui_action: [319,559]
05-05 11:47:22.718574   979  1002 I sysui_action: [322,561]
05-05 11:47:22.888225   223   223 I sf_frame_dur: [com.transsion.filemanager/com.transsion.filemanager.activity.MainActivity,474,4,3,1,7,5,1]
05-05 11:47:23.545851   979  1829 I am_focused_stack: [0,1,0,moveTaskToFront setFocusedActivity]
05-05 11:47:23.546443   979  1829 I wm_task_moved: [379,1,5]
05-05 11:47:23.556156   979  1829 I am_focused_activity: [0,com.mediatek.mtklogger/.MainActivity,moveTaskToFront]
05-05 11:47:23.556683   979  1829 I am_pause_activity: [0,133220853,com.android.systemui/.recents.RecentsActivity]
05-05 11:47:23.558482   979  1829 I am_task_to_front: [0,379]
05-05 11:47:23.558578   979  1829 I sysui_action: [323,com.mediatek.mtklogger/.MainActivity]
05-05 11:47:23.558620   979  1829 I sysui_action: [324,true]
05-05 11:47:23.558670   979  1829 I sysui_action: [325,21596]
05-05 11:47:23.559078  1080  1080 I sysui_histogram: [overview_task_launch_index,1]
05-05 11:47:23.570898  1080  1080 I sysui_action: [277,ComponentInfo{com.mediatek.mtklogger/com.mediatek.mtklogger.MainActivity}]
05-05 11:47:23.571708  1080  1080 I am_on_paused_called: [0,com.android.systemui.recents.RecentsActivity,handlePauseActivity]
05-05 11:47:23.586394   979  1811 I am_restart_activity: [0,201485196,379,com.mediatek.mtklogger/.MainActivity]
05-05 11:47:23.594030   979   994 I sysui_count: [window_time_0,1]
05-05 11:47:23.667706   979  1757 I am_proc_died: [0,25648,com.whatsapp]
05-05 11:47:23.669692   979  1757 I am_mem_factor: [3,2]
05-05 11:47:23.770756   979  1002 I sysui_action: [321,225]
05-05 11:47:23.770992   979  1002 I sysui_action: [320,1]
05-05 11:47:23.771060   979  1002 I sysui_action: [319,226]
05-05 11:47:23.818332   979   990 I am_proc_died: [0,26129,com.google.android.apps.photos:CameraShortcut]
05-05 11:47:23.860965 26070 26070 I am_on_resume_called: [0,com.mediatek.mtklogger.MainActivity,LAUNCH_ACTIVITY]
05-05 11:47:23.960000  1103  1103 I auditd  : type=1400 audit(0.0:12493): avc: denied { read open } for comm="Binder:979_3" path="/data/media/0" dev="mmcblk0p20" ino=454275 scontext=u:r:system_server:s0 tcontext=u:object_r:media_rw_data_file:s0 tclass=dir permissive=0
05-05 11:47:24.260193   979  1002 I sysui_action: [322,715]
05-05 11:47:24.260287   979  1002 I am_activity_launch_time: [0,201485196,com.mediatek.mtklogger/.MainActivity,681,681]
05-05 11:47:24.287394   979  1813 I am_proc_died: [0,26110,com.google.android.apps.photos]
05-05 11:47:24.330514   979  1832 I am_stop_activity: [0,133220853,com.android.systemui/.recents.RecentsActivity]
05-05 11:47:24.334694  1080  1080 I sysui_view_visibility: [224,0]
05-05 11:47:24.334821  1080  1080 I am_on_stop_called: [0,com.android.systemui.recents.RecentsActivity,handleStopActivity]
05-05 11:47:24.357419   979   994 I am_destroy_activity: [0,133220853,314,com.android.systemui/.recents.RecentsActivity,always-finish]
05-05 11:47:24.363430   223   223 I sf_frame_dur: [com.android.systemui/com.android.systemui.recents.RecentsActivity,25,0,3,0,0,0,0]
05-05 11:47:24.379594   223   223 I sf_frame_dur: [Starting com.mediatek.mtklogger,0,1,0,0,0,0,0]
05-05 11:47:24.527340   223   223 I sf_frame_dur: [com.mediatek.mtklogger/com.mediatek.mtklogger.MainActivity,1,0,0,0,0,0,0]
05-05 11:47:25.660000 26188 26188 I auditd  : type=1400 audit(0.0:12494): avc: denied { read } for comm="mobile_log_d.mg" name="trace_pipe" dev="debugfs" ino=12953 scontext=u:r:mobile_log_d:s0 tcontext=u:object_r:debugfs:s0 tclass=file permissive=0
05-05 11:47:25.724015   223   223 I sf_frame_dur: [com.mediatek.mtklogger/com.mediatek.mtklogger.MainActivity,0,0,0,0,1,0,0]
05-05 11:47:25.750000 26191 26191 I auditd  : type=1400 audit(0.0:12495): avc: denied { search } for comm="sh" name="bin" dev="mmcblk0p20" ino=608401 scontext=u:r:mobile_log_d:s0 tcontext=u:object_r:adbd_data_file:s0 tclass=dir permissive=0
05-05 11:47:25.810000 26198 26198 I auditd  : type=1400 audit(0.0:12496): avc: denied { search } for comm="sh" name="bin" dev="mmcblk0p20" ino=608401 scontext=u:r:mobile_log_d:s0 tcontext=u:object_r:adbd_data_file:s0 tclass=dir permissive=0
05-05 11:47:25.950000 26201 26201 I auditd  : type=1400 audit(0.0:12497): avc: denied { search } for comm="sh" name="bin" dev="mmcblk0p20" ino=608401 scontext=u:r:netdiag:s0 tcontext=u:object_r:adbd_data_file:s0 tclass=dir permissive=0
05-05 11:47:26.300000 26207 26207 I auditd  : type=1400 audit(0.0:12498): avc: denied { search } for comm="sh" name="bin" dev="mmcblk0p20" ino=608401 scontext=u:r:mobile_log_d:s0 tcontext=u:object_r:adbd_data_file:s0 tclass=dir permissive=0
05-05 11:47:26.698304   979   979 I notification_cancel: [10096,15406,com.facebook.katana,714499313,X.07Y,0,0,1088,8,NULL]
05-05 11:47:26.733929   979   979 I notification_cancel: [10096,15406,com.facebook.katana,714499313,X.07Y,0,0,1088,8,NULL]
05-05 11:47:26.748885   979   979 I notification_cancel: [10096,15406,com.facebook.katana,714499313,X.07Y,0,0,1088,8,NULL]
05-05 11:47:26.903805   223   223 I sf_frame_dur: [,68,0,0,0,0,0,0]
05-05 11:47:27.017204   979   979 I notification_cancel: [10096,15406,com.facebook.katana,714499313,X.07Y,0,0,1088,8,NULL]
05-05 11:47:27.608340   979   979 I notification_enqueue: [10082,26070,com.mediatek.mtklogger,2130837539,NULL,0,Notification(pri=0 contentView=com.mediatek.mtklogger/0x109008f vibrate=null sound=null tick defaults=0x0 flags=0x40 color=0x00000000 vis=PRIVATE),0]
05-05 11:47:27.631201   979   979 I notification_enqueue: [10082,26070,com.mediatek.mtklogger,2130837539,NULL,0,Notification(pri=0 contentView=null vibrate=null sound=null tick defaults=0x0 flags=0x0 color=0x00000000 vis=PRIVATE),1]
05-05 11:47:27.773310   979  1758 I am_new_intent: [0,263737278,314,com.android.systemui/.recents.RecentsActivity,NULL,NULL,NULL,276840448]
05-05 11:47:27.773543   979  1758 I am_focused_stack: [0,0,1,bringingFoundTaskToFront setFocusedActivity]
05-05 11:47:27.774073   979  1758 I wm_task_moved: [314,1,1]
05-05 11:47:27.777756   979  1758 I am_focused_activity: [0,com.android.systemui/.recents.RecentsActivity,bringingFoundTaskToFront]
05-05 11:47:27.778228   979  1758 I am_pause_activity: [0,201485196,com.mediatek.mtklogger/.MainActivity]
05-05 11:47:27.785499   979  1758 I am_restart_activity: [0,133220853,314,com.android.systemui/.recents.RecentsActivity]
05-05 11:47:27.836655   979  1758 I am_pause_activity: [0,133220853,com.android.systemui/.recents.RecentsActivity]
05-05 11:47:27.843500   979  1758 I am_resume_activity: [0,133220853,314,com.android.systemui/.recents.RecentsActivity]
05-05 11:47:27.844285   979  1758 I am_task_to_front: [0,314]
05-05 11:47:27.846023   979  1758 I sysui_action: [323,com.android.systemui/.recents.RecentsActivity]
05-05 11:47:27.846090   979  1758 I sysui_action: [324,true]
05-05 11:47:27.846134   979  1758 I sysui_action: [325,21600]
05-05 11:47:27.849146 26070 26070 I am_on_paused_called: [0,com.mediatek.mtklogger.MainActivity,handlePauseActivity]
05-05 11:47:27.852707   979   994 I am_stop_activity: [0,201485196,com.mediatek.mtklogger/.MainActivity]
05-05 11:47:27.855934   979   994 I sysui_count: [window_time_0,4]
05-05 11:47:27.858896 26070 26070 I am_on_stop_called: [0,com.mediatek.mtklogger.MainActivity,handleStopActivity]
05-05 11:47:27.888364   979   994 I am_destroy_activity: [0,201485196,379,com.mediatek.mtklogger/.MainActivity,always-finish]
05-05 11:47:28.025547  1080  1080 I sysui_count: [overview_trigger_nav_btn,1]
05-05 11:47:28.025635  1080  1080 I sysui_count: [overview_source_app,1]
05-05 11:47:28.025678  1080  1080 I sysui_histogram: [overview_source_app_index,5]
05-05 11:47:28.025704  1080  1080 I sysui_histogram: [overview_task_count,6]
05-05 11:47:28.027085  1080  1080 I sysui_view_visibility: [224,100]
05-05 11:47:28.051847  1080  1080 I sysui_count: [overview_trigger_nav_btn,1]
05-05 11:47:28.051938  1080  1080 I sysui_count: [overview_source_app,1]
05-05 11:47:28.051981  1080  1080 I sysui_histogram: [overview_source_app_index,5]
05-05 11:47:28.052015  1080  1080 I sysui_histogram: [overview_task_count,6]
05-05 11:47:28.053451  1080  1080 I am_on_resume_called: [0,com.android.systemui.recents.RecentsActivity,LAUNCH_ACTIVITY]
05-05 11:47:28.062348  1080  1080 I am_on_paused_called: [0,com.android.systemui.recents.RecentsActivity,handlePauseActivity]
05-05 11:47:28.062945  1080  1080 I am_on_resume_called: [0,com.android.systemui.recents.RecentsActivity,RESUME_ACTIVITY]
05-05 11:47:28.207497   979  1002 I sysui_action: [320,2]
05-05 11:47:28.207608   979  1002 I sysui_action: [319,435]
05-05 11:47:28.209504   979  1002 I sysui_action: [322,437]
05-05 11:47:28.378960   223   223 I sf_frame_dur: [com.mediatek.mtklogger/com.mediatek.mtklogger.MainActivity,2,1,1,1,0,1,2]
05-05 11:47:28.503612 21803 22071 I force_gc: Binder
05-05 11:47:28.890767   979  1812 I am_focused_stack: [0,1,0,moveTaskToFront setFocusedActivity]
05-05 11:47:28.891590   979  1812 I wm_task_moved: [378,1,5]
05-05 11:47:28.901908   979  1812 I am_focused_activity: [0,com.transsion.filemanager/.activity.MainActivity,moveTaskToFront]
05-05 11:47:28.906154   979  1812 I am_pause_activity: [0,133220853,com.android.systemui/.recents.RecentsActivity]
05-05 11:47:28.908387   979  1812 I am_task_to_front: [0,378]
05-05 11:47:28.908503   979  1812 I sysui_action: [323,com.transsion.filemanager/.activity.MainActivity]
05-05 11:47:28.908548   979  1812 I sysui_action: [324,true]
05-05 11:47:28.908615   979  1812 I sysui_action: [325,21602]
05-05 11:47:28.909540  1080  1080 I sysui_histogram: [overview_task_launch_index,1]
05-05 11:47:28.921155  1080  1080 I sysui_action: [277,ComponentInfo{com.transsion.filemanager/com.transsion.filemanager.activity.MainActivity}]
05-05 11:47:28.921903  1080  1080 I am_on_paused_called: [0,com.android.systemui.recents.RecentsActivity,handlePauseActivity]
05-05 11:47:28.942436   979   990 I am_restart_activity: [0,179571038,378,com.transsion.filemanager/.activity.MainActivity]
05-05 11:47:28.948220   979   994 I sysui_count: [window_time_0,1]
05-05 11:47:29.063694   979  1002 I sysui_action: [321,173]
05-05 11:47:29.063969   979  1002 I sysui_action: [320,1]
05-05 11:47:29.064029   979  1002 I sysui_action: [319,174]
05-05 11:47:29.224160 25505 25505 I am_on_resume_called: [0,com.transsion.filemanager.activity.MainActivity,LAUNCH_ACTIVITY]
05-05 11:47:29.240000  1483  1483 I auditd  : type=1400 audit(0.0:12499): avc: denied { read open } for comm="Binder:979_A" path="/data/media/0" dev="mmcblk0p20" ino=454275 scontext=u:r:system_server:s0 tcontext=u:object_r:media_rw_data_file:s0 tclass=dir permissive=0
05-05 11:47:29.410146   979  1002 I sysui_action: [322,520]
05-05 11:47:29.410264   979  1002 I am_activity_launch_time: [0,179571038,com.transsion.filemanager/.activity.MainActivity,473,473]
05-05 11:47:29.429916   979 32398 I am_stop_activity: [0,133220853,com.android.systemui/.recents.RecentsActivity]
05-05 11:47:29.432311  1080  1080 I sysui_view_visibility: [224,0]
05-05 11:47:29.432403  1080  1080 I am_on_stop_called: [0,com.android.systemui.recents.RecentsActivity,handleStopActivity]
05-05 11:47:29.452019   979   994 I am_destroy_activity: [0,133220853,314,com.android.systemui/.recents.RecentsActivity,always-finish]
05-05 11:47:29.460259   223   223 I sf_frame_dur: [com.android.systemui/com.android.systemui.recents.RecentsActivity,24,1,1,1,0,0,0]
05-05 11:47:31.179174   979   994 I am_proc_start: [0,26225,10066,com.hzay.market,service,com.hzay.market/com.afmobi.palmplay.service.PalmplaySysService]
05-05 11:47:31.209792   979  1757 I am_proc_bound: [0,26225,com.hzay.market]
05-05 11:47:31.810000 26255 26255 I auditd  : type=1400 audit(0.0:12500): avc: denied { search } for comm="sh" name="bin" dev="mmcblk0p20" ino=608401 scontext=u:r:untrusted_app:s0:c512,c768 tcontext=u:object_r:adbd_data_file:s0 tclass=dir permissive=0
05-05 11:47:31.950000 26257 26257 I auditd  : type=1400 audit(0.0:12501): avc: denied { search } for comm="sh" name="bin" dev="mmcblk0p20" ino=608401 scontext=u:r:untrusted_app:s0:c512,c768 tcontext=u:object_r:adbd_data_file:s0 tclass=dir permissive=0
05-05 11:47:32.010000 26254 26254 I auditd  : type=1400 audit(0.0:12502): avc: denied { read } for comm="BUGLY_THREAD" name="type" dev="sysfs" ino=9944 scontext=u:r:untrusted_app:s0:c512,c768 tcontext=u:object_r:sysfs:s0 tclass=file permissive=0
05-05 11:47:32.020000 26254 26254 I auditd  : type=1400 audit(0.0:12503): avc: denied { read } for comm="BUGLY_THREAD" name="online" dev="sysfs" ino=13055 scontext=u:r:untrusted_app:s0:c512,c768 tcontext=u:object_r:sysfs:s0 tclass=file permissive=0
05-05 11:47:32.050676   979   979 I notification_cancel: [10028,1080,com.android.systemui,2132017197,low_battery,-1,0,1088,8,NULL]
05-05 11:47:32.062764   979  1103 I am_proc_died: [0,26020,android.process.acore]
05-05 11:47:32.064839   979  1103 I am_low_memory: 28
05-05 11:47:33.381231   979   979 I free_storage_changed: 8665317376
05-05 11:47:35.715409   979  1020 I am_new_intent: [0,187645353,296,com.android.launcher3/.Launcher,android.intent.action.MAIN,NULL,NULL,278921216]
05-05 11:47:35.715705   979  1020 I am_focused_stack: [0,0,1,bringingFoundTaskToFront setFocusedActivity]
05-05 11:47:35.716525   979  1020 I wm_task_moved: [296,1,1]
05-05 11:47:35.734539   979  1020 I am_focused_activity: [0,com.android.launcher3/.Launcher,bringingFoundTaskToFront]
05-05 11:47:35.734938   979  1020 I am_pause_activity: [0,179571038,com.transsion.filemanager/.activity.MainActivity]
05-05 11:47:35.745553 25505 25505 I am_on_paused_called: [0,com.transsion.filemanager.activity.MainActivity,handlePauseActivity]
05-05 11:47:35.747920   979  1020 I am_restart_activity: [0,48884290,296,com.android.launcher3/.Launcher]
05-05 11:47:35.825686   979  1020 I am_pause_activity: [0,48884290,com.android.launcher3/.Launcher]
05-05 11:47:35.831730   979  1020 I am_resume_activity: [0,48884290,296,com.android.launcher3/.Launcher]
05-05 11:47:35.832544   979  1020 I am_task_to_front: [0,296]
05-05 11:47:35.835716   979  1020 I sysui_action: [323,com.android.launcher3/.Launcher]
05-05 11:47:35.835788   979  1020 I sysui_action: [324,true]
05-05 11:47:35.835893   979  1020 I sysui_action: [325,21608]
05-05 11:47:35.842468   979   994 I am_stop_activity: [0,179571038,com.transsion.filemanager/.activity.MainActivity]
05-05 11:47:35.844974   979   994 I sysui_count: [window_time_0,7]
05-05 11:47:35.862372 25505 25505 I am_on_stop_called: [0,com.transsion.filemanager.activity.MainActivity,handleStopActivity]
05-05 11:47:35.893630   979   994 I am_destroy_activity: [0,179571038,378,com.transsion.filemanager/.activity.MainActivity,always-finish]
05-05 11:47:36.857148  5118  5118 I am_on_resume_called: [0,com.android.launcher3.Launcher,LAUNCH_ACTIVITY]
05-05 11:47:36.880000  1808  1808 I auditd  : type=1400 audit(0.0:12504): avc: denied { read open } for comm="Binder:979_E" path="/data/media/0" dev="mmcblk0p20" ino=454275 scontext=u:r:system_server:s0 tcontext=u:object_r:media_rw_data_file:s0 tclass=dir permissive=0
05-05 11:47:36.891933  5118  5118 I am_on_paused_called: [0,com.android.launcher3.Launcher,handlePauseActivity]
05-05 11:47:36.895670  5118  5118 I am_on_resume_called: [0,com.android.launcher3.Launcher,RESUME_ACTIVITY]
05-05 11:47:36.908625   979  1020 I am_new_intent: [0,57128454,296,com.android.launcher3/.Launcher,android.intent.action.MAIN,NULL,NULL,278921216]
05-05 11:47:36.909347   979  1020 I wm_task_moved: [296,1,1]
05-05 11:47:36.912814   979  1020 I sysui_action: [323,com.android.launcher3/.Launcher]
05-05 11:47:36.912867   979  1020 I sysui_action: [324,true]
05-05 11:47:36.912909   979  1020 I sysui_action: [325,21610]
05-05 11:47:37.547744   979  1002 I sysui_action: [320,2]
05-05 11:47:37.547841   979  1002 I sysui_action: [319,654]
05-05 11:47:37.553891   979  1002 I sysui_action: [322,660]
05-05 11:47:37.558485   223   223 I sf_frame_dur: [com.transsion.filemanager/com.transsion.filemanager.activity.MainActivity,325,3,1,1,1,1,0]
05-05 11:47:37.864032   979  1832 I am_proc_start: [0,26311,1000,com.android.deskclock,service,com.android.deskclock/com.android.alarmclock.DigitalAppWidgetService]
05-05 11:47:37.887184   979  1485 I am_proc_bound: [0,26311,com.android.deskclock]
05-05 11:47:38.040655   979  1757 I am_proc_start: [0,26326,1000,com.android.calendar,service,com.android.calendar/.widget.CalendarAppWidgetService]
05-05 11:47:38.063958   979  1230 I am_proc_bound: [0,26326,com.android.calendar]
05-05 11:47:38.145115   979  1758 I am_proc_start: [0,26340,10041,com.android.chrome,service,com.android.chrome/org.chromium.chrome.browser.bookmarkswidget.BookmarkWidgetService]
05-05 11:47:38.165953   979  1808 I am_proc_bound: [0,26340,com.android.chrome]
05-05 11:47:38.259210   979  1829 I am_proc_start: [0,26358,10004,com.android.providers.calendar,content provider,com.android.providers.calendar/.CalendarProvider2]
05-05 11:47:38.284532   979  1103 I am_proc_bound: [0,26358,com.android.providers.calendar]
05-05 11:47:38.364983   979  1104 I am_proc_start: [0,26373,10049,com.android.gallery3d:widgetservice,service,com.android.gallery3d/.gadget.WidgetService]
05-05 11:47:38.386952   979  1757 I am_proc_bound: [0,26373,com.android.gallery3d:widgetservice]
05-05 11:47:38.478902   979  1757 I am_proc_died: [0,25505,com.transsion.filemanager]
05-05 11:47:38.480463   979  1757 I am_low_memory: 32
05-05 11:47:38.547702   979  1351 I am_proc_start: [0,26390,10114,com.whatsapp,service,com.whatsapp/.appwidget.WidgetService]
05-05 11:47:38.574379   979 32394 I am_proc_bound: [0,26390,com.whatsapp]
05-05 11:47:38.700800   979  1352 I am_wtf  : [0,979,system_server,-1,ActivityManager,Sending non-protected broadcast com.android.calendar.APPWIDGET_UPDATE from system 26326:com.android.calendar/1000 pkg com.android.calendar]
05-05 11:47:39.241344   979  1465 I am_proc_died: [0,24562,com.google.process.gapps]
05-05 11:47:39.243984   979  1465 I am_low_memory: 32
05-05 11:47:39.297063   979   979 I notification_cancel: [10114,26390,com.whatsapp,2,NULL,0,0,1088,8,NULL]
05-05 11:47:39.470000 26390 26390 I auditd  : type=1400 audit(0.0:12505): avc: denied { read } for comm="com.whatsapp" name="libvlc.so" dev="mmcblk0p20" ino=340813 scontext=u:r:untrusted_app:s0:c512,c768 tcontext=u:object_r:system_data_file:s0 tclass=file permissive=0
05-05 11:47:39.481021   979  1758 I am_proc_died: [0,25463,com.tencent.mm]
05-05 11:47:39.483276   979  1758 I am_schedule_service_restart: [0,com.tencent.mm/.booter.NotifyReceiver$NotifyService,11675]
05-05 11:47:39.485717   979  1758 I am_low_memory: 31
05-05 11:47:39.500000 26390 26390 I auditd  : type=1400 audit(0.0:12506): avc: denied { read } for comm="com.whatsapp" name="libresample.so" dev="mmcblk0p20" ino=340812 scontext=u:r:untrusted_app:s0:c512,c768 tcontext=u:object_r:system_data_file:s0 tclass=file permissive=0
05-05 11:47:39.510000 26390 26390 I auditd  : type=1400 audit(0.0:12507): avc: denied { read } for comm="com.whatsapp" name="libwhatsapp.so" dev="mmcblk0p20" ino=340804 scontext=u:r:untrusted_app:s0:c512,c768 tcontext=u:object_r:system_data_file:s0 tclass=file permissive=0
05-05 11:47:39.570000 26390 26390 I auditd  : type=1400 audit(0.0:12508): avc: denied { read } for comm="com.whatsapp" name="libcurve25519.so" dev="mmcblk0p20" ino=340810 scontext=u:r:untrusted_app:s0:c512,c768 tcontext=u:object_r:system_data_file:s0 tclass=file permissive=0
05-05 11:47:39.690000 26449 26449 I auditd  : type=1400 audit(0.0:12509): avc: denied { search } for comm=576861747341707020576F726B6572 name="bin" dev="mmcblk0p20" ino=608401 scontext=u:r:untrusted_app:s0:c512,c768 tcontext=u:object_r:adbd_data_file:s0 tclass=dir permissive=0
05-05 11:47:39.949065   979 32394 I force_gc: Binder
05-05 11:47:39.988080   979   979 I notification_cancel: [10114,26390,com.whatsapp,7,NULL,0,0,1088,8,NULL]
05-05 11:47:40.619796   979 32394 I am_proc_start: [0,26485,10041,com.android.chrome:privileged_process0,service,com.android.chrome/org.chromium.content.app.PrivilegedProcessService0]
05-05 11:47:40.642047   979  1103 I am_proc_bound: [0,26485,com.android.chrome:privileged_process0]
05-05 11:47:40.832093 24644 25584 I force_gc: Binder
05-05 11:47:40.858463   979  1351 I am_proc_start: [0,26507,10067,com.android.providers.partnerbookmarks,content provider,com.android.providers.partnerbookmarks/.PartnerBookmarksProvider]
05-05 11:47:40.882638   979  1832 I am_proc_bound: [0,26507,com.android.providers.partnerbookmarks]
05-05 11:47:41.001473   979   979 I notification_cancel: [10041,26340,com.android.chrome,10436,NULL,0,0,1088,8,NULL]
05-05 11:47:41.057545   979   989 I am_create_task: [0,380]
05-05 11:47:41.057651   979   989 I am_create_activity: [0,205105159,380,tran.com.android.taplaota/.activity.OtaActivity,android.intent.action.MAIN,NULL,NULL,270532608]
05-05 11:47:41.058103   979   989 I wm_task_created: [380,1]
05-05 11:47:41.059415   979   989 I wm_task_moved: [380,1,6]
05-05 11:47:41.059747   979   989 I am_focused_stack: [0,1,0,startedActivity setFocusedActivity]
05-05 11:47:41.062720   979   989 I wm_task_moved: [380,1,6]
05-05 11:47:41.068829   979   989 I am_focused_activity: [0,tran.com.android.taplaota/.activity.OtaActivity,startedActivity]
05-05 11:47:41.069126   979   989 I am_pause_activity: [0,48884290,com.android.launcher3/.Launcher]
05-05 11:47:41.074231   979   989 I sysui_action: [323,tran.com.android.taplaota/.activity.OtaActivity]
05-05 11:47:41.074297   979   989 I sysui_action: [324,false]
05-05 11:47:41.074348   979   989 I sysui_action: [325,21614]
05-05 11:47:41.101938   979   990 I am_wtf  : [0,979,system_server,-1,ActivityManager,Sending non-protected broadcast com.android.launcher3.action.LAUNCH from system 5118:com.android.launcher3/1000 pkg com.android.launcher3]
05-05 11:47:41.248025  5118  5118 I am_on_paused_called: [0,com.android.launcher3.Launcher,handlePauseActivity]
05-05 11:47:41.271550   979   994 I am_proc_start: [0,26530,10120,com.tencent.mobileqq:MSF,service,com.tencent.mobileqq/.msf.service.MsfService]
05-05 11:47:41.296981   979  1352 I am_proc_start: [0,26543,1000,tran.com.android.taplaota,activity,tran.com.android.taplaota/.activity.OtaActivity]
05-05 11:47:41.312916   979  1351 I am_proc_bound: [0,26530,com.tencent.mobileqq:MSF]
05-05 11:47:41.356526   979  1485 I am_proc_bound: [0,26543,tran.com.android.taplaota]
05-05 11:47:41.366427   979  1485 I am_restart_activity: [0,205105159,380,tran.com.android.taplaota/.activity.OtaActivity]
05-05 11:47:41.398092   979  1002 I sysui_action: [321,380]
05-05 11:47:41.402663   979  1002 I sysui_action: [320,1]
05-05 11:47:41.402758   979  1002 I sysui_action: [319,385]
05-05 11:47:41.567248   979  1230 I am_proc_died: [0,25913,com.viber.voip]
05-05 11:47:41.567647   979  1230 I am_schedule_service_restart: [0,com.viber.voip/com.viber.service.VoipConnectorService,1000]
05-05 11:47:41.567833   979  1230 I am_schedule_service_restart: [0,com.viber.voip/com.viber.service.contacts.authentication.AccountAuthenticatorService,11000]
05-05 11:47:41.570029   979  1230 I am_low_memory: 34
05-05 11:47:42.066373 26543 26543 I am_on_resume_called: [0,tran.com.android.taplaota.activity.OtaActivity,LAUNCH_ACTIVITY]
05-05 11:47:42.140000  1757  1757 I auditd  : type=1400 audit(0.0:12510): avc: denied { read open } for comm="Binder:979_C" path="/data/media/0" dev="mmcblk0p20" ino=454275 scontext=u:r:system_server:s0 tcontext=u:object_r:media_rw_data_file:s0 tclass=dir permissive=0
05-05 11:47:42.329116   979  1229 I am_proc_died: [0,26225,com.hzay.market]
05-05 11:47:42.329714   979  1229 I am_schedule_service_restart: [0,com.hzay.market/com.afmobi.palmplay.service.PalmplaySysService,20238]
05-05 11:47:42.331657   979  1229 I am_low_memory: 33
05-05 11:47:42.350278   979  1002 I sysui_action: [322,1333]
05-05 11:47:42.350408   979  1002 I am_activity_launch_time: [0,205105159,tran.com.android.taplaota/.activity.OtaActivity,1076,1076]
05-05 11:47:42.547765   979  1808 I am_proc_died: [0,25833,com.tencent.mm:recovery]
05-05 11:47:42.548162   979  1808 I am_schedule_service_restart: [0,com.tencent.mm/com.tencent.recovery.service.RecoveryReportService,30020]
05-05 11:47:42.549679   979  1808 I am_low_memory: 32
05-05 11:47:42.589193   979   994 I am_proc_start: [0,26568,10118,com.viber.voip,service,com.viber.voip/com.viber.service.VoipConnectorService]
05-05 11:47:42.616287   979  1758 I am_proc_bound: [0,26568,com.viber.voip]
05-05 11:47:42.827622   979  1811 I am_proc_died: [0,25814,com.tencent.mm:push]
05-05 11:47:42.828016   979  1811 I am_schedule_service_restart: [0,com.tencent.mm/.booter.CoreService,1000]
05-05 11:47:42.829717   979  1811 I am_low_memory: 32
05-05 11:47:43.258417   979  1465 I force_gc: Binder
05-05 11:47:43.757848   979 32398 I am_stop_activity: [0,48884290,com.android.launcher3/.Launcher]
05-05 11:47:43.798310  5118  5118 I am_on_stop_called: [0,com.android.launcher3.Launcher,handleStopActivity]
05-05 11:47:43.810179   979  1811 I am_proc_died: [0,26311,com.android.deskclock]
05-05 11:47:43.812170   979  1811 I am_low_memory: 31
05-05 11:47:43.854907   979   994 I am_proc_start: [0,26610,10117,com.tencent.mm:push,service,com.tencent.mm/.booter.CoreService]
05-05 11:47:43.867403   223   223 I sf_frame_dur: [com.android.launcher3/com.android.launcher3.Launcher,38,7,8,8,1,1,0]
05-05 11:47:43.872268   979   994 I am_destroy_activity: [0,48884290,296,com.android.launcher3/.Launcher,always-finish]
05-05 11:47:43.890842   979  1832 I am_proc_bound: [0,26610,com.tencent.mm:push]
05-05 11:47:44.077359   979 32394 I am_proc_died: [0,25520,org.simalliance.openmobileapi.service:remote]
05-05 11:47:44.083900   979 32394 I am_schedule_service_restart: [0,org.simalliance.openmobileapi.service/.SmartcardService,1000]
05-05 11:47:44.086478   979 32394 I am_low_memory: 31
05-05 11:47:44.208454   979  1829 I am_proc_died: [0,25563,org.simalliance.openmobileapi.eseterminal]
05-05 11:47:44.337829   979  1808 I am_proc_died: [0,25537,org.simalliance.openmobileapi.uicc1terminal]
05-05 11:47:44.537950   979  1352 I am_proc_died: [0,25550,org.simalliance.openmobileapi.uicc2terminal]
05-05 11:47:44.688495   979  1832 I am_proc_died: [0,26326,com.android.calendar]
05-05 11:47:44.690043   979  1832 I am_low_memory: 27
05-05 11:47:44.867514   979  1808 I am_proc_died: [0,24584,com.cooyiqi.itel]
05-05 11:47:44.868180   979  1808 I am_schedule_service_restart: [0,com.cooyiqi.itel/com.iekie.lovelyfonts.fonts.upgrade.FontUManagerService,27700]
05-05 11:47:44.869563   979  1808 I am_low_memory: 26
05-05 11:47:45.108776   979   994 I am_proc_start: [0,26637,10085,org.simalliance.openmobileapi.service:remote,service,org.simalliance.openmobileapi.service/.SmartcardService]
05-05 11:47:45.125641   979  1812 I am_proc_bound: [0,26637,org.simalliance.openmobileapi.service:remote]
05-05 11:47:45.230208   979  1832 I am_proc_died: [0,26390,com.whatsapp]
05-05 11:47:45.230570   979  1832 I am_broadcast_discard_app: [0,11119652,com.whatsapp.action.UPDATE_NTP,0,ResolveInfo{289738d com.whatsapp/.AlarmBroadcastReceiver m=0x0}]
05-05 11:47:45.232282   979  1832 I am_low_memory: 26
05-05 11:47:45.251739   979   994 I am_proc_start: [0,26650,10114,com.whatsapp,broadcast,com.whatsapp/.AlarmBroadcastReceiver]
05-05 11:47:45.271134   979 32394 I am_proc_bound: [0,26650,com.whatsapp]
05-05 11:47:45.320779   979  1465 I am_proc_start: [0,26663,10087,org.simalliance.openmobileapi.uicc1terminal,service,org.simalliance.openmobileapi.uicc1terminal/.Uicc1Terminal]
05-05 11:47:45.335151   979   979 I notification_enqueue: [1000,26543,tran.com.android.taplaota,305420160,NULL,0,Notification(pri=0 contentView=null vibrate=null sound=null defaults=0x0 flags=0x2 color=0x00000000 vis=PRIVATE),0]
05-05 11:47:45.360753   979  1832 I am_proc_start: [0,26678,10088,org.simalliance.openmobileapi.uicc2terminal,service,org.simalliance.openmobileapi.uicc2terminal/.Uicc2Terminal]
05-05 11:47:45.365135   979  1103 I am_proc_bound: [0,26663,org.simalliance.openmobileapi.uicc1terminal]
05-05 11:47:45.372275   979   979 I notification_cancel: [1000,26543,tran.com.android.taplaota,305420169,NULL,0,0,0,8,NULL]
05-05 11:47:45.372412   979   979 I notification_cancel: [1000,26543,tran.com.android.taplaota,305420167,NULL,0,0,0,8,NULL]
05-05 11:47:45.418858   979 32394 I am_proc_start: [0,26691,10089,org.simalliance.openmobileapi.eseterminal,service,org.simalliance.openmobileapi.eseterminal/.eSETerminal]
05-05 11:47:45.420454   979   989 I am_proc_bound: [0,26678,org.simalliance.openmobileapi.uicc2terminal]
05-05 11:47:45.452090   979  1230 I am_proc_bound: [0,26691,org.simalliance.openmobileapi.eseterminal]
05-05 11:47:45.579357   979  1757 I am_proc_died: [0,26568,com.viber.voip]
05-05 11:47:45.579934   979  1757 I am_schedule_service_restart: [0,com.viber.voip/com.viber.service.VoipConnectorService,1000]
05-05 11:47:45.580159   979  1757 I am_schedule_service_restart: [0,com.viber.voip/com.viber.service.contacts.authentication.AccountAuthenticatorService,36988]
05-05 11:47:45.582457   979  1757 I am_low_memory: 29
05-05 11:47:46.044212   979   979 I notification_cancel: [10114,26650,com.whatsapp,2,NULL,0,0,1088,8,NULL]
05-05 11:47:46.270000 26650 26650 I auditd  : type=1400 audit(0.0:12511): avc: denied { read } for comm="com.whatsapp" name="libvlc.so" dev="mmcblk0p20" ino=340813 scontext=u:r:untrusted_app:s0:c512,c768 tcontext=u:object_r:system_data_file:s0 tclass=file permissive=0
05-05 11:47:46.312580   979   990 I am_proc_died: [0,26340,com.android.chrome]
05-05 11:47:46.321392   979   990 I am_low_memory: 28
05-05 11:47:46.330000 26650 26650 I auditd  : type=1400 audit(0.0:12512): avc: denied { read } for comm="com.whatsapp" name="libresample.so" dev="mmcblk0p20" ino=340812 scontext=u:r:untrusted_app:s0:c512,c768 tcontext=u:object_r:system_data_file:s0 tclass=file permissive=0
05-05 11:47:46.340000 26650 26650 I auditd  : type=1400 audit(0.0:12513): avc: denied { read } for comm="com.whatsapp" name="libwhatsapp.so" dev="mmcblk0p20" ino=340804 scontext=u:r:untrusted_app:s0:c512,c768 tcontext=u:object_r:system_data_file:s0 tclass=file permissive=0
05-05 11:47:46.390000 26650 26650 I auditd  : type=1400 audit(0.0:12514): avc: denied { read } for comm="com.whatsapp" name="libcurve25519.so" dev="mmcblk0p20" ino=340810 scontext=u:r:untrusted_app:s0:c512,c768 tcontext=u:object_r:system_data_file:s0 tclass=file permissive=0
05-05 11:47:46.417826   979  1813 I am_proc_died: [0,26485,com.android.chrome:privileged_process0]
05-05 11:47:46.420728   979  1813 I am_low_memory: 27
05-05 11:47:46.510000 26741 26741 I auditd  : type=1400 audit(0.0:12515): avc: denied { search } for comm=576861747341707020576F726B6572 name="bin" dev="mmcblk0p20" ino=608401 scontext=u:r:untrusted_app:s0:c512,c768 tcontext=u:object_r:adbd_data_file:s0 tclass=dir permissive=0
05-05 11:47:46.601735   979   994 I am_proc_start: [0,26746,10118,com.viber.voip,service,com.viber.voip/com.viber.service.VoipConnectorService]
05-05 11:47:46.637695   979  1813 I am_proc_bound: [0,26746,com.viber.voip]
05-05 11:47:46.717080   979   979 I notification_cancel: [10114,26650,com.whatsapp,7,NULL,0,0,1088,8,NULL]
05-05 11:47:47.200000 26610 26610 I auditd  : type=1400 audit(0.0:12516): avc: denied { read } for comm="tencent.mm:push" name="anr" dev="mmcblk0p20" ino=567841 scontext=u:r:untrusted_app:s0:c512,c768 tcontext=u:object_r:anr_data_file:s0 tclass=dir permissive=0
05-05 11:47:47.390000 26765 26765 I auditd  : type=1400 audit(0.0:12517): avc: denied { read } for comm="IntentService[A" name="gpu_memory" dev="debugfs" ino=7003 scontext=u:r:untrusted_app:s0:c512,c768 tcontext=u:object_r:debugfs:s0 tclass=file permissive=0
05-05 11:47:47.390000 26765 26765 I auditd  : type=1400 audit(0.0:12518): avc: denied { read } for comm="IntentService[A" name="clients" dev="debugfs" ino=6935 scontext=u:r:untrusted_app:s0:c512,c768 tcontext=u:object_r:debugfs:s0 tclass=dir permissive=0
05-05 11:47:47.789307   979  1103 I am_proc_died: [0,26650,com.whatsapp]
05-05 11:47:47.852569   979   979 I notification_enqueue: [1000,26543,tran.com.android.taplaota,305420160,NULL,0,Notification(pri=0 contentView=null vibrate=null sound=null defaults=0x0 flags=0x2 color=0x00000000 vis=PRIVATE),1]
05-05 11:47:47.855377   979   979 I notification_cancel: [1000,26543,tran.com.android.taplaota,305420169,NULL,0,0,0,8,NULL]
05-05 11:47:48.413897   979   993 I am_pss  : [26070,10082,com.mediatek.mtklogger,16289792,12732416,141312]
05-05 11:47:48.778993   979  1465 I am_proc_died: [0,26373,com.android.gallery3d:widgetservice]
05-05 11:47:48.781010   979  1465 I am_low_memory: 26
05-05 11:47:48.800541   979   979 I notification_enqueue: [1000,26543,tran.com.android.taplaota,305420160,NULL,0,Notification(pri=0 contentView=null vibrate=null sound=null defaults=0x0 flags=0x2 color=0x00000000 vis=PRIVATE),1]
05-05 11:47:48.803997   979   979 I notification_cancel: [1000,26543,tran.com.android.taplaota,305420169,NULL,0,0,0,8,NULL]
05-05 11:47:50.222649   979   994 I am_proc_start: [0,26875,10117,com.tencent.mm,broadcast,com.tencent.mm/.booter.NotifyReceiver]
05-05 11:47:50.264918   979  1352 I am_proc_bound: [0,26875,com.tencent.mm]
05-05 11:47:50.720343   979  1351 I am_proc_died: [0,26746,com.viber.voip]
05-05 11:47:50.720914   979  1351 I am_schedule_service_restart: [0,com.viber.voip/com.viber.service.VoipConnectorService,1000]
05-05 11:47:50.721119   979  1351 I am_schedule_service_restart: [0,com.viber.voip/com.viber.service.contacts.authentication.AccountAuthenticatorService,31847]
05-05 11:47:50.723992   979  1351 I am_low_memory: 26
05-05 11:47:50.731963   979   979 I notification_enqueue: [1000,26543,tran.com.android.taplaota,305420160,NULL,0,Notification(pri=0 contentView=null vibrate=null sound=null defaults=0x0 flags=0x2 color=0x00000000 vis=PRIVATE),1]
05-05 11:47:50.735586   979   979 I notification_cancel: [1000,26543,tran.com.android.taplaota,305420169,NULL,0,0,0,8,NULL]
05-05 11:47:50.840000 26902 26902 I auditd  : type=1400 audit(0.0:12519): avc: denied { read } for comm="pool-1-thread-2" name="address" dev="sysfs" ino=13617 scontext=u:r:untrusted_app:s0:c512,c768 tcontext=u:object_r:sysfs:s0 tclass=file permissive=0
05-05 11:47:50.850000 26902 26902 I auditd  : type=1400 audit(0.0:12520): avc: denied { read } for comm="pool-1-thread-2" name="type" dev="sysfs" ino=9944 scontext=u:r:untrusted_app:s0:c512,c768 tcontext=u:object_r:sysfs:s0 tclass=file permissive=0
05-05 11:47:50.860000 26902 26902 I auditd  : type=1400 audit(0.0:12521): avc: denied { read } for comm="pool-1-thread-2" name="name" dev="sysfs" ino=9936 scontext=u:r:untrusted_app:s0:c512,c768 tcontext=u:object_r:sysfs:s0 tclass=file permissive=0
05-05 11:47:50.860000 26902 26902 I auditd  : type=1400 audit(0.0:12522): avc: denied { read } for comm="pool-1-thread-2" name="cid" dev="sysfs" ino=9927 scontext=u:r:untrusted_app:s0:c512,c768 tcontext=u:object_r:sysfs:s0 tclass=file permissive=0
05-05 11:47:51.337093   979   979 I notification_enqueue: [1000,26543,tran.com.android.taplaota,305420160,NULL,0,Notification(pri=0 contentView=null vibrate=null sound=null defaults=0x0 flags=0x2 color=0x00000000 vis=PRIVATE),1]
