05-05 11:23:18.184400   979 32394 I am_pause_activity: [0,255031378,com.android.settings/.Settings$BluetoothSettingsActivity]
05-05 11:23:18.201173 19236 19236 I sysui_view_visibility: [24,0]
05-05 11:23:18.232703 19236 19236 I am_on_paused_called: [0,com.android.settings.Settings$BluetoothSettingsActivity,handlePauseActivity]
05-05 11:23:18.239357   979  1757 I am_restart_activity: [0,59124291,375,com.android.settings/.bluetooth.BluetoothPairingDialog]
05-05 11:23:18.252735   979   994 I sysui_count: [window_time_0,1697]
05-05 11:23:18.349742   979   979 I notification_cancel: [10118,19307,com.viber.voip,-1003,message,0,0,1088,8,NULL]
05-05 11:23:18.351143   979   979 I notification_cancel: [10118,19307,com.viber.voip,-1013,missed_call,0,0,1088,8,NULL]
05-05 11:23:18.353269   979   979 I notification_cancel: [10118,19307,com.viber.voip,-1012,hidden_message,0,0,1088,8,NULL]
05-05 11:23:18.358945   979   979 I notification_cancel: [10118,19307,com.viber.voip,-1011,like,0,0,1088,8,NULL]
05-05 11:23:18.359887   979   979 I notification_cancel: [10118,19307,com.viber.voip,-1011,hidden_like,0,0,1088,8,NULL]
05-05 11:23:18.556264 19236 19236 I am_on_resume_called: [0,com.android.settings.bluetooth.BluetoothPairingDialog,LAUNCH_ACTIVITY]
05-05 11:23:18.731645   979  1002 I am_activity_launch_time: [0,59124291,com.android.settings/.bluetooth.BluetoothPairingDialog,498,498]
05-05 11:23:20.294667   979  1813 I am_finish_activity: [0,59124291,375,com.android.settings/.bluetooth.BluetoothPairingDialog,app-request]
05-05 11:23:20.295950   979  1813 I wm_task_moved: [374,1,4]
05-05 11:23:20.320947   979  1813 I am_focused_activity: [0,com.android.settings/.Settings$BluetoothSettingsActivity,finishActivity adjustFocus]
05-05 11:23:20.321183   979  1813 I am_pause_activity: [0,59124291,com.android.settings/.bluetooth.BluetoothPairingDialog]
05-05 11:23:20.328469 19236 19236 I am_on_paused_called: [0,com.android.settings.bluetooth.BluetoothPairingDialog,handlePauseActivity]
05-05 11:23:20.330306   979  1483 I am_destroy_activity: [0,59124291,375,com.android.settings/.bluetooth.BluetoothPairingDialog,finish-imm]
05-05 11:23:20.384927   979  1483 I am_resume_activity: [0,255031378,374,com.android.settings/.Settings$BluetoothSettingsActivity]
05-05 11:23:20.491589   979   979 I notification_cancel: [1000,19236,com.android.settings,17301632,NULL,0,0,0,8,NULL]
05-05 11:23:20.492960 19236 19236 I am_on_stop_called: [0,com.android.settings.bluetooth.BluetoothPairingDialog,destroy]
05-05 11:23:20.526392 19236 19236 I sysui_view_visibility: [24,100]
05-05 11:23:20.590836 19236 19236 I am_on_resume_called: [0,com.android.settings.Settings$BluetoothSettingsActivity,RESUME_ACTIVITY]
05-05 11:23:20.699486   979  1002 I wm_task_removed: [375,removeAppToken: last token]
05-05 11:23:20.699558   979  1002 I wm_task_removed: [375,removeTask]
05-05 11:23:20.711602   223   223 I sf_frame_dur: [com.android.settings/com.android.settings.bluetooth.BluetoothPairingDialog,9,1,4,2,0,0,2]
05-05 11:23:21.993630   979   993 I am_pss  : [19236,1000,com.android.settings,40624128,35601408,123904]
05-05 11:23:23.247354 21803 19094 I gtalk_conn_close: [276,17]
05-05 11:23:23.262462   979  1047 I netstats_mobile_sample: [2739787,3957,532043,5103,2739787,3957,532043,5103,1535246,4280,1724356,4950,-1]
05-05 11:23:23.263481   979  1047 I netstats_wifi_sample: [70202142,78532,8518634,85815,69033104,76626,7536135,70046,69022408,76591,7537542,70065,-1]
05-05 11:23:23.789835   979   979 I notification_cancel: [10096,15406,com.facebook.katana,714499313,X.07Y,0,0,1088,8,NULL]
05-05 11:23:23.969642   979   994 I am_proc_start: [0,19483,10102,com.instagram.android,broadcast,com.instagram.android/com.instagram.store.PendingActionReceiver]
05-05 11:23:24.003611   979  1103 I am_proc_bound: [0,19483,com.instagram.android]
05-05 11:23:24.566859 19236 19236 I menu_item_selected: [0,]
05-05 11:23:24.572264 19236 19236 I sysui_action: [160,]
05-05 11:23:24.850000 19516 19516 I auditd  : type=1400 audit(0.0:12307): avc: denied { search } for comm="WifiP2pService" name="bin" dev="mmcblk0p20" ino=608401 scontext=u:r:system_server:s0 tcontext=u:object_r:adbd_data_file:s0 tclass=dir permissive=0
05-05 11:23:24.895731   979  1811 I am_proc_start: [0,19518,10120,com.tencent.mobileqq:MSF,broadcast,com.tencent.mobileqq/.msf.core.NetConnInfoCenter]
05-05 11:23:24.925656   979  1465 I am_proc_bound: [0,19518,com.tencent.mobileqq:MSF]
05-05 11:23:24.960000  1041  1041 I auditd  : type=1400 audit(0.0:12308): avc: denied { syslog_read } for comm="WifiP2pService" scontext=u:r:system_server:s0 tcontext=u:r:kernel:s0 tclass=system permissive=0
05-05 11:23:24.990360   223   223 I sf_frame_dur: [PopupWindow:d3ca95c,35,2,1,2,0,0,0]
05-05 11:23:25.038028   979  1811 I battery_level: [71,4022,280]
05-05 11:23:25.143463   979   979 I notification_cancel: [10028,1080,com.android.systemui,2132017197,low_battery,-1,0,1088,8,NULL]
05-05 11:23:25.220000 19541 19541 I auditd  : type=1400 audit(0.0:12309): avc: denied { search } for comm="WifiP2pService" name="bin" dev="mmcblk0p20" ino=608401 scontext=u:r:system_server:s0 tcontext=u:object_r:adbd_data_file:s0 tclass=dir permissive=0
05-05 11:23:25.280000  1041  1041 I auditd  : type=1400 audit(0.0:12310): avc: denied { syslog_read } for comm="WifiP2pService" scontext=u:r:system_server:s0 tcontext=u:r:kernel:s0 tclass=system permissive=0
05-05 11:23:25.815994   979  1047 I netstats_mobile_sample: [2739787,3957,532043,5103,2739787,3957,532043,5103,1535246,4280,1724356,4950,-1]
05-05 11:23:25.816992   979  1047 I netstats_wifi_sample: [70202142,78532,8518634,85815,69033104,76626,7536135,70046,69022408,76591,7537542,70065,-1]
05-05 11:23:25.882995   979  1047 I netstats_mobile_sample: [2739787,3957,532043,5103,2739787,3957,532043,5103,1535246,4280,1724356,4950,-1]
05-05 11:23:25.884168   979  1047 I netstats_wifi_sample: [70202142,78532,8518634,85815,69033104,76626,7536135,70046,69022408,76591,7537542,70065,-1]
05-05 11:23:26.120681   979  1103 I am_proc_died: [0,19201,com.android.defcontainer]
05-05 11:23:26.224699   979   979 I notification_cancel: [10096,15406,com.facebook.katana,714499313,X.07Y,0,0,1088,8,NULL]
05-05 11:23:26.233041   979   979 I notification_cancel: [10096,15406,com.facebook.katana,714499313,X.07Y,0,0,1088,8,NULL]
05-05 11:23:26.774051   979  1808 I am_proc_died: [0,5460,com.baidu.map.location]
05-05 11:23:27.002984   979   979 I notification_cancel: [10096,15406,com.facebook.katana,714499313,X.07Y,0,0,1088,8,NULL]
05-05 11:23:27.010155   979  1483 I am_proc_died: [0,19483,com.instagram.android]
05-05 11:23:27.013296   979  1483 I am_low_memory: 28
05-05 11:23:27.442958   979   979 I notification_cancel: [1000,979,android,119,CaptivePortal.Notification,-1,0,0,8,NULL]
05-05 11:23:27.611234 21803 21815 I force_gc: Binder
05-05 11:23:28.307970   979  1757 I am_proc_died: [0,19307,com.viber.voip]
05-05 11:23:28.308356   979  1757 I am_schedule_service_restart: [0,com.viber.voip/com.viber.service.VoipConnectorService,1000]
05-05 11:23:28.308505   979  1757 I am_schedule_service_restart: [0,com.viber.voip/com.viber.service.contacts.authentication.AccountAuthenticatorService,11000]
05-05 11:23:28.310056   979  1757 I am_low_memory: 27
05-05 11:23:29.335372   979   994 I am_proc_start: [0,19593,10118,com.viber.voip,service,com.viber.voip/com.viber.service.VoipConnectorService]
05-05 11:23:29.360230   979  1483 I am_proc_bound: [0,19593,com.viber.voip]
05-05 11:23:29.451934   979   993 I am_pss  : [19105,10066,com.hzay.market,15281152,12431360,136192]
05-05 11:23:29.454275   979  1352 I am_proc_died: [0,19105,com.hzay.market]
05-05 11:23:29.455098   979  1352 I am_schedule_service_restart: [0,com.hzay.market/com.afmobi.palmplay.service.PalmplaySysService,1000]
05-05 11:23:29.455270   979  1352 I am_schedule_service_restart: [0,com.hzay.market/com.afmobi.palmplay.download.DownloadService,30226]
05-05 11:23:29.456816   979  1352 I am_low_memory: 27
05-05 11:23:30.094551   979  1352 I am_proc_died: [0,18776,com.tencent.mm:recovery]
05-05 11:23:30.095059   979  1352 I am_schedule_service_restart: [0,com.tencent.mm/com.tencent.recovery.service.RecoveryReportService,39586]
05-05 11:23:30.096394   979  1352 I am_low_memory: 26
05-05 11:23:30.157230   979   993 I am_pss  : [19148,10015,com.google.android.gms,17720320,13541376,169984]
05-05 11:23:30.474708   979   994 I am_proc_start: [0,19640,10066,com.hzay.market,service,com.hzay.market/com.afmobi.palmplay.service.PalmplaySysService]
05-05 11:23:30.499776   979  1757 I am_proc_bound: [0,19640,com.hzay.market]
05-05 11:23:31.354000   979  1813 I am_proc_died: [0,19288,com.tencent.mm:push]
05-05 11:23:31.354396   979  1813 I am_schedule_service_restart: [0,com.tencent.mm/.booter.CoreService,1000]
05-05 11:23:31.355685   979  1813 I am_low_memory: 26
05-05 11:23:31.766867   979   994 I am_proc_start: [0,19717,10102,com.instagram.android,broadcast,com.instagram.android/com.instagram.store.PendingActionReceiver]
05-05 11:23:31.820457   979   990 I am_proc_bound: [0,19717,com.instagram.android]
05-05 11:23:32.140000 19745 19745 I auditd  : type=1400 audit(0.0:12311): avc: denied { read } for comm="pool-1-thread-2" name="address" dev="sysfs" ino=13617 scontext=u:r:untrusted_app:s0:c512,c768 tcontext=u:object_r:sysfs:s0 tclass=file permissive=0
05-05 11:23:32.220000 19745 19745 I auditd  : type=1400 audit(0.0:12312): avc: denied { read } for comm="pool-1-thread-2" name="type" dev="sysfs" ino=9944 scontext=u:r:untrusted_app:s0:c512,c768 tcontext=u:object_r:sysfs:s0 tclass=file permissive=0
05-05 11:23:32.220000 19745 19745 I auditd  : type=1400 audit(0.0:12313): avc: denied { read } for comm="pool-1-thread-2" name="name" dev="sysfs" ino=9936 scontext=u:r:untrusted_app:s0:c512,c768 tcontext=u:object_r:sysfs:s0 tclass=file permissive=0
05-05 11:23:32.220000 19745 19745 I auditd  : type=1400 audit(0.0:12314): avc: denied { read } for comm="pool-1-thread-2" name="cid" dev="sysfs" ino=9927 scontext=u:r:untrusted_app:s0:c512,c768 tcontext=u:object_r:sysfs:s0 tclass=file permissive=0
05-05 11:23:32.266716   979  1465 I am_proc_died: [0,18590,com.tencent.mm]
05-05 11:23:32.268898   979  1465 I am_schedule_service_restart: [0,com.tencent.mm/.booter.NotifyReceiver$NotifyService,27412]
05-05 11:23:32.271202   979  1465 I am_low_memory: 26
05-05 11:23:32.380563   979   994 I am_proc_start: [0,19766,10117,com.tencent.mm:push,service,com.tencent.mm/.booter.CoreService]
05-05 11:23:32.433196   979   990 I am_proc_bound: [0,19766,com.tencent.mm:push]
05-05 11:23:32.513806 21803 19685 I c2dm    : [-2,NULL,1,1]
05-05 11:23:32.599081 21803 19779 I c2dm    : [3,NULL,1,1]
05-05 11:23:32.608079 21803 19779 I gtalk_heartbeat_reset: [66376,64.233.188.188:5228]
05-05 11:23:32.614996 21803 19779 I gtalk_connection: 0
05-05 11:23:32.621427 21803 19779 I c2dm    : [7,,1,1]
05-05 11:23:33.753291   979  1758 I am_proc_start: [0,19841,10120,com.tencent.mobileqq,content provider,com.tencent.mobileqq/com.tencent.mqq.shared_file_accessor.ContentProviderImpl]
05-05 11:23:33.793178   979   990 I am_proc_bound: [0,19841,com.tencent.mobileqq]
05-05 11:23:33.950000 19854 19854 I auditd  : type=1400 audit(0.0:12315): avc: denied { search } for comm="sh" name="bin" dev="mmcblk0p20" ino=608401 scontext=u:r:untrusted_app:s0:c512,c768 tcontext=u:object_r:adbd_data_file:s0 tclass=dir permissive=0
05-05 11:23:34.200000 19864 19864 I auditd  : type=1400 audit(0.0:12316): avc: denied { search } for comm="sh" name="bin" dev="mmcblk0p20" ino=608401 scontext=u:r:untrusted_app:s0:c512,c768 tcontext=u:object_r:adbd_data_file:s0 tclass=dir permissive=0
05-05 11:23:35.108094   979   979 I notification_cancel: [10118,19593,com.viber.voip,-1003,message,0,0,1088,8,NULL]
05-05 11:23:35.108254   979   979 I notification_cancel: [10118,19593,com.viber.voip,-1013,missed_call,0,0,1088,8,NULL]
05-05 11:23:35.108348   979   979 I notification_cancel: [10118,19593,com.viber.voip,-1012,hidden_message,0,0,1088,8,NULL]
05-05 11:23:35.108432   979   979 I notification_cancel: [10118,19593,com.viber.voip,-1011,like,0,0,1088,8,NULL]
05-05 11:23:35.108511   979   979 I notification_cancel: [10118,19593,com.viber.voip,-1011,hidden_like,0,0,1088,8,NULL]
05-05 11:23:35.231067   979   993 I am_proc_start: [0,19872,10070,com.android.printspooler,service,com.android.printspooler/.model.PrintSpoolerService]
05-05 11:23:35.244003   979  1832 I am_proc_bound: [0,19872,com.android.printspooler]
05-05 11:23:35.433739   979 32398 I am_proc_died: [0,19717,com.instagram.android]
05-05 11:23:35.435740   979 32398 I am_low_memory: 28
05-05 11:23:35.591708   979 32394 I am_create_task: [0,376]
05-05 11:23:35.591847   979 32394 I am_create_activity: [0,27212236,376,com.android.settings/.bluetooth.BluetoothPairingDialog,android.bluetooth.device.action.PAIRING_REQUEST,NULL,NULL,276824064]
05-05 11:23:35.592290   979 32394 I wm_task_created: [376,1]
05-05 11:23:35.593160   979 32394 I wm_task_moved: [376,1,4]
05-05 11:23:35.593822   979 32394 I wm_task_moved: [376,1,4]
05-05 11:23:35.613075   979 32394 I am_focused_activity: [0,com.android.settings/.bluetooth.BluetoothPairingDialog,startedActivity]
05-05 11:23:35.613470   979 32394 I am_pause_activity: [0,255031378,com.android.settings/.Settings$BluetoothSettingsActivity]
05-05 11:23:35.648210 19236 19236 I sysui_view_visibility: [24,0]
05-05 11:23:35.671961 19236 19236 I am_on_paused_called: [0,com.android.settings.Settings$BluetoothSettingsActivity,handlePauseActivity]
05-05 11:23:35.693762   979  1757 I am_restart_activity: [0,27212236,376,com.android.settings/.bluetooth.BluetoothPairingDialog]
05-05 11:23:35.701244   979   994 I sysui_count: [window_time_0,17]
05-05 11:23:35.890000 19745 19745 I auditd  : type=1400 audit(0.0:12317): avc: denied { read } for comm="pool-1-thread-2" name="address" dev="sysfs" ino=13617 scontext=u:r:untrusted_app:s0:c512,c768 tcontext=u:object_r:sysfs:s0 tclass=file permissive=0
05-05 11:23:35.925981 19236 19236 I am_on_resume_called: [0,com.android.settings.bluetooth.BluetoothPairingDialog,LAUNCH_ACTIVITY]
05-05 11:23:36.103379   979  1002 I am_activity_launch_time: [0,27212236,com.android.settings/.bluetooth.BluetoothPairingDialog,415,415]
05-05 11:23:36.108426   979  1757 I am_proc_died: [0,18671,com.cooyiqi.itel]
05-05 11:23:36.108996   979  1757 I am_schedule_service_restart: [0,com.cooyiqi.itel/com.iekie.lovelyfonts.fonts.upgrade.FontUManagerService,1000]
05-05 11:23:36.110679   979  1757 I am_low_memory: 27
05-05 11:23:36.266733   979  1485 I am_proc_died: [0,19640,com.hzay.market]
05-05 11:23:36.267341   979  1485 I am_schedule_service_restart: [0,com.hzay.market/com.afmobi.palmplay.service.PalmplaySysService,23414]
05-05 11:23:36.267507   979  1485 I am_schedule_service_restart: [0,com.hzay.market/com.afmobi.palmplay.download.DownloadService,33414]
05-05 11:23:36.269118   979  1485 I am_low_memory: 26
05-05 11:23:36.440000 19766 19766 I auditd  : type=1400 audit(0.0:12318): avc: denied { read } for comm="tencent.mm:push" name="anr" dev="mmcblk0p20" ino=567841 scontext=u:r:untrusted_app:s0:c512,c768 tcontext=u:object_r:anr_data_file:s0 tclass=dir permissive=0
05-05 11:23:36.580000 19917 19917 I auditd  : type=1400 audit(0.0:12319): avc: denied { search } for comm="nt.mobileqq:MSF" name="bin" dev="mmcblk0p20" ino=608401 scontext=u:r:untrusted_app:s0:c512,c768 tcontext=u:object_r:adbd_data_file:s0 tclass=dir permissive=0
05-05 11:23:36.873545   979  1808 I am_proc_died: [0,18846,org.simalliance.openmobileapi.service:remote]
05-05 11:23:36.876017   979  1808 I am_schedule_service_restart: [0,org.simalliance.openmobileapi.service/.SmartcardService,42805]
05-05 11:23:36.877872   979  1808 I am_low_memory: 25
05-05 11:23:37.051835   979 32394 I am_proc_died: [0,18863,org.simalliance.openmobileapi.uicc1terminal]
05-05 11:23:37.134239   979   994 I am_proc_start: [0,19932,10060,com.cooyiqi.itel,service,com.cooyiqi.itel/com.iekie.lovelyfonts.fonts.upgrade.FontUManagerService]
05-05 11:23:37.150676   979  1465 I am_proc_bound: [0,19932,com.cooyiqi.itel]
05-05 11:23:37.254545   979  1352 I am_proc_died: [0,18877,org.simalliance.openmobileapi.uicc2terminal]
05-05 11:23:37.393523   979  1351 I am_proc_died: [0,18891,org.simalliance.openmobileapi.eseterminal]
05-05 11:23:37.395562   979  1351 I am_low_memory: 23
05-05 11:23:37.508707   979  1229 I am_finish_activity: [0,27212236,376,com.android.settings/.bluetooth.BluetoothPairingDialog,app-request]
05-05 11:23:37.510385   979  1229 I wm_task_moved: [374,1,4]
05-05 11:23:37.527974   979  1229 I am_focused_activity: [0,com.android.settings/.Settings$BluetoothSettingsActivity,finishActivity adjustFocus]
05-05 11:23:37.528240   979  1229 I am_pause_activity: [0,27212236,com.android.settings/.bluetooth.BluetoothPairingDialog]
05-05 11:23:37.540423 19236 19236 I am_on_paused_called: [0,com.android.settings.bluetooth.BluetoothPairingDialog,handlePauseActivity]
05-05 11:23:37.552730   979  1465 I am_destroy_activity: [0,27212236,376,com.android.settings/.bluetooth.BluetoothPairingDialog,finish-imm]
05-05 11:23:37.609654   979  1465 I am_resume_activity: [0,255031378,374,com.android.settings/.Settings$BluetoothSettingsActivity]
05-05 11:23:37.648287   979  1812 I am_proc_died: [0,19518,com.tencent.mobileqq:MSF]
05-05 11:23:37.648822   979  1812 I am_schedule_service_restart: [0,com.tencent.mobileqq/.msf.service.MsfService,1000]
05-05 11:23:37.687939 19236 19236 I am_on_stop_called: [0,com.android.settings.bluetooth.BluetoothPairingDialog,destroy]
05-05 11:23:37.721259 19236 19236 I sysui_view_visibility: [24,100]
05-05 11:23:37.860398 19236 19236 I am_on_resume_called: [0,com.android.settings.Settings$BluetoothSettingsActivity,RESUME_ACTIVITY]
05-05 11:23:37.897434   979  1002 I wm_task_removed: [376,removeAppToken: last token]
05-05 11:23:37.897539   979  1002 I wm_task_removed: [376,removeTask]
05-05 11:23:37.904009   223   223 I sf_frame_dur: [com.android.settings/com.android.settings.bluetooth.BluetoothPairingDialog,1,1,2,1,0,0,1]
05-05 11:23:38.239732   979  1465 I am_proc_start: [0,19966,10120,com.tencent.mobileqq:MSF,broadcast,com.tencent.mobileqq/.msf.core.NetConnInfoCenter]
05-05 11:23:38.282012   979  1465 I am_proc_bound: [0,19966,com.tencent.mobileqq:MSF]
05-05 11:23:41.183642   979  1351 I am_proc_died: [0,19841,com.tencent.mobileqq]
05-05 11:23:41.592322   979   979 I free_storage_changed: 6574186496
05-05 11:23:42.144667   979  1832 I am_proc_start: [0,20005,10117,com.tencent.mm,broadcast,com.tencent.mm/.plugin.report.service.KVCommCrossProcessReceiver]
05-05 11:23:42.165777   979  1352 I am_proc_bound: [0,20005,com.tencent.mm]
05-05 11:23:42.490000 20026 20026 I auditd  : type=1400 audit(0.0:12320): avc: denied { read } for comm="pool-1-thread-2" name="address" dev="sysfs" ino=13617 scontext=u:r:untrusted_app:s0:c512,c768 tcontext=u:object_r:sysfs:s0 tclass=file permissive=0
05-05 11:23:42.500000 20026 20026 I auditd  : type=1400 audit(0.0:12321): avc: denied { read } for comm="pool-1-thread-2" name="type" dev="sysfs" ino=9944 scontext=u:r:untrusted_app:s0:c512,c768 tcontext=u:object_r:sysfs:s0 tclass=file permissive=0
05-05 11:23:42.510000 20026 20026 I auditd  : type=1400 audit(0.0:12322): avc: denied { read } for comm="pool-1-thread-2" name="name" dev="sysfs" ino=9936 scontext=u:r:untrusted_app:s0:c512,c768 tcontext=u:object_r:sysfs:s0 tclass=file permissive=0
05-05 11:23:42.510000 20026 20026 I auditd  : type=1400 audit(0.0:12323): avc: denied { read } for comm="pool-1-thread-2" name="cid" dev="sysfs" ino=9927 scontext=u:r:untrusted_app:s0:c512,c768 tcontext=u:object_r:sysfs:s0 tclass=file permissive=0
05-05 11:23:43.150000 20046 20046 I auditd  : type=1400 audit(0.0:12324): avc: denied { search } for comm="sh" name="bin" dev="mmcblk0p20" ino=608401 scontext=u:r:untrusted_app:s0:c512,c768 tcontext=u:object_r:adbd_data_file:s0 tclass=dir permissive=0
05-05 11:23:43.210000 20050 20050 I auditd  : type=1400 audit(0.0:12325): avc: denied { search } for comm="sh" name="bin" dev="mmcblk0p20" ino=608401 scontext=u:r:untrusted_app:s0:c512,c768 tcontext=u:object_r:adbd_data_file:s0 tclass=dir permissive=0
05-05 11:23:43.233509   979  1483 I am_proc_start: [0,20052,10120,com.tencent.mobileqq,content provider,com.tencent.mobileqq/com.tencent.mqq.shared_file_accessor.ContentProviderImpl]
05-05 11:23:43.253438   979  1808 I am_proc_bound: [0,20052,com.tencent.mobileqq]
05-05 11:23:43.880000 20088 20088 I auditd  : type=1400 audit(0.0:12326): avc: denied { search } for comm="nt.mobileqq:MSF" name="bin" dev="mmcblk0p20" ino=608401 scontext=u:r:untrusted_app:s0:c512,c768 tcontext=u:object_r:adbd_data_file:s0 tclass=dir permissive=0
05-05 11:23:43.900000 20026 20026 I auditd  : type=1400 audit(0.0:12327): avc: denied { read } for comm="pool-1-thread-2" name="address" dev="sysfs" ino=13617 scontext=u:r:untrusted_app:s0:c512,c768 tcontext=u:object_r:sysfs:s0 tclass=file permissive=0
05-05 11:23:44.253787   979  1829 I am_proc_died: [0,19872,com.android.printspooler]
05-05 11:23:44.256119   979  1829 I am_low_memory: 23
05-05 11:23:44.455402   979  1103 I am_proc_died: [0,19593,com.viber.voip]
05-05 11:23:44.455863   979  1103 I am_schedule_service_restart: [0,com.viber.voip/com.viber.service.VoipConnectorService,45225]
05-05 11:23:44.456048   979  1103 I am_schedule_service_restart: [0,com.viber.voip/com.viber.service.contacts.authentication.AccountAuthenticatorService,55225]
05-05 11:23:44.457641   979  1103 I am_low_memory: 22
05-05 11:23:45.409571 19236 19236 I menu_item_selected: [0,]
05-05 11:23:45.411671 19236 19236 I sysui_action: [160,]
05-05 11:23:45.770624   223   223 I sf_frame_dur: [PopupWindow:f6df294,32,3,1,1,0,0,0]
05-05 11:23:45.894218   979  1485 I am_proc_died: [0,19766,com.tencent.mm:push]
05-05 11:23:45.894654   979  1485 I am_schedule_service_restart: [0,com.tencent.mm/.booter.CoreService,63786]
05-05 11:23:45.895818   979  1485 I am_low_memory: 21
05-05 11:23:48.400000 20027 20027 I auditd  : type=1400 audit(0.0:12328): avc: denied { read } for comm="pool-1-thread-3" name="address" dev="sysfs" ino=13617 scontext=u:r:untrusted_app:s0:c512,c768 tcontext=u:object_r:sysfs:s0 tclass=file permissive=0
05-05 11:23:48.430000 20133 20133 I auditd  : type=1400 audit(0.0:12329): avc: denied { search } for comm="sh" name="bin" dev="mmcblk0p20" ino=608401 scontext=u:r:untrusted_app:s0:c512,c768 tcontext=u:object_r:adbd_data_file:s0 tclass=dir permissive=0
05-05 11:23:48.460000 20027 20027 I auditd  : type=1400 audit(0.0:12330): avc: denied { read } for comm="pool-1-thread-3" name="address" dev="sysfs" ino=13617 scontext=u:r:untrusted_app:s0:c512,c768 tcontext=u:object_r:sysfs:s0 tclass=file permissive=0
05-05 11:23:48.484237   979   993 I am_pss  : [5223,1000,tran.com.android.taplacollect,4972544,2433024,1304576]
05-05 11:23:48.561015   979   993 I am_pss  : [5118,1000,com.android.launcher3,37554176,28354560,5864448]
05-05 11:23:48.944923   979  1758 I am_proc_died: [0,19966,com.tencent.mobileqq:MSF]
05-05 11:23:48.945475   979  1758 I am_schedule_service_restart: [0,com.tencent.mobileqq/.msf.service.MsfService,70736]
05-05 11:23:48.946761   979  1758 I am_low_memory: 20
05-05 11:23:49.704781   979   994 I am_proc_start: [0,20139,10037,com.afmobi.boomplayer,service,com.afmobi.boomplayer/.service.PlayerService]
05-05 11:23:49.733939   979  1229 I am_proc_bound: [0,20139,com.afmobi.boomplayer]
05-05 11:23:50.553455   979  1465 I am_proc_start: [0,20170,10011,android.process.media,content provider,com.android.providers.media/.MediaProvider]
05-05 11:23:50.577689   979  1832 I am_proc_bound: [0,20170,android.process.media]
05-05 11:23:51.260000 20199 20199 I auditd  : type=1400 audit(0.0:12331): avc: denied { read } for comm="pool-1-thread-2" name="address" dev="sysfs" ino=13617 scontext=u:r:untrusted_app:s0:c512,c768 tcontext=u:object_r:sysfs:s0 tclass=file permissive=0
05-05 11:23:52.205731   979  1103 I am_proc_start: [0,20207,10118,com.viber.voip,broadcast,com.viber.voip/com.viber.service.KeepAliveReceiver]
05-05 11:23:52.248499   979  1230 I am_proc_bound: [0,20207,com.viber.voip]
05-05 11:23:54.082480   979   979 I notification_cancel: [1000,19236,com.android.settings,17301632,NULL,0,0,0,8,NULL]
05-05 11:23:55.792456   979  1230 I am_proc_start: [0,20343,10117,com.tencent.mm:push,service,com.tencent.mm/.booter.CoreService]
05-05 11:23:55.837570   979  1483 I am_proc_bound: [0,20343,com.tencent.mm:push]
05-05 11:23:55.907944   979   979 I notification_cancel: [10118,20207,com.viber.voip,-1003,message,0,0,1088,8,NULL]
05-05 11:23:55.908564   979   979 I notification_cancel: [10118,20207,com.viber.voip,-1013,missed_call,0,0,1088,8,NULL]
05-05 11:23:55.909716   979   979 I notification_cancel: [10118,20207,com.viber.voip,-1012,hidden_message,0,0,1088,8,NULL]
05-05 11:23:55.917483   979   979 I notification_cancel: [10118,20207,com.viber.voip,-1011,like,0,0,1088,8,NULL]
05-05 11:23:55.920952   979   979 I notification_cancel: [10118,20207,com.viber.voip,-1011,hidden_like,0,0,1088,8,NULL]
05-05 11:23:56.355751   979 32398 I am_proc_start: [0,20377,10117,com.tencent.mm:recovery,service,com.tencent.mm/com.tencent.recovery.service.RecoveryReportService]
05-05 11:23:56.396205   979  1229 I am_proc_bound: [0,20377,com.tencent.mm:recovery]
05-05 11:23:56.624803   979  1104 I am_proc_died: [0,20139,com.afmobi.boomplayer]
05-05 11:23:56.625280   979  1104 I am_schedule_service_restart: [0,com.afmobi.boomplayer/.service.PlayerService,33056]
05-05 11:23:56.627078   979  1104 I am_low_memory: 24
05-05 11:23:57.115736   979  1829 I am_proc_died: [0,19148,com.google.android.gms]
05-05 11:23:57.116292   979  1829 I am_schedule_service_restart: [0,com.google.android.gms/.chimera.GmsIntentOperationService,42565]
05-05 11:23:57.116515   979  1829 I am_schedule_service_restart: [0,com.google.android.gms/.measurement.service.MeasurementBrokerService,42565]
05-05 11:23:57.118600   979  1829 I am_low_memory: 23
05-05 11:23:57.970000 20343 20343 I auditd  : type=1400 audit(0.0:12332): avc: denied { read } for comm="tencent.mm:push" name="anr" dev="mmcblk0p20" ino=567841 scontext=u:r:untrusted_app:s0:c512,c768 tcontext=u:object_r:anr_data_file:s0 tclass=dir permissive=0
05-05 11:23:58.514210   979  1832 I am_proc_died: [0,20052,com.tencent.mobileqq]
05-05 11:23:58.516283   979  1832 I am_low_memory: 22
05-05 11:23:58.573961   979   993 I am_pss  : [19932,10060,com.cooyiqi.itel,8258560,6012928,209920]
05-05 11:23:59.696000   979   994 I am_proc_start: [0,20441,10066,com.hzay.market,service,com.hzay.market/com.afmobi.palmplay.service.PalmplaySysService]
05-05 11:23:59.714442   979  1483 I am_proc_bound: [0,20441,com.hzay.market]
05-05 11:24:00.260000 20471 20471 I auditd  : type=1400 audit(0.0:12333): avc: denied { search } for comm="sh" name="bin" dev="mmcblk0p20" ino=608401 scontext=u:r:untrusted_app:s0:c512,c768 tcontext=u:object_r:adbd_data_file:s0 tclass=dir permissive=0
05-05 11:24:00.376820   979  1230 I am_proc_start: [0,20483,10015,com.google.android.gms,service,com.google.android.gms/.ads.identifier.service.AdvertisingIdService]
05-05 11:24:00.406331   979  1829 I am_proc_bound: [0,20483,com.google.android.gms]
05-05 11:24:00.420000 20496 20496 I auditd  : type=1400 audit(0.0:12334): avc: denied { search } for comm="sh" name="bin" dev="mmcblk0p20" ino=608401 scontext=u:r:untrusted_app:s0:c512,c768 tcontext=u:object_r:adbd_data_file:s0 tclass=dir permissive=0
05-05 11:24:00.450000 20468 20468 I auditd  : type=1400 audit(0.0:12335): avc: denied { read } for comm="BUGLY_THREAD" name="type" dev="sysfs" ino=9944 scontext=u:r:untrusted_app:s0:c512,c768 tcontext=u:object_r:sysfs:s0 tclass=file permissive=0
05-05 11:24:00.460000 20468 20468 I auditd  : type=1400 audit(0.0:12336): avc: denied { read } for comm="BUGLY_THREAD" name="online" dev="sysfs" ino=13055 scontext=u:r:untrusted_app:s0:c512,c768 tcontext=u:object_r:sysfs:s0 tclass=file permissive=0
05-05 11:24:00.915677   979   979 I notification_cancel: [10117,20005,com.tencent.mm,40,NULL,0,0,1088,8,NULL]
05-05 11:24:01.090330   979   979 I notification_cancel: [10015,20483,com.google.android.gms,10436,NOT_MNC,0,0,1088,8,NULL]
05-05 11:24:01.090854   979   979 I notification_cancel: [10015,20483,com.google.android.gms,39789,NOT_MNC,0,0,1088,8,NULL]
05-05 11:24:01.299298   979  1485 I am_proc_start: [0,20524,10037,com.afmobi.boomplayer,broadcast,com.afmobi.boomplayer/com.tecno.boomplayer.service.BoomWidget_tower]
05-05 11:24:01.324720   979  1757 I am_proc_bound: [0,20524,com.afmobi.boomplayer]
05-05 11:24:05.052267   979   979 I notification_cancel: [10028,1080,com.android.systemui,2132017197,low_battery,-1,0,1088,8,NULL]
05-05 11:24:15.337826   979  1005 I power_sleep_requested: 0
05-05 11:24:15.357368   979   979 I am_pause_activity: [0,255031378,com.android.settings/.Settings$BluetoothSettingsActivity]
05-05 11:24:15.366489 19236 19236 I sysui_view_visibility: [24,0]
05-05 11:24:15.554409 19236 19236 I am_on_paused_called: [0,com.android.settings.Settings$BluetoothSettingsActivity,handlePauseActivity]
05-05 11:24:15.557730   979   994 I am_stop_activity: [0,255031378,com.android.settings/.Settings$BluetoothSettingsActivity]
05-05 11:24:15.719975 19236 19236 I am_on_stop_called: [0,com.android.settings.Settings$BluetoothSettingsActivity,sleeping]
05-05 11:24:15.905980   979   993 I am_pss  : [20005,10117,com.tencent.mm,81910784,73310208,165888]
05-05 11:24:16.029724   979   993 I am_pss  : [20207,10118,com.viber.voip,39235584,34914304,162816]
05-05 11:24:16.494439   979   979 I device_idle: [1,no activity]
05-05 11:24:16.505349   979   979 I device_idle_light: [1,no activity]
05-05 11:24:16.866742   979   979 I power_screen_state: [0,3,0,0]
05-05 11:24:16.866788   979   979 I screen_toggled: 0
05-05 11:24:16.866855   979   979 I sysui_histogram: [screen_timeout,30]
05-05 11:24:16.867169   979   979 I power_screen_broadcast_send: 1
05-05 11:24:16.949145   979   993 I am_pss  : [20343,10117,com.tencent.mm:push,21517312,14577664,171008]
05-05 11:24:17.013079   979   993 I am_pss  : [20377,10117,com.tencent.mm:recovery,12459008,8765440,187392]
05-05 11:24:17.079317   979  7527 I am_kill : [0,20441,com.hzay.market,800,kill background]
05-05 11:24:17.080519   979  7527 I am_schedule_service_restart: [0,com.hzay.market/com.afmobi.palmplay.service.PalmplaySysService,12601]
05-05 11:24:17.080733   979  7527 I am_schedule_service_restart: [0,com.hzay.market/com.afmobi.palmplay.download.DownloadService,22600]
05-05 11:24:17.122712   979   979 I notification_cancel_all: [1000,979,com.hzay.market,0,0,0,5,NULL]
05-05 11:24:17.141494   979   979 I notification_cancel_all: [1000,979,com.cootek.smartinputv5.language.vietnam,0,0,0,5,NULL]
05-05 11:24:17.149554   979   979 I notification_cancel_all: [1000,979,com.opera.mini.native,0,0,0,5,NULL]
05-05 11:24:17.163220   979   979 I notification_cancel_all: [1000,979,com.cootek.smartinputv5.language.urdu,0,0,0,5,NULL]
05-05 11:24:17.179909   979   979 I notification_cancel_all: [1000,979,com.cootek.smartinputv5.language.hausa,0,0,0,5,NULL]
05-05 11:24:17.183757   979   979 I notification_cancel_all: [1000,979,com.cootek.smartinputv5.language.hindi,0,0,0,5,NULL]
05-05 11:24:17.214730   979   979 I notification_cancel_all: [1000,979,com.cootek.smartinputv5.language.oromo,0,0,0,5,NULL]
05-05 11:24:17.233038   979   979 I notification_cancel_all: [1000,979,com.excelliance.dualaid.vend,0,0,0,5,NULL]
05-05 11:24:17.236353   979   979 I notification_cancel_all: [1000,979,com.cootek.smartinputv5.language.vietnamsimple,0,0,0,5,NULL]
05-05 11:24:17.247067   979   979 I notification_cancel_all: [1000,979,com.cootek.smartinputv5.language.swahili,0,0,0,5,NULL]
05-05 11:24:17.251513   979   979 I notification_cancel_all: [1000,979,com.hzay.market,0,0,0,5,NULL]
05-05 11:24:17.293484   979   979 I notification_cancel_all: [1000,979,com.cootek.smartinputv5.language.portuguesebr,0,0,0,5,NULL]
05-05 11:24:17.319318   979   979 I notification_cancel_all: [1000,979,com.cootek.smartinputv5.language.portuguesept,0,0,0,5,NULL]
05-05 11:24:17.329689   979   979 I notification_cancel_all: [1000,979,com.cootek.smartinputv5.language.arabic,0,0,0,5,NULL]
05-05 11:24:17.339970   979   979 I notification_cancel_all: [1000,979,com.cootek.smartinputv5.language.french,0,0,0,5,NULL]
05-05 11:24:17.343892   979   979 I notification_cancel_all: [1000,979,com.cootek.smartinputv5.language.amharic,0,0,0,5,NULL]
05-05 11:24:17.349216   979   979 I notification_cancel_all: [1000,979,com.cootek.smartinputv5.skin.defaultwhite,0,0,0,5,NULL]
05-05 11:24:17.355684   979   979 I notification_cancel_all: [1000,979,com.cootek.smartinputv5.language.bengali,0,0,0,5,NULL]
05-05 11:24:17.356619   979   979 I power_screen_broadcast_done: [0,490,1]
05-05 11:24:17.359897   979   979 I notification_cancel_all: [1000,979,com.cootek.smartinputv5.language.hindilatin,0,0,0,5,NULL]
05-05 11:24:17.375843   979   979 I notification_cancel_all: [1000,979,org.getlantern.lantern,0,0,0,5,NULL]
05-05 11:24:17.377822   979   979 I notification_cancel_all: [1000,979,com.tencent.qqpim,0,0,0,5,NULL]
05-05 11:24:17.380118   979   979 I notification_cancel_all: [1000,979,com.tencent.android.qqdownloader,0,0,0,5,NULL]
05-05 11:24:19.702634   979   994 I am_proc_start: [0,20589,10085,org.simalliance.openmobileapi.service:remote,service,org.simalliance.openmobileapi.service/.SmartcardService]
05-05 11:24:19.726739   979   989 I am_proc_bound: [0,20589,org.simalliance.openmobileapi.service:remote]
05-05 11:24:19.829309   979  1483 I am_proc_start: [0,20602,10087,org.simalliance.openmobileapi.uicc1terminal,service,org.simalliance.openmobileapi.uicc1terminal/.Uicc1Terminal]
05-05 11:24:19.856831   979  1351 I am_proc_start: [0,20615,10088,org.simalliance.openmobileapi.uicc2terminal,service,org.simalliance.openmobileapi.uicc2terminal/.Uicc2Terminal]
05-05 11:24:19.858120   979 32398 I am_proc_bound: [0,20602,org.simalliance.openmobileapi.uicc1terminal]
05-05 11:24:19.887116   979  1465 I am_proc_bound: [0,20615,org.simalliance.openmobileapi.uicc2terminal]
05-05 11:24:19.915169   979  1832 I am_proc_start: [0,20628,10089,org.simalliance.openmobileapi.eseterminal,service,org.simalliance.openmobileapi.eseterminal/.eSETerminal]
05-05 11:24:19.939966   979   990 I am_proc_bound: [0,20628,org.simalliance.openmobileapi.eseterminal]
05-05 11:24:20.512031   979   993 I am_pss  : [20483,10015,com.google.android.gms,15563776,12886016,152576]
05-05 11:24:20.606432  1080  1080 I sysui_view_visibility: [111,100]
05-05 11:24:20.607906  1080  1080 I sysui_view_visibility: [126,100]
05-05 11:24:20.607964  1080  1080 I sysui_view_visibility: [113,100]
05-05 11:24:20.608007  1080  1080 I sysui_view_visibility: [411,100]
05-05 11:24:20.608045  1080  1080 I sysui_view_visibility: [112,100]
05-05 11:24:20.613720   979   989 I notification_expansion: [0|com.android.deskclock|2|null|1000,0,0,36559490,36559490,71117]
05-05 11:24:20.682053  1080  1080 I sysui_status_bar_state: [1,1,0,0,1,0]
05-05 11:24:20.700000  1483  1483 I auditd  : type=1400 audit(0.0:12337): avc: denied { read open } for comm="Binder:979_A" path="/data/media/0" dev="mmcblk0p20" ino=454275 scontext=u:r:system_server:s0 tcontext=u:object_r:media_rw_data_file:s0 tclass=dir permissive=0
05-05 11:24:22.070680   979  1758 I am_proc_died: [0,19041,android.process.acore]
05-05 11:24:22.079963   979  1758 I am_low_memory: 27
05-05 11:24:22.147307   979   993 I am_pss  : [20524,10037,com.afmobi.boomplayer,16872448,14282752,143360]
05-05 11:24:23.186600   979   994 I am_proc_start: [0,20648,10097,com.facebook.orca,broadcast,com.facebook.orca/com.facebook.messaging.app.init.DexWarmupBroadcastReceiver]
05-05 11:24:23.283937   979  1483 I am_proc_bound: [0,20648,com.facebook.orca]
05-05 11:25:11.170668   979  1465 I am_proc_died: [0,20170,android.process.media]
05-05 11:25:27.097952   979   979 I notification_cancel: [10096,15406,com.facebook.katana,714499313,X.07Y,0,0,1088,8,NULL]
05-05 11:25:27.108223   979   979 I notification_cancel: [10096,15406,com.facebook.katana,714499313,X.07Y,0,0,1088,8,NULL]
05-05 11:25:27.114392   979   979 I notification_cancel: [10096,15406,com.facebook.katana,714499313,X.07Y,0,0,1088,8,NULL]
05-05 11:25:27.617068   979   979 I notification_cancel: [10096,15406,com.facebook.katana,714499313,X.07Y,0,0,1088,8,NULL]
05-05 11:25:34.048568 21803 19779 I gtalk_conn_close: [276,121]
05-05 11:25:34.608952   979   979 I notification_cancel: [1000,979,android,119,CaptivePortal.Notification,-1,0,0,8,NULL]
05-05 11:26:04.077555   979   993 I am_pss  : [18175,10015,com.google.process.gapps,5278720,3981312,158720]
05-05 11:26:04.178147 21803 20704 I c2dm    : [-2,NULL,1,1]
05-05 11:26:04.257149 21803 20706 I c2dm    : [3,NULL,1,1]
05-05 11:26:04.268878 21803 20706 I gtalk_heartbeat_reset: [66376,64.233.188.188:5228]
05-05 11:26:04.271151 21803 20706 I gtalk_connection: 0
05-05 11:26:04.281534 21803 20706 I c2dm    : [7,,1,1]
05-05 11:26:21.168405   979   993 I am_proc_start: [0,20714,10070,com.android.printspooler,service,com.android.printspooler/.model.PrintSpoolerService]
05-05 11:26:21.192991   979  1811 I am_proc_bound: [0,20714,com.android.printspooler]
05-05 11:26:21.988098   979   979 I notification_cancel: [10097,20648,com.facebook.orca,200,NULL,0,0,1088,8,NULL]
05-05 11:26:22.028965   979   989 I am_proc_died: [0,18175,com.google.process.gapps]
05-05 11:27:30.074440   979   979 I notification_cancel: [10097,20648,com.facebook.orca,10011,NULL,0,0,1088,8,NULL]
05-05 11:27:30.106542   979   979 I notification_cancel: [10096,15406,com.facebook.katana,714499313,X.07Y,0,0,1088,8,NULL]
05-05 11:27:30.112033   979   993 I am_pss  : [29411,1002,com.android.bluetooth,9352192,5197824,3006464]
05-05 11:27:30.116750   979   979 I notification_cancel: [10096,15406,com.facebook.katana,714499313,X.07Y,0,0,1088,8,NULL]
05-05 11:27:30.118417   979   979 I notification_cancel: [10096,15406,com.facebook.katana,714499313,X.07Y,0,0,1088,8,NULL]
05-05 11:27:30.620804   979   979 I notification_cancel: [10096,15406,com.facebook.katana,714499313,X.07Y,0,0,1088,8,NULL]
05-05 11:27:50.071721   979   979 I free_storage_changed: 6571384832
05-05 11:27:53.621644   979   993 I am_pss  : [20628,10089,org.simalliance.openmobileapi.eseterminal,3164160,2117632,179200]
05-05 11:27:53.691229   979   993 I am_pss  : [20615,10088,org.simalliance.openmobileapi.uicc2terminal,3127296,2101248,179200]
05-05 11:27:53.748801   979   993 I am_pss  : [20602,10087,org.simalliance.openmobileapi.uicc1terminal,3139584,2113536,177152]
05-05 11:27:53.808568   979   993 I am_pss  : [20589,10085,org.simalliance.openmobileapi.service:remote,3296256,2256896,176128]
05-05 11:27:53.830744   979   979 I notification_cancel: [10097,20648,com.facebook.orca,10011,NULL,0,0,1088,8,NULL]
05-05 11:28:06.415759 19236 19236 I force_gc: mem
05-05 11:28:06.510727 21803 20706 I gtalk_conn_close: [276,122]
05-05 11:28:07.093074   979   979 I notification_cancel: [1000,979,android,119,CaptivePortal.Notification,-1,0,0,8,NULL]
05-05 11:28:08.185437   979   994 I am_proc_start: [0,20768,10120,com.tencent.mobileqq:MSF,service,com.tencent.mobileqq/.msf.service.MsfService]
05-05 11:28:08.206992   979 32398 I am_proc_bound: [0,20768,com.tencent.mobileqq:MSF]
05-05 11:28:08.310319   979   993 I am_pss  : [20648,10097,com.facebook.orca,50566144,47464448,144384]
05-05 11:28:08.696991   979 32394 I am_proc_died: [0,20714,com.android.printspooler]
05-05 11:28:08.699199   979 32394 I am_low_memory: 27
05-05 11:28:09.359283   979  1229 I am_proc_died: [0,20648,com.facebook.orca]
05-05 11:28:09.359752   979  1229 I am_schedule_service_restart: [0,com.facebook.orca/com.facebook.messaging.newphoto.NewPhotoIntentService,1000]
05-05 11:28:09.361868   979  1229 I am_low_memory: 26
05-05 11:28:10.752295   979  1465 I am_proc_died: [0,20207,com.viber.voip]
05-05 11:28:10.752693   979  1465 I am_schedule_service_restart: [0,com.viber.voip/com.viber.service.VoipConnectorService,1000]
05-05 11:28:10.752867   979  1465 I am_schedule_service_restart: [0,com.viber.voip/com.viber.service.contacts.authentication.AccountAuthenticatorService,11000]
05-05 11:28:10.756241   979  1465 I am_low_memory: 25
05-05 11:29:11.109220   979  1229 I am_proc_start: [0,20789,10102,com.instagram.android,broadcast,com.instagram.android/com.instagram.common.analytics.AnalyticsUploadAlarmReceiver]
05-05 11:29:11.140637   979  1812 I am_proc_bound: [0,20789,com.instagram.android]
05-05 11:29:11.233435 21803 20786 I c2dm    : [-2,NULL,1,1]
05-05 11:29:11.312982 21803 20803 I c2dm    : [3,NULL,1,1]
05-05 11:29:11.320152 21803 20803 I gtalk_heartbeat_reset: [66376,64.233.189.188:5228]
05-05 11:29:11.322059 21803 20803 I gtalk_connection: 0
05-05 11:29:11.328453 21803 20803 I c2dm    : [7,,1,1]
05-05 11:29:11.458491   979   994 I am_proc_start: [0,20805,10118,com.viber.voip,service,com.viber.voip/com.viber.service.VoipConnectorService]
05-05 11:29:11.480147   979  1758 I am_proc_bound: [0,20805,com.viber.voip]
05-05 11:29:11.911754   979 32394 I am_proc_died: [0,20377,com.tencent.mm:recovery]
05-05 11:29:11.912215   979 32394 I am_schedule_service_restart: [0,com.tencent.mm/com.tencent.recovery.service.RecoveryReportService,1000]
05-05 11:29:11.913717   979 32394 I am_low_memory: 26
05-05 11:29:12.104470   979  1230 I am_proc_start: [0,20825,10015,com.google.process.gapps,content provider,com.google.android.gsf/.gservices.GservicesProvider]
05-05 11:29:12.129088   979   990 I am_proc_bound: [0,20825,com.google.process.gapps]
05-05 11:29:12.302933   979  1832 I am_proc_died: [0,20005,com.tencent.mm]
05-05 11:29:12.303945   979  1832 I am_schedule_service_restart: [0,com.tencent.mm/.booter.NotifyReceiver$NotifyService,1000]
05-05 11:29:12.305986   979  1832 I am_low_memory: 26
05-05 11:29:12.587738   979  1829 I am_proc_start: [0,20862,10117,com.tencent.mm,broadcast,com.tencent.mm/.booter.NotifyReceiver]
05-05 11:29:12.626063   979 32398 I am_proc_bound: [0,20862,com.tencent.mm]
05-05 11:29:17.013888   979   993 I device_idle_light_step: []
05-05 11:29:17.017147   979   993 I device_idle_light: [4,s:alarm]
05-05 11:29:17.017848   979   993 I device_idle_on_start: []
05-05 11:29:17.307479   979   979 I notification_cancel: [10015,20483,com.google.android.gms,10436,NULL,0,0,1088,8,NULL]
05-05 11:29:17.746335   979   993 I device_idle_on_phase: net
05-05 11:29:17.747535   979   993 I device_idle_on_complete: []
05-05 11:29:17.816320   979   979 I notification_cancel: [10096,15406,com.facebook.katana,714499313,X.07Y,0,0,1088,8,NULL]
05-05 11:29:17.852067   979   979 I notification_cancel: [10096,15406,com.facebook.katana,714499313,X.07Y,0,0,1088,8,NULL]
05-05 11:29:17.881036   979   979 I notification_cancel: [10096,15406,com.facebook.katana,714499313,X.07Y,0,0,1088,8,NULL]
05-05 11:29:18.990000 20952 20952 I auditd  : type=1400 audit(0.0:12338): avc: denied { read } for comm="pool-1-thread-2" name="address" dev="sysfs" ino=13617 scontext=u:r:untrusted_app:s0:c512,c768 tcontext=u:object_r:sysfs:s0 tclass=file permissive=0
05-05 11:29:19.000000 20952 20952 I auditd  : type=1400 audit(0.0:12339): avc: denied { read } for comm="pool-1-thread-2" name="type" dev="sysfs" ino=9944 scontext=u:r:untrusted_app:s0:c512,c768 tcontext=u:object_r:sysfs:s0 tclass=file permissive=0
05-05 11:29:19.000000 20952 20952 I auditd  : type=1400 audit(0.0:12340): avc: denied { read } for comm="pool-1-thread-2" name="name" dev="sysfs" ino=9936 scontext=u:r:untrusted_app:s0:c512,c768 tcontext=u:object_r:sysfs:s0 tclass=file permissive=0
05-05 11:29:19.000000 20952 20952 I auditd  : type=1400 audit(0.0:12341): avc: denied { read } for comm="pool-1-thread-2" name="cid" dev="sysfs" ino=9927 scontext=u:r:untrusted_app:s0:c512,c768 tcontext=u:object_r:sysfs:s0 tclass=file permissive=0
05-05 11:29:20.038511   979   990 I am_proc_start: [0,21011,10120,com.tencent.mobileqq,content provider,com.tencent.mobileqq/com.tencent.mqq.shared_file_accessor.ContentProviderImpl]
05-05 11:29:20.072282   979  1813 I am_proc_bound: [0,21011,com.tencent.mobileqq]
05-05 11:29:20.217277   979  1757 I am_proc_died: [0,20789,com.instagram.android]
05-05 11:29:20.220039   979  1757 I am_low_memory: 27
05-05 11:29:20.768889   979 32394 I am_proc_died: [0,20805,com.viber.voip]
05-05 11:29:20.769295   979 32394 I am_schedule_service_restart: [0,com.viber.voip/com.viber.service.VoipConnectorService,1000]
05-05 11:29:20.769486   979 32394 I am_schedule_service_restart: [0,com.viber.voip/com.viber.service.contacts.authentication.AccountAuthenticatorService,10999]
05-05 11:29:20.771560   979 32394 I am_low_memory: 26
05-05 11:29:21.090000 21047 21047 I auditd  : type=1400 audit(0.0:12342): avc: denied { search } for comm="nt.mobileqq:MSF" name="bin" dev="mmcblk0p20" ino=608401 scontext=u:r:untrusted_app:s0:c512,c768 tcontext=u:object_r:adbd_data_file:s0 tclass=dir permissive=0
05-05 11:29:21.787403   979   994 I am_proc_start: [0,21056,10118,com.viber.voip,service,com.viber.voip/com.viber.service.VoipConnectorService]
05-05 11:29:21.812362   979  1352 I am_proc_bound: [0,21056,com.viber.voip]
05-05 11:29:21.966879   979  1465 I am_proc_died: [0,20343,com.tencent.mm:push]
05-05 11:29:21.967361   979  1465 I am_schedule_service_restart: [0,com.tencent.mm/.booter.CoreService,1000]
05-05 11:29:21.968890   979  1465 I am_low_memory: 26
05-05 11:29:22.987990   979   994 I am_proc_start: [0,21110,10117,com.tencent.mm:push,service,com.tencent.mm/.booter.CoreService]
05-05 11:29:23.012142   979  1808 I am_proc_bound: [0,21110,com.tencent.mm:push]
05-05 11:29:23.018239   979  1485 I am_proc_died: [0,19932,com.cooyiqi.itel]
05-05 11:29:23.018707   979  1485 I am_schedule_service_restart: [0,com.cooyiqi.itel/com.iekie.lovelyfonts.fonts.upgrade.FontUManagerService,1000]
05-05 11:29:23.020106   979  1485 I am_low_memory: 26
05-05 11:29:23.186185   979  1483 I am_proc_died: [0,21011,com.tencent.mobileqq]
05-05 11:29:23.211632   979  1483 I am_proc_start: [0,21129,10120,com.tencent.mobileqq,restart,com.tencent.mobileqq]
05-05 11:29:23.214090   979  1483 I am_low_memory: 26
05-05 11:29:23.235821   979  1465 I am_proc_bound: [0,21129,com.tencent.mobileqq]
05-05 11:29:24.045733   979   994 I am_proc_start: [0,21171,10060,com.cooyiqi.itel,service,com.cooyiqi.itel/com.iekie.lovelyfonts.fonts.upgrade.FontUManagerService]
05-05 11:29:24.071425   979  1485 I am_proc_bound: [0,21171,com.cooyiqi.itel]
05-05 11:29:24.478336   979 32398 I am_proc_died: [0,20768,com.tencent.mobileqq:MSF]
05-05 11:29:24.478869   979 32398 I am_schedule_service_restart: [0,com.tencent.mobileqq/.msf.service.MsfService,1000]
05-05 11:29:25.311513   979  1757 I am_proc_start: [0,21230,10003,android.process.acore,content provider,com.android.providers.contacts/.ContactsProvider2]
05-05 11:29:25.448491   979  1483 I am_proc_bound: [0,21230,android.process.acore]
05-05 11:29:25.526348   979   994 I am_proc_start: [0,21249,10120,com.tencent.mobileqq:MSF,service,com.tencent.mobileqq/.msf.service.MsfService]
05-05 11:29:25.596432   979  1104 I am_proc_bound: [0,21249,com.tencent.mobileqq:MSF]
05-05 11:29:25.746195   979   993 I am_proc_start: [0,21263,10070,com.android.printspooler,service,com.android.printspooler/.model.PrintSpoolerService]
05-05 11:29:25.817213   979   979 I notification_cancel: [10118,21056,com.viber.voip,-1003,message,0,0,1088,8,NULL]
05-05 11:29:25.817385   979   979 I notification_cancel: [10118,21056,com.viber.voip,-1013,missed_call,0,0,1088,8,NULL]
05-05 11:29:25.817499   979   979 I notification_cancel: [10118,21056,com.viber.voip,-1012,hidden_message,0,0,1088,8,NULL]
05-05 11:29:25.817599   979   979 I notification_cancel: [10118,21056,com.viber.voip,-1011,like,0,0,1088,8,NULL]
05-05 11:29:25.817687   979   979 I notification_cancel: [10118,21056,com.viber.voip,-1011,hidden_like,0,0,1088,8,NULL]
05-05 11:29:25.823208   979  1829 I am_proc_bound: [0,21263,com.android.printspooler]
05-05 11:29:26.510000 21110 21110 I auditd  : type=1400 audit(0.0:12343): avc: denied { read } for comm="tencent.mm:push" name="anr" dev="mmcblk0p20" ino=567841 scontext=u:r:untrusted_app:s0:c512,c768 tcontext=u:object_r:anr_data_file:s0 tclass=dir permissive=0
05-05 11:29:27.088505   979   979 I notification_cancel: [10028,1080,com.android.systemui,2132017197,low_battery,-1,0,1088,8,NULL]
05-05 11:29:27.447082   979  1832 I am_proc_died: [0,21129,com.tencent.mobileqq]
05-05 11:29:27.447702   979   990 I am_provider_lost_process: [0,com.tencent.mobileqq,10120,com.tencent.mqq.shared_file_accessor.ContentProviderImpl]
05-05 11:29:27.448385   979  1229 I am_provider_lost_process: [0,com.tencent.mobileqq,10120,com.tencent.mqq.shared_file_accessor.ContentProviderImpl]
05-05 11:29:27.448999   979 32394 I am_provider_lost_process: [0,com.tencent.mobileqq,10120,com.tencent.mqq.shared_file_accessor.ContentProviderImpl]
05-05 11:29:27.449247   979  1832 I am_low_memory: 28
05-05 11:29:30.508310   979  1104 I am_proc_died: [0,21056,com.viber.voip]
05-05 11:29:30.508742   979  1104 I am_schedule_service_restart: [0,com.viber.voip/com.viber.service.VoipConnectorService,1000]
05-05 11:29:30.508938   979  1104 I am_schedule_service_restart: [0,com.viber.voip/com.viber.service.contacts.authentication.AccountAuthenticatorService,11000]
05-05 11:29:30.511229   979  1104 I am_low_memory: 27
05-05 11:29:31.546811   979   994 I am_proc_start: [0,21331,10118,com.viber.voip,service,com.viber.voip/com.viber.service.VoipConnectorService]
05-05 11:29:31.562732   979  1758 I am_proc_bound: [0,21331,com.viber.voip]
05-05 11:29:32.430000 21376 21376 I auditd  : type=1400 audit(0.0:12344): avc: denied { read } for comm="pool-1-thread-2" name="address" dev="sysfs" ino=13617 scontext=u:r:untrusted_app:s0:c512,c768 tcontext=u:object_r:sysfs:s0 tclass=file permissive=0
05-05 11:29:32.450000 21376 21376 I auditd  : type=1400 audit(0.0:12345): avc: denied { read } for comm="pool-1-thread-2" name="type" dev="sysfs" ino=9944 scontext=u:r:untrusted_app:s0:c512,c768 tcontext=u:object_r:sysfs:s0 tclass=file permissive=0
